******************************************************************************
                  TI ARM Linker PC v5.2.5                      
******************************************************************************
>> Linked Thu Apr 07 16:35:50 2016

OUTPUT FILE NAME:   <ChallengeAssignmentThree.out>
ENTRY POINT SYMBOL: "_c_int00"  address: 00003ca5


MEMORY CONFIGURATION

         name            origin    length      used     unused   attr    fill
----------------------  --------  ---------  --------  --------  ----  --------
  MAIN                  00000000   00040000  000047fe  0003b802  R  X
  INFO                  00200000   00004000  00000000  00004000  R  X
  SRAM_CODE             01000000   00010000  00000000  00010000  RW X
  SRAM_DATA             20000000   00010000  000003b2  0000fc4e  RW  


SEGMENT ALLOCATION MAP

run origin  load origin   length   init length attrs members
----------  ----------- ---------- ----------- ----- -------
00000000    00000000    00004800   00004800    r-x
  00000000    00000000    00000140   00000140    r-- .intvecs
  00000140    00000140    00004092   00004092    r-x .text
  000041d4    000041d4    00000594   00000594    r-- .const
  00004768    00004768    00000098   00000098    r-- .cinit
20000000    20000000    000001b2   00000000    rw-
  20000000    20000000    00000184   00000000    rw- .data
  20000184    20000184    0000002e   00000000    rw- .bss
2000fe00    2000fe00    00000200   00000000    rw-
  2000fe00    2000fe00    00000200   00000000    rw- .stack


SECTION ALLOCATION MAP

 output                                  attributes/
section   page    origin      length       input sections
--------  ----  ----------  ----------   ----------------
.intvecs   0    00000000    00000140     
                  00000000    00000140     startup_msp432p401r_ccs.obj (.intvecs:retain)

.text      0    00000140    00004092     
                  00000140    000010ba     rtsv7M4_T_le_v4SPD16_eabi.lib : _printfi.obj (.text)
                  000011fa    00000002     --HOLE-- [fill = 0]
                  000011fc    00000678     Crystalfontz128x128_ST7735.obj (.text)
                  00001874    00000630     string.obj (.text)
                  00001ea4    00000490     line.obj (.text)
                  00002334    00000348     system_msp432p401r.obj (.text)
                  0000267c    00000300     main.obj (.text)
                  0000297c    00000266     context.obj (.text)
                  00002be2    000001f4     rtsv7M4_T_le_v4SPD16_eabi.lib : ull_div_t2.obj (.text)
                  00002dd6    000001b6                                   : fd_add_t2.obj (.text)
                  00002f8c    00000154     msp432p4xx_driverlib.lib : adc14.o (.text:_getIndexForMemRegister)
                  000030e0    00000136     rtsv7M4_T_le_v4SPD16_eabi.lib : fd_div_t2.obj (.text)
                  00003216    00000134     display.obj (.text)
                  0000334a    00000002     --HOLE-- [fill = 0]
                  0000334c    00000110     rtsv7M4_T_le_v4SPD16_eabi.lib : xdscale.obj (.text)
                  0000345c    000000fc                                   : fd_mul_t2.obj (.text)
                  00003558    000000e0     msp432p4xx_driverlib.lib : cs.o (.text:CS_initClockSignal)
                  00003638    000000be     rtsv7M4_T_le_v4SPD16_eabi.lib : xdnorm.obj (.text)
                  000036f6    00000002     --HOLE-- [fill = 0]
                  000036f8    000000bc     HAL_MSP_EXP432P401R_Crystalfontz128x128_ST7735.obj (.text)
                  000037b4    0000009c     rtsv7M4_T_le_v4SPD16_eabi.lib : memcpy_t2.obj (.text)
                  00003850    00000088     msp432p4xx_driverlib.lib : spi.o (.text:SPI_initMaster)
                  000038d8    00000086     rtsv7M4_T_le_v4SPD16_eabi.lib : fd_cmp_t2.obj (.text:__aeabi_cdcmple)
                  0000395e    00000086                                   : fd_cmp_t2.obj (.text:__aeabi_cdrcmple)
                  000039e4    0000007a                                   : memset_t2.obj (.text)
                  00003a5e    00000002     --HOLE-- [fill = 0]
                  00003a60    0000006c                                   : autoinit.obj (.text)
                  00003acc    0000006a                                   : copy_decompress_rle.obj (.text)
                  00003b36    00000066                                   : xdunscal.obj (.text)
                  00003b9c    00000060                                   : sprintf.obj (.text)
                  00003bfc    00000056                                   : ltoa.obj (.text)
                  00003c52    00000052                                   : ldexp.obj (.text)
                  00003ca4    00000050                                   : boot.obj (.text)
                  00003cf4    0000004c     msp432p4xx_driverlib.lib : gpio.o (.text:GPIO_setAsPeripheralModuleFunctionOutputPin)
                  00003d40    0000004c     rtsv7M4_T_le_v4SPD16_eabi.lib : atoi.obj (.text)
                  00003d8c    0000004c                                   : cpy_tbl.obj (.text)
                  00003dd8    00000048     msp432p4xx_driverlib.lib : gpio.o (.text:GPIO_setAsPeripheralModuleFunctionInputPin)
                  00003e20    00000048     rtsv7M4_T_le_v4SPD16_eabi.lib : fd_toi_t2.obj (.text)
                  00003e68    00000044                                   : exit.obj (.text)
                  00003eac    00000040                                   : signal.obj (.text)
                  00003eec    00000034                                   : feraiseexcept.obj (.text)
                  00003f20    00000030     msp432p4xx_driverlib.lib : spi.o (.text:is_A_Module)
                  00003f50    00000030     rtsv7M4_T_le_v4SPD16_eabi.lib : xdclass.obj (.text)
                  00003f80    00000030                                   : xferaise.obj (.text)
                  00003fb0    0000002e                                   : i_tofd_t2.obj (.text)
                  00003fde    0000002e                                   : raise.obj (.text)
                  0000400c    0000002a                                   : frexp.obj (.text)
                  00004036    00000002     --HOLE-- [fill = 0]
                  00004038    00000024     msp432p4xx_driverlib.lib : cs.o (.text:CS_setDCOCenteredFrequency)
                  0000405c    00000024                              : gpio.o (.text:GPIO_setAsOutputPin)
                  00004080    00000020                              : spi.o (.text:SPI_transmitData)
                  000040a0    0000001c     rtsv7M4_T_le_v4SPD16_eabi.lib : memccpy.obj (.text)
                  000040bc    0000001a     msp432p4xx_driverlib.lib : spi.o (.text:SPI_enableModule)
                  000040d6    00000002     --HOLE-- [fill = 0]
                  000040d8    00000018                              : adc14.o (.text:ADC14_getResult)
                  000040f0    00000018                              : gpio.o (.text:GPIO_setOutputLowOnPin)
                  00004108    00000018     rtsv7M4_T_le_v4SPD16_eabi.lib : args_main.obj (.text)
                  00004120    00000016                                   : strchr.obj (.text)
                  00004136    00000002     --HOLE-- [fill = 0]
                  00004138    00000014     msp432p4xx_driverlib.lib : gpio.o (.text:GPIO_setOutputHighOnPin)
                  0000414c    00000014     rtsv7M4_T_le_v4SPD16_eabi.lib : _lock.obj (.text)
                  00004160    00000014                                   : strlen.obj (.text)
                  00004174    00000012     startup_msp432p401r_ccs.obj (.text)
                  00004186    0000000e     rtsv7M4_T_le_v4SPD16_eabi.lib : copy_decompress_none.obj (.text:decompress:none)
                  00004194    0000000c     msp432p4xx_driverlib.lib : spi.o (.text:EUSCI_A_SPI_enable)
                  000041a0    0000000c                              : spi.o (.text:EUSCI_B_SPI_enable)
                  000041ac    0000000c     rtsv7M4_T_le_v4SPD16_eabi.lib : copy_zero_init.obj (.text:decompress:ZI)
                  000041b8    00000008     msp432p4xx_driverlib.lib : spi.o (.text:EUSCI_B_SPI_getInterruptStatus)
                  000041c0    00000006     rtsv7M4_T_le_v4SPD16_eabi.lib : copy_decompress_rle.obj (.text:decompress:rle24)
                  000041c6    00000004     msp432p4xx_driverlib.lib : spi.o (.text:EUSCI_A_SPI_transmitData)
                  000041ca    00000004                              : spi.o (.text:EUSCI_B_SPI_transmitData)
                  000041ce    00000004     rtsv7M4_T_le_v4SPD16_eabi.lib : pre_init.obj (.text)

.const     0    000041d4    00000594     
                  000041d4    000002f8     fontfixed6x8.obj (.const:.string:g_pucFontFixed6x8Data)
                  000044cc    00000101     rtsv7M4_T_le_v4SPD16_eabi.lib : ctype.obj (.const:.string:_ctypes_)
                  000045cd    00000003     --HOLE-- [fill = 0]
                  000045d0    000000c8     fontfixed6x8.obj (.const:g_sFontFixed6x8)
                  00004698    00000080     msp432p4xx_driverlib.lib : adc14.o (.const:_ctlRegs)
                  00004718    0000002c     Crystalfontz128x128_ST7735.obj (.const:g_sCrystalfontz128x128)
                  00004744    0000001c     HAL_MSP_EXP432P401R_Crystalfontz128x128_ST7735.obj (.const)
                  00004760    00000008     Crystalfontz128x128_ST7735.obj (.const)

.cinit     0    00004768    00000098     
                  00004768    00000070     (.cinit..data.load) [load image, compression = rle]
                  000047d8    0000000c     (__TI_handler_table)
                  000047e4    00000004     --HOLE-- [fill = 0]
                  000047e8    00000008     (.cinit..bss.load) [load image, compression = zero_init]
                  000047f0    00000010     (__TI_cinit_table)

.init_array 
*          0    00000000    00000000     UNINITIALIZED

.data      0    20000000    00000184     UNINITIALIZED
                  20000000    000000b0     rtsv7M4_T_le_v4SPD16_eabi.lib : signal.obj (.data:sigtable)
                  200000b0    00000080                                   : xvalues.obj (.data)
                  20000130    00000030     msp432p4xx_driverlib.lib : gpio.o (.data:GPIO_PORT_TO_BASE)
                  20000160    00000008     rtsv7M4_T_le_v4SPD16_eabi.lib : _lock.obj (.data)
                  20000168    00000008                                   : exit.obj (.data)
                  20000170    00000008                                   : feraiseexcept.obj (.data)
                  20000178    00000004                                   : errno.obj (.data)
                  2000017c    00000004                                   : stkdepth_vars.obj (.data)
                  20000180    00000004     system_msp432p401r.obj (.data)

.TI.persistent 
*          0    20000000    00000000     UNINITIALIZED

.bss       0    20000184    0000002e     UNINITIALIZED
                  20000184    0000001c     (.common:g_sContext)
                  200001a0    00000008     (.common:resultsBuffer)
                  200001a8    00000002     (.common:Lcd_ScreenHeigth)
                  200001aa    00000002     (.common:Lcd_ScreenWidth)
                  200001ac    00000002     (.common:Lcd_TouchTrim)
                  200001ae    00000001     (.common:Lcd_FlagRead)
                  200001af    00000001     (.common:Lcd_FontSolid)
                  200001b0    00000001     (.common:Lcd_Orientation)
                  200001b1    00000001     (.common:Lcd_PenSolid)

.TI.noinit 
*          0    20000184    00000000     UNINITIALIZED

.stack     0    2000fe00    00000200     UNINITIALIZED
                  2000fe00    00000200     --HOLE--


LINKER GENERATED COPY TABLES

__TI_cinit_table @ 000047f0 records: 2, size/record: 8, table size: 16
	.data: load addr=00004768, load size=00000070 bytes, run addr=20000000, run size=00000184 bytes, compression=rle
	.bss: load addr=000047e8, load size=00000008 bytes, run addr=20000184, run size=0000002e bytes, compression=zero_init


LINKER GENERATED HANDLER TABLE

__TI_handler_table @ 000047d8 records: 3, size/record: 4, table size: 12
	index: 0, handler: __TI_decompress_rle24
	index: 1, handler: __TI_decompress_none
	index: 2, handler: __TI_zero_init


GLOBAL SYMBOLS: SORTED ALPHABETICALLY BY Name 

address   name                                       
-------   ----                                       
0000283f  ADC14_IRQHandler                           
000040d9  ADC14_getResult                            
00003e69  C$$EXIT                                    
00003559  CS_initClockSignal                         
00004039  CS_setDCOCenteredFrequency                 
000011fd  Crystalfontz128x128_Init                   
00001311  Crystalfontz128x128_SetDrawFrame           
0000143f  Crystalfontz128x128_SetOrientation         
00004195  EUSCI_A_SPI_enable                         
000041c7  EUSCI_A_SPI_transmitData                   
000041a1  EUSCI_B_SPI_enable                         
000041b9  EUSCI_B_SPI_getInterruptStatus             
000041cb  EUSCI_B_SPI_transmitData                   
0000405d  GPIO_setAsOutputPin                        
00003dd9  GPIO_setAsPeripheralModuleFunctionInputPin 
00003cf5  GPIO_setAsPeripheralModuleFunctionOutputPin
00004139  GPIO_setOutputHighOnPin                    
000040f1  GPIO_setOutputLowOnPin                     
00002b69  Graphics_clearDisplay                      
00003333  Graphics_clearDisplayOnDisplay             
00003285  Graphics_drawHorizontalLineOnDisplay       
000021c1  Graphics_drawLine                          
00001ea5  Graphics_drawLineH                         
00001f41  Graphics_drawLineV                         
00003241  Graphics_drawMultiplePixelsOnDisplay       
00002b7b  Graphics_drawPixel                         
00003217  Graphics_drawPixelOnDisplay                
000019af  Graphics_drawString                        
00001e3d  Graphics_drawStringCentered                
000032b9  Graphics_drawVerticalLineOnDisplay         
000032ed  Graphics_fillRectangleOnDisplay            
00002b5b  Graphics_flushBuffer                       
00003321  Graphics_flushOnDisplay                    
00002b3d  Graphics_getDisplayHeight                  
00002b2d  Graphics_getDisplayWidth                   
00002adb  Graphics_getFontBaseline                   
00002b11  Graphics_getFontHeight                     
00002b1f  Graphics_getFontMaxWidth                   
00002b4d  Graphics_getHeightOfDisplay                
00001e2d  Graphics_getStringBaseline                 
00001e85  Graphics_getStringHeight                   
00001e95  Graphics_getStringMaxWidth                 
000018b5  Graphics_getStringWidth                    
00002bd5  Graphics_getWidthOfDisplay                 
0000297d  Graphics_initContext                       
00002a91  Graphics_setBackgroundColor                
00002aab  Graphics_setBackgroundColorTranslated      
000029c7  Graphics_setClipRegion                     
00002ac1  Graphics_setFont                           
00002ae9  Graphics_setForegroundColor                
00002aff  Graphics_setForegroundColorTranslated      
0000330b  Graphics_translateColorOnDisplay           
000036f9  HAL_LCD_PortInit                           
00003729  HAL_LCD_SpiInit                            
0000375f  HAL_LCD_writeCommand                       
0000378d  HAL_LCD_writeData                          
200001ae  Lcd_FlagRead                               
200001af  Lcd_FontSolid                              
200001b0  Lcd_Orientation                            
200001b1  Lcd_PenSolid                               
200001a8  Lcd_ScreenHeigth                           
200001aa  Lcd_ScreenWidth                            
200001ac  Lcd_TouchTrim                              
UNDEFED   SHT$$INIT_ARRAY$$Base                      
UNDEFED   SHT$$INIT_ARRAY$$Limit                     
000040bd  SPI_enableModule                           
00003851  SPI_initMaster                             
00004081  SPI_transmitData                           
20000180  SystemCoreClock                            
00002335  SystemCoreClockUpdate                      
000025a9  SystemInit                                 
4000480c  WDTCTL_SYM                                 
00003f51  _Dclass                                    
200000b0  _Denorm                                    
00003639  _Dnorm                                     
0000334d  _Dscale                                    
00003b37  _Dunscale                                  
200000c0  _Eps                                       
20000178  _Errno                                     
20000170  _Fenv                                      
00003f81  _Feraise                                   
200000d0  _Hugeval                                   
200000e0  _Inf                                       
200000f0  _Nan                                       
20000110  _Rteps                                     
20000100  _Snan                                      
20000174  _Tls_setup__Fenv                           
20000120  _Xbig                                      
20000128  _Zero                                      
20010000  __STACK_END                                
00000200  __STACK_SIZE                               
000047f0  __TI_CINIT_Base                            
00004800  __TI_CINIT_Limit                           
000047d8  __TI_Handler_Table_Base                    
000047e4  __TI_Handler_Table_Limit                   
00003a61  __TI_auto_init                             
20000168  __TI_cleanup_ptr                           
00004187  __TI_decompress_none                       
000041c1  __TI_decompress_rle24                      
2000016c  __TI_dtors_ptr                             
00000ef5  __TI_printfi                               
00000000  __TI_static_base__                         
000041ad  __TI_zero_init                             
000038d9  __aeabi_cdcmpeq                            
000038d9  __aeabi_cdcmple                            
0000395f  __aeabi_cdrcmple                           
00003e21  __aeabi_d2iz                               
00002de1  __aeabi_dadd                               
000030e1  __aeabi_ddiv                               
0000345d  __aeabi_dmul                               
00002dd7  __aeabi_dsub                               
00003fb1  __aeabi_i2d                                
000039e5  __aeabi_memclr                             
000039e5  __aeabi_memclr4                            
000039e5  __aeabi_memclr8                            
000037b5  __aeabi_memcpy                             
000037b5  __aeabi_memcpy4                            
000037b5  __aeabi_memcpy8                            
000039e7  __aeabi_memset                             
000039e7  __aeabi_memset4                            
000039e7  __aeabi_memset8                            
00002be3  __aeabi_uldivmod                           
ffffffff  __binit__                                  
ffffffff  __c_args__                                 
2000fe00  __stack                                    
00004109  _args_main                                 
00003ca5  _c_int00                                   
000044cc  _ctypes_                                   
20000160  _lock                                      
0000415b  _nop                                       
00004153  _register_lock                             
0000414d  _register_unlock                           
000041cf  _system_pre_init                           
20000164  _unlock                                    
00003e6d  abort                                      
00003d41  atoi                                       
ffffffff  binit                                      
00003d8d  copy_in                                    
000027d5  drawAccelData                              
000027b1  drawTitle                                  
00003e75  exit                                       
00003eed  feraiseexcept                              
0000400d  frexp                                      
20000184  g_sContext                                 
00004718  g_sCrystalfontz128x128                     
000045d0  g_sFontFixed6x8                            
00000000  interruptVectors                           
00003c53  ldexp                                      
00003bfd  ltoa                                       
0000267d  main                                       
2000017c  main_func_sp                               
000040a1  memccpy                                    
000037b5  memcpy                                     
000039ed  memset                                     
00003fdf  raise                                      
00003ead  signal                                     
00003b9d  sprintf                                    
00004121  strchr                                     
00004161  strlen                                     


GLOBAL SYMBOLS: SORTED BY Symbol Address 

address   name                                       
-------   ----                                       
00000000  __TI_static_base__                         
00000000  interruptVectors                           
00000200  __STACK_SIZE                               
00000ef5  __TI_printfi                               
000011fd  Crystalfontz128x128_Init                   
00001311  Crystalfontz128x128_SetDrawFrame           
0000143f  Crystalfontz128x128_SetOrientation         
000018b5  Graphics_getStringWidth                    
000019af  Graphics_drawString                        
00001e2d  Graphics_getStringBaseline                 
00001e3d  Graphics_drawStringCentered                
00001e85  Graphics_getStringHeight                   
00001e95  Graphics_getStringMaxWidth                 
00001ea5  Graphics_drawLineH                         
00001f41  Graphics_drawLineV                         
000021c1  Graphics_drawLine                          
00002335  SystemCoreClockUpdate                      
000025a9  SystemInit                                 
0000267d  main                                       
000027b1  drawTitle                                  
000027d5  drawAccelData                              
0000283f  ADC14_IRQHandler                           
0000297d  Graphics_initContext                       
000029c7  Graphics_setClipRegion                     
00002a91  Graphics_setBackgroundColor                
00002aab  Graphics_setBackgroundColorTranslated      
00002ac1  Graphics_setFont                           
00002adb  Graphics_getFontBaseline                   
00002ae9  Graphics_setForegroundColor                
00002aff  Graphics_setForegroundColorTranslated      
00002b11  Graphics_getFontHeight                     
00002b1f  Graphics_getFontMaxWidth                   
00002b2d  Graphics_getDisplayWidth                   
00002b3d  Graphics_getDisplayHeight                  
00002b4d  Graphics_getHeightOfDisplay                
00002b5b  Graphics_flushBuffer                       
00002b69  Graphics_clearDisplay                      
00002b7b  Graphics_drawPixel                         
00002bd5  Graphics_getWidthOfDisplay                 
00002be3  __aeabi_uldivmod                           
00002dd7  __aeabi_dsub                               
00002de1  __aeabi_dadd                               
000030e1  __aeabi_ddiv                               
00003217  Graphics_drawPixelOnDisplay                
00003241  Graphics_drawMultiplePixelsOnDisplay       
00003285  Graphics_drawHorizontalLineOnDisplay       
000032b9  Graphics_drawVerticalLineOnDisplay         
000032ed  Graphics_fillRectangleOnDisplay            
0000330b  Graphics_translateColorOnDisplay           
00003321  Graphics_flushOnDisplay                    
00003333  Graphics_clearDisplayOnDisplay             
0000334d  _Dscale                                    
0000345d  __aeabi_dmul                               
00003559  CS_initClockSignal                         
00003639  _Dnorm                                     
000036f9  HAL_LCD_PortInit                           
00003729  HAL_LCD_SpiInit                            
0000375f  HAL_LCD_writeCommand                       
0000378d  HAL_LCD_writeData                          
000037b5  __aeabi_memcpy                             
000037b5  __aeabi_memcpy4                            
000037b5  __aeabi_memcpy8                            
000037b5  memcpy                                     
00003851  SPI_initMaster                             
000038d9  __aeabi_cdcmpeq                            
000038d9  __aeabi_cdcmple                            
0000395f  __aeabi_cdrcmple                           
000039e5  __aeabi_memclr                             
000039e5  __aeabi_memclr4                            
000039e5  __aeabi_memclr8                            
000039e7  __aeabi_memset                             
000039e7  __aeabi_memset4                            
000039e7  __aeabi_memset8                            
000039ed  memset                                     
00003a61  __TI_auto_init                             
00003b37  _Dunscale                                  
00003b9d  sprintf                                    
00003bfd  ltoa                                       
00003c53  ldexp                                      
00003ca5  _c_int00                                   
00003cf5  GPIO_setAsPeripheralModuleFunctionOutputPin
00003d41  atoi                                       
00003d8d  copy_in                                    
00003dd9  GPIO_setAsPeripheralModuleFunctionInputPin 
00003e21  __aeabi_d2iz                               
00003e69  C$$EXIT                                    
00003e6d  abort                                      
00003e75  exit                                       
00003ead  signal                                     
00003eed  feraiseexcept                              
00003f51  _Dclass                                    
00003f81  _Feraise                                   
00003fb1  __aeabi_i2d                                
00003fdf  raise                                      
0000400d  frexp                                      
00004039  CS_setDCOCenteredFrequency                 
0000405d  GPIO_setAsOutputPin                        
00004081  SPI_transmitData                           
000040a1  memccpy                                    
000040bd  SPI_enableModule                           
000040d9  ADC14_getResult                            
000040f1  GPIO_setOutputLowOnPin                     
00004109  _args_main                                 
00004121  strchr                                     
00004139  GPIO_setOutputHighOnPin                    
0000414d  _register_unlock                           
00004153  _register_lock                             
0000415b  _nop                                       
00004161  strlen                                     
00004187  __TI_decompress_none                       
00004195  EUSCI_A_SPI_enable                         
000041a1  EUSCI_B_SPI_enable                         
000041ad  __TI_zero_init                             
000041b9  EUSCI_B_SPI_getInterruptStatus             
000041c1  __TI_decompress_rle24                      
000041c7  EUSCI_A_SPI_transmitData                   
000041cb  EUSCI_B_SPI_transmitData                   
000041cf  _system_pre_init                           
000044cc  _ctypes_                                   
000045d0  g_sFontFixed6x8                            
00004718  g_sCrystalfontz128x128                     
000047d8  __TI_Handler_Table_Base                    
000047e4  __TI_Handler_Table_Limit                   
000047f0  __TI_CINIT_Base                            
00004800  __TI_CINIT_Limit                           
200000b0  _Denorm                                    
200000c0  _Eps                                       
200000d0  _Hugeval                                   
200000e0  _Inf                                       
200000f0  _Nan                                       
20000100  _Snan                                      
20000110  _Rteps                                     
20000120  _Xbig                                      
20000128  _Zero                                      
20000160  _lock                                      
20000164  _unlock                                    
20000168  __TI_cleanup_ptr                           
2000016c  __TI_dtors_ptr                             
20000170  _Fenv                                      
20000174  _Tls_setup__Fenv                           
20000178  _Errno                                     
2000017c  main_func_sp                               
20000180  SystemCoreClock                            
20000184  g_sContext                                 
200001a8  Lcd_ScreenHeigth                           
200001aa  Lcd_ScreenWidth                            
200001ac  Lcd_TouchTrim                              
200001ae  Lcd_FlagRead                               
200001af  Lcd_FontSolid                              
200001b0  Lcd_Orientation                            
200001b1  Lcd_PenSolid                               
2000fe00  __stack                                    
20010000  __STACK_END                                
4000480c  WDTCTL_SYM                                 
ffffffff  __binit__                                  
ffffffff  __c_args__                                 
ffffffff  binit                                      
UNDEFED   SHT$$INIT_ARRAY$$Base                      
UNDEFED   SHT$$INIT_ARRAY$$Limit                     

[159 symbols]
