******************************************************************************
                  TI ARM Linker PC v5.2.5                      
******************************************************************************
>> Linked Thu Apr 07 00:17:10 2016

OUTPUT FILE NAME:   <ChallengeAssignmentThree.out>
ENTRY POINT SYMBOL: "_c_int00"  address: 00003e11


MEMORY CONFIGURATION

         name            origin    length      used     unused   attr    fill
----------------------  --------  ---------  --------  --------  ----  --------
  MAIN                  00000000   00040000  000049de  0003b622  R  X
  INFO                  00200000   00004000  00000000  00004000  R  X
  SRAM_CODE             01000000   00010000  00000000  00010000  RW X
  SRAM_DATA             20000000   00010000  000003be  0000fc42  RW  


SEGMENT ALLOCATION MAP

run origin  load origin   length   init length attrs members
----------  ----------- ---------- ----------- ----- -------
00000000    00000000    000049e0   000049e0    r-x
  00000000    00000000    00000140   00000140    r-- .intvecs
  00000140    00000140    00004272   00004272    r-x .text
  000043b4    000043b4    00000594   00000594    r-- .const
  00004948    00004948    00000098   00000098    r-- .cinit
20000000    20000000    000001be   00000000    rw-
  20000000    20000000    00000184   00000000    rw- .data
  20000184    20000184    0000003a   00000000    rw- .bss
2000fe00    2000fe00    00000200   00000000    rw-
  2000fe00    2000fe00    00000200   00000000    rw- .stack


SECTION ALLOCATION MAP

 output                                  attributes/
section   page    origin      length       input sections
--------  ----  ----------  ----------   ----------------
.intvecs   0    00000000    00000140     
                  00000000    00000140     startup_msp432p401r_ccs.obj (.intvecs:retain)

.text      0    00000140    00004272     
                  00000140    000010ba     rtsv7M4_T_le_v4SPD16_eabi.lib : _printfi.obj (.text)
                  000011fa    00000002     --HOLE-- [fill = 0]
                  000011fc    00000678     Crystalfontz128x128_ST7735.obj (.text)
                  00001874    00000630     string.obj (.text)
                  00001ea4    00000490     line.obj (.text)
                  00002334    00000348     system_msp432p401r.obj (.text)
                  0000267c    00000294     functions.obj (.text)
                  00002910    00000266     context.obj (.text)
                  00002b76    000001f4     rtsv7M4_T_le_v4SPD16_eabi.lib : ull_div_t2.obj (.text)
                  00002d6a    00000002     --HOLE-- [fill = 0]
                  00002d6c    000001d4     main.obj (.text)
                  00002f40    000001b6     rtsv7M4_T_le_v4SPD16_eabi.lib : fd_add_t2.obj (.text)
                  000030f6    00000002     --HOLE-- [fill = 0]
                  000030f8    00000154     msp432p4xx_driverlib.lib : adc14.o (.text:_getIndexForMemRegister)
                  0000324c    00000136     rtsv7M4_T_le_v4SPD16_eabi.lib : fd_div_t2.obj (.text)
                  00003382    00000134     display.obj (.text)
                  000034b6    00000002     --HOLE-- [fill = 0]
                  000034b8    00000110     rtsv7M4_T_le_v4SPD16_eabi.lib : xdscale.obj (.text)
                  000035c8    000000fc                                   : fd_mul_t2.obj (.text)
                  000036c4    000000e0     msp432p4xx_driverlib.lib : cs.o (.text:CS_initClockSignal)
                  000037a4    000000be     rtsv7M4_T_le_v4SPD16_eabi.lib : xdnorm.obj (.text)
                  00003862    00000002     --HOLE-- [fill = 0]
                  00003864    000000bc     HAL_MSP_EXP432P401R_Crystalfontz128x128_ST7735.obj (.text)
                  00003920    0000009c     rtsv7M4_T_le_v4SPD16_eabi.lib : memcpy_t2.obj (.text)
                  000039bc    00000088     msp432p4xx_driverlib.lib : spi.o (.text:SPI_initMaster)
                  00003a44    00000086     rtsv7M4_T_le_v4SPD16_eabi.lib : fd_cmp_t2.obj (.text:__aeabi_cdcmple)
                  00003aca    00000086                                   : fd_cmp_t2.obj (.text:__aeabi_cdrcmple)
                  00003b50    0000007a                                   : memset_t2.obj (.text)
                  00003bca    00000002     --HOLE-- [fill = 0]
                  00003bcc    0000006c                                   : autoinit.obj (.text)
                  00003c38    0000006a                                   : copy_decompress_rle.obj (.text)
                  00003ca2    00000066                                   : xdunscal.obj (.text)
                  00003d08    00000060                                   : sprintf.obj (.text)
                  00003d68    00000056                                   : ltoa.obj (.text)
                  00003dbe    00000052                                   : ldexp.obj (.text)
                  00003e10    00000050                                   : boot.obj (.text)
                  00003e60    0000004c     msp432p4xx_driverlib.lib : gpio.o (.text:GPIO_setAsPeripheralModuleFunctionOutputPin)
                  00003eac    0000004c     rtsv7M4_T_le_v4SPD16_eabi.lib : atoi.obj (.text)
                  00003ef8    0000004c                                   : cpy_tbl.obj (.text)
                  00003f44    00000048     msp432p4xx_driverlib.lib : gpio.o (.text:GPIO_setAsPeripheralModuleFunctionInputPin)
                  00003f8c    00000048     rtsv7M4_T_le_v4SPD16_eabi.lib : fd_toi_t2.obj (.text)
                  00003fd4    00000044                                   : exit.obj (.text)
                  00004018    00000040                                   : signal.obj (.text)
                  00004058    00000034                                   : feraiseexcept.obj (.text)
                  0000408c    00000030     msp432p4xx_driverlib.lib : gpio.o (.text:GPIO_setAsInputPinWithPullUpResistor)
                  000040bc    00000030                              : spi.o (.text:is_A_Module)
                  000040ec    00000030     rtsv7M4_T_le_v4SPD16_eabi.lib : xdclass.obj (.text)
                  0000411c    00000030                                   : xferaise.obj (.text)
                  0000414c    0000002e                                   : i_tofd_t2.obj (.text)
                  0000417a    0000002e                                   : raise.obj (.text)
                  000041a8    0000002a                                   : frexp.obj (.text)
                  000041d2    00000002     --HOLE-- [fill = 0]
                  000041d4    00000024     msp432p4xx_driverlib.lib : cs.o (.text:CS_setDCOCenteredFrequency)
                  000041f8    00000024                              : gpio.o (.text:GPIO_setAsOutputPin)
                  0000421c    00000020                              : spi.o (.text:SPI_transmitData)
                  0000423c    0000001c     rtsv7M4_T_le_v4SPD16_eabi.lib : memccpy.obj (.text)
                  00004258    0000001a     msp432p4xx_driverlib.lib : spi.o (.text:SPI_enableModule)
                  00004272    00000002     --HOLE-- [fill = 0]
                  00004274    00000018                              : adc14.o (.text:ADC14_getResult)
                  0000428c    00000018                              : gpio.o (.text:GPIO_clearInterruptFlag)
                  000042a4    00000018                              : gpio.o (.text:GPIO_setOutputLowOnPin)
                  000042bc    00000018                              : wdt_a.o (.text:WDT_A_holdTimer)
                  000042d4    00000018     rtsv7M4_T_le_v4SPD16_eabi.lib : args_main.obj (.text)
                  000042ec    00000016                                   : strchr.obj (.text)
                  00004302    00000002     --HOLE-- [fill = 0]
                  00004304    00000014     msp432p4xx_driverlib.lib : gpio.o (.text:GPIO_enableInterrupt)
                  00004318    00000014                              : gpio.o (.text:GPIO_setOutputHighOnPin)
                  0000432c    00000014     rtsv7M4_T_le_v4SPD16_eabi.lib : _lock.obj (.text)
                  00004340    00000014                                   : strlen.obj (.text)
                  00004354    00000012     startup_msp432p401r_ccs.obj (.text)
                  00004366    0000000e     rtsv7M4_T_le_v4SPD16_eabi.lib : copy_decompress_none.obj (.text:decompress:none)
                  00004374    0000000c     msp432p4xx_driverlib.lib : spi.o (.text:EUSCI_A_SPI_enable)
                  00004380    0000000c                              : spi.o (.text:EUSCI_B_SPI_enable)
                  0000438c    0000000c     rtsv7M4_T_le_v4SPD16_eabi.lib : copy_zero_init.obj (.text:decompress:ZI)
                  00004398    00000008     msp432p4xx_driverlib.lib : spi.o (.text:EUSCI_B_SPI_getInterruptStatus)
                  000043a0    00000006     rtsv7M4_T_le_v4SPD16_eabi.lib : copy_decompress_rle.obj (.text:decompress:rle24)
                  000043a6    00000004     msp432p4xx_driverlib.lib : spi.o (.text:EUSCI_A_SPI_transmitData)
                  000043aa    00000004                              : spi.o (.text:EUSCI_B_SPI_transmitData)
                  000043ae    00000004     rtsv7M4_T_le_v4SPD16_eabi.lib : pre_init.obj (.text)

.const     0    000043b4    00000594     
                  000043b4    000002f8     fontfixed6x8.obj (.const:.string:g_pucFontFixed6x8Data)
                  000046ac    00000101     rtsv7M4_T_le_v4SPD16_eabi.lib : ctype.obj (.const:.string:_ctypes_)
                  000047ad    00000003     --HOLE-- [fill = 0]
                  000047b0    000000c8     fontfixed6x8.obj (.const:g_sFontFixed6x8)
                  00004878    00000080     msp432p4xx_driverlib.lib : adc14.o (.const:_ctlRegs)
                  000048f8    0000002c     Crystalfontz128x128_ST7735.obj (.const:g_sCrystalfontz128x128)
                  00004924    0000001c     HAL_MSP_EXP432P401R_Crystalfontz128x128_ST7735.obj (.const)
                  00004940    00000008     Crystalfontz128x128_ST7735.obj (.const)

.cinit     0    00004948    00000098     
                  00004948    00000070     (.cinit..data.load) [load image, compression = rle]
                  000049b8    0000000c     (__TI_handler_table)
                  000049c4    00000004     --HOLE-- [fill = 0]
                  000049c8    00000008     (.cinit..bss.load) [load image, compression = zero_init]
                  000049d0    00000010     (__TI_cinit_table)

.init_array 
*          0    00000000    00000000     UNINITIALIZED

.data      0    20000000    00000184     UNINITIALIZED
                  20000000    000000b0     rtsv7M4_T_le_v4SPD16_eabi.lib : signal.obj (.data:sigtable)
                  200000b0    00000080                                   : xvalues.obj (.data)
                  20000130    00000030     msp432p4xx_driverlib.lib : gpio.o (.data:GPIO_PORT_TO_BASE)
                  20000160    00000008     rtsv7M4_T_le_v4SPD16_eabi.lib : _lock.obj (.data)
                  20000168    00000008                                   : exit.obj (.data)
                  20000170    00000008                                   : feraiseexcept.obj (.data)
                  20000178    00000004                                   : errno.obj (.data)
                  2000017c    00000004                                   : stkdepth_vars.obj (.data)
                  20000180    00000004     system_msp432p401r.obj (.data)

.TI.persistent 
*          0    20000000    00000000     UNINITIALIZED

.bss       0    20000184    0000003a     UNINITIALIZED
                  20000184    0000001c     (.common:g_sContext)
                  200001a0    00000008     (.common:resultsBuffer)
                  200001a8    00000008     (.common:resultsBuffer)
                  200001b0    00000004     (.common:msTicks)
                  200001b4    00000002     (.common:Lcd_ScreenHeigth)
                  200001b6    00000002     (.common:Lcd_ScreenWidth)
                  200001b8    00000002     (.common:Lcd_TouchTrim)
                  200001ba    00000001     (.common:Lcd_FlagRead)
                  200001bb    00000001     (.common:Lcd_FontSolid)
                  200001bc    00000001     (.common:Lcd_Orientation)
                  200001bd    00000001     (.common:Lcd_PenSolid)

.TI.noinit 
*          0    20000184    00000000     UNINITIALIZED

.stack     0    2000fe00    00000200     UNINITIALIZED
                  2000fe00    00000200     --HOLE--


LINKER GENERATED COPY TABLES

__TI_cinit_table @ 000049d0 records: 2, size/record: 8, table size: 16
	.data: load addr=00004948, load size=00000070 bytes, run addr=20000000, run size=00000184 bytes, compression=rle
	.bss: load addr=000049c8, load size=00000008 bytes, run addr=20000184, run size=0000003a bytes, compression=zero_init


LINKER GENERATED HANDLER TABLE

__TI_handler_table @ 000049b8 records: 3, size/record: 4, table size: 12
	index: 0, handler: __TI_decompress_rle24
	index: 1, handler: __TI_decompress_none
	index: 2, handler: __TI_zero_init


GLOBAL SYMBOLS: SORTED ALPHABETICALLY BY Name 

address   name                                       
-------   ----                                       
00002e1f  ADC14_IRQHandler                           
00004275  ADC14_getResult                            
00003fd5  C$$EXIT                                    
000036c5  CS_initClockSignal                         
000041d5  CS_setDCOCenteredFrequency                 
000011fd  Crystalfontz128x128_Init                   
00001311  Crystalfontz128x128_SetDrawFrame           
0000143f  Crystalfontz128x128_SetOrientation         
00004375  EUSCI_A_SPI_enable                         
000043a7  EUSCI_A_SPI_transmitData                   
00004381  EUSCI_B_SPI_enable                         
00004399  EUSCI_B_SPI_getInterruptStatus             
000043ab  EUSCI_B_SPI_transmitData                   
0000428d  GPIO_clearInterruptFlag                    
00004305  GPIO_enableInterrupt                       
0000408d  GPIO_setAsInputPinWithPullUpResistor       
000041f9  GPIO_setAsOutputPin                        
00003f45  GPIO_setAsPeripheralModuleFunctionInputPin 
00003e61  GPIO_setAsPeripheralModuleFunctionOutputPin
00004319  GPIO_setOutputHighOnPin                    
000042a5  GPIO_setOutputLowOnPin                     
00002afd  Graphics_clearDisplay                      
0000349f  Graphics_clearDisplayOnDisplay             
000033f1  Graphics_drawHorizontalLineOnDisplay       
000021c1  Graphics_drawLine                          
00001ea5  Graphics_drawLineH                         
00001f41  Graphics_drawLineV                         
000033ad  Graphics_drawMultiplePixelsOnDisplay       
00002b0f  Graphics_drawPixel                         
00003383  Graphics_drawPixelOnDisplay                
000019af  Graphics_drawString                        
00001e3d  Graphics_drawStringCentered                
00003425  Graphics_drawVerticalLineOnDisplay         
00003459  Graphics_fillRectangleOnDisplay            
00002aef  Graphics_flushBuffer                       
0000348d  Graphics_flushOnDisplay                    
00002ad1  Graphics_getDisplayHeight                  
00002ac1  Graphics_getDisplayWidth                   
00002a6f  Graphics_getFontBaseline                   
00002aa5  Graphics_getFontHeight                     
00002ab3  Graphics_getFontMaxWidth                   
00002ae1  Graphics_getHeightOfDisplay                
00001e2d  Graphics_getStringBaseline                 
00001e85  Graphics_getStringHeight                   
00001e95  Graphics_getStringMaxWidth                 
000018b5  Graphics_getStringWidth                    
00002b69  Graphics_getWidthOfDisplay                 
00002911  Graphics_initContext                       
00002a25  Graphics_setBackgroundColor                
00002a3f  Graphics_setBackgroundColorTranslated      
0000295b  Graphics_setClipRegion                     
00002a55  Graphics_setFont                           
00002a7d  Graphics_setForegroundColor                
00002a93  Graphics_setForegroundColorTranslated      
00003477  Graphics_translateColorOnDisplay           
00003865  HAL_LCD_PortInit                           
00003895  HAL_LCD_SpiInit                            
000038cb  HAL_LCD_writeCommand                       
000038f9  HAL_LCD_writeData                          
200001ba  Lcd_FlagRead                               
200001bb  Lcd_FontSolid                              
200001bc  Lcd_Orientation                            
200001bd  Lcd_PenSolid                               
200001b4  Lcd_ScreenHeigth                           
200001b6  Lcd_ScreenWidth                            
200001b8  Lcd_TouchTrim                              
UNDEFED   SHT$$INIT_ARRAY$$Base                      
UNDEFED   SHT$$INIT_ARRAY$$Limit                     
00004259  SPI_enableModule                           
000039bd  SPI_initMaster                             
0000421d  SPI_transmitData                           
00002e15  SysTick_Handler                            
20000180  SystemCoreClock                            
00002335  SystemCoreClockUpdate                      
000025a9  SystemInit                                 
4000480c  WDTCTL_SYM                                 
000042bd  WDT_A_holdTimer                            
000040ed  _Dclass                                    
200000b0  _Denorm                                    
000037a5  _Dnorm                                     
000034b9  _Dscale                                    
00003ca3  _Dunscale                                  
200000c0  _Eps                                       
20000178  _Errno                                     
20000170  _Fenv                                      
0000411d  _Feraise                                   
200000d0  _Hugeval                                   
200000e0  _Inf                                       
200000f0  _Nan                                       
20000110  _Rteps                                     
20000100  _Snan                                      
20000174  _Tls_setup__Fenv                           
20000120  _Xbig                                      
20000128  _Zero                                      
20010000  __STACK_END                                
00000200  __STACK_SIZE                               
000049d0  __TI_CINIT_Base                            
000049e0  __TI_CINIT_Limit                           
000049b8  __TI_Handler_Table_Base                    
000049c4  __TI_Handler_Table_Limit                   
00003bcd  __TI_auto_init                             
20000168  __TI_cleanup_ptr                           
00004367  __TI_decompress_none                       
000043a1  __TI_decompress_rle24                      
2000016c  __TI_dtors_ptr                             
00000ef5  __TI_printfi                               
00000000  __TI_static_base__                         
0000438d  __TI_zero_init                             
00003a45  __aeabi_cdcmpeq                            
00003a45  __aeabi_cdcmple                            
00003acb  __aeabi_cdrcmple                           
00003f8d  __aeabi_d2iz                               
00002f4b  __aeabi_dadd                               
0000324d  __aeabi_ddiv                               
000035c9  __aeabi_dmul                               
00002f41  __aeabi_dsub                               
0000414d  __aeabi_i2d                                
00003b51  __aeabi_memclr                             
00003b51  __aeabi_memclr4                            
00003b51  __aeabi_memclr8                            
00003921  __aeabi_memcpy                             
00003921  __aeabi_memcpy4                            
00003921  __aeabi_memcpy8                            
00003b53  __aeabi_memset                             
00003b53  __aeabi_memset4                            
00003b53  __aeabi_memset8                            
00002b77  __aeabi_uldivmod                           
ffffffff  __binit__                                  
ffffffff  __c_args__                                 
2000fe00  __stack                                    
000042d5  _args_main                                 
00003e11  _c_int00                                   
000046ac  _ctypes_                                   
20000160  _lock                                      
0000433b  _nop                                       
00004333  _register_lock                             
0000432d  _register_unlock                           
000043af  _system_pre_init                           
20000164  _unlock                                    
00003fd9  abort                                      
00003ead  atoi                                       
ffffffff  binit                                      
00003ef9  copy_in                                    
000028a3  delay                                      
00002839  drawAccelData                              
00002815  drawTitle                                  
000028c1  enableWDT                                  
00003fe1  exit                                       
00004059  feraiseexcept                              
000041a9  frexp                                      
20000184  g_sContext                                 
000048f8  g_sCrystalfontz128x128                     
000047b0  g_sFontFixed6x8                            
00000000  interruptVectors                           
00003dbf  ldexp                                      
00003d69  ltoa                                       
00002de1  main                                       
2000017c  main_func_sp                               
0000423d  memccpy                                    
00003921  memcpy                                     
00003b59  memset                                     
200001b0  msTicks                                    
0000267d  port_init                                  
0000417b  raise                                      
000027af  screen_init                                
00004019  signal                                     
00003d09  sprintf                                    
000042ed  strchr                                     
00004341  strlen                                     


GLOBAL SYMBOLS: SORTED BY Symbol Address 

address   name                                       
-------   ----                                       
00000000  __TI_static_base__                         
00000000  interruptVectors                           
00000200  __STACK_SIZE                               
00000ef5  __TI_printfi                               
000011fd  Crystalfontz128x128_Init                   
00001311  Crystalfontz128x128_SetDrawFrame           
0000143f  Crystalfontz128x128_SetOrientation         
000018b5  Graphics_getStringWidth                    
000019af  Graphics_drawString                        
00001e2d  Graphics_getStringBaseline                 
00001e3d  Graphics_drawStringCentered                
00001e85  Graphics_getStringHeight                   
00001e95  Graphics_getStringMaxWidth                 
00001ea5  Graphics_drawLineH                         
00001f41  Graphics_drawLineV                         
000021c1  Graphics_drawLine                          
00002335  SystemCoreClockUpdate                      
000025a9  SystemInit                                 
0000267d  port_init                                  
000027af  screen_init                                
00002815  drawTitle                                  
00002839  drawAccelData                              
000028a3  delay                                      
000028c1  enableWDT                                  
00002911  Graphics_initContext                       
0000295b  Graphics_setClipRegion                     
00002a25  Graphics_setBackgroundColor                
00002a3f  Graphics_setBackgroundColorTranslated      
00002a55  Graphics_setFont                           
00002a6f  Graphics_getFontBaseline                   
00002a7d  Graphics_setForegroundColor                
00002a93  Graphics_setForegroundColorTranslated      
00002aa5  Graphics_getFontHeight                     
00002ab3  Graphics_getFontMaxWidth                   
00002ac1  Graphics_getDisplayWidth                   
00002ad1  Graphics_getDisplayHeight                  
00002ae1  Graphics_getHeightOfDisplay                
00002aef  Graphics_flushBuffer                       
00002afd  Graphics_clearDisplay                      
00002b0f  Graphics_drawPixel                         
00002b69  Graphics_getWidthOfDisplay                 
00002b77  __aeabi_uldivmod                           
00002de1  main                                       
00002e15  SysTick_Handler                            
00002e1f  ADC14_IRQHandler                           
00002f41  __aeabi_dsub                               
00002f4b  __aeabi_dadd                               
0000324d  __aeabi_ddiv                               
00003383  Graphics_drawPixelOnDisplay                
000033ad  Graphics_drawMultiplePixelsOnDisplay       
000033f1  Graphics_drawHorizontalLineOnDisplay       
00003425  Graphics_drawVerticalLineOnDisplay         
00003459  Graphics_fillRectangleOnDisplay            
00003477  Graphics_translateColorOnDisplay           
0000348d  Graphics_flushOnDisplay                    
0000349f  Graphics_clearDisplayOnDisplay             
000034b9  _Dscale                                    
000035c9  __aeabi_dmul                               
000036c5  CS_initClockSignal                         
000037a5  _Dnorm                                     
00003865  HAL_LCD_PortInit                           
00003895  HAL_LCD_SpiInit                            
000038cb  HAL_LCD_writeCommand                       
000038f9  HAL_LCD_writeData                          
00003921  __aeabi_memcpy                             
00003921  __aeabi_memcpy4                            
00003921  __aeabi_memcpy8                            
00003921  memcpy                                     
000039bd  SPI_initMaster                             
00003a45  __aeabi_cdcmpeq                            
00003a45  __aeabi_cdcmple                            
00003acb  __aeabi_cdrcmple                           
00003b51  __aeabi_memclr                             
00003b51  __aeabi_memclr4                            
00003b51  __aeabi_memclr8                            
00003b53  __aeabi_memset                             
00003b53  __aeabi_memset4                            
00003b53  __aeabi_memset8                            
00003b59  memset                                     
00003bcd  __TI_auto_init                             
00003ca3  _Dunscale                                  
00003d09  sprintf                                    
00003d69  ltoa                                       
00003dbf  ldexp                                      
00003e11  _c_int00                                   
00003e61  GPIO_setAsPeripheralModuleFunctionOutputPin
00003ead  atoi                                       
00003ef9  copy_in                                    
00003f45  GPIO_setAsPeripheralModuleFunctionInputPin 
00003f8d  __aeabi_d2iz                               
00003fd5  C$$EXIT                                    
00003fd9  abort                                      
00003fe1  exit                                       
00004019  signal                                     
00004059  feraiseexcept                              
0000408d  GPIO_setAsInputPinWithPullUpResistor       
000040ed  _Dclass                                    
0000411d  _Feraise                                   
0000414d  __aeabi_i2d                                
0000417b  raise                                      
000041a9  frexp                                      
000041d5  CS_setDCOCenteredFrequency                 
000041f9  GPIO_setAsOutputPin                        
0000421d  SPI_transmitData                           
0000423d  memccpy                                    
00004259  SPI_enableModule                           
00004275  ADC14_getResult                            
0000428d  GPIO_clearInterruptFlag                    
000042a5  GPIO_setOutputLowOnPin                     
000042bd  WDT_A_holdTimer                            
000042d5  _args_main                                 
000042ed  strchr                                     
00004305  GPIO_enableInterrupt                       
00004319  GPIO_setOutputHighOnPin                    
0000432d  _register_unlock                           
00004333  _register_lock                             
0000433b  _nop                                       
00004341  strlen                                     
00004367  __TI_decompress_none                       
00004375  EUSCI_A_SPI_enable                         
00004381  EUSCI_B_SPI_enable                         
0000438d  __TI_zero_init                             
00004399  EUSCI_B_SPI_getInterruptStatus             
000043a1  __TI_decompress_rle24                      
000043a7  EUSCI_A_SPI_transmitData                   
000043ab  EUSCI_B_SPI_transmitData                   
000043af  _system_pre_init                           
000046ac  _ctypes_                                   
000047b0  g_sFontFixed6x8                            
000048f8  g_sCrystalfontz128x128                     
000049b8  __TI_Handler_Table_Base                    
000049c4  __TI_Handler_Table_Limit                   
000049d0  __TI_CINIT_Base                            
000049e0  __TI_CINIT_Limit                           
200000b0  _Denorm                                    
200000c0  _Eps                                       
200000d0  _Hugeval                                   
200000e0  _Inf                                       
200000f0  _Nan                                       
20000100  _Snan                                      
20000110  _Rteps                                     
20000120  _Xbig                                      
20000128  _Zero                                      
20000160  _lock                                      
20000164  _unlock                                    
20000168  __TI_cleanup_ptr                           
2000016c  __TI_dtors_ptr                             
20000170  _Fenv                                      
20000174  _Tls_setup__Fenv                           
20000178  _Errno                                     
2000017c  main_func_sp                               
20000180  SystemCoreClock                            
20000184  g_sContext                                 
200001b0  msTicks                                    
200001b4  Lcd_ScreenHeigth                           
200001b6  Lcd_ScreenWidth                            
200001b8  Lcd_TouchTrim                              
200001ba  Lcd_FlagRead                               
200001bb  Lcd_FontSolid                              
200001bc  Lcd_Orientation                            
200001bd  Lcd_PenSolid                               
2000fe00  __stack                                    
20010000  __STACK_END                                
4000480c  WDTCTL_SYM                                 
ffffffff  __binit__                                  
ffffffff  __c_args__                                 
ffffffff  binit                                      
UNDEFED   SHT$$INIT_ARRAY$$Base                      
UNDEFED   SHT$$INIT_ARRAY$$Limit                     

[169 symbols]
