<?xml version="1.0"?>
<link_info>
   <banner>TI ARM Linker PC v5.2.5</banner>
   <copyright>Copyright (c) 1996-2015 Texas Instruments Incorporated</copyright>
   <link_time>0x5706c226</link_time>
   <link_errors>0x0</link_errors>
   <output_file>ChallengeAssignmentThree.out</output_file>
   <entry_point>
      <name>_c_int00</name>
      <address>0x3f21</address>
   </entry_point>
   <input_file_list>
      <input_file id="fl-2">
         <path>.\</path>
         <kind>object</kind>
         <file>functions.obj</file>
         <name>functions.obj</name>
      </input_file>
      <input_file id="fl-3">
         <path>.\</path>
         <kind>object</kind>
         <file>main.obj</file>
         <name>main.obj</name>
      </input_file>
      <input_file id="fl-4">
         <path>.\</path>
         <kind>object</kind>
         <file>startup_msp432p401r_ccs.obj</file>
         <name>startup_msp432p401r_ccs.obj</name>
      </input_file>
      <input_file id="fl-5">
         <path>.\</path>
         <kind>object</kind>
         <file>system_msp432p401r.obj</file>
         <name>system_msp432p401r.obj</name>
      </input_file>
      <input_file id="fl-6">
         <path>.\LcdDriver\</path>
         <kind>object</kind>
         <file>Crystalfontz128x128_ST7735.obj</file>
         <name>Crystalfontz128x128_ST7735.obj</name>
      </input_file>
      <input_file id="fl-7">
         <path>.\LcdDriver\</path>
         <kind>object</kind>
         <file>HAL_MSP_EXP432P401R_Crystalfontz128x128_ST7735.obj</file>
         <name>HAL_MSP_EXP432P401R_Crystalfontz128x128_ST7735.obj</name>
      </input_file>
      <input_file id="fl-8">
         <path>.\GrLib\grlib\</path>
         <kind>object</kind>
         <file>button.obj</file>
         <name>button.obj</name>
      </input_file>
      <input_file id="fl-9">
         <path>.\GrLib\grlib\</path>
         <kind>object</kind>
         <file>checkbox.obj</file>
         <name>checkbox.obj</name>
      </input_file>
      <input_file id="fl-a">
         <path>.\GrLib\grlib\</path>
         <kind>object</kind>
         <file>circle.obj</file>
         <name>circle.obj</name>
      </input_file>
      <input_file id="fl-b">
         <path>.\GrLib\grlib\</path>
         <kind>object</kind>
         <file>context.obj</file>
         <name>context.obj</name>
      </input_file>
      <input_file id="fl-c">
         <path>.\GrLib\grlib\</path>
         <kind>object</kind>
         <file>display.obj</file>
         <name>display.obj</name>
      </input_file>
      <input_file id="fl-d">
         <path>.\GrLib\grlib\</path>
         <kind>object</kind>
         <file>image.obj</file>
         <name>image.obj</name>
      </input_file>
      <input_file id="fl-e">
         <path>.\GrLib\grlib\</path>
         <kind>object</kind>
         <file>imageButton.obj</file>
         <name>imageButton.obj</name>
      </input_file>
      <input_file id="fl-f">
         <path>.\GrLib\grlib\</path>
         <kind>object</kind>
         <file>line.obj</file>
         <name>line.obj</name>
      </input_file>
      <input_file id="fl-10">
         <path>.\GrLib\grlib\</path>
         <kind>object</kind>
         <file>radioButton.obj</file>
         <name>radioButton.obj</name>
      </input_file>
      <input_file id="fl-11">
         <path>.\GrLib\grlib\</path>
         <kind>object</kind>
         <file>rectangle.obj</file>
         <name>rectangle.obj</name>
      </input_file>
      <input_file id="fl-12">
         <path>.\GrLib\grlib\</path>
         <kind>object</kind>
         <file>string.obj</file>
         <name>string.obj</name>
      </input_file>
      <input_file id="fl-13">
         <path>.\GrLib\fonts\</path>
         <kind>object</kind>
         <file>fontfixed6x8.obj</file>
         <name>fontfixed6x8.obj</name>
      </input_file>
      <input_file id="fl-19">
         <path>..\</path>
         <kind>archive</kind>
         <file>msp432p4xx_driverlib.lib</file>
         <name>adc14.o</name>
      </input_file>
      <input_file id="fl-1a">
         <path>..\</path>
         <kind>archive</kind>
         <file>msp432p4xx_driverlib.lib</file>
         <name>cs.o</name>
      </input_file>
      <input_file id="fl-1b">
         <path>..\</path>
         <kind>archive</kind>
         <file>msp432p4xx_driverlib.lib</file>
         <name>gpio.o</name>
      </input_file>
      <input_file id="fl-1c">
         <path>..\</path>
         <kind>archive</kind>
         <file>msp432p4xx_driverlib.lib</file>
         <name>interrupt.o</name>
      </input_file>
      <input_file id="fl-1d">
         <path>..\</path>
         <kind>archive</kind>
         <file>msp432p4xx_driverlib.lib</file>
         <name>spi.o</name>
      </input_file>
      <input_file id="fl-1e">
         <path>..\</path>
         <kind>archive</kind>
         <file>msp432p4xx_driverlib.lib</file>
         <name>sysctl.o</name>
      </input_file>
      <input_file id="fl-1f">
         <path>..\</path>
         <kind>archive</kind>
         <file>msp432p4xx_driverlib.lib</file>
         <name>cpu.o</name>
      </input_file>
      <input_file id="fl-141">
         <path>C:\ti\ccsv6\tools\compiler\ti-cgt-arm_5.2.5\lib\</path>
         <kind>archive</kind>
         <file>rtsv7M4_T_le_v4SPD16_eabi.lib</file>
         <name>boot.obj</name>
      </input_file>
      <input_file id="fl-142">
         <path>C:\ti\ccsv6\tools\compiler\ti-cgt-arm_5.2.5\lib\</path>
         <kind>archive</kind>
         <file>rtsv7M4_T_le_v4SPD16_eabi.lib</file>
         <name>copy_decompress_none.obj</name>
      </input_file>
      <input_file id="fl-143">
         <path>C:\ti\ccsv6\tools\compiler\ti-cgt-arm_5.2.5\lib\</path>
         <kind>archive</kind>
         <file>rtsv7M4_T_le_v4SPD16_eabi.lib</file>
         <name>copy_decompress_rle.obj</name>
      </input_file>
      <input_file id="fl-144">
         <path>C:\ti\ccsv6\tools\compiler\ti-cgt-arm_5.2.5\lib\</path>
         <kind>archive</kind>
         <file>rtsv7M4_T_le_v4SPD16_eabi.lib</file>
         <name>copy_zero_init.obj</name>
      </input_file>
      <input_file id="fl-145">
         <path>C:\ti\ccsv6\tools\compiler\ti-cgt-arm_5.2.5\lib\</path>
         <kind>archive</kind>
         <file>rtsv7M4_T_le_v4SPD16_eabi.lib</file>
         <name>exit.obj</name>
      </input_file>
      <input_file id="fl-146">
         <path>C:\ti\ccsv6\tools\compiler\ti-cgt-arm_5.2.5\lib\</path>
         <kind>archive</kind>
         <file>rtsv7M4_T_le_v4SPD16_eabi.lib</file>
         <name>memcpy_t2.obj</name>
      </input_file>
      <input_file id="fl-147">
         <path>C:\ti\ccsv6\tools\compiler\ti-cgt-arm_5.2.5\lib\</path>
         <kind>archive</kind>
         <file>rtsv7M4_T_le_v4SPD16_eabi.lib</file>
         <name>memset_t2.obj</name>
      </input_file>
      <input_file id="fl-148">
         <path>C:\ti\ccsv6\tools\compiler\ti-cgt-arm_5.2.5\lib\</path>
         <kind>archive</kind>
         <file>rtsv7M4_T_le_v4SPD16_eabi.lib</file>
         <name>pre_init.obj</name>
      </input_file>
      <input_file id="fl-149">
         <path>C:\ti\ccsv6\tools\compiler\ti-cgt-arm_5.2.5\lib\</path>
         <kind>archive</kind>
         <file>rtsv7M4_T_le_v4SPD16_eabi.lib</file>
         <name>sprintf.obj</name>
      </input_file>
      <input_file id="fl-14a">
         <path>C:\ti\ccsv6\tools\compiler\ti-cgt-arm_5.2.5\lib\</path>
         <kind>archive</kind>
         <file>rtsv7M4_T_le_v4SPD16_eabi.lib</file>
         <name>stkdepth_vars.obj</name>
      </input_file>
      <input_file id="fl-14b">
         <path>C:\ti\ccsv6\tools\compiler\ti-cgt-arm_5.2.5\lib\</path>
         <kind>archive</kind>
         <file>rtsv7M4_T_le_v4SPD16_eabi.lib</file>
         <name>_lock.obj</name>
      </input_file>
      <input_file id="fl-14c">
         <path>C:\ti\ccsv6\tools\compiler\ti-cgt-arm_5.2.5\lib\</path>
         <kind>archive</kind>
         <file>rtsv7M4_T_le_v4SPD16_eabi.lib</file>
         <name>_printfi.obj</name>
      </input_file>
      <input_file id="fl-14d">
         <path>C:\ti\ccsv6\tools\compiler\ti-cgt-arm_5.2.5\lib\</path>
         <kind>archive</kind>
         <file>rtsv7M4_T_le_v4SPD16_eabi.lib</file>
         <name>args_main.obj</name>
      </input_file>
      <input_file id="fl-14e">
         <path>C:\ti\ccsv6\tools\compiler\ti-cgt-arm_5.2.5\lib\</path>
         <kind>archive</kind>
         <file>rtsv7M4_T_le_v4SPD16_eabi.lib</file>
         <name>atoi.obj</name>
      </input_file>
      <input_file id="fl-14f">
         <path>C:\ti\ccsv6\tools\compiler\ti-cgt-arm_5.2.5\lib\</path>
         <kind>archive</kind>
         <file>rtsv7M4_T_le_v4SPD16_eabi.lib</file>
         <name>autoinit.obj</name>
      </input_file>
      <input_file id="fl-150">
         <path>C:\ti\ccsv6\tools\compiler\ti-cgt-arm_5.2.5\lib\</path>
         <kind>archive</kind>
         <file>rtsv7M4_T_le_v4SPD16_eabi.lib</file>
         <name>cpy_tbl.obj</name>
      </input_file>
      <input_file id="fl-151">
         <path>C:\ti\ccsv6\tools\compiler\ti-cgt-arm_5.2.5\lib\</path>
         <kind>archive</kind>
         <file>rtsv7M4_T_le_v4SPD16_eabi.lib</file>
         <name>ctype.obj</name>
      </input_file>
      <input_file id="fl-152">
         <path>C:\ti\ccsv6\tools\compiler\ti-cgt-arm_5.2.5\lib\</path>
         <kind>archive</kind>
         <file>rtsv7M4_T_le_v4SPD16_eabi.lib</file>
         <name>fd_add_t2.obj</name>
      </input_file>
      <input_file id="fl-153">
         <path>C:\ti\ccsv6\tools\compiler\ti-cgt-arm_5.2.5\lib\</path>
         <kind>archive</kind>
         <file>rtsv7M4_T_le_v4SPD16_eabi.lib</file>
         <name>fd_cmp_t2.obj</name>
      </input_file>
      <input_file id="fl-154">
         <path>C:\ti\ccsv6\tools\compiler\ti-cgt-arm_5.2.5\lib\</path>
         <kind>archive</kind>
         <file>rtsv7M4_T_le_v4SPD16_eabi.lib</file>
         <name>fd_div_t2.obj</name>
      </input_file>
      <input_file id="fl-155">
         <path>C:\ti\ccsv6\tools\compiler\ti-cgt-arm_5.2.5\lib\</path>
         <kind>archive</kind>
         <file>rtsv7M4_T_le_v4SPD16_eabi.lib</file>
         <name>fd_mul_t2.obj</name>
      </input_file>
      <input_file id="fl-156">
         <path>C:\ti\ccsv6\tools\compiler\ti-cgt-arm_5.2.5\lib\</path>
         <kind>archive</kind>
         <file>rtsv7M4_T_le_v4SPD16_eabi.lib</file>
         <name>fd_toi_t2.obj</name>
      </input_file>
      <input_file id="fl-157">
         <path>C:\ti\ccsv6\tools\compiler\ti-cgt-arm_5.2.5\lib\</path>
         <kind>archive</kind>
         <file>rtsv7M4_T_le_v4SPD16_eabi.lib</file>
         <name>frexp.obj</name>
      </input_file>
      <input_file id="fl-158">
         <path>C:\ti\ccsv6\tools\compiler\ti-cgt-arm_5.2.5\lib\</path>
         <kind>archive</kind>
         <file>rtsv7M4_T_le_v4SPD16_eabi.lib</file>
         <name>i_tofd_t2.obj</name>
      </input_file>
      <input_file id="fl-159">
         <path>C:\ti\ccsv6\tools\compiler\ti-cgt-arm_5.2.5\lib\</path>
         <kind>archive</kind>
         <file>rtsv7M4_T_le_v4SPD16_eabi.lib</file>
         <name>ldexp.obj</name>
      </input_file>
      <input_file id="fl-15a">
         <path>C:\ti\ccsv6\tools\compiler\ti-cgt-arm_5.2.5\lib\</path>
         <kind>archive</kind>
         <file>rtsv7M4_T_le_v4SPD16_eabi.lib</file>
         <name>ltoa.obj</name>
      </input_file>
      <input_file id="fl-15b">
         <path>C:\ti\ccsv6\tools\compiler\ti-cgt-arm_5.2.5\lib\</path>
         <kind>archive</kind>
         <file>rtsv7M4_T_le_v4SPD16_eabi.lib</file>
         <name>memccpy.obj</name>
      </input_file>
      <input_file id="fl-15c">
         <path>C:\ti\ccsv6\tools\compiler\ti-cgt-arm_5.2.5\lib\</path>
         <kind>archive</kind>
         <file>rtsv7M4_T_le_v4SPD16_eabi.lib</file>
         <name>strchr.obj</name>
      </input_file>
      <input_file id="fl-15d">
         <path>C:\ti\ccsv6\tools\compiler\ti-cgt-arm_5.2.5\lib\</path>
         <kind>archive</kind>
         <file>rtsv7M4_T_le_v4SPD16_eabi.lib</file>
         <name>strlen.obj</name>
      </input_file>
      <input_file id="fl-15e">
         <path>C:\ti\ccsv6\tools\compiler\ti-cgt-arm_5.2.5\lib\</path>
         <kind>archive</kind>
         <file>rtsv7M4_T_le_v4SPD16_eabi.lib</file>
         <name>ull_div_t2.obj</name>
      </input_file>
      <input_file id="fl-15f">
         <path>C:\ti\ccsv6\tools\compiler\ti-cgt-arm_5.2.5\lib\</path>
         <kind>archive</kind>
         <file>rtsv7M4_T_le_v4SPD16_eabi.lib</file>
         <name>xdclass.obj</name>
      </input_file>
      <input_file id="fl-160">
         <path>C:\ti\ccsv6\tools\compiler\ti-cgt-arm_5.2.5\lib\</path>
         <kind>archive</kind>
         <file>rtsv7M4_T_le_v4SPD16_eabi.lib</file>
         <name>xdscale.obj</name>
      </input_file>
      <input_file id="fl-161">
         <path>C:\ti\ccsv6\tools\compiler\ti-cgt-arm_5.2.5\lib\</path>
         <kind>archive</kind>
         <file>rtsv7M4_T_le_v4SPD16_eabi.lib</file>
         <name>xdunscal.obj</name>
      </input_file>
      <input_file id="fl-162">
         <path>C:\ti\ccsv6\tools\compiler\ti-cgt-arm_5.2.5\lib\</path>
         <kind>archive</kind>
         <file>rtsv7M4_T_le_v4SPD16_eabi.lib</file>
         <name>xferaise.obj</name>
      </input_file>
      <input_file id="fl-163">
         <path>C:\ti\ccsv6\tools\compiler\ti-cgt-arm_5.2.5\lib\</path>
         <kind>archive</kind>
         <file>rtsv7M4_T_le_v4SPD16_eabi.lib</file>
         <name>xvalues.obj</name>
      </input_file>
      <input_file id="fl-164">
         <path>C:\ti\ccsv6\tools\compiler\ti-cgt-arm_5.2.5\lib\</path>
         <kind>archive</kind>
         <file>rtsv7M4_T_le_v4SPD16_eabi.lib</file>
         <name>errno.obj</name>
      </input_file>
      <input_file id="fl-165">
         <path>C:\ti\ccsv6\tools\compiler\ti-cgt-arm_5.2.5\lib\</path>
         <kind>archive</kind>
         <file>rtsv7M4_T_le_v4SPD16_eabi.lib</file>
         <name>feraiseexcept.obj</name>
      </input_file>
      <input_file id="fl-166">
         <path>C:\ti\ccsv6\tools\compiler\ti-cgt-arm_5.2.5\lib\</path>
         <kind>archive</kind>
         <file>rtsv7M4_T_le_v4SPD16_eabi.lib</file>
         <name>raise.obj</name>
      </input_file>
      <input_file id="fl-167">
         <path>C:\ti\ccsv6\tools\compiler\ti-cgt-arm_5.2.5\lib\</path>
         <kind>archive</kind>
         <file>rtsv7M4_T_le_v4SPD16_eabi.lib</file>
         <name>signal.obj</name>
      </input_file>
      <input_file id="fl-168">
         <path>C:\ti\ccsv6\tools\compiler\ti-cgt-arm_5.2.5\lib\</path>
         <kind>archive</kind>
         <file>rtsv7M4_T_le_v4SPD16_eabi.lib</file>
         <name>xdnorm.obj</name>
      </input_file>
   </input_file_list>
   <object_component_list>
      <object_component id="oc-27">
         <name>.intvecs:retain</name>
         <load_address>0x0</load_address>
         <run_address>0x0</run_address>
         <size>0x140</size>
         <input_file_ref idref="fl-4"/>
      </object_component>
      <object_component id="oc-1f0">
         <name>.text</name>
         <load_address>0x140</load_address>
         <run_address>0x140</run_address>
         <size>0x10ba</size>
         <input_file_ref idref="fl-14c"/>
      </object_component>
      <object_component id="oc-bc">
         <name>.text</name>
         <load_address>0x11fc</load_address>
         <run_address>0x11fc</run_address>
         <size>0x678</size>
         <input_file_ref idref="fl-6"/>
      </object_component>
      <object_component id="oc-167">
         <name>.text</name>
         <load_address>0x1874</load_address>
         <run_address>0x1874</run_address>
         <size>0x630</size>
         <input_file_ref idref="fl-12"/>
      </object_component>
      <object_component id="oc-1e8">
         <name>.text</name>
         <load_address>0x1ea4</load_address>
         <run_address>0x1ea4</run_address>
         <size>0x490</size>
         <input_file_ref idref="fl-f"/>
      </object_component>
      <object_component id="oc-a9">
         <name>.text</name>
         <load_address>0x2334</load_address>
         <run_address>0x2334</run_address>
         <size>0x348</size>
         <input_file_ref idref="fl-5"/>
      </object_component>
      <object_component id="oc-72">
         <name>.text</name>
         <load_address>0x267c</load_address>
         <run_address>0x267c</run_address>
         <size>0x2e8</size>
         <input_file_ref idref="fl-3"/>
      </object_component>
      <object_component id="oc-c8">
         <name>.text</name>
         <load_address>0x2964</load_address>
         <run_address>0x2964</run_address>
         <size>0x294</size>
         <input_file_ref idref="fl-2"/>
      </object_component>
      <object_component id="oc-c2">
         <name>.text</name>
         <load_address>0x2bf8</load_address>
         <run_address>0x2bf8</run_address>
         <size>0x266</size>
         <input_file_ref idref="fl-b"/>
      </object_component>
      <object_component id="oc-236">
         <name>.text</name>
         <load_address>0x2e5e</load_address>
         <run_address>0x2e5e</run_address>
         <size>0x1f4</size>
         <input_file_ref idref="fl-15e"/>
      </object_component>
      <object_component id="oc-265">
         <name>.text</name>
         <load_address>0x3052</load_address>
         <run_address>0x3052</run_address>
         <size>0x1b6</size>
         <input_file_ref idref="fl-152"/>
      </object_component>
      <object_component id="oc-17b">
         <name>.text:_getIndexForMemRegister</name>
         <load_address>0x3208</load_address>
         <run_address>0x3208</run_address>
         <size>0x154</size>
         <input_file_ref idref="fl-19"/>
      </object_component>
      <object_component id="oc-24b">
         <name>.text</name>
         <load_address>0x335c</load_address>
         <run_address>0x335c</run_address>
         <size>0x136</size>
         <input_file_ref idref="fl-154"/>
      </object_component>
      <object_component id="oc-147">
         <name>.text</name>
         <load_address>0x3492</load_address>
         <run_address>0x3492</run_address>
         <size>0x134</size>
         <input_file_ref idref="fl-c"/>
      </object_component>
      <object_component id="oc-2c2">
         <name>.text</name>
         <load_address>0x35c8</load_address>
         <run_address>0x35c8</run_address>
         <size>0x110</size>
         <input_file_ref idref="fl-160"/>
      </object_component>
      <object_component id="oc-246">
         <name>.text</name>
         <load_address>0x36d8</load_address>
         <run_address>0x36d8</run_address>
         <size>0xfc</size>
         <input_file_ref idref="fl-155"/>
      </object_component>
      <object_component id="oc-b6">
         <name>.text:CS_initClockSignal</name>
         <load_address>0x37d4</load_address>
         <run_address>0x37d4</run_address>
         <size>0xe0</size>
         <input_file_ref idref="fl-1a"/>
      </object_component>
      <object_component id="oc-2e6">
         <name>.text</name>
         <load_address>0x38b4</load_address>
         <run_address>0x38b4</run_address>
         <size>0xbe</size>
         <input_file_ref idref="fl-168"/>
      </object_component>
      <object_component id="oc-126">
         <name>.text</name>
         <load_address>0x3974</load_address>
         <run_address>0x3974</run_address>
         <size>0xbc</size>
         <input_file_ref idref="fl-7"/>
      </object_component>
      <object_component id="oc-2b">
         <name>.text</name>
         <load_address>0x3a30</load_address>
         <run_address>0x3a30</run_address>
         <size>0x9c</size>
         <input_file_ref idref="fl-146"/>
      </object_component>
      <object_component id="oc-1bb">
         <name>.text:SPI_initMaster</name>
         <load_address>0x3acc</load_address>
         <run_address>0x3acc</run_address>
         <size>0x88</size>
         <input_file_ref idref="fl-1d"/>
      </object_component>
      <object_component id="oc-241">
         <name>.text:__aeabi_cdcmple</name>
         <load_address>0x3b54</load_address>
         <run_address>0x3b54</run_address>
         <size>0x86</size>
         <input_file_ref idref="fl-153"/>
      </object_component>
      <object_component id="oc-250">
         <name>.text:__aeabi_cdrcmple</name>
         <load_address>0x3bda</load_address>
         <run_address>0x3bda</run_address>
         <size>0x86</size>
         <input_file_ref idref="fl-153"/>
      </object_component>
      <object_component id="oc-44">
         <name>.text</name>
         <load_address>0x3c60</load_address>
         <run_address>0x3c60</run_address>
         <size>0x7a</size>
         <input_file_ref idref="fl-147"/>
      </object_component>
      <object_component id="oc-56">
         <name>.text</name>
         <load_address>0x3cdc</load_address>
         <run_address>0x3cdc</run_address>
         <size>0x6c</size>
         <input_file_ref idref="fl-14f"/>
      </object_component>
      <object_component id="oc-37">
         <name>.text</name>
         <load_address>0x3d48</load_address>
         <run_address>0x3d48</run_address>
         <size>0x6a</size>
         <input_file_ref idref="fl-143"/>
      </object_component>
      <object_component id="oc-2ba">
         <name>.text</name>
         <load_address>0x3db2</load_address>
         <run_address>0x3db2</run_address>
         <size>0x66</size>
         <input_file_ref idref="fl-161"/>
      </object_component>
      <object_component id="oc-16d">
         <name>.text</name>
         <load_address>0x3e18</load_address>
         <run_address>0x3e18</run_address>
         <size>0x60</size>
         <input_file_ref idref="fl-149"/>
      </object_component>
      <object_component id="oc-25a">
         <name>.text</name>
         <load_address>0x3e78</load_address>
         <run_address>0x3e78</run_address>
         <size>0x56</size>
         <input_file_ref idref="fl-15a"/>
      </object_component>
      <object_component id="oc-270">
         <name>.text</name>
         <load_address>0x3ece</load_address>
         <run_address>0x3ece</run_address>
         <size>0x52</size>
         <input_file_ref idref="fl-159"/>
      </object_component>
      <object_component id="oc-22">
         <name>.text</name>
         <load_address>0x3f20</load_address>
         <run_address>0x3f20</run_address>
         <size>0x50</size>
         <input_file_ref idref="fl-141"/>
      </object_component>
      <object_component id="oc-1b5">
         <name>.text:GPIO_setAsPeripheralModuleFunctionOutputPin</name>
         <load_address>0x3f70</load_address>
         <run_address>0x3f70</run_address>
         <size>0x4c</size>
         <input_file_ref idref="fl-1b"/>
      </object_component>
      <object_component id="oc-288">
         <name>.text</name>
         <load_address>0x3fbc</load_address>
         <run_address>0x3fbc</run_address>
         <size>0x4c</size>
         <input_file_ref idref="fl-14e"/>
      </object_component>
      <object_component id="oc-94">
         <name>.text</name>
         <load_address>0x4008</load_address>
         <run_address>0x4008</run_address>
         <size>0x4c</size>
         <input_file_ref idref="fl-150"/>
      </object_component>
      <object_component id="oc-ce">
         <name>.text:GPIO_setAsPeripheralModuleFunctionInputPin</name>
         <load_address>0x4054</load_address>
         <run_address>0x4054</run_address>
         <size>0x48</size>
         <input_file_ref idref="fl-1b"/>
      </object_component>
      <object_component id="oc-255">
         <name>.text</name>
         <load_address>0x409c</load_address>
         <run_address>0x409c</run_address>
         <size>0x48</size>
         <input_file_ref idref="fl-156"/>
      </object_component>
      <object_component id="oc-62">
         <name>.text</name>
         <load_address>0x40e4</load_address>
         <run_address>0x40e4</run_address>
         <size>0x44</size>
         <input_file_ref idref="fl-145"/>
      </object_component>
      <object_component id="oc-329">
         <name>.text</name>
         <load_address>0x4128</load_address>
         <run_address>0x4128</run_address>
         <size>0x40</size>
         <input_file_ref idref="fl-167"/>
      </object_component>
      <object_component id="oc-2f5">
         <name>.text</name>
         <load_address>0x4168</load_address>
         <run_address>0x4168</run_address>
         <size>0x34</size>
         <input_file_ref idref="fl-165"/>
      </object_component>
      <object_component id="oc-155">
         <name>.text:GPIO_setAsInputPinWithPullUpResistor</name>
         <load_address>0x419c</load_address>
         <run_address>0x419c</run_address>
         <size>0x30</size>
         <input_file_ref idref="fl-1b"/>
      </object_component>
      <object_component id="oc-20a">
         <name>.text:is_A_Module</name>
         <load_address>0x41cc</load_address>
         <run_address>0x41cc</run_address>
         <size>0x30</size>
         <input_file_ref idref="fl-1d"/>
      </object_component>
      <object_component id="oc-27c">
         <name>.text</name>
         <load_address>0x41fc</load_address>
         <run_address>0x41fc</run_address>
         <size>0x30</size>
         <input_file_ref idref="fl-15f"/>
      </object_component>
      <object_component id="oc-2c8">
         <name>.text</name>
         <load_address>0x422c</load_address>
         <run_address>0x422c</run_address>
         <size>0x30</size>
         <input_file_ref idref="fl-162"/>
      </object_component>
      <object_component id="oc-260">
         <name>.text</name>
         <load_address>0x425c</load_address>
         <run_address>0x425c</run_address>
         <size>0x2e</size>
         <input_file_ref idref="fl-158"/>
      </object_component>
      <object_component id="oc-319">
         <name>.text</name>
         <load_address>0x428a</load_address>
         <run_address>0x428a</run_address>
         <size>0x2e</size>
         <input_file_ref idref="fl-166"/>
      </object_component>
      <object_component id="oc-26a">
         <name>.text</name>
         <load_address>0x42b8</load_address>
         <run_address>0x42b8</run_address>
         <size>0x2a</size>
         <input_file_ref idref="fl-157"/>
      </object_component>
      <object_component id="oc-b0">
         <name>.text:CS_setDCOCenteredFrequency</name>
         <load_address>0x42e4</load_address>
         <run_address>0x42e4</run_address>
         <size>0x24</size>
         <input_file_ref idref="fl-1a"/>
      </object_component>
      <object_component id="oc-14f">
         <name>.text:GPIO_setAsOutputPin</name>
         <load_address>0x4308</load_address>
         <run_address>0x4308</run_address>
         <size>0x24</size>
         <input_file_ref idref="fl-1b"/>
      </object_component>
      <object_component id="oc-1cd">
         <name>.text:SPI_transmitData</name>
         <load_address>0x432c</load_address>
         <run_address>0x432c</run_address>
         <size>0x20</size>
         <input_file_ref idref="fl-1d"/>
      </object_component>
      <object_component id="oc-282">
         <name>.text</name>
         <load_address>0x434c</load_address>
         <run_address>0x434c</run_address>
         <size>0x1c</size>
         <input_file_ref idref="fl-15b"/>
      </object_component>
      <object_component id="oc-1c1">
         <name>.text:SPI_enableModule</name>
         <load_address>0x4368</load_address>
         <run_address>0x4368</run_address>
         <size>0x1a</size>
         <input_file_ref idref="fl-1d"/>
      </object_component>
      <object_component id="oc-d4">
         <name>.text:ADC14_getResult</name>
         <load_address>0x4384</load_address>
         <run_address>0x4384</run_address>
         <size>0x18</size>
         <input_file_ref idref="fl-19"/>
      </object_component>
      <object_component id="oc-15b">
         <name>.text:GPIO_clearInterruptFlag</name>
         <load_address>0x439c</load_address>
         <run_address>0x439c</run_address>
         <size>0x18</size>
         <input_file_ref idref="fl-1b"/>
      </object_component>
      <object_component id="oc-12c">
         <name>.text:GPIO_setOutputLowOnPin</name>
         <load_address>0x43b4</load_address>
         <run_address>0x43b4</run_address>
         <size>0x18</size>
         <input_file_ref idref="fl-1b"/>
      </object_component>
      <object_component id="oc-5c">
         <name>.text</name>
         <load_address>0x43cc</load_address>
         <run_address>0x43cc</run_address>
         <size>0x18</size>
         <input_file_ref idref="fl-14d"/>
      </object_component>
      <object_component id="oc-276">
         <name>.text</name>
         <load_address>0x43e4</load_address>
         <run_address>0x43e4</run_address>
         <size>0x16</size>
         <input_file_ref idref="fl-15c"/>
      </object_component>
      <object_component id="oc-161">
         <name>.text:GPIO_enableInterrupt</name>
         <load_address>0x43fc</load_address>
         <run_address>0x43fc</run_address>
         <size>0x14</size>
         <input_file_ref idref="fl-1b"/>
      </object_component>
      <object_component id="oc-132">
         <name>.text:GPIO_setOutputHighOnPin</name>
         <load_address>0x4410</load_address>
         <run_address>0x4410</run_address>
         <size>0x14</size>
         <input_file_ref idref="fl-1b"/>
      </object_component>
      <object_component id="oc-113">
         <name>.text</name>
         <load_address>0x4424</load_address>
         <run_address>0x4424</run_address>
         <size>0x14</size>
         <input_file_ref idref="fl-14b"/>
      </object_component>
      <object_component id="oc-23b">
         <name>.text</name>
         <load_address>0x4438</load_address>
         <run_address>0x4438</run_address>
         <size>0x14</size>
         <input_file_ref idref="fl-15d"/>
      </object_component>
      <object_component id="oc-6c">
         <name>.text</name>
         <load_address>0x444c</load_address>
         <run_address>0x444c</run_address>
         <size>0x12</size>
         <input_file_ref idref="fl-4"/>
      </object_component>
      <object_component id="oc-10">
         <name>.text:decompress:none</name>
         <load_address>0x445e</load_address>
         <run_address>0x445e</run_address>
         <size>0xe</size>
         <input_file_ref idref="fl-142"/>
      </object_component>
      <object_component id="oc-218">
         <name>.text:EUSCI_A_SPI_enable</name>
         <load_address>0x446c</load_address>
         <run_address>0x446c</run_address>
         <size>0xc</size>
         <input_file_ref idref="fl-1d"/>
      </object_component>
      <object_component id="oc-212">
         <name>.text:EUSCI_B_SPI_enable</name>
         <load_address>0x4478</load_address>
         <run_address>0x4478</run_address>
         <size>0xc</size>
         <input_file_ref idref="fl-1d"/>
      </object_component>
      <object_component id="oc-1c">
         <name>.text:decompress:ZI</name>
         <load_address>0x4484</load_address>
         <run_address>0x4484</run_address>
         <size>0xc</size>
         <input_file_ref idref="fl-144"/>
      </object_component>
      <object_component id="oc-1c7">
         <name>.text:EUSCI_B_SPI_getInterruptStatus</name>
         <load_address>0x4490</load_address>
         <run_address>0x4490</run_address>
         <size>0x8</size>
         <input_file_ref idref="fl-1d"/>
      </object_component>
      <object_component id="oc-16">
         <name>.text:decompress:rle24</name>
         <load_address>0x4498</load_address>
         <run_address>0x4498</run_address>
         <size>0x6</size>
         <input_file_ref idref="fl-143"/>
      </object_component>
      <object_component id="oc-226">
         <name>.text:EUSCI_A_SPI_transmitData</name>
         <load_address>0x449e</load_address>
         <run_address>0x449e</run_address>
         <size>0x4</size>
         <input_file_ref idref="fl-1d"/>
      </object_component>
      <object_component id="oc-220">
         <name>.text:EUSCI_B_SPI_transmitData</name>
         <load_address>0x44a2</load_address>
         <run_address>0x44a2</run_address>
         <size>0x4</size>
         <input_file_ref idref="fl-1d"/>
      </object_component>
      <object_component id="oc-50">
         <name>.text</name>
         <load_address>0x44a6</load_address>
         <run_address>0x44a6</run_address>
         <size>0x4</size>
         <input_file_ref idref="fl-148"/>
      </object_component>
      <object_component id="oc-190">
         <name>.const:.string:g_pucFontFixed6x8Data</name>
         <load_address>0x44ac</load_address>
         <run_address>0x44ac</run_address>
         <size>0x2f8</size>
         <input_file_ref idref="fl-13"/>
      </object_component>
      <object_component id="oc-2d6">
         <name>.const:.string:_ctypes_</name>
         <load_address>0x47a4</load_address>
         <run_address>0x47a4</run_address>
         <size>0x101</size>
         <input_file_ref idref="fl-151"/>
      </object_component>
      <object_component id="oc-e2">
         <name>.const:g_sFontFixed6x8</name>
         <load_address>0x48a8</load_address>
         <run_address>0x48a8</run_address>
         <size>0xc8</size>
         <input_file_ref idref="fl-13"/>
      </object_component>
      <object_component id="oc-181">
         <name>.const:_ctlRegs</name>
         <load_address>0x4970</load_address>
         <run_address>0x4970</run_address>
         <size>0x80</size>
         <input_file_ref idref="fl-19"/>
      </object_component>
      <object_component id="oc-df">
         <name>.const:g_sCrystalfontz128x128</name>
         <load_address>0x49f0</load_address>
         <run_address>0x49f0</run_address>
         <size>0x2c</size>
         <input_file_ref idref="fl-6"/>
      </object_component>
      <object_component id="oc-1d3">
         <name>.const</name>
         <load_address>0x4a1c</load_address>
         <run_address>0x4a1c</run_address>
         <size>0x1c</size>
         <input_file_ref idref="fl-7"/>
      </object_component>
      <object_component id="oc-13e">
         <name>.const</name>
         <load_address>0x4a38</load_address>
         <run_address>0x4a38</run_address>
         <size>0x8</size>
         <input_file_ref idref="fl-6"/>
      </object_component>
      <object_component id="oc-370">
         <name>.cinit..data.load</name>
         <load_address>0x4a40</load_address>
         <run_address>0x4a40</run_address>
         <size>0x70</size>
      </object_component>
      <object_component id="oc-36e">
         <name>__TI_handler_table</name>
         <load_address>0x4ab0</load_address>
         <run_address>0x4ab0</run_address>
         <size>0xc</size>
      </object_component>
      <object_component id="oc-371">
         <name>.cinit..bss.load</name>
         <load_address>0x4ac0</load_address>
         <run_address>0x4ac0</run_address>
         <size>0x8</size>
      </object_component>
      <object_component id="oc-36f">
         <name>__TI_cinit_table</name>
         <load_address>0x4ac8</load_address>
         <run_address>0x4ac8</run_address>
         <size>0x10</size>
      </object_component>
      <object_component id="oc-2a">
         <name>.stack</name>
         <uninitialized>true</uninitialized>
         <run_address>0x2000fe00</run_address>
         <size>0x0</size>
         <input_file_ref idref="fl-141"/>
      </object_component>
      <object_component id="oc-372">
         <name>.stack</name>
         <uninitialized>true</uninitialized>
         <run_address>0x2000fe00</run_address>
         <size>0x0</size>
      </object_component>
      <object_component id="oc-173">
         <name>.common:resultsBuffer</name>
         <uninitialized>true</uninitialized>
         <run_address>0x200001a8</run_address>
         <size>0x8</size>
      </object_component>
      <object_component id="oc-174">
         <name>.common:msTicks</name>
         <uninitialized>true</uninitialized>
         <run_address>0x200001b0</run_address>
         <size>0x4</size>
      </object_component>
      <object_component id="oc-da">
         <name>.common:g_sContext</name>
         <uninitialized>true</uninitialized>
         <run_address>0x20000184</run_address>
         <size>0x1c</size>
      </object_component>
      <object_component id="oc-e8">
         <name>.common:resultsBuffer</name>
         <uninitialized>true</uninitialized>
         <run_address>0x200001a0</run_address>
         <size>0x8</size>
      </object_component>
      <object_component id="oc-e9">
         <name>.common:Lcd_Orientation</name>
         <uninitialized>true</uninitialized>
         <run_address>0x200001bc</run_address>
         <size>0x1</size>
      </object_component>
      <object_component id="oc-138">
         <name>.common:Lcd_ScreenWidth</name>
         <uninitialized>true</uninitialized>
         <run_address>0x200001b6</run_address>
         <size>0x2</size>
      </object_component>
      <object_component id="oc-139">
         <name>.common:Lcd_ScreenHeigth</name>
         <uninitialized>true</uninitialized>
         <run_address>0x200001b4</run_address>
         <size>0x2</size>
      </object_component>
      <object_component id="oc-13a">
         <name>.common:Lcd_PenSolid</name>
         <uninitialized>true</uninitialized>
         <run_address>0x200001bd</run_address>
         <size>0x1</size>
      </object_component>
      <object_component id="oc-13b">
         <name>.common:Lcd_FontSolid</name>
         <uninitialized>true</uninitialized>
         <run_address>0x200001bb</run_address>
         <size>0x1</size>
      </object_component>
      <object_component id="oc-13c">
         <name>.common:Lcd_FlagRead</name>
         <uninitialized>true</uninitialized>
         <run_address>0x200001ba</run_address>
         <size>0x1</size>
      </object_component>
      <object_component id="oc-13d">
         <name>.common:Lcd_TouchTrim</name>
         <uninitialized>true</uninitialized>
         <run_address>0x200001b8</run_address>
         <size>0x2</size>
      </object_component>
      <object_component id="oc-e5">
         <name>.data</name>
         <load_address>0x20000180</load_address>
         <run_address>0x20000180</run_address>
         <size>0x4</size>
         <input_file_ref idref="fl-5"/>
      </object_component>
      <object_component id="oc-176">
         <name>.data:GPIO_PORT_TO_BASE</name>
         <load_address>0x20000130</load_address>
         <run_address>0x20000130</run_address>
         <size>0x30</size>
         <input_file_ref idref="fl-1b"/>
      </object_component>
      <object_component id="oc-a1">
         <name>.data</name>
         <load_address>0x20000168</load_address>
         <run_address>0x20000168</run_address>
         <size>0x8</size>
         <input_file_ref idref="fl-145"/>
      </object_component>
      <object_component id="oc-68">
         <name>.data</name>
         <load_address>0x2000017c</load_address>
         <run_address>0x2000017c</run_address>
         <size>0x4</size>
         <input_file_ref idref="fl-14a"/>
      </object_component>
      <object_component id="oc-9e">
         <name>.data</name>
         <load_address>0x20000160</load_address>
         <run_address>0x20000160</run_address>
         <size>0x8</size>
         <input_file_ref idref="fl-14b"/>
      </object_component>
      <object_component id="oc-2f0">
         <name>.data</name>
         <load_address>0x200000b0</load_address>
         <run_address>0x200000b0</run_address>
         <size>0x80</size>
         <input_file_ref idref="fl-163"/>
      </object_component>
      <object_component id="oc-2fb">
         <name>.data</name>
         <load_address>0x20000178</load_address>
         <run_address>0x20000178</run_address>
         <size>0x4</size>
         <input_file_ref idref="fl-164"/>
      </object_component>
      <object_component id="oc-31f">
         <name>.data</name>
         <load_address>0x20000170</load_address>
         <run_address>0x20000170</run_address>
         <size>0x8</size>
         <input_file_ref idref="fl-165"/>
      </object_component>
      <object_component id="oc-33a">
         <name>.data:sigtable</name>
         <load_address>0x20000000</load_address>
         <run_address>0x20000000</run_address>
         <size>0xb0</size>
         <input_file_ref idref="fl-167"/>
      </object_component>
      <object_component id="oc-db">
         <name>.debug_info</name>
         <load_address>0x0</load_address>
         <run_address>0x0</run_address>
         <size>0xa98</size>
         <input_file_ref idref="fl-2"/>
      </object_component>
      <object_component id="oc-ca">
         <name>.debug_info</name>
         <load_address>0xa98</load_address>
         <run_address>0xa98</run_address>
         <size>0x767</size>
         <input_file_ref idref="fl-2"/>
      </object_component>
      <object_component id="oc-187">
         <name>.debug_info</name>
         <load_address>0x11ff</load_address>
         <run_address>0x11ff</run_address>
         <size>0x103e</size>
         <input_file_ref idref="fl-2"/>
      </object_component>
      <object_component id="oc-f7">
         <name>.debug_info</name>
         <load_address>0x223d</load_address>
         <run_address>0x223d</run_address>
         <size>0x36f2</size>
         <input_file_ref idref="fl-2"/>
      </object_component>
      <object_component id="oc-1ab">
         <name>.debug_info</name>
         <load_address>0x592f</load_address>
         <run_address>0x592f</run_address>
         <size>0x1b5</size>
         <input_file_ref idref="fl-2"/>
      </object_component>
      <object_component id="oc-142">
         <name>.debug_info</name>
         <load_address>0x5ae4</load_address>
         <run_address>0x5ae4</run_address>
         <size>0x40a</size>
         <input_file_ref idref="fl-2"/>
      </object_component>
      <object_component id="oc-ed">
         <name>.debug_info</name>
         <load_address>0x5eee</load_address>
         <run_address>0x5eee</run_address>
         <size>0x8b</size>
         <input_file_ref idref="fl-2"/>
      </object_component>
      <object_component id="oc-f2">
         <name>.debug_info</name>
         <load_address>0x5f79</load_address>
         <run_address>0x5f79</run_address>
         <size>0x18b</size>
         <input_file_ref idref="fl-2"/>
      </object_component>
      <object_component id="oc-1f8">
         <name>.debug_info</name>
         <load_address>0x6104</load_address>
         <run_address>0x6104</run_address>
         <size>0x4e</size>
         <input_file_ref idref="fl-2"/>
      </object_component>
      <object_component id="oc-1d7">
         <name>.debug_info</name>
         <load_address>0x6152</load_address>
         <run_address>0x6152</run_address>
         <size>0x131</size>
         <input_file_ref idref="fl-2"/>
      </object_component>
      <object_component id="oc-dd">
         <name>.debug_info</name>
         <load_address>0x6283</load_address>
         <run_address>0x6283</run_address>
         <size>0x930</size>
         <input_file_ref idref="fl-3"/>
      </object_component>
      <object_component id="oc-73">
         <name>.debug_info</name>
         <load_address>0x6bb3</load_address>
         <run_address>0x6bb3</run_address>
         <size>0x722</size>
         <input_file_ref idref="fl-3"/>
      </object_component>
      <object_component id="oc-7a">
         <name>.debug_info</name>
         <load_address>0x72d5</load_address>
         <run_address>0x72d5</run_address>
         <size>0x14e</size>
         <input_file_ref idref="fl-4"/>
      </object_component>
      <object_component id="oc-28">
         <name>.debug_info</name>
         <load_address>0x7423</load_address>
         <run_address>0x7423</run_address>
         <size>0xf7</size>
         <input_file_ref idref="fl-4"/>
      </object_component>
      <object_component id="oc-6f">
         <name>.debug_info</name>
         <load_address>0x751a</load_address>
         <run_address>0x751a</run_address>
         <size>0x25e</size>
         <input_file_ref idref="fl-4"/>
      </object_component>
      <object_component id="oc-83">
         <name>.debug_info</name>
         <load_address>0x7778</load_address>
         <run_address>0x7778</run_address>
         <size>0x84</size>
         <input_file_ref idref="fl-4"/>
      </object_component>
      <object_component id="oc-e6">
         <name>.debug_info</name>
         <load_address>0x77fc</load_address>
         <run_address>0x77fc</run_address>
         <size>0xf0</size>
         <input_file_ref idref="fl-5"/>
      </object_component>
      <object_component id="oc-ab">
         <name>.debug_info</name>
         <load_address>0x78ec</load_address>
         <run_address>0x78ec</run_address>
         <size>0x262</size>
         <input_file_ref idref="fl-5"/>
      </object_component>
      <object_component id="oc-ea">
         <name>.debug_info</name>
         <load_address>0x7b4e</load_address>
         <run_address>0x7b4e</run_address>
         <size>0x78a</size>
         <input_file_ref idref="fl-6"/>
      </object_component>
      <object_component id="oc-e0">
         <name>.debug_info</name>
         <load_address>0x82d8</load_address>
         <run_address>0x82d8</run_address>
         <size>0x111</size>
         <input_file_ref idref="fl-6"/>
      </object_component>
      <object_component id="oc-13f">
         <name>.debug_info</name>
         <load_address>0x83e9</load_address>
         <run_address>0x83e9</run_address>
         <size>0xf2</size>
         <input_file_ref idref="fl-6"/>
      </object_component>
      <object_component id="oc-bd">
         <name>.debug_info</name>
         <load_address>0x84db</load_address>
         <run_address>0x84db</run_address>
         <size>0x15b2</size>
         <input_file_ref idref="fl-6"/>
      </object_component>
      <object_component id="oc-19a">
         <name>.debug_info</name>
         <load_address>0x9a8d</load_address>
         <run_address>0x9a8d</run_address>
         <size>0x36f2</size>
         <input_file_ref idref="fl-6"/>
      </object_component>
      <object_component id="oc-22f">
         <name>.debug_info</name>
         <load_address>0xd17f</load_address>
         <run_address>0xd17f</run_address>
         <size>0x735</size>
         <input_file_ref idref="fl-7"/>
      </object_component>
      <object_component id="oc-1d4">
         <name>.debug_info</name>
         <load_address>0xd8b4</load_address>
         <run_address>0xd8b4</run_address>
         <size>0x105</size>
         <input_file_ref idref="fl-7"/>
      </object_component>
      <object_component id="oc-12a">
         <name>.debug_info</name>
         <load_address>0xd9b9</load_address>
         <run_address>0xd9b9</run_address>
         <size>0x617</size>
         <input_file_ref idref="fl-7"/>
      </object_component>
      <object_component id="oc-14e">
         <name>.debug_info</name>
         <load_address>0xdfd0</load_address>
         <run_address>0xdfd0</run_address>
         <size>0x35a</size>
         <input_file_ref idref="fl-b"/>
      </object_component>
      <object_component id="oc-c5">
         <name>.debug_info</name>
         <load_address>0xe32a</load_address>
         <run_address>0xe32a</run_address>
         <size>0xf21</size>
         <input_file_ref idref="fl-b"/>
      </object_component>
      <object_component id="oc-1e1">
         <name>.debug_info</name>
         <load_address>0xf24b</load_address>
         <run_address>0xf24b</run_address>
         <size>0x1fa</size>
         <input_file_ref idref="fl-c"/>
      </object_component>
      <object_component id="oc-148">
         <name>.debug_info</name>
         <load_address>0xf445</load_address>
         <run_address>0xf445</run_address>
         <size>0x93e</size>
         <input_file_ref idref="fl-c"/>
      </object_component>
      <object_component id="oc-233">
         <name>.debug_info</name>
         <load_address>0xfd83</load_address>
         <run_address>0xfd83</run_address>
         <size>0x33a</size>
         <input_file_ref idref="fl-f"/>
      </object_component>
      <object_component id="oc-1ea">
         <name>.debug_info</name>
         <load_address>0x100bd</load_address>
         <run_address>0x100bd</run_address>
         <size>0x7ad</size>
         <input_file_ref idref="fl-f"/>
      </object_component>
      <object_component id="oc-1ef">
         <name>.debug_info</name>
         <load_address>0x1086a</load_address>
         <run_address>0x1086a</run_address>
         <size>0x2b9</size>
         <input_file_ref idref="fl-12"/>
      </object_component>
      <object_component id="oc-169">
         <name>.debug_info</name>
         <load_address>0x10b23</load_address>
         <run_address>0x10b23</run_address>
         <size>0xa13</size>
         <input_file_ref idref="fl-12"/>
      </object_component>
      <object_component id="oc-195">
         <name>.debug_info</name>
         <load_address>0x11536</load_address>
         <run_address>0x11536</run_address>
         <size>0x20f</size>
         <input_file_ref idref="fl-13"/>
      </object_component>
      <object_component id="oc-191">
         <name>.debug_info</name>
         <load_address>0x11745</load_address>
         <run_address>0x11745</run_address>
         <size>0x101</size>
         <input_file_ref idref="fl-13"/>
      </object_component>
      <object_component id="oc-e3">
         <name>.debug_info</name>
         <load_address>0x11846</load_address>
         <run_address>0x11846</run_address>
         <size>0xf6</size>
         <input_file_ref idref="fl-13"/>
      </object_component>
      <object_component id="oc-204">
         <name>.debug_info</name>
         <load_address>0x1193c</load_address>
         <run_address>0x1193c</run_address>
         <size>0x4ad</size>
         <input_file_ref idref="fl-19"/>
      </object_component>
      <object_component id="oc-182">
         <name>.debug_info</name>
         <load_address>0x11de9</load_address>
         <run_address>0x11de9</run_address>
         <size>0xb9</size>
         <input_file_ref idref="fl-19"/>
      </object_component>
      <object_component id="oc-17f">
         <name>.debug_info</name>
         <load_address>0x11ea2</load_address>
         <run_address>0x11ea2</run_address>
         <size>0x1d0</size>
         <input_file_ref idref="fl-19"/>
      </object_component>
      <object_component id="oc-d8">
         <name>.debug_info</name>
         <load_address>0x12072</load_address>
         <run_address>0x12072</run_address>
         <size>0x134</size>
         <input_file_ref idref="fl-19"/>
      </object_component>
      <object_component id="oc-1b0">
         <name>.debug_info</name>
         <load_address>0x121a6</load_address>
         <run_address>0x121a6</run_address>
         <size>0x103e</size>
         <input_file_ref idref="fl-19"/>
      </object_component>
      <object_component id="oc-123">
         <name>.debug_info</name>
         <load_address>0x131e4</load_address>
         <run_address>0x131e4</run_address>
         <size>0x5e9</size>
         <input_file_ref idref="fl-1a"/>
      </object_component>
      <object_component id="oc-b3">
         <name>.debug_info</name>
         <load_address>0x137cd</load_address>
         <run_address>0x137cd</run_address>
         <size>0x12c</size>
         <input_file_ref idref="fl-1a"/>
      </object_component>
      <object_component id="oc-b9">
         <name>.debug_info</name>
         <load_address>0x138f9</load_address>
         <run_address>0x138f9</run_address>
         <size>0x1b3</size>
         <input_file_ref idref="fl-1a"/>
      </object_component>
      <object_component id="oc-17a">
         <name>.debug_info</name>
         <load_address>0x13aac</load_address>
         <run_address>0x13aac</run_address>
         <size>0x49e</size>
         <input_file_ref idref="fl-1b"/>
      </object_component>
      <object_component id="oc-177">
         <name>.debug_info</name>
         <load_address>0x13f4a</load_address>
         <run_address>0x13f4a</run_address>
         <size>0xca</size>
         <input_file_ref idref="fl-1b"/>
      </object_component>
      <object_component id="oc-12d">
         <name>.debug_info</name>
         <load_address>0x14014</load_address>
         <run_address>0x14014</run_address>
         <size>0x17d</size>
         <input_file_ref idref="fl-1b"/>
      </object_component>
      <object_component id="oc-133">
         <name>.debug_info</name>
         <load_address>0x14191</load_address>
         <run_address>0x14191</run_address>
         <size>0x17f</size>
         <input_file_ref idref="fl-1b"/>
      </object_component>
      <object_component id="oc-1b6">
         <name>.debug_info</name>
         <load_address>0x14310</load_address>
         <run_address>0x14310</run_address>
         <size>0x1d7</size>
         <input_file_ref idref="fl-1b"/>
      </object_component>
      <object_component id="oc-cf">
         <name>.debug_info</name>
         <load_address>0x144e7</load_address>
         <run_address>0x144e7</run_address>
         <size>0x1d5</size>
         <input_file_ref idref="fl-1b"/>
      </object_component>
      <object_component id="oc-150">
         <name>.debug_info</name>
         <load_address>0x146bc</load_address>
         <run_address>0x146bc</run_address>
         <size>0x196</size>
         <input_file_ref idref="fl-1b"/>
      </object_component>
      <object_component id="oc-156">
         <name>.debug_info</name>
         <load_address>0x14852</load_address>
         <run_address>0x14852</run_address>
         <size>0x1b8</size>
         <input_file_ref idref="fl-1b"/>
      </object_component>
      <object_component id="oc-162">
         <name>.debug_info</name>
         <load_address>0x14a0a</load_address>
         <run_address>0x14a0a</run_address>
         <size>0x179</size>
         <input_file_ref idref="fl-1b"/>
      </object_component>
      <object_component id="oc-15c">
         <name>.debug_info</name>
         <load_address>0x14b83</load_address>
         <run_address>0x14b83</run_address>
         <size>0x182</size>
         <input_file_ref idref="fl-1b"/>
      </object_component>
      <object_component id="oc-211">
         <name>.debug_info</name>
         <load_address>0x14d05</load_address>
         <run_address>0x14d05</run_address>
         <size>0x4ab</size>
         <input_file_ref idref="fl-1d"/>
      </object_component>
      <object_component id="oc-20c">
         <name>.debug_info</name>
         <load_address>0x151b0</load_address>
         <run_address>0x151b0</run_address>
         <size>0x10d</size>
         <input_file_ref idref="fl-1d"/>
      </object_component>
      <object_component id="oc-222">
         <name>.debug_info</name>
         <load_address>0x152bd</load_address>
         <run_address>0x152bd</run_address>
         <size>0x17d</size>
         <input_file_ref idref="fl-1d"/>
      </object_component>
      <object_component id="oc-228">
         <name>.debug_info</name>
         <load_address>0x1543a</load_address>
         <run_address>0x1543a</run_address>
         <size>0x17d</size>
         <input_file_ref idref="fl-1d"/>
      </object_component>
      <object_component id="oc-1cf">
         <name>.debug_info</name>
         <load_address>0x155b7</load_address>
         <run_address>0x155b7</run_address>
         <size>0x1cf</size>
         <input_file_ref idref="fl-1d"/>
      </object_component>
      <object_component id="oc-1bd">
         <name>.debug_info</name>
         <load_address>0x15786</load_address>
         <run_address>0x15786</run_address>
         <size>0x176</size>
         <input_file_ref idref="fl-1d"/>
      </object_component>
      <object_component id="oc-1c9">
         <name>.debug_info</name>
         <load_address>0x158fc</load_address>
         <run_address>0x158fc</run_address>
         <size>0x16d</size>
         <input_file_ref idref="fl-1d"/>
      </object_component>
      <object_component id="oc-214">
         <name>.debug_info</name>
         <load_address>0x15a69</load_address>
         <run_address>0x15a69</run_address>
         <size>0x12f</size>
         <input_file_ref idref="fl-1d"/>
      </object_component>
      <object_component id="oc-21a">
         <name>.debug_info</name>
         <load_address>0x15b98</load_address>
         <run_address>0x15b98</run_address>
         <size>0x12f</size>
         <input_file_ref idref="fl-1d"/>
      </object_component>
      <object_component id="oc-1c3">
         <name>.debug_info</name>
         <load_address>0x15cc7</load_address>
         <run_address>0x15cc7</run_address>
         <size>0x181</size>
         <input_file_ref idref="fl-1d"/>
      </object_component>
      <object_component id="oc-24">
         <name>.debug_info</name>
         <load_address>0x15e48</load_address>
         <run_address>0x15e48</run_address>
         <size>0x134</size>
         <input_file_ref idref="fl-141"/>
      </object_component>
      <object_component id="oc-36">
         <name>.debug_info</name>
         <load_address>0x15f7c</load_address>
         <run_address>0x15f7c</run_address>
         <size>0x121</size>
         <input_file_ref idref="fl-142"/>
      </object_component>
      <object_component id="oc-12">
         <name>.debug_info</name>
         <load_address>0x1609d</load_address>
         <run_address>0x1609d</run_address>
         <size>0x1c0</size>
         <input_file_ref idref="fl-142"/>
      </object_component>
      <object_component id="oc-31">
         <name>.debug_info</name>
         <load_address>0x1625d</load_address>
         <run_address>0x1625d</run_address>
         <size>0x46</size>
         <input_file_ref idref="fl-142"/>
      </object_component>
      <object_component id="oc-7c">
         <name>.debug_info</name>
         <load_address>0x162a3</load_address>
         <run_address>0x162a3</run_address>
         <size>0x2c</size>
         <input_file_ref idref="fl-142"/>
      </object_component>
      <object_component id="oc-3e">
         <name>.debug_info</name>
         <load_address>0x162cf</load_address>
         <run_address>0x162cf</run_address>
         <size>0x115</size>
         <input_file_ref idref="fl-143"/>
      </object_component>
      <object_component id="oc-38">
         <name>.debug_info</name>
         <load_address>0x163e4</load_address>
         <run_address>0x163e4</run_address>
         <size>0x228</size>
         <input_file_ref idref="fl-143"/>
      </object_component>
      <object_component id="oc-17">
         <name>.debug_info</name>
         <load_address>0x1660c</load_address>
         <run_address>0x1660c</run_address>
         <size>0x192</size>
         <input_file_ref idref="fl-143"/>
      </object_component>
      <object_component id="oc-3f">
         <name>.debug_info</name>
         <load_address>0x1679e</load_address>
         <run_address>0x1679e</run_address>
         <size>0x39</size>
         <input_file_ref idref="fl-143"/>
      </object_component>
      <object_component id="oc-8b">
         <name>.debug_info</name>
         <load_address>0x167d7</load_address>
         <run_address>0x167d7</run_address>
         <size>0x2c</size>
         <input_file_ref idref="fl-143"/>
      </object_component>
      <object_component id="oc-4f">
         <name>.debug_info</name>
         <load_address>0x16803</load_address>
         <run_address>0x16803</run_address>
         <size>0x110</size>
         <input_file_ref idref="fl-144"/>
      </object_component>
      <object_component id="oc-1e">
         <name>.debug_info</name>
         <load_address>0x16913</load_address>
         <run_address>0x16913</run_address>
         <size>0x18b</size>
         <input_file_ref idref="fl-144"/>
      </object_component>
      <object_component id="oc-4a">
         <name>.debug_info</name>
         <load_address>0x16a9e</load_address>
         <run_address>0x16a9e</run_address>
         <size>0x46</size>
         <input_file_ref idref="fl-144"/>
      </object_component>
      <object_component id="oc-a5">
         <name>.debug_info</name>
         <load_address>0x16ae4</load_address>
         <run_address>0x16ae4</run_address>
         <size>0x172</size>
         <input_file_ref idref="fl-145"/>
      </object_component>
      <object_component id="oc-a2">
         <name>.debug_info</name>
         <load_address>0x16c56</load_address>
         <run_address>0x16c56</run_address>
         <size>0x117</size>
         <input_file_ref idref="fl-145"/>
      </object_component>
      <object_component id="oc-64">
         <name>.debug_info</name>
         <load_address>0x16d6d</load_address>
         <run_address>0x16d6d</run_address>
         <size>0x1ee</size>
         <input_file_ref idref="fl-145"/>
      </object_component>
      <object_component id="oc-2e">
         <name>.debug_info</name>
         <load_address>0x16f5b</load_address>
         <run_address>0x16f5b</run_address>
         <size>0xf6</size>
         <input_file_ref idref="fl-146"/>
      </object_component>
      <object_component id="oc-46">
         <name>.debug_info</name>
         <load_address>0x17051</load_address>
         <run_address>0x17051</run_address>
         <size>0x124</size>
         <input_file_ref idref="fl-147"/>
      </object_component>
      <object_component id="oc-51">
         <name>.debug_info</name>
         <load_address>0x17175</load_address>
         <run_address>0x17175</run_address>
         <size>0x129</size>
         <input_file_ref idref="fl-148"/>
      </object_component>
      <object_component id="oc-1f7">
         <name>.debug_info</name>
         <load_address>0x1729e</load_address>
         <run_address>0x1729e</run_address>
         <size>0x19c</size>
         <input_file_ref idref="fl-149"/>
      </object_component>
      <object_component id="oc-16e">
         <name>.debug_info</name>
         <load_address>0x1743a</load_address>
         <run_address>0x1743a</run_address>
         <size>0x2c5</size>
         <input_file_ref idref="fl-149"/>
      </object_component>
      <object_component id="oc-295">
         <name>.debug_info</name>
         <load_address>0x176ff</load_address>
         <run_address>0x176ff</run_address>
         <size>0x2c</size>
         <input_file_ref idref="fl-149"/>
      </object_component>
      <object_component id="oc-69">
         <name>.debug_info</name>
         <load_address>0x1772b</load_address>
         <run_address>0x1772b</run_address>
         <size>0xea</size>
         <input_file_ref idref="fl-14a"/>
      </object_component>
      <object_component id="oc-11b">
         <name>.debug_info</name>
         <load_address>0x17815</load_address>
         <run_address>0x17815</run_address>
         <size>0x105</size>
         <input_file_ref idref="fl-14b"/>
      </object_component>
      <object_component id="oc-9f">
         <name>.debug_info</name>
         <load_address>0x1791a</load_address>
         <run_address>0x1791a</run_address>
         <size>0xf4</size>
         <input_file_ref idref="fl-14b"/>
      </object_component>
      <object_component id="oc-117">
         <name>.debug_info</name>
         <load_address>0x17a0e</load_address>
         <run_address>0x17a0e</run_address>
         <size>0x200</size>
         <input_file_ref idref="fl-14b"/>
      </object_component>
      <object_component id="oc-28f">
         <name>.debug_info</name>
         <load_address>0x17c0e</load_address>
         <run_address>0x17c0e</run_address>
         <size>0x338</size>
         <input_file_ref idref="fl-14c"/>
      </object_component>
      <object_component id="oc-1f2">
         <name>.debug_info</name>
         <load_address>0x17f46</load_address>
         <run_address>0x17f46</run_address>
         <size>0x17ea</size>
         <input_file_ref idref="fl-14c"/>
      </object_component>
      <object_component id="oc-290">
         <name>.debug_info</name>
         <load_address>0x19730</load_address>
         <run_address>0x19730</run_address>
         <size>0x86</size>
         <input_file_ref idref="fl-14c"/>
      </object_component>
      <object_component id="oc-2dd">
         <name>.debug_info</name>
         <load_address>0x197b6</load_address>
         <run_address>0x197b6</run_address>
         <size>0x46</size>
         <input_file_ref idref="fl-14c"/>
      </object_component>
      <object_component id="oc-29a">
         <name>.debug_info</name>
         <load_address>0x197fc</load_address>
         <run_address>0x197fc</run_address>
         <size>0x39</size>
         <input_file_ref idref="fl-14c"/>
      </object_component>
      <object_component id="oc-9d">
         <name>.debug_info</name>
         <load_address>0x19835</load_address>
         <run_address>0x19835</run_address>
         <size>0x147</size>
         <input_file_ref idref="fl-14d"/>
      </object_component>
      <object_component id="oc-5e">
         <name>.debug_info</name>
         <load_address>0x1997c</load_address>
         <run_address>0x1997c</run_address>
         <size>0x148</size>
         <input_file_ref idref="fl-14d"/>
      </object_component>
      <object_component id="oc-10e">
         <name>.debug_info</name>
         <load_address>0x19ac4</load_address>
         <run_address>0x19ac4</run_address>
         <size>0x5e</size>
         <input_file_ref idref="fl-14d"/>
      </object_component>
      <object_component id="oc-2da">
         <name>.debug_info</name>
         <load_address>0x19b22</load_address>
         <run_address>0x19b22</run_address>
         <size>0xf5</size>
         <input_file_ref idref="fl-14e"/>
      </object_component>
      <object_component id="oc-289">
         <name>.debug_info</name>
         <load_address>0x19c17</load_address>
         <run_address>0x19c17</run_address>
         <size>0x152</size>
         <input_file_ref idref="fl-14e"/>
      </object_component>
      <object_component id="oc-9b">
         <name>.debug_info</name>
         <load_address>0x19d69</load_address>
         <run_address>0x19d69</run_address>
         <size>0x29e</size>
         <input_file_ref idref="fl-14f"/>
      </object_component>
      <object_component id="oc-58">
         <name>.debug_info</name>
         <load_address>0x1a007</load_address>
         <run_address>0x1a007</run_address>
         <size>0x158</size>
         <input_file_ref idref="fl-14f"/>
      </object_component>
      <object_component id="oc-102">
         <name>.debug_info</name>
         <load_address>0x1a15f</load_address>
         <run_address>0x1a15f</run_address>
         <size>0x39</size>
         <input_file_ref idref="fl-14f"/>
      </object_component>
      <object_component id="oc-107">
         <name>.debug_info</name>
         <load_address>0x1a198</load_address>
         <run_address>0x1a198</run_address>
         <size>0xcd</size>
         <input_file_ref idref="fl-14f"/>
      </object_component>
      <object_component id="oc-ff">
         <name>.debug_info</name>
         <load_address>0x1a265</load_address>
         <run_address>0x1a265</run_address>
         <size>0x1c1</size>
         <input_file_ref idref="fl-150"/>
      </object_component>
      <object_component id="oc-96">
         <name>.debug_info</name>
         <load_address>0x1a426</load_address>
         <run_address>0x1a426</run_address>
         <size>0x164</size>
         <input_file_ref idref="fl-150"/>
      </object_component>
      <object_component id="oc-1a1">
         <name>.debug_info</name>
         <load_address>0x1a58a</load_address>
         <run_address>0x1a58a</run_address>
         <size>0x2c</size>
         <input_file_ref idref="fl-150"/>
      </object_component>
      <object_component id="oc-309">
         <name>.debug_info</name>
         <load_address>0x1a5b6</load_address>
         <run_address>0x1a5b6</run_address>
         <size>0xcf</size>
         <input_file_ref idref="fl-151"/>
      </object_component>
      <object_component id="oc-2d7">
         <name>.debug_info</name>
         <load_address>0x1a685</load_address>
         <run_address>0x1a685</run_address>
         <size>0xdb</size>
         <input_file_ref idref="fl-151"/>
      </object_component>
      <object_component id="oc-266">
         <name>.debug_info</name>
         <load_address>0x1a760</load_address>
         <run_address>0x1a760</run_address>
         <size>0x129</size>
         <input_file_ref idref="fl-152"/>
      </object_component>
      <object_component id="oc-242">
         <name>.debug_info</name>
         <load_address>0x1a889</load_address>
         <run_address>0x1a889</run_address>
         <size>0x105</size>
         <input_file_ref idref="fl-153"/>
      </object_component>
      <object_component id="oc-251">
         <name>.debug_info</name>
         <load_address>0x1a98e</load_address>
         <run_address>0x1a98e</run_address>
         <size>0x107</size>
         <input_file_ref idref="fl-153"/>
      </object_component>
      <object_component id="oc-24c">
         <name>.debug_info</name>
         <load_address>0x1aa95</load_address>
         <run_address>0x1aa95</run_address>
         <size>0x117</size>
         <input_file_ref idref="fl-154"/>
      </object_component>
      <object_component id="oc-247">
         <name>.debug_info</name>
         <load_address>0x1abac</load_address>
         <run_address>0x1abac</run_address>
         <size>0x117</size>
         <input_file_ref idref="fl-155"/>
      </object_component>
      <object_component id="oc-257">
         <name>.debug_info</name>
         <load_address>0x1acc3</load_address>
         <run_address>0x1acc3</run_address>
         <size>0x10b</size>
         <input_file_ref idref="fl-156"/>
      </object_component>
      <object_component id="oc-2c1">
         <name>.debug_info</name>
         <load_address>0x1adce</load_address>
         <run_address>0x1adce</run_address>
         <size>0xfe</size>
         <input_file_ref idref="fl-157"/>
      </object_component>
      <object_component id="oc-26c">
         <name>.debug_info</name>
         <load_address>0x1aecc</load_address>
         <run_address>0x1aecc</run_address>
         <size>0x16e</size>
         <input_file_ref idref="fl-157"/>
      </object_component>
      <object_component id="oc-263">
         <name>.debug_info</name>
         <load_address>0x1b03a</load_address>
         <run_address>0x1b03a</run_address>
         <size>0x109</size>
         <input_file_ref idref="fl-158"/>
      </object_component>
      <object_component id="oc-2cf">
         <name>.debug_info</name>
         <load_address>0x1b143</load_address>
         <run_address>0x1b143</run_address>
         <size>0x142</size>
         <input_file_ref idref="fl-159"/>
      </object_component>
      <object_component id="oc-272">
         <name>.debug_info</name>
         <load_address>0x1b285</load_address>
         <run_address>0x1b285</run_address>
         <size>0x165</size>
         <input_file_ref idref="fl-159"/>
      </object_component>
      <object_component id="oc-2b7">
         <name>.debug_info</name>
         <load_address>0x1b3ea</load_address>
         <run_address>0x1b3ea</run_address>
         <size>0x12d</size>
         <input_file_ref idref="fl-15a"/>
      </object_component>
      <object_component id="oc-25e">
         <name>.debug_info</name>
         <load_address>0x1b517</load_address>
         <run_address>0x1b517</run_address>
         <size>0x1a3</size>
         <input_file_ref idref="fl-15a"/>
      </object_component>
      <object_component id="oc-2d5">
         <name>.debug_info</name>
         <load_address>0x1b6ba</load_address>
         <run_address>0x1b6ba</run_address>
         <size>0xd2</size>
         <input_file_ref idref="fl-15b"/>
      </object_component>
      <object_component id="oc-285">
         <name>.debug_info</name>
         <load_address>0x1b78c</load_address>
         <run_address>0x1b78c</run_address>
         <size>0x18c</size>
         <input_file_ref idref="fl-15b"/>
      </object_component>
      <object_component id="oc-2d1">
         <name>.debug_info</name>
         <load_address>0x1b918</load_address>
         <run_address>0x1b918</run_address>
         <size>0xd6</size>
         <input_file_ref idref="fl-15c"/>
      </object_component>
      <object_component id="oc-277">
         <name>.debug_info</name>
         <load_address>0x1b9ee</load_address>
         <run_address>0x1b9ee</run_address>
         <size>0x211</size>
         <input_file_ref idref="fl-15c"/>
      </object_component>
      <object_component id="oc-2b0">
         <name>.debug_info</name>
         <load_address>0x1bbff</load_address>
         <run_address>0x1bbff</run_address>
         <size>0xcb</size>
         <input_file_ref idref="fl-15d"/>
      </object_component>
      <object_component id="oc-23c">
         <name>.debug_info</name>
         <load_address>0x1bcca</load_address>
         <run_address>0x1bcca</run_address>
         <size>0x1f7</size>
         <input_file_ref idref="fl-15d"/>
      </object_component>
      <object_component id="oc-237">
         <name>.debug_info</name>
         <load_address>0x1bec1</load_address>
         <run_address>0x1bec1</run_address>
         <size>0x162</size>
         <input_file_ref idref="fl-15e"/>
      </object_component>
      <object_component id="oc-2d3">
         <name>.debug_info</name>
         <load_address>0x1c023</load_address>
         <run_address>0x1c023</run_address>
         <size>0xf3</size>
         <input_file_ref idref="fl-15f"/>
      </object_component>
      <object_component id="oc-27d">
         <name>.debug_info</name>
         <load_address>0x1c116</load_address>
         <run_address>0x1c116</run_address>
         <size>0x13a</size>
         <input_file_ref idref="fl-15f"/>
      </object_component>
      <object_component id="oc-2f4">
         <name>.debug_info</name>
         <load_address>0x1c250</load_address>
         <run_address>0x1c250</run_address>
         <size>0x111</size>
         <input_file_ref idref="fl-160"/>
      </object_component>
      <object_component id="oc-2c3">
         <name>.debug_info</name>
         <load_address>0x1c361</load_address>
         <run_address>0x1c361</run_address>
         <size>0x192</size>
         <input_file_ref idref="fl-160"/>
      </object_component>
      <object_component id="oc-312">
         <name>.debug_info</name>
         <load_address>0x1c4f3</load_address>
         <run_address>0x1c4f3</run_address>
         <size>0x86</size>
         <input_file_ref idref="fl-160"/>
      </object_component>
      <object_component id="oc-2ed">
         <name>.debug_info</name>
         <load_address>0x1c579</load_address>
         <run_address>0x1c579</run_address>
         <size>0xfb</size>
         <input_file_ref idref="fl-161"/>
      </object_component>
      <object_component id="oc-2bb">
         <name>.debug_info</name>
         <load_address>0x1c674</load_address>
         <run_address>0x1c674</run_address>
         <size>0x173</size>
         <input_file_ref idref="fl-161"/>
      </object_component>
      <object_component id="oc-2ca">
         <name>.debug_info</name>
         <load_address>0x1c7e7</load_address>
         <run_address>0x1c7e7</run_address>
         <size>0x153</size>
         <input_file_ref idref="fl-162"/>
      </object_component>
      <object_component id="oc-2f1">
         <name>.debug_info</name>
         <load_address>0x1c93a</load_address>
         <run_address>0x1c93a</run_address>
         <size>0x1b5</size>
         <input_file_ref idref="fl-163"/>
      </object_component>
      <object_component id="oc-2fc">
         <name>.debug_info</name>
         <load_address>0x1caef</load_address>
         <run_address>0x1caef</run_address>
         <size>0xd6</size>
         <input_file_ref idref="fl-164"/>
      </object_component>
      <object_component id="oc-338">
         <name>.debug_info</name>
         <load_address>0x1cbc5</load_address>
         <run_address>0x1cbc5</run_address>
         <size>0x13e</size>
         <input_file_ref idref="fl-165"/>
      </object_component>
      <object_component id="oc-320">
         <name>.debug_info</name>
         <load_address>0x1cd03</load_address>
         <run_address>0x1cd03</run_address>
         <size>0x10e</size>
         <input_file_ref idref="fl-165"/>
      </object_component>
      <object_component id="oc-2f8">
         <name>.debug_info</name>
         <load_address>0x1ce11</load_address>
         <run_address>0x1ce11</run_address>
         <size>0x16f</size>
         <input_file_ref idref="fl-165"/>
      </object_component>
      <object_component id="oc-333">
         <name>.debug_info</name>
         <load_address>0x1cf80</load_address>
         <run_address>0x1cf80</run_address>
         <size>0x6f</size>
         <input_file_ref idref="fl-165"/>
      </object_component>
      <object_component id="oc-330">
         <name>.debug_info</name>
         <load_address>0x1cfef</load_address>
         <run_address>0x1cfef</run_address>
         <size>0xfd</size>
         <input_file_ref idref="fl-166"/>
      </object_component>
      <object_component id="oc-31a">
         <name>.debug_info</name>
         <load_address>0x1d0ec</load_address>
         <run_address>0x1d0ec</run_address>
         <size>0x154</size>
         <input_file_ref idref="fl-166"/>
      </object_component>
      <object_component id="oc-341">
         <name>.debug_info</name>
         <load_address>0x1d240</load_address>
         <run_address>0x1d240</run_address>
         <size>0x2c</size>
         <input_file_ref idref="fl-166"/>
      </object_component>
      <object_component id="oc-33e">
         <name>.debug_info</name>
         <load_address>0x1d26c</load_address>
         <run_address>0x1d26c</run_address>
         <size>0x11d</size>
         <input_file_ref idref="fl-167"/>
      </object_component>
      <object_component id="oc-33b">
         <name>.debug_info</name>
         <load_address>0x1d389</load_address>
         <run_address>0x1d389</run_address>
         <size>0xdb</size>
         <input_file_ref idref="fl-167"/>
      </object_component>
      <object_component id="oc-32c">
         <name>.debug_info</name>
         <load_address>0x1d464</load_address>
         <run_address>0x1d464</run_address>
         <size>0x16a</size>
         <input_file_ref idref="fl-167"/>
      </object_component>
      <object_component id="oc-30d">
         <name>.debug_info</name>
         <load_address>0x1d5ce</load_address>
         <run_address>0x1d5ce</run_address>
         <size>0xc6</size>
         <input_file_ref idref="fl-168"/>
      </object_component>
      <object_component id="oc-2e7">
         <name>.debug_info</name>
         <load_address>0x1d694</load_address>
         <run_address>0x1d694</run_address>
         <size>0x14d</size>
         <input_file_ref idref="fl-168"/>
      </object_component>
      <object_component id="oc-373">
         <name>.debug_info</name>
         <load_address>0x1d7e1</load_address>
         <run_address>0x1d7e1</run_address>
         <size>0xaa</size>
      </object_component>
      <object_component id="oc-186">
         <name>.debug_line</name>
         <load_address>0x0</load_address>
         <run_address>0x0</run_address>
         <size>0x1ca</size>
         <input_file_ref idref="fl-2"/>
      </object_component>
      <object_component id="oc-c9">
         <name>.debug_line</name>
         <load_address>0x1ca</load_address>
         <run_address>0x1ca</run_address>
[...]
         <value>0x2db9</value>
         <object_component_ref idref="oc-c2"/>
      </symbol>
      <symbol id="sm-1d9">
         <name>Graphics_getWidthOfDisplay</name>
         <value>0x2e51</value>
         <object_component_ref idref="oc-c2"/>
      </symbol>
      <symbol id="sm-1da">
         <name>Graphics_getFontHeight</name>
         <value>0x2d8d</value>
         <object_component_ref idref="oc-c2"/>
      </symbol>
      <symbol id="sm-1db">
         <name>Graphics_getHeightOfDisplay</name>
         <value>0x2dc9</value>
         <object_component_ref idref="oc-c2"/>
      </symbol>
      <symbol id="sm-1dc">
         <name>Graphics_setBackgroundColor</name>
         <value>0x2d0d</value>
         <object_component_ref idref="oc-c2"/>
      </symbol>
      <symbol id="sm-1dd">
         <name>Graphics_setFont</name>
         <value>0x2d3d</value>
         <object_component_ref idref="oc-c2"/>
      </symbol>
      <symbol id="sm-1de">
         <name>Graphics_initContext</name>
         <value>0x2bf9</value>
         <object_component_ref idref="oc-c2"/>
      </symbol>
      <symbol id="sm-1df">
         <name>Graphics_drawPixel</name>
         <value>0x2df7</value>
         <object_component_ref idref="oc-c2"/>
      </symbol>
      <symbol id="sm-1e0">
         <name>Graphics_getFontBaseline</name>
         <value>0x2d57</value>
         <object_component_ref idref="oc-c2"/>
      </symbol>
      <symbol id="sm-1e1">
         <name>Graphics_setForegroundColor</name>
         <value>0x2d65</value>
         <object_component_ref idref="oc-c2"/>
      </symbol>
      <symbol id="sm-1e2">
         <name>Graphics_setBackgroundColorTranslated</name>
         <value>0x2d27</value>
         <object_component_ref idref="oc-c2"/>
      </symbol>
      <symbol id="sm-1e3">
         <name>Graphics_flushBuffer</name>
         <value>0x2dd7</value>
         <object_component_ref idref="oc-c2"/>
      </symbol>
      <symbol id="sm-1e4">
         <name>Graphics_clearDisplay</name>
         <value>0x2de5</value>
         <object_component_ref idref="oc-c2"/>
      </symbol>
      <symbol id="sm-1e5">
         <name>Graphics_setClipRegion</name>
         <value>0x2c43</value>
         <object_component_ref idref="oc-c2"/>
      </symbol>
      <symbol id="sm-1f9">
         <name>Graphics_clearDisplayOnDisplay</name>
         <value>0x35af</value>
         <object_component_ref idref="oc-147"/>
      </symbol>
      <symbol id="sm-1fa">
         <name>Graphics_flushOnDisplay</name>
         <value>0x359d</value>
         <object_component_ref idref="oc-147"/>
      </symbol>
      <symbol id="sm-1fb">
         <name>Graphics_drawPixelOnDisplay</name>
         <value>0x3493</value>
         <object_component_ref idref="oc-147"/>
      </symbol>
      <symbol id="sm-1fc">
         <name>Graphics_translateColorOnDisplay</name>
         <value>0x3587</value>
         <object_component_ref idref="oc-147"/>
      </symbol>
      <symbol id="sm-1fd">
         <name>Graphics_drawHorizontalLineOnDisplay</name>
         <value>0x3501</value>
         <object_component_ref idref="oc-147"/>
      </symbol>
      <symbol id="sm-1fe">
         <name>Graphics_drawVerticalLineOnDisplay</name>
         <value>0x3535</value>
         <object_component_ref idref="oc-147"/>
      </symbol>
      <symbol id="sm-1ff">
         <name>Graphics_drawMultiplePixelsOnDisplay</name>
         <value>0x34bd</value>
         <object_component_ref idref="oc-147"/>
      </symbol>
      <symbol id="sm-200">
         <name>Graphics_fillRectangleOnDisplay</name>
         <value>0x3569</value>
         <object_component_ref idref="oc-147"/>
      </symbol>
      <symbol id="sm-243">
         <name>Graphics_drawLineH</name>
         <value>0x1ea5</value>
         <object_component_ref idref="oc-1e8"/>
      </symbol>
      <symbol id="sm-244">
         <name>Graphics_drawLineV</name>
         <value>0x1f41</value>
         <object_component_ref idref="oc-1e8"/>
      </symbol>
      <symbol id="sm-245">
         <name>Graphics_drawLine</name>
         <value>0x21c1</value>
         <object_component_ref idref="oc-1e8"/>
      </symbol>
      <symbol id="sm-28d">
         <name>Graphics_drawStringCentered</name>
         <value>0x1e3d</value>
         <object_component_ref idref="oc-167"/>
      </symbol>
      <symbol id="sm-28e">
         <name>Graphics_getStringMaxWidth</name>
         <value>0x1e95</value>
         <object_component_ref idref="oc-167"/>
      </symbol>
      <symbol id="sm-28f">
         <name>Graphics_getStringHeight</name>
         <value>0x1e85</value>
         <object_component_ref idref="oc-167"/>
      </symbol>
      <symbol id="sm-290">
         <name>Graphics_drawString</name>
         <value>0x19af</value>
         <object_component_ref idref="oc-167"/>
      </symbol>
      <symbol id="sm-291">
         <name>Graphics_getStringBaseline</name>
         <value>0x1e2d</value>
         <object_component_ref idref="oc-167"/>
      </symbol>
      <symbol id="sm-292">
         <name>Graphics_getStringWidth</name>
         <value>0x18b5</value>
         <object_component_ref idref="oc-167"/>
      </symbol>
      <symbol id="sm-2a4">
         <name>g_sFontFixed6x8</name>
         <value>0x48a8</value>
         <object_component_ref idref="oc-e2"/>
      </symbol>
      <symbol id="sm-2ee">
         <name>ADC14_getResult</name>
         <value>0x4385</value>
         <object_component_ref idref="oc-d4"/>
      </symbol>
      <symbol id="sm-31e">
         <name>CS_setDCOCenteredFrequency</name>
         <value>0x42e5</value>
         <object_component_ref idref="oc-b0"/>
      </symbol>
      <symbol id="sm-31f">
         <name>CS_initClockSignal</name>
         <value>0x37d5</value>
         <object_component_ref idref="oc-b6"/>
      </symbol>
      <symbol id="sm-385">
         <name>GPIO_setOutputHighOnPin</name>
         <value>0x4411</value>
         <object_component_ref idref="oc-132"/>
      </symbol>
      <symbol id="sm-386">
         <name>GPIO_setAsInputPinWithPullUpResistor</name>
         <value>0x419d</value>
         <object_component_ref idref="oc-155"/>
      </symbol>
      <symbol id="sm-387">
         <name>GPIO_enableInterrupt</name>
         <value>0x43fd</value>
         <object_component_ref idref="oc-161"/>
      </symbol>
      <symbol id="sm-388">
         <name>GPIO_setAsOutputPin</name>
         <value>0x4309</value>
         <object_component_ref idref="oc-14f"/>
      </symbol>
      <symbol id="sm-389">
         <name>GPIO_setOutputLowOnPin</name>
         <value>0x43b5</value>
         <object_component_ref idref="oc-12c"/>
      </symbol>
      <symbol id="sm-38a">
         <name>GPIO_clearInterruptFlag</name>
         <value>0x439d</value>
         <object_component_ref idref="oc-15b"/>
      </symbol>
      <symbol id="sm-38b">
         <name>GPIO_setAsPeripheralModuleFunctionOutputPin</name>
         <value>0x3f71</value>
         <object_component_ref idref="oc-1b5"/>
      </symbol>
      <symbol id="sm-38c">
         <name>GPIO_setAsPeripheralModuleFunctionInputPin</name>
         <value>0x4055</value>
         <object_component_ref idref="oc-ce"/>
      </symbol>
      <symbol id="sm-3e5">
         <name>EUSCI_B_SPI_getInterruptStatus</name>
         <value>0x4491</value>
         <object_component_ref idref="oc-1c7"/>
      </symbol>
      <symbol id="sm-3e6">
         <name>EUSCI_B_SPI_enable</name>
         <value>0x4479</value>
         <object_component_ref idref="oc-212"/>
      </symbol>
      <symbol id="sm-3e7">
         <name>SPI_enableModule</name>
         <value>0x4369</value>
         <object_component_ref idref="oc-1c1"/>
      </symbol>
      <symbol id="sm-3e8">
         <name>EUSCI_A_SPI_transmitData</name>
         <value>0x449f</value>
         <object_component_ref idref="oc-226"/>
      </symbol>
      <symbol id="sm-3e9">
         <name>EUSCI_B_SPI_transmitData</name>
         <value>0x44a3</value>
         <object_component_ref idref="oc-220"/>
      </symbol>
      <symbol id="sm-3ea">
         <name>SPI_transmitData</name>
         <value>0x432d</value>
         <object_component_ref idref="oc-1cd"/>
      </symbol>
      <symbol id="sm-3eb">
         <name>EUSCI_A_SPI_enable</name>
         <value>0x446d</value>
         <object_component_ref idref="oc-218"/>
      </symbol>
      <symbol id="sm-3ec">
         <name>SPI_initMaster</name>
         <value>0x3acd</value>
         <object_component_ref idref="oc-1bb"/>
      </symbol>
      <symbol id="sm-400">
         <name>_c_int00</name>
         <value>0x3f21</value>
         <object_component_ref idref="oc-22"/>
      </symbol>
      <symbol id="sm-401">
         <name>__stack</name>
         <value>0x2000fe00</value>
         <object_component_ref idref="oc-2a"/>
      </symbol>
      <symbol id="sm-418">
         <name>__TI_decompress_none</name>
         <value>0x445f</value>
         <object_component_ref idref="oc-10"/>
      </symbol>
      <symbol id="sm-440">
         <name>__TI_decompress_rle24</name>
         <value>0x4499</value>
         <object_component_ref idref="oc-16"/>
      </symbol>
      <symbol id="sm-452">
         <name>__TI_zero_init</name>
         <value>0x4485</value>
         <object_component_ref idref="oc-1c"/>
      </symbol>
      <symbol id="sm-471">
         <name>C$$EXIT</name>
         <value>0x40e5</value>
         <object_component_ref idref="oc-62"/>
      </symbol>
      <symbol id="sm-472">
         <name>abort</name>
         <value>0x40e9</value>
         <object_component_ref idref="oc-62"/>
      </symbol>
      <symbol id="sm-473">
         <name>exit</name>
         <value>0x40f1</value>
         <object_component_ref idref="oc-62"/>
      </symbol>
      <symbol id="sm-474">
         <name>__TI_dtors_ptr</name>
         <value>0x2000016c</value>
         <object_component_ref idref="oc-a1"/>
      </symbol>
      <symbol id="sm-475">
         <name>__TI_cleanup_ptr</name>
         <value>0x20000168</value>
         <object_component_ref idref="oc-a1"/>
      </symbol>
      <symbol id="sm-490">
         <name>memcpy</name>
         <value>0x3a31</value>
         <object_component_ref idref="oc-2b"/>
      </symbol>
      <symbol id="sm-491">
         <name>__aeabi_memcpy</name>
         <value>0x3a31</value>
         <object_component_ref idref="oc-2b"/>
      </symbol>
      <symbol id="sm-492">
         <name>__aeabi_memcpy8</name>
         <value>0x3a31</value>
         <object_component_ref idref="oc-2b"/>
      </symbol>
      <symbol id="sm-493">
         <name>__aeabi_memcpy4</name>
         <value>0x3a31</value>
         <object_component_ref idref="oc-2b"/>
      </symbol>
      <symbol id="sm-4a2">
         <name>__aeabi_memset</name>
         <value>0x3c63</value>
         <object_component_ref idref="oc-44"/>
      </symbol>
      <symbol id="sm-4a3">
         <name>memset</name>
         <value>0x3c69</value>
         <object_component_ref idref="oc-44"/>
      </symbol>
      <symbol id="sm-4a4">
         <name>__aeabi_memset8</name>
         <value>0x3c63</value>
         <object_component_ref idref="oc-44"/>
      </symbol>
      <symbol id="sm-4a5">
         <name>__aeabi_memset4</name>
         <value>0x3c63</value>
         <object_component_ref idref="oc-44"/>
      </symbol>
      <symbol id="sm-4a6">
         <name>__aeabi_memclr8</name>
         <value>0x3c61</value>
         <object_component_ref idref="oc-44"/>
      </symbol>
      <symbol id="sm-4a7">
         <name>__aeabi_memclr4</name>
         <value>0x3c61</value>
         <object_component_ref idref="oc-44"/>
      </symbol>
      <symbol id="sm-4a8">
         <name>__aeabi_memclr</name>
         <value>0x3c61</value>
         <object_component_ref idref="oc-44"/>
      </symbol>
      <symbol id="sm-4b2">
         <name>_system_pre_init</name>
         <value>0x44a7</value>
         <object_component_ref idref="oc-50"/>
      </symbol>
      <symbol id="sm-4cb">
         <name>sprintf</name>
         <value>0x3e19</value>
         <object_component_ref idref="oc-16d"/>
      </symbol>
      <symbol id="sm-4d3">
         <name>main_func_sp</name>
         <value>0x2000017c</value>
         <object_component_ref idref="oc-68"/>
      </symbol>
      <symbol id="sm-4ec">
         <name>_nop</name>
         <value>0x4433</value>
         <object_component_ref idref="oc-113"/>
      </symbol>
      <symbol id="sm-4ed">
         <name>_lock</name>
         <value>0x20000160</value>
         <object_component_ref idref="oc-9e"/>
      </symbol>
      <symbol id="sm-4ee">
         <name>_unlock</name>
         <value>0x20000164</value>
         <object_component_ref idref="oc-9e"/>
      </symbol>
      <symbol id="sm-4ef">
         <name>_register_lock</name>
         <value>0x442b</value>
         <object_component_ref idref="oc-113"/>
      </symbol>
      <symbol id="sm-4f0">
         <name>_register_unlock</name>
         <value>0x4425</value>
         <object_component_ref idref="oc-113"/>
      </symbol>
      <symbol id="sm-5f5">
         <name>__TI_printfi</name>
         <value>0xef5</value>
         <object_component_ref idref="oc-1f0"/>
      </symbol>
      <symbol id="sm-60a">
         <name>_args_main</name>
         <value>0x43cd</value>
         <object_component_ref idref="oc-5c"/>
      </symbol>
      <symbol id="sm-620">
         <name>atoi</name>
         <value>0x3fbd</value>
         <object_component_ref idref="oc-288"/>
      </symbol>
      <symbol id="sm-646">
         <name>__TI_auto_init</name>
         <value>0x3cdd</value>
         <object_component_ref idref="oc-56"/>
      </symbol>
      <symbol id="sm-660">
         <name>copy_in</name>
         <value>0x4009</value>
         <object_component_ref idref="oc-94"/>
      </symbol>
      <symbol id="sm-66b">
         <name>_ctypes_</name>
         <value>0x47a4</value>
         <object_component_ref idref="oc-2d6"/>
      </symbol>
      <symbol id="sm-68f">
         <name>__aeabi_dsub</name>
         <value>0x3053</value>
         <object_component_ref idref="oc-265"/>
      </symbol>
      <symbol id="sm-690">
         <name>__aeabi_dadd</name>
         <value>0x305d</value>
         <object_component_ref idref="oc-265"/>
      </symbol>
      <symbol id="sm-6b7">
         <name>__aeabi_cdcmpeq</name>
         <value>0x3b55</value>
         <object_component_ref idref="oc-241"/>
      </symbol>
      <symbol id="sm-6b8">
         <name>__aeabi_cdcmple</name>
         <value>0x3b55</value>
         <object_component_ref idref="oc-241"/>
      </symbol>
      <symbol id="sm-6b9">
         <name>__aeabi_cdrcmple</name>
         <value>0x3bdb</value>
         <object_component_ref idref="oc-250"/>
      </symbol>
      <symbol id="sm-6d9">
         <name>__aeabi_ddiv</name>
         <value>0x335d</value>
         <object_component_ref idref="oc-24b"/>
      </symbol>
      <symbol id="sm-6f0">
         <name>__aeabi_dmul</name>
         <value>0x36d9</value>
         <object_component_ref idref="oc-246"/>
      </symbol>
      <symbol id="sm-6fe">
         <name>__aeabi_d2iz</name>
         <value>0x409d</value>
         <object_component_ref idref="oc-255"/>
      </symbol>
      <symbol id="sm-70b">
         <name>frexp</name>
         <value>0x42b9</value>
         <object_component_ref idref="oc-26a"/>
      </symbol>
      <symbol id="sm-717">
         <name>__aeabi_i2d</name>
         <value>0x425d</value>
         <object_component_ref idref="oc-260"/>
      </symbol>
      <symbol id="sm-728">
         <name>ldexp</name>
         <value>0x3ecf</value>
         <object_component_ref idref="oc-270"/>
      </symbol>
      <symbol id="sm-737">
         <name>ltoa</name>
         <value>0x3e79</value>
         <object_component_ref idref="oc-25a"/>
      </symbol>
      <symbol id="sm-747">
         <name>memccpy</name>
         <value>0x434d</value>
         <object_component_ref idref="oc-282"/>
      </symbol>
      <symbol id="sm-757">
         <name>strchr</name>
         <value>0x43e5</value>
         <object_component_ref idref="oc-276"/>
      </symbol>
      <symbol id="sm-765">
         <name>strlen</name>
         <value>0x4439</value>
         <object_component_ref idref="oc-23b"/>
      </symbol>
      <symbol id="sm-78f">
         <name>__aeabi_uldivmod</name>
         <value>0x2e5f</value>
         <object_component_ref idref="oc-236"/>
      </symbol>
      <symbol id="sm-79d">
         <name>_Dclass</name>
         <value>0x41fd</value>
         <object_component_ref idref="oc-27c"/>
      </symbol>
      <symbol id="sm-7be">
         <name>_Dscale</name>
         <value>0x35c9</value>
         <object_component_ref idref="oc-2c2"/>
      </symbol>
      <symbol id="sm-7d2">
         <name>_Dunscale</name>
         <value>0x3db3</value>
         <object_component_ref idref="oc-2ba"/>
      </symbol>
      <symbol id="sm-7e1">
         <name>_Feraise</name>
         <value>0x422d</value>
         <object_component_ref idref="oc-2c8"/>
      </symbol>
      <symbol id="sm-7f1">
         <name>_Rteps</name>
         <value>0x20000110</value>
         <object_component_ref idref="oc-2f0"/>
      </symbol>
      <symbol id="sm-7f2">
         <name>_Zero</name>
         <value>0x20000128</value>
         <object_component_ref idref="oc-2f0"/>
      </symbol>
      <symbol id="sm-7f3">
         <name>_Hugeval</name>
         <value>0x200000d0</value>
         <object_component_ref idref="oc-2f0"/>
      </symbol>
      <symbol id="sm-7f4">
         <name>_Snan</name>
         <value>0x20000100</value>
         <object_component_ref idref="oc-2f0"/>
      </symbol>
      <symbol id="sm-7f5">
         <name>_Nan</name>
         <value>0x200000f0</value>
         <object_component_ref idref="oc-2f0"/>
      </symbol>
      <symbol id="sm-7f6">
         <name>_Inf</name>
         <value>0x200000e0</value>
         <object_component_ref idref="oc-2f0"/>
      </symbol>
      <symbol id="sm-7f7">
         <name>_Xbig</name>
         <value>0x20000120</value>
         <object_component_ref idref="oc-2f0"/>
      </symbol>
      <symbol id="sm-7f8">
         <name>_Eps</name>
         <value>0x200000c0</value>
         <object_component_ref idref="oc-2f0"/>
      </symbol>
      <symbol id="sm-7f9">
         <name>_Denorm</name>
         <value>0x200000b0</value>
         <object_component_ref idref="oc-2f0"/>
      </symbol>
      <symbol id="sm-801">
         <name>_Errno</name>
         <value>0x20000178</value>
         <object_component_ref idref="oc-2fb"/>
      </symbol>
      <symbol id="sm-81f">
         <name>feraiseexcept</name>
         <value>0x4169</value>
         <object_component_ref idref="oc-2f5"/>
      </symbol>
      <symbol id="sm-820">
         <name>_Tls_setup__Fenv</name>
         <value>0x20000174</value>
         <object_component_ref idref="oc-31f"/>
      </symbol>
      <symbol id="sm-821">
         <name>_Fenv</name>
         <value>0x20000170</value>
         <object_component_ref idref="oc-31f"/>
      </symbol>
      <symbol id="sm-835">
         <name>raise</name>
         <value>0x428b</value>
         <object_component_ref idref="oc-319"/>
      </symbol>
      <symbol id="sm-84f">
         <name>signal</name>
         <value>0x4129</value>
         <object_component_ref idref="oc-329"/>
      </symbol>
      <symbol id="sm-864">
         <name>_Dnorm</name>
         <value>0x38b5</value>
         <object_component_ref idref="oc-2e6"/>
      </symbol>
      <symbol id="sm-865">
         <name>__TI_static_base__</name>
         <value>0x0</value>
      </symbol>
      <symbol id="sm-868">
         <name>SHT$$INIT_ARRAY$$Limit</name>
         <value>0x0</value>
      </symbol>
      <symbol id="sm-869">
         <name>SHT$$INIT_ARRAY$$Base</name>
         <value>0x0</value>
      </symbol>
   </symbol_table>
   <title>Link successful</title>
</link_info>
