******************************************************************************
                  TI ARM Linker PC v5.2.5                      
******************************************************************************
>> Linked Thu Apr 14 22:53:18 2016

OUTPUT FILE NAME:   <ChallengeAssignmentThree.out>
ENTRY POINT SYMBOL: "_c_int00"  address: 00004269


MEMORY CONFIGURATION

         name            origin    length      used     unused   attr    fill
----------------------  --------  ---------  --------  --------  ----  --------
  MAIN                  00000000   00040000  000083cf  00037c31  R  X
  INFO                  00200000   00004000  00000000  00004000  R  X
  SRAM_CODE             01000000   00010000  00000000  00010000  RW X
  SRAM_DATA             20000000   00010000  00001541  0000eabf  RW  


SEGMENT ALLOCATION MAP

run origin  load origin   length   init length attrs members
----------  ----------- ---------- ----------- ----- -------
00000000    00000000    000083d8   000083d8    r-x
  00000000    00000000    0000003c   0000003c    r-- .resetVecs
  00000040    00000040    0000615a   0000615a    r-x .text
  0000619c    0000619c    00001de1   00001de1    r-- .const
  00007f80    00007f80    00000458   00000458    r-- .cinit
20000000    20000000    00001241   00000000    rw-
  20000000    20000000    00000140   00000000    rw- .vecs
  20000140    20000140    00000b68   00000000    rw- .bss
  20000ca8    20000ca8    00000599   00000000    rw- .data
2000fd00    2000fd00    00000300   00000000    rw-
  2000fd00    2000fd00    00000300   00000000    rw- .stack


SECTION ALLOCATION MAP

 output                                  attributes/
section   page    origin      length       input sections
--------  ----  ----------  ----------   ----------------
.text      0    00000040    0000615a     
                  00000040    00000430     sysbios.aem4f : BIOS.obj (.text:ti_sysbios_family_arm_m3_Hwi_excDumpRegs__I)
                  00000470    0000034c     ti.targets.arm.rtsarm.aem4f : System.oem4f (.text:xdc_runtime_System_doPrint__I)
                  000007bc    000002d4     rtsv7M4_T_le_v4SPD16_eabi.lib : trgdrv.obj (.text)
                  00000a90    000002ac     sysbios.aem4f : BIOS.obj (.text:ti_sysbios_knl_Semaphore_pend__E)
                  00000d3c    00000004     msp432p4xx_driverlib.lib : cpu.o (.text:CPU_wfi)
                  00000d40    00000254     sysbios.aem4f : BIOS.obj (.text:ti_sysbios_heaps_HeapMem_free__E)
                  00000f94    00000004     tirtosport.aem4f : HwiP_tirtos.oem4f (.text:HwiP_disable)
                  00000f98    00000248     sysbios.aem4f : BIOS.obj (.text:ti_sysbios_heaps_HeapMem_alloc__E)
                  000011e0    0000022c                   : BIOS.obj (.text:ti_sysbios_knl_Task_Instance_finalize__E)
                  0000140c    00000004     drivers_MSP432P401R.aem4f : List.oem4f (.text:List_head)
                  00001410    000001fc     sysbios.aem4f : BIOS.obj (.text:ti_sysbios_family_arm_m3_Hwi_excHandlerMax__I)
                  0000160c    00000004     drivers_MSP432P401R.aem4f : List.oem4f (.text:List_next)
                  00001610    000001c8     sysbios.aem4f : BIOS.obj (.text:ti_sysbios_knl_Task_Instance_init__E)
                  000017d8    000001b8                   : BIOS.obj (.text:ti_sysbios_knl_Task_sleep__E)
                  00001990    000001a0     msp432p4xx_driverlib.lib : pcm.o (.text:__PCM_setPowerStateAdvanced)
                  00001b30    00000174     sysbios.aem4f : BIOS.obj (.text:ti_sysbios_family_arm_m3_Hwi_excBusFault__I)
                  00001ca4    00000004     empty_pem4f.oem4f (.text:ti_sysbios_BIOS_RtsGateProxy_enter__E)
                  00001ca8    00000164     sysbios.aem4f : BIOS.obj (.text:ti_sysbios_family_arm_m3_Hwi_excUsageFault__I)
                  00001e0c    00000154     msp432p4xx_driverlib.lib : adc14.o (.text:_getIndexForMemRegister)
                  00001f60    00000148     sysbios.aem4f : BIOS.obj (.text:ti_sysbios_family_arm_m3_Hwi_excMemFault__I)
                  000020a8    00000140     drivers_MSP432P401R.aem4f : GPIOMSP432.oem4f (.text:GPIO_setConfig)
                  000021e8    0000013c     sysbios.aem4f : BIOS.obj (.text:ti_sysbios_heaps_HeapMem_Instance_init__E)
                  00002324    00000118     ti.targets.arm.rtsarm.aem4f : Error.oem4f (.text:xdc_runtime_Error_policyDefault__E)
                  0000243c    00000100                                 : Core-mem.oem4f (.text:xdc_runtime_Core_createObject__I)
                  0000253c    000000f8                                 : Startup.oem4f (.text:xdc_runtime_Startup_startMods__I)
                  00002634    000000f8     empty_pem4f.oem4f (.text:xdc_runtime_System_printfExtend__I)
                  0000272c    000000f4     drivers_MSP432P401R.aem4f : PowerMSP432.oem4f (.text:Power_sleep)
                  00002820    000000f4     sysbios.aem4f : m3_Hwi_asm.obj (.text:ti_sysbios_family_arm_m3_Hwi_dispatch__I)
                  00002914    000000f0     drivers_MSP432P401R.aem4f : PowerMSP432.oem4f (.text:initPerfControl)
                  00002a04    00000004     empty_pem4f.oem4f (.text:ti_sysbios_BIOS_RtsGateProxy_leave__E)
                  00002a08    000000ec     sysbios.aem4f : BIOS.obj (.text:ti_sysbios_knl_Semaphore_post__E)
                  00002af4    000000e0     msp432p4xx_driverlib.lib : cs.o (.text:CS_initClockSignal)
                  00002bd4    000000e0     adc14.obj (.text:initADC)
                  00002cb4    000000e0     empty.obj (.text:main)
                  00002d94    000000dc     msp432p4xx_driverlib.lib : pcm.o (.text:__PCM_setPowerModeAdvanced)
                  00002e70    000000cc     ti.targets.arm.rtsarm.aem4f : Core-smem.oem4f (.text:xdc_runtime_Core_constructObject__I)
                  00002f3c    00000004     empty_pem4f.oem4f (.text:ti_sysbios_family_arm_m3_TaskSupport_Module__startupDone__S)
                  00002f40    000000bc     sysbios.aem4f : BIOS.obj (.text:ti_sysbios_family_arm_m3_Hwi_excDebugMon__I)
                  00002ffc    00000004     empty_pem4f.oem4f (.text:ti_sysbios_heaps_HeapMem_Module_GateProxy_enter__E)
                  00003000    000000bc     sysbios.aem4f : BIOS.obj (.text:ti_sysbios_family_arm_m3_Hwi_excHardFault__I)
                  000030bc    00000004     empty_pem4f.oem4f (.text:ti_sysbios_heaps_HeapMem_Module_GateProxy_leave__E)
                  000030c0    000000b4     sysbios.aem4f : BIOS.obj (.text:ti_sysbios_gates_GateMutex_enter__E)
                  00003174    00000004     empty_pem4f.oem4f (.text:ti_sysbios_knl_Clock_TimerProxy_getMaxTicks__E)
                  00003178    000000b4     sysbios.aem4f : BIOS.obj (.text:ti_sysbios_knl_Task_checkStacks__E)
                  0000322c    000000b0     msp432p4xx_driverlib.lib : pcm.o (.text:__PCM_setCoreVoltageLevelAdvanced)
                  000032dc    00000004     empty_pem4f.oem4f (.text:ti_sysbios_knl_Queue_destruct)
                  000032e0    000000a8     sysbios.aem4f : BIOS.obj (.text:ti_sysbios_family_arm_msp432_Timer_periodicStub__E)
                  00003388    000000a0     auto_init.aem4f : auto_init.oem4f (.text)
                  00003428    000000a0     ti.targets.arm.rtsarm.aem4f : Text.oem4f (.text:xdc_runtime_Text_putMod__E)
                  000034c8    0000009c     rtsv7M4_T_le_v4SPD16_eabi.lib : memcpy_t2.obj (.text)
                  00003564    00000004     empty_pem4f.oem4f (.text:ti_sysbios_knl_Semaphore_destruct)
                  00003568    0000009c     sysbios.aem4f : BIOS.obj (.text:ti_sysbios_knl_Semaphore_Instance_init__E)
                  00003604    00000004     ti.targets.arm.rtsarm.aem4f : Error.oem4f (.text:xdc_runtime_Error_getSite__E)
                  00003608    0000009c     sysbios.aem4f : BIOS.obj (.text:ti_sysbios_knl_Task_postInit__I)
                  000036a4    0000009a     ti.targets.arm.rtsarm.aem4f : Text.oem4f (.text:xdc_runtime_Text_putSite__E)
                  0000373e    00000002     power_tirtos_MSP432P401R.aem4f : PowerMSP432_tirtos.oem4f (.text:PowerMSP432_initPolicy)
                  00003740    00000094     sysbios.aem4f : BIOS.obj (.text:ti_sysbios_family_arm_m3_Hwi_Instance_init__E)
                  000037d4    00000004     empty_pem4f.oem4f (.text:xdc_runtime_System_Module_GateProxy_enter__E)
                  000037d8    00000094     sysbios.aem4f : BIOS.obj (.text:ti_sysbios_family_arm_m3_Hwi_initNVIC__E)
                  0000386c    0000008c                   : m3_TaskSupport_asm.obj (.text:ti_sysbios_family_arm_m3_TaskSupport_buildTaskStack)
                  000038f8    00000084                   : BIOS.obj (.text:ti_sysbios_family_arm_m3_Hwi_postInit__I)
                  0000397c    0000007c     msp432p4xx_driverlib.lib : pcm.o (.text:PCM_gotoLPM3)
                  000039f8    0000007a     rtsv7M4_T_le_v4SPD16_eabi.lib : memset_t2.obj (.text)
                  00003a72    00000002                                   : i_div0.obj (.text)
                  00003a74    0000006d     ti.targets.arm.rtsarm.aem4f : System.oem4f (.text:xdc_runtime_System_formatNum__I)
                  00003ae1    00000001     --HOLE-- [fill = 0]
                  00003ae2    00000006                                 : xdc_noinit.oem4f (.text:__xdc__init)
                  00003ae8    0000006c     sysbios.aem4f : BIOS.obj (.text:ti_sysbios_knl_Clock_workFunc__E)
                  00003b54    00000004     empty_pem4f.oem4f (.text:xdc_runtime_System_Module_GateProxy_leave__E)
                  00003b58    0000006c     sysbios.aem4f : BIOS.obj (.text:ti_sysbios_knl_Swi_restoreHwi__E)
                  00003bc4    00000004     ti.targets.arm.rtsarm.aem4f : System.oem4f (.text:xdc_runtime_System_aprintf_va__F)
                  00003bc8    0000006c     sysbios.aem4f : BIOS.obj (.text:ti_sysbios_knl_Task_exit__E)
                  00003c34    0000006c     ti.targets.arm.rtsarm.aem4f : Error.oem4f (.text:xdc_runtime_Error_print__E)
                  00003ca0    0000006c                                 : Memory.oem4f (.text:xdc_runtime_Memory_alloc__E)
                  00003d0c    0000006a     rtsv7M4_T_le_v4SPD16_eabi.lib : copy_decompress_rle.obj (.text)
                  00003d76    00000002     empty_pem4f.oem4f (.text:ti_sysbios_BIOS_nullFunc__I)
                  00003d78    00000068     rtsv7M4_T_le_v4SPD16_eabi.lib : trgmsg.obj (.text)
                  00003de0    00000066     ti.targets.arm.rtsarm.aem4f : Core-mem.oem4f (.text:xdc_runtime_Core_deleteObject__I)
                  00003e46    00000002     --HOLE-- [fill = 0]
                  00003e48    00000064     msp432p4xx_driverlib.lib : interrupt.o (.text:Interrupt_enableInterrupt)
                  00003eac    00000004     ti.targets.arm.rtsarm.aem4f : System.oem4f (.text:xdc_runtime_System_printf_va__F)
                  00003eb0    00000064     sysbios.aem4f : BIOS.obj (.text:ti_sysbios_family_arm_m3_Hwi_dispatchC__I)
                  00003f14    00000062     tirtosport.aem4f : HwiP_tirtos.oem4f (.text:HwiP_create)
                  00003f76    00000002     --HOLE-- [fill = 0]
                  00003f78    00000060     sysbios.aem4f : BIOS.obj (.text:ti_sysbios_knl_Task_schedule__I)
                  00003fd8    0000005c     drivers_MSP432P401R.aem4f : GPIOMSP432.oem4f (.text:GPIO_init)
                  00004034    00000004     --HOLE-- [fill = 0]
                  00004038    0000005c     sysbios.aem4f : BIOS.obj (.text:ti_sysbios_knl_Swi_run__I)
                  00004094    00000004     --HOLE-- [fill = 0]
                  00004098    0000005c                   : BIOS.obj (.text:ti_sysbios_knl_Swi_schedule__I)
                  000040f4    00000004     --HOLE-- [fill = 0]
                  000040f8    0000005c                   : BIOS.obj (.text:ti_sysbios_knl_Task_Module_startup__E)
                  00004154    00000004     --HOLE-- [fill = 0]
                  00004158    0000005c                   : BIOS.obj (.text:ti_sysbios_knl_Task_startCore__E)
                  000041b4    0000005b     ti.targets.arm.rtsarm.aem4f : Text.oem4f (.text:xdc_runtime_Text_putLab__E)
                  0000420f    00000001     --HOLE-- [fill = 0]
                  00004210    00000058     adc14.obj (.text:ADC14_IRQHandler)
                  00004268    00000058     boot.aem4f : boot.oem4f (.text)
                  000042c0    00000058     empty_pem4f.oem4f (.text:ti_sysbios_family_arm_m3_Hwi_construct)
                  00004318    00000058     sysbios.aem4f : m3_Hwi_asm_switch.obj (.text:ti_sysbios_family_arm_m3_Hwi_initStacks__E)
                  00004370    00000054     drivers_MSP432P401R.aem4f : GPIOMSP432.oem4f (.text:GPIO_hwiIntFxn)
                  000043c4    00000054                               : GPIOMSP432.oem4f (.text:GPIO_setCallback)
                  00004418    00000054     sysbios.aem4f : BIOS.obj (.text:ti_sysbios_family_arm_msp432_Timer_initDevice__I)
                  0000446c    00000004     --HOLE-- [fill = 0]
                  00004470    00000054                   : BIOS.obj (.text:ti_sysbios_family_arm_msp432_init_Boot_configureClocksHigh)
                  000044c4    00000054     empty_pem4f.oem4f (.text:ti_sysbios_knl_Task_construct)
                  00004518    00000054     ti.targets.arm.rtsarm.aem4f : Assert.oem4f (.text:xdc_runtime_Assert_raise__I)
                  0000456c    00000050     drivers_MSP432P401R.aem4f : GPIOMSP432.oem4f (.text:GPIO_write)
                  000045bc    00000050     msp432p4xx_driverlib.lib : pcm.o (.text:PCM_shutdownDevice)
                  0000460c    00000050     power_tirtos_MSP432P401R.aem4f : PowerMSP432_tirtos.oem4f (.text:PowerMSP432_sleepPolicy)
                  0000465c    00000004     --HOLE-- [fill = 0]
                  00004660    00000050     sysbios.aem4f : BIOS.obj (.text:ti_sysbios_family_arm_m3_Hwi_Module_startup__E)
                  000046b0    00000050     ti.targets.arm.rtsarm.aem4f : Startup.oem4f (.text:xdc_runtime_Startup_exec__E)
                  00004700    00000050                                 : Text.oem4f (.text:xdc_runtime_Text_visitRope2__I)
                  00004750    0000004c     rtsv7M4_T_le_v4SPD16_eabi.lib : cpy_tbl.obj (.text)
                  0000479c    00000004     --HOLE-- [fill = 0]
                  000047a0    0000004c     sysbios.aem4f : BIOS.obj (.text:ti_sysbios_family_arm_msp432_Timer_postInit__I)
                  000047ec    00000004     --HOLE-- [fill = 0]
                  000047f0    0000004c                   : BIOS.obj (.text:ti_sysbios_family_arm_msp432_Timer_start__E)
                  0000483c    00000004     --HOLE-- [fill = 0]
                  00004840    0000004c                   : BIOS.obj (.text:ti_sysbios_heaps_HeapMem_getStats__E)
                  0000488c    00000004     --HOLE-- [fill = 0]
                  00004890    0000004c                   : BIOS.obj (.text:ti_sysbios_knl_Swi_runLoop__I)
                  000048dc    00000004     --HOLE-- [fill = 0]
                  000048e0    0000004c                   : BIOS.obj (.text:ti_sysbios_knl_Task_allBlockedFunction__I)
                  0000492c    00000048     uartTransmission.obj (.text:EUSCIA0_IRQHandler)
                  00004974    00000048     msp432p4xx_driverlib.lib : gpio.o (.text:GPIO_setAsPeripheralModuleFunctionInputPin)
                  000049bc    00000048                              : timer32.o (.text:Timer32_initModule)
                  00004a04    00000004     --HOLE-- [fill = 0]
                  00004a08    00000048     sysbios.aem4f : BIOS.obj (.text:ti_sysbios_family_arm_m3_Hwi_disableInterrupt__E)
                  00004a50    00000048                   : BIOS.obj (.text:ti_sysbios_family_arm_m3_Hwi_enableInterrupt__E)
                  00004a98    00000048                   : BIOS.obj (.text:ti_sysbios_family_arm_m3_Hwi_excReserved__I)
                  00004ae0    00000046     ti.targets.arm.rtsarm.aem4f : Core-params.oem4f (.text:xdc_runtime_Core_assignParams__I)
                  00004b26    00000002     --HOLE-- [fill = 0]
                  00004b28    00000044     rtsv7M4_T_le_v4SPD16_eabi.lib : exit.obj (.text)
                  00004b6c    00000004     --HOLE-- [fill = 0]
                  00004b70    00000044     sysbios.aem4f : BIOS.obj (.text:ti_sysbios_family_arm_m3_Hwi_getStackInfo__E)
                  00004bb4    00000004     --HOLE-- [fill = 0]
                  00004bb8    00000044                   : BIOS.obj (.text:ti_sysbios_knl_Swi_post__E)
                  00004bfc    00000044     ti.targets.arm.rtsarm.aem4f : Error.oem4f (.text:xdc_runtime_Error_setX__E)
                  00004c40    00000044                                 : SysMin.oem4f (.text:xdc_runtime_SysMin_flush__E)
                  00004c84    00000044                                 : Text.oem4f (.text:xdc_runtime_Text_xprintf__I)
                  00004cc8    00000040     msp432p4xx_driverlib.lib : flash.o (.text:FlashCtl_disableReadBuffering)
                  00004d08    00000040     drivers_MSP432P401R.aem4f : PowerMSP432.oem4f (.text:notify)
                  00004d48    00000040     rtsv7M4_T_le_v4SPD16_eabi.lib : u_divt2.obj (.text)
                  00004d88    00000040     sysbios.aem4f : BIOS.obj (.text:ti_sysbios_family_arm_msp432_Timer_Module_startup__E)
                  00004dc8    00000040                   : BIOS.obj (.text:ti_sysbios_family_arm_msp432_Timer_startup__E)
                  00004e08    0000003c     drivers_MSP432P401R.aem4f : PowerMSP432.oem4f (.text:Power_init)
                  00004e44    00000004     --HOLE-- [fill = 0]
                  00004e48    0000003c     sysbios.aem4f : BIOS.obj (.text:ti_sysbios_family_arm_m3_Hwi_excSvCall__I)
                  00004e84    00000004     --HOLE-- [fill = 0]
                  00004e88    0000003c                   : BIOS.obj (.text:ti_sysbios_heaps_HeapMem_init__I)
                  00004ec4    00000004     --HOLE-- [fill = 0]
                  00004ec8    0000003c                   : BIOS.obj (.text:ti_sysbios_knl_Swi_restore__E)
                  00004f04    00000004     --HOLE-- [fill = 0]
                  00004f08    00000038                   : BIOS.obj (.text:ti_sysbios_family_arm_m3_Hwi_excNoIsr__I)
                  00004f40    00000038                   : BIOS.obj (.text:ti_sysbios_knl_Task_processVitalTaskFlag__I)
                  00004f78    00000038     ti.targets.arm.rtsarm.aem4f : SysMin.oem4f (.text:xdc_runtime_SysMin_putch__E)
                  00004fb0    00000038                                 : System.oem4f (.text:xdc_runtime_System_atexit__E)
                  00004fe8    00000034     msp432p4xx_driverlib.lib : flash.o (.text:FlashCtl_enableReadBuffering)
                  0000501c    00000034     clock.obj (.text:initClocks)
                  00005050    00000034     sysbios.aem4f : BIOS.obj (.text:ti_sysbios_family_arm_m3_Hwi_Instance_finalize__E)
                  00005084    00000004     --HOLE-- [fill = 0]
                  00005088    00000034                   : BIOS.obj (.text:ti_sysbios_family_arm_m3_Hwi_excNmi__I)
                  000050bc    00000004     --HOLE-- [fill = 0]
                  000050c0    00000034                   : BIOS.obj (.text:ti_sysbios_hal_Hwi_checkStack)
                  000050f4    00000034     ti.targets.arm.rtsarm.aem4f : Core-label.oem4f (.text:xdc_runtime_Core_assignLabel__I)
                  00005128    00000033                                 : Text.oem4f (.text:xdc_runtime_Text_printVisFxn__I)
                  0000515b    00000005     --HOLE-- [fill = 0]
                  00005160    00000032     sysbios.aem4f : BIOS.obj (.text:ti_sysbios_hal_Hwi_initStack)
                  00005192    00000002     --HOLE-- [fill = 0]
                  00005194    00000030     drivers_MSP432P401R.aem4f : GPIOMSP432.oem4f (.text:GPIO_getEnabledInterruptStatus_WA)
                  000051c4    00000030     msp432p4xx_driverlib.lib : gpio.o (.text:GPIO_setAsInputPinWithPullDownResistor)
                  000051f4    00000030                              : gpio.o (.text:GPIO_setAsInputPinWithPullUpResistor)
                  00005224    00000030     empty_pem4f.oem4f (.text:ti_sysbios_BIOS_atExitFunc__I)
                  00005254    00000004     --HOLE-- [fill = 0]
                  00005258    00000030     sysbios.aem4f : BIOS.obj (.text:ti_sysbios_family_arm_m3_TaskSupport_start__E)
                  00005288    00000030     empty_pem4f.oem4f (.text:ti_sysbios_gates_GateHwi_Object__create__S)
                  000052b8    00000030     empty_pem4f.oem4f (.text:ti_sysbios_gates_GateMutex_Object__create__S)
                  000052e8    00000030     empty_pem4f.oem4f (.text:ti_sysbios_heaps_HeapMem_Object__create__S)
                  00005318    00000030     empty_pem4f.oem4f (.text:ti_sysbios_knl_Semaphore_construct)
                  00005348    00000030     sysbios.aem4f : BIOS.obj (.text:ti_sysbios_knl_Semaphore_pendTimeout__I)
                  00005378    00000030                   : BIOS.obj (.text:ti_sysbios_knl_Task_unblockI__E)
                  000053a8    00000030     ti.targets.arm.rtsarm.aem4f : SysMin.oem4f (.text:xdc_runtime_SysMin_abort__E)
                  000053d8    00000030                                 : System.oem4f (.text:xdc_runtime_System_processAtExit__E)
                  00005408    0000002c     msp432p4xx_driverlib.lib : gpio.o (.text:GPIO_setAsInputPin)
                  00005434    0000002c                              : pcm.o (.text:PCM_getCoreVoltageLevel)
                  00005460    0000002c     power_tirtos_MSP432P401R.aem4f : PowerMSP432_tirtos.oem4f (.text:PowerMSP432_updateFreqs)
                  0000548c    0000002c     empty_pem4f.oem4f (.text:ti_sysbios_knl_Clock_doTick__I)
                  000054b8    0000002c     empty_pem4f.oem4f (.text:ti_sysbios_knl_Queue_construct)
                  000054e4    00000004     --HOLE-- [fill = 0]
                  000054e8    0000002c     sysbios.aem4f : BIOS.obj (.text:ti_sysbios_knl_Task_restore__E)
                  00005514    0000002c     ti.targets.arm.rtsarm.aem4f : Text.oem4f (.text:xdc_runtime_Text_cordText__E)
                  00005540    0000002a     msp432p4xx_driverlib.lib : pcm.o (.text:PCM_getPowerMode)
                  0000556a    0000002a     ti.targets.arm.rtsarm.aem4f : System.oem4f (.text:xdc_runtime_System_putchar__I)
                  00005594    00000028     msp432p4xx_driverlib.lib : flash.o (.text:FlashCtl_setWaitState)
                  000055bc    00000028                              : pcm.o (.text:PCM_gotoLPM0)
                  000055e4    00000004     --HOLE-- [fill = 0]
                  000055e8    00000028     sysbios.aem4f : BIOS.obj (.text:ti_sysbios_knl_Clock_addI__E)
                  00005610    00000028                   : BIOS.obj (.text:ti_sysbios_knl_Swi_Module_startup__E)
                  00005638    00000026                   : m3_Hwi_asm.obj (.text:ti_sysbios_family_arm_m3_Hwi_pendSV__I)
                  0000565e    00000026     ti.targets.arm.rtsarm.aem4f : System.oem4f (.text:xdc_runtime_System_avprintf__E)
                  00005684    00000024     msp432p4xx_driverlib.lib : cs.o (.text:CS_setDCOCenteredFrequency)
                  000056a8    00000024                              : gpio.o (.text:GPIO_setAsOutputPin)
                  000056cc    00000024                              : rtc_c.o (.text:RTC_C_holdClock)
                  000056f0    00000024                              : rtc_c.o (.text:RTC_C_startClock)
                  00005714    00000024                              : timer32.o (.text:Timer32_setCount)
                  00005738    00000024     empty_pem4f.oem4f (.text:ti_sysbios_BIOS_errorRaiseHook__I)
                  0000575c    00000024     empty_pem4f.oem4f (.text:ti_sysbios_BIOS_registerRTSLock__I)
                  00005780    00000024     empty_pem4f.oem4f (.text:ti_sysbios_BIOS_removeRTSLock__I)
                  000057a4    00000024     empty_pem4f.oem4f (.text:ti_sysbios_BIOS_startFunc__I)
                  000057c8    00000024     sysbios.aem4f : BIOS.obj (.text:ti_sysbios_family_arm_msp432_ClockFreqs_setFrequency__E)
                  000057ec    00000024     empty_pem4f.oem4f (.text:ti_sysbios_gates_GateMutex_Object__delete__S)
                  00005810    00000024     sysbios.aem4f : BIOS.obj (.text:ti_sysbios_knl_Clock_Module_startup__E)
                  00005834    00000004     --HOLE-- [fill = 0]
                  00005838    00000024                   : BIOS.obj (.text:ti_sysbios_knl_Task_restoreHwi__E)
                  0000585c    00000024     ti.targets.arm.rtsarm.aem4f : System.oem4f (.text:xdc_runtime_System_vprintf__E)
                  00005880    00000022     empty_pem4f.oem4f (.text:xdc_runtime_SysMin_output__I)
                  000058a2    00000002     --HOLE-- [fill = 0]
                  000058a4    00000020     msp432p4xx_driverlib.lib : gpio.o (.text:GPIO_interruptEdgeSelect)
                  000058c4    00000020     drivers_MSP432P401R.aem4f : PowerMSP432.oem4f (.text:Power_idleFunc)
                  000058e4    00000020     msp432p4xx_driverlib.lib : timer32.o (.text:Timer32_startTimer)
                  00005904    00000020     empty_pem4f.oem4f (.text:ti_sysbios_BIOS_rtsLock__I)
                  00005924    00000020     sysbios.aem4f : m3_Hwi_asm.obj (.text:ti_sysbios_family_arm_m3_Hwi_excHandlerAsm__I)
                  00005944    00000004     --HOLE-- [fill = 0]
                  00005948    00000020                   : BIOS.obj (.text:ti_sysbios_family_arm_m3_Hwi_excHandler__I)
                  00005968    00000020     empty_pem4f.oem4f (.text:ti_sysbios_gates_GateHwi_Object__delete__S)
                  00005988    00000020     empty_pem4f.oem4f (.text:ti_sysbios_heaps_HeapMem_Object__delete__S)
                  000059a8    00000020     sysbios.aem4f : BIOS.obj (.text:ti_sysbios_knl_Idle_run__E)
                  000059c8    00000020     empty_pem4f.oem4f (.text:ti_sysbios_knl_Semaphore_Object__destruct__S)
                  000059e8    00000020     ti.targets.arm.rtsarm.aem4f : Registry.oem4f (.text:xdc_runtime_Registry_findById__E)
                  00005a08    00000020                                 : SysMin.oem4f (.text:xdc_runtime_SysMin_Module_startup__E)
                  00005a28    0000001e     sysbios.aem4f : m3_Hwi_asm_switch.obj (.text:ti_sysbios_family_xxx_Hwi_switchAndRunFunc)
                  00005a46    00000002     --HOLE-- [fill = 0]
                  00005a48    0000001c                   : BIOS.obj (.text:ti_sysbios_gates_GateMutex_Instance_init__E)
                  00005a64    0000001c     empty_pem4f.oem4f (.text:ti_sysbios_knl_Queue_Object__destruct__S)
                  00005a80    0000001c     sysbios.aem4f : BIOS.obj (.text:ti_sysbios_knl_Queue_put__E)
                  00005a9c    00000004     --HOLE-- [fill = 0]
                  00005aa0    0000001c                   : BIOS.obj (.text:ti_sysbios_knl_Task_enter__I)
                  00005abc    0000001c     ti.targets.arm.rtsarm.aem4f : Error.oem4f (.text:xdc_runtime_Error_raiseX__E)
                  00005ad8    0000001c                                 : Memory.oem4f (.text:xdc_runtime_Memory_valloc__E)
                  00005af4    0000001c                                 : SysMin.oem4f (.text:xdc_runtime_SysMin_exit__E)
                  00005b10    0000001c                                 : System.oem4f (.text:xdc_runtime_System_abort__E)
                  00005b2c    0000001a     empty_pem4f.oem4f (.text:ti_sysbios_family_arm_m3_Hwi_Handle__label__S)
                  00005b46    0000001a     empty_pem4f.oem4f (.text:ti_sysbios_gates_GateHwi_Handle__label__S)
                  00005b60    0000001a     empty_pem4f.oem4f (.text:ti_sysbios_gates_GateMutex_Handle__label__S)
                  00005b7a    0000001a     empty_pem4f.oem4f (.text:ti_sysbios_heaps_HeapMem_Handle__label__S)
                  00005b94    0000001a     empty_pem4f.oem4f (.text:ti_sysbios_knl_Swi_Handle__label__S)
                  00005bae    0000001a     empty_pem4f.oem4f (.text:ti_sysbios_knl_Task_Handle__label__S)
                  00005bc8    0000001a     empty_pem4f.oem4f (.text:xdc_runtime_System_aprintf__E)
                  00005be2    0000001a     empty_pem4f.oem4f (.text:xdc_runtime_System_printf__E)
                  00005bfc    00000018     msp432p4xx_driverlib.lib : adc14.o (.text:ADC14_getResult)
                  00005c14    00000018                              : gpio.o (.text:GPIO_clearInterruptFlag)
                  00005c2c    00000018                              : gpio.o (.text:GPIO_setDriveStrengthLow)
                  00005c44    00000018                              : gpio.o (.text:GPIO_setOutputLowOnPin)
                  00005c5c    00000018                              : wdt_a.o (.text:WDT_A_holdTimer)
                  00005c74    00000018     rtsv7M4_T_le_v4SPD16_eabi.lib : args_main.obj (.text)
                  00005c8c    00000018     empty_pem4f.oem4f (.text:ti_sysbios_BIOS_rtsUnlock__I)
                  00005ca4    00000018     empty_pem4f.oem4f (.text:ti_sysbios_family_arm_m3_Hwi_Module__startupDone__F)
                  00005cbc    00000018     sysbios.aem4f : m3_TaskSupport_asm.obj (.text:ti_sysbios_family_arm_m3_TaskSupport_swap__E)
                  00005cd4    00000018     empty_pem4f.oem4f (.text:ti_sysbios_family_arm_msp432_Timer_Module__startupDone__F)
                  00005cec    00000004     --HOLE-- [fill = 0]
                  00005cf0    00000018     sysbios.aem4f : BIOS.obj (.text:ti_sysbios_gates_GateMutex_leave__E)
                  00005d08    00000018                   : BIOS.obj (.text:ti_sysbios_knl_Task_sleepTimeout__I)
                  00005d20    00000018     ti.targets.arm.rtsarm.aem4f : Error.oem4f (.text:xdc_runtime_Error_check__E)
                  00005d38    00000018                                 : System.oem4f (.text:xdc_runtime_System_exit__E)
                  00005d50    00000018                                 : Text.oem4f (.text:xdc_runtime_Text_ropeText__E)
                  00005d68    00000016     empty_pem4f.oem4f (.text:ti_sysbios_BIOS_exitFunc__I)
                  00005d7e    00000016     empty.obj (.text:ti_sysbios_knl_Task_Params_init)
                  00005d94    00000014     msp432p4xx_driverlib.lib : gpio.o (.text:GPIO_setDriveStrengthHigh)
                  00005da8    00000014                              : gpio.o (.text:GPIO_setOutputHighOnPin)
                  00005dbc    00000014                              : wdt_a.o (.text:WDT_A_startTimer)
                  00005dd0    00000014     rtsv7M4_T_le_v4SPD16_eabi.lib : _lock.obj (.text)
                  00005de4    00000014                                   : strcpy.obj (.text)
                  00005df8    00000014                                   : strlen.obj (.text)
                  00005e0c    00000014     empty_pem4f.oem4f (.text:ti_sysbios_family_arm_m3_Hwi_Object__get__S)
                  00005e20    00000014     sysbios.aem4f : BIOS.obj (.text:ti_sysbios_family_arm_m3_Hwi_switchFromBootStack__E)
                  00005e34    00000014     empty_pem4f.oem4f (.text:ti_sysbios_heaps_HeapMem_Object__get__S)
                  00005e48    00000014     empty_pem4f.oem4f (.text:ti_sysbios_knl_Swi_Object__get__S)
                  00005e5c    00000004     --HOLE-- [fill = 0]
                  00005e60    00000012     sysbios.aem4f : BIOS.obj (.text:ti_sysbios_hal_Hwi_Module_startup__E)
                  00005e72    00000012     empty_pem4f.oem4f (.text:xdc_runtime_Startup_exec__I)
                  00005e84    00000010     msp432p4xx_driverlib.lib : adc14.o (.text:ADC14_enableModule)
                  00005e94    00000010                              : gpio.o (.text:GPIO_getInterruptStatus)
                  00005ea4    00000010                              : interrupt.o (.text:Interrupt_disableMaster)
                  00005eb4    00000010                              : pcm.o (.text:PCM_gotoLPM4)
                  00005ec4    00000004     --HOLE-- [fill = 0]
                  00005ec8    00000010     sysbios.aem4f : BIOS.obj (.text:ti_sysbios_BIOS_setCpuFreq__E)
                  00005ed8    00000010                   : BIOS.obj (.text:ti_sysbios_BIOS_setThreadType__E)
                  00005ee8    00000010                   : BIOS.obj (.text:ti_sysbios_BIOS_start__E)
                  00005ef8    00000010                   : m3_TaskSupport_asm.obj (.text:ti_sysbios_family_arm_m3_TaskSupport_glue)
                  00005f08    00000010                   : BIOS.obj (.text:ti_sysbios_family_arm_msp432_init_Boot_disableWatchdog)
                  00005f18    00000010                   : BIOS.obj (.text:ti_sysbios_gates_GateMutex_Instance_finalize__E)
                  00005f28    00000010                   : BIOS.obj (.text:ti_sysbios_knl_Semaphore_Instance_finalize__E)
                  00005f38    00000010                   : BIOS.obj (.text:ti_sysbios_knl_Swi_disable__E)
                  00005f48    00000010     empty_pem4f.oem4f (.text:ti_sysbios_knl_Task_Object__get__S)
                  00005f58    00000010     sysbios.aem4f : BIOS.obj (.text:ti_sysbios_knl_Task_disable__E)
                  00005f68    00000010     ti.targets.arm.rtsarm.aem4f : Gate.oem4f (.text:xdc_runtime_Gate_leaveSystem__E)
                  00005f78    00000010                                 : Memory.oem4f (.text:xdc_runtime_Memory_free__E)
                  00005f88    00000010                                 : SysMin.oem4f (.text:xdc_runtime_SysMin_ready__E)
                  00005f98    00000010                                 : System.oem4f (.text:xdc_runtime_System_vsnprintf__E)
                  00005fa8    00000010     empty_pem4f.oem4f (.text:xdc_runtime_Text_visitRope__I)
                  00005fb8    0000000e     tirtosport.aem4f : HwiP_tirtos.oem4f (.text:HwiP_Params_init)
                  00005fc6    0000000e     rtsv7M4_T_le_v4SPD16_eabi.lib : copy_decompress_none.obj (.text:decompress:none)
                  00005fd4    0000000e     empty.obj (.text:heartBeatFxn)
                  00005fe2    00000006     rtsv7M4_T_le_v4SPD16_eabi.lib : copy_decompress_rle.obj (.text:decompress:rle24)
                  00005fe8    0000000e     sysbios.aem4f : BIOS.obj (.text:ti_sysbios_knl_Idle_loop__E)
                  00005ff6    00000002     --HOLE-- [fill = 0]
                  00005ff8    0000000e                   : BIOS.obj (.text:ti_sysbios_knl_Queue_empty__E)
                  00006006    0000000c     empty_pem4f.oem4f (.text:.bootCodeSection:ti_sysbios_family_arm_msp432_init_Boot_init__I)
                  00006012    0000000c     msp432p4xx_driverlib.lib : cpu.o (.text:CPU_cpsid)
                  0000601e    0000000c                              : cpu.o (.text:CPU_cpsie)
                  0000602a    00000002     --HOLE-- [fill = 0]
                  0000602c    0000000c                              : pcm.o (.text:PCM_getPowerState)
                  00006038    0000000c     drivers_MSP432P401R.aem4f : PowerMSP432.oem4f (.text:Power_getConstraintMask)
                  00006044    0000000c     rtsv7M4_T_le_v4SPD16_eabi.lib : copy_zero_init.obj (.text:decompress:ZI)
                  00006050    0000000c     empty_pem4f.oem4f (.text:ti_sysbios_family_arm_m3_Hwi_Params__init__S)
                  0000605c    00000004     --HOLE-- [fill = 0]
                  00006060    0000000c     sysbios.aem4f : BIOS.obj (.text:ti_sysbios_family_arm_m3_Hwi_disableFxn__E)
                  0000606c    00000004     --HOLE-- [fill = 0]
                  00006070    0000000c                   : BIOS.obj (.text:ti_sysbios_family_arm_m3_TaskSupport_checkStack__E)
                  0000607c    00000004     --HOLE-- [fill = 0]
                  00006080    0000000c                   : BIOS.obj (.text:ti_sysbios_family_arm_m3_TaskSupport_getStackAlignment__E)
                  0000608c    00000004     --HOLE-- [fill = 0]
                  00006090    0000000c                   : BIOS.obj (.text:ti_sysbios_family_arm_msp432_Timer_getMaxTicks__E)
                  0000609c    00000004     --HOLE-- [fill = 0]
                  000060a0    0000000c                   : BIOS.obj (.text:ti_sysbios_gates_GateHwi_enter__E)
                  000060ac    0000000c     empty_pem4f.oem4f (.text:ti_sysbios_knl_Queue_Object__get__S)
                  000060b8    0000000c     empty_pem4f.oem4f (.text:ti_sysbios_knl_Task_Params__init__S)
                  000060c4    0000000c     ti.targets.arm.rtsarm.aem4f : Error.oem4f (.text:xdc_runtime_Error_init__E)
                  000060d0    0000000c                                 : Gate.oem4f (.text:xdc_runtime_Gate_enterSystem__E)
                  000060dc    0000000c                                 : Memory.oem4f (.text:xdc_runtime_Memory_calloc__E)
                  000060e8    0000000c                                 : Memory.oem4f (.text:xdc_runtime_Memory_getMaxDefaultTypeAlign__E)
                  000060f4    0000000a     msp432p4xx_driverlib.lib : timer32.o (.text:Timer32_enableInterrupt)
                  000060fe    0000000a     empty_pem4f.oem4f (.text:xdc_runtime_IHeap_alloc)
                  00006108    0000000a     empty_pem4f.oem4f (.text:xdc_runtime_IHeap_free)
                  00006112    00000008     MSP_EXP432P401R.obj (.text:MSP_EXP432P401R_initGPIO)
                  0000611a    00000008     MSP_EXP432P401R.obj (.text:MSP_EXP432P401R_initGeneral)
                  00006122    00000008     msp432p4xx_driverlib.lib : pcm.o (.text:PCM_setPowerMode)
                  0000612a    00000008                              : pcm.o (.text:PCM_setPowerState)
                  00006132    00000006     ti.targets.arm.rtsarm.aem4f : System.oem4f (.text:xdc_runtime_System_Module_startup__E)
                  00006138    00000008     sysbios.aem4f : BIOS.obj (.text:ti_sysbios_family_arm_m3_Hwi_doSwiRestore__I)
                  00006140    00000008                   : BIOS.obj (.text:ti_sysbios_family_arm_m3_Hwi_startup__E)
                  00006148    00000006                   : BIOS.obj (.text:ti_sysbios_family_arm_m3_Hwi_doTaskRestore__I)
                  0000614e    00000002     --HOLE-- [fill = 0]
                  00006150    00000006                   : BIOS.obj (.text:ti_sysbios_family_arm_m3_Hwi_restoreFxn__E)
                  00006156    00000002     --HOLE-- [fill = 0]
                  00006158    00000006                   : BIOS.obj (.text:ti_sysbios_gates_GateHwi_leave__E)
                  0000615e    00000002     --HOLE-- [fill = 0]
                  00006160    00000006                   : BIOS.obj (.text:ti_sysbios_heaps_HeapMem_isBlocking__E)
                  00006166    00000002     --HOLE-- [fill = 0]
                  00006168    00000006                   : BIOS.obj (.text:ti_sysbios_knl_Queue_Instance_init__E)
                  0000616e    00000002     --HOLE-- [fill = 0]
                  00006170    00000006                   : BIOS.obj (.text:ti_sysbios_knl_Swi_startup__E)
                  00006176    00000002     --HOLE-- [fill = 0]
                  00006178    00000004                   : BIOS.obj (.text:ti_sysbios_gates_GateHwi_query__E)
                  0000617c    00000004     --HOLE-- [fill = 0]
                  00006180    00000004                   : BIOS.obj (.text:ti_sysbios_gates_GateMutex_query__E)
                  00006184    00000004     --HOLE-- [fill = 0]
                  00006188    00000004                   : BIOS.obj (.text:ti_sysbios_knl_Task_startup__E)
                  0000618c    00000004     --HOLE-- [fill = 0]
                  00006190    00000002                   : BIOS.obj (.text:ti_sysbios_gates_GateHwi_Instance_init__E)
                  00006192    00000006     --HOLE-- [fill = 0]
                  00006198    00000002                   : BIOS.obj (.text:ti_sysbios_knl_Clock_logTick__E)

.const     0    0000619c    00001de1     
                  0000619c    0000179e     empty_pem4f.oem4f (.const:xdc_runtime_Text_charTab__A)
                  0000793a    000000b0     empty_pem4f.oem4f (.const:xdc_runtime_Text_nodeTab__A)
                  000079ea    00000002     empty_pem4f.oem4f (.const:ti_sysbios_family_arm_m3_Hwi_Module__id__C)
                  000079ec    00000080     msp432p4xx_driverlib.lib : adc14.o (.const:_ctlRegs)
                  00007a6c    00000048     empty_pem4f.oem4f (.const:.string)
                  00007ab4    00000040     msp432p4xx_driverlib.lib : interrupt.o (.const)
                  00007af4    0000003c     empty_pem4f.oem4f (.const:ti_sysbios_knl_Task_Object__PARAMS__C)
                  00007b30    00000030     empty_pem4f.oem4f (.const:ti_sysbios_family_arm_m3_Hwi_Object__PARAMS__C)
                  00007b60    00000028     empty_pem4f.oem4f (.const:ti_sysbios_heaps_HeapMem_Module__FXNS__C)
                  00007b88    00000024     empty_pem4f.oem4f (.const:ti_sysbios_gates_GateHwi_Module__FXNS__C)
                  00007bac    00000024     empty_pem4f.oem4f (.const:ti_sysbios_gates_GateMutex_Module__FXNS__C)
                  00007bd0    00000024     empty_pem4f.oem4f (.const:ti_sysbios_heaps_HeapMem_Object__PARAMS__C)
                  00007bf4    00000024     empty_pem4f.oem4f (.const:ti_sysbios_knl_Semaphore_Object__PARAMS__C)
                  00007c18    00000020     empty_pem4f.oem4f (.const:ti_sysbios_family_arm_m3_Hwi_Object__DESC__C)
                  00007c38    00000020     empty_pem4f.oem4f (.const:ti_sysbios_gates_GateHwi_Object__DESC__C)
                  00007c58    00000020     empty_pem4f.oem4f (.const:ti_sysbios_gates_GateMutex_Object__DESC__C)
                  00007c78    00000020     empty_pem4f.oem4f (.const:ti_sysbios_heaps_HeapMem_Object__DESC__C)
                  00007c98    00000020     empty_pem4f.oem4f (.const:ti_sysbios_knl_Queue_Object__DESC__C)
                  00007cb8    00000020     empty_pem4f.oem4f (.const:ti_sysbios_knl_Semaphore_Object__DESC__C)
                  00007cd8    00000020     empty_pem4f.oem4f (.const:ti_sysbios_knl_Task_Object__DESC__C)
                  00007cf8    00000020     empty_pem4f.oem4f (.const:xdc_runtime_Startup_sfxnTab__A)
                  00007d18    00000018     empty_pem4f.oem4f (.const:ti_sysbios_gates_GateHwi_Object__PARAMS__C)
                  00007d30    00000018     empty_pem4f.oem4f (.const:ti_sysbios_gates_GateMutex_Object__PARAMS__C)
                  00007d48    00000018     empty_pem4f.oem4f (.const:ti_sysbios_knl_Queue_Object__PARAMS__C)
                  00007d60    00000014     MSP_EXP432P401R.obj (.const:GPIOMSP432_config)
                  00007d74    00000010     MSP_EXP432P401R.obj (.const)
                  00007d84    00000010     empty_pem4f.oem4f (.const:xdc_runtime_Startup_sfxnRts__A)
                  00007d94    0000000c     drivers_MSP432P401R.aem4f : GPIOMSP432.oem4f (.const:.string)
                  00007da0    0000000c     empty_pem4f.oem4f (.const:xdc_runtime_Startup_firstFxns__A)
                  00007dac    00000008     empty_pem4f.oem4f (.const:ti_sysbios_family_arm_m3_Hwi_excHookFuncs__A)
                  00007db4    00000008     empty_pem4f.oem4f (.const:ti_sysbios_knl_Idle_funcList__A)
                  00007dbc    00000008     empty_pem4f.oem4f (.const:ti_sysbios_knl_Idle_funcList__C)
                  00007dc4    00000008     empty_pem4f.oem4f (.const:xdc_runtime_Startup_firstFxns__C)
                  00007dcc    00000008     empty_pem4f.oem4f (.const:xdc_runtime_Startup_lastFxns__C)
                  00007dd4    00000004     empty_pem4f.oem4f (.const:ti_sysbios_family_arm_m3_Hwi_E_NMI__C)
                  00007dd8    00000004     empty_pem4f.oem4f (.const:ti_sysbios_family_arm_m3_Hwi_E_alreadyDefined__C)
                  00007ddc    00000004     empty_pem4f.oem4f (.const:ti_sysbios_family_arm_m3_Hwi_E_busFault__C)
                  00007de0    00000004     empty_pem4f.oem4f (.const:ti_sysbios_family_arm_m3_Hwi_E_debugMon__C)
                  00007de4    00000004     empty_pem4f.oem4f (.const:ti_sysbios_family_arm_m3_Hwi_E_hardFault__C)
                  00007de8    00000004     empty_pem4f.oem4f (.const:ti_sysbios_family_arm_m3_Hwi_E_memFault__C)
                  00007dec    00000004     empty_pem4f.oem4f (.const:ti_sysbios_family_arm_m3_Hwi_E_noIsr__C)
                  00007df0    00000004     empty_pem4f.oem4f (.const:ti_sysbios_family_arm_m3_Hwi_E_reserved__C)
                  00007df4    00000004     empty_pem4f.oem4f (.const:ti_sysbios_family_arm_m3_Hwi_E_svCall__C)
                  00007df8    00000004     empty_pem4f.oem4f (.const:ti_sysbios_family_arm_m3_Hwi_E_usageFault__C)
                  00007dfc    00000004     empty_pem4f.oem4f (.const:ti_sysbios_family_arm_m3_Hwi_NUM_INTERRUPTS__C)
                  00007e00    00000004     empty_pem4f.oem4f (.const:ti_sysbios_family_arm_m3_Hwi_Object__count__C)
                  00007e04    00000004     empty_pem4f.oem4f (.const:ti_sysbios_family_arm_m3_Hwi_ccr__C)
                  00007e08    00000004     empty_pem4f.oem4f (.const:ti_sysbios_family_arm_m3_Hwi_excHandlerFunc__C)
                  00007e0c    00000004     empty_pem4f.oem4f (.const:ti_sysbios_family_arm_m3_Hwi_excHookFuncs__C)
                  00007e10    00000004     empty_pem4f.oem4f (.const:ti_sysbios_family_arm_m3_Hwi_nullIsrFunc__C)
                  00007e14    00000004     empty_pem4f.oem4f (.const:ti_sysbios_family_arm_m3_Hwi_priGroup__C)
                  00007e18    00000004     empty_pem4f.oem4f (.const:ti_sysbios_family_arm_m3_TaskSupport_stackAlignment__C)
                  00007e1c    00000004     empty_pem4f.oem4f (.const:ti_sysbios_family_arm_msp432_Timer_numTimerDevices__C)
                  00007e20    00000004     empty_pem4f.oem4f (.const:ti_sysbios_family_arm_msp432_Timer_startupNeeded__C)
                  00007e24    00000004     empty_pem4f.oem4f (.const:ti_sysbios_gates_GateMutex_A_badContext__C)
                  00007e28    00000004     empty_pem4f.oem4f (.const:ti_sysbios_gates_GateMutex_Instance_State_sem__O)
                  00007e2c    00000004     empty_pem4f.oem4f (.const:ti_sysbios_gates_GateMutex_Module__diagsEnabled__C)
                  00007e30    00000004     empty_pem4f.oem4f (.const:ti_sysbios_gates_GateMutex_Module__diagsIncluded__C)
                  00007e34    00000004     empty_pem4f.oem4f (.const:ti_sysbios_gates_GateMutex_Module__diagsMask__C)
                  00007e38    00000004     empty_pem4f.oem4f (.const:ti_sysbios_hal_Hwi_E_stackOverflow__C)
                  00007e3c    00000004     empty_pem4f.oem4f (.const:ti_sysbios_heaps_HeapMem_A_align__C)
                  00007e40    00000004     empty_pem4f.oem4f (.const:ti_sysbios_heaps_HeapMem_A_heapSize__C)
                  00007e44    00000004     empty_pem4f.oem4f (.const:ti_sysbios_heaps_HeapMem_A_invalidFree__C)
                  00007e48    00000004     empty_pem4f.oem4f (.const:ti_sysbios_heaps_HeapMem_A_zeroBlock__C)
                  00007e4c    00000004     empty_pem4f.oem4f (.const:ti_sysbios_heaps_HeapMem_E_memory__C)
                  00007e50    00000004     empty_pem4f.oem4f (.const:ti_sysbios_heaps_HeapMem_Module__diagsEnabled__C)
                  00007e54    00000004     empty_pem4f.oem4f (.const:ti_sysbios_heaps_HeapMem_Module__diagsIncluded__C)
                  00007e58    00000004     empty_pem4f.oem4f (.const:ti_sysbios_heaps_HeapMem_Module__diagsMask__C)
                  00007e5c    00000004     empty_pem4f.oem4f (.const:ti_sysbios_heaps_HeapMem_Module__gateObj__C)
                  00007e60    00000004     empty_pem4f.oem4f (.const:ti_sysbios_heaps_HeapMem_Object__count__C)
                  00007e64    00000004     empty_pem4f.oem4f (.const:ti_sysbios_heaps_HeapMem_reqAlign__C)
                  00007e68    00000004     empty_pem4f.oem4f (.const:ti_sysbios_knl_Clock_Module_State_clockQ__O)
                  00007e6c    00000004     empty_pem4f.oem4f (.const:ti_sysbios_knl_Semaphore_A_badContext__C)
                  00007e70    00000004     empty_pem4f.oem4f (.const:ti_sysbios_knl_Semaphore_A_noEvents__C)
                  00007e74    00000004     empty_pem4f.oem4f (.const:ti_sysbios_knl_Semaphore_A_overflow__C)
                  00007e78    00000004     empty_pem4f.oem4f (.const:ti_sysbios_knl_Semaphore_A_pendTaskDisabled__C)
                  00007e7c    00000004     empty_pem4f.oem4f (.const:ti_sysbios_knl_Semaphore_Instance_State_pendQ__O)
                  00007e80    00000004     empty_pem4f.oem4f (.const:ti_sysbios_knl_Semaphore_Module__diagsEnabled__C)
                  00007e84    00000004     empty_pem4f.oem4f (.const:ti_sysbios_knl_Semaphore_Module__diagsIncluded__C)
                  00007e88    00000004     empty_pem4f.oem4f (.const:ti_sysbios_knl_Semaphore_Module__diagsMask__C)
                  00007e8c    00000004     empty_pem4f.oem4f (.const:ti_sysbios_knl_Swi_Object__count__C)
                  00007e90    00000004     empty_pem4f.oem4f (.const:ti_sysbios_knl_Task_A_badPriority__C)
                  00007e94    00000004     empty_pem4f.oem4f (.const:ti_sysbios_knl_Task_A_badTaskState__C)
                  00007e98    00000004     empty_pem4f.oem4f (.const:ti_sysbios_knl_Task_A_badThreadType__C)
                  00007e9c    00000004     empty_pem4f.oem4f (.const:ti_sysbios_knl_Task_A_badTimeout__C)
                  00007ea0    00000004     empty_pem4f.oem4f (.const:ti_sysbios_knl_Task_A_noPendElem__C)
                  00007ea4    00000004     empty_pem4f.oem4f (.const:ti_sysbios_knl_Task_A_sleepTaskDisabled__C)
                  00007ea8    00000004     empty_pem4f.oem4f (.const:ti_sysbios_knl_Task_E_spOutOfBounds__C)
                  00007eac    00000004     empty_pem4f.oem4f (.const:ti_sysbios_knl_Task_E_stackOverflow__C)
                  00007eb0    00000004     empty_pem4f.oem4f (.const:ti_sysbios_knl_Task_Module_State_inactiveQ__O)
                  00007eb4    00000004     empty_pem4f.oem4f (.const:ti_sysbios_knl_Task_Module__diagsEnabled__C)
                  00007eb8    00000004     empty_pem4f.oem4f (.const:ti_sysbios_knl_Task_Module__diagsIncluded__C)
                  00007ebc    00000004     empty_pem4f.oem4f (.const:ti_sysbios_knl_Task_Module__diagsMask__C)
                  00007ec0    00000004     empty_pem4f.oem4f (.const:ti_sysbios_knl_Task_Object__count__C)
                  00007ec4    00000004     empty_pem4f.oem4f (.const:ti_sysbios_knl_Task_allBlockedFunc__C)
                  00007ec8    00000004     empty_pem4f.oem4f (.const:ti_sysbios_knl_Task_defaultStackHeap__C)
                  00007ecc    00000004     empty_pem4f.oem4f (.const:ti_sysbios_knl_Task_defaultStackSize__C)
                  00007ed0    00000004     empty_pem4f.oem4f (.const:ti_sysbios_knl_Task_numConstructedTasks__C)
                  00007ed4    00000004     empty_pem4f.oem4f (.const:xdc_runtime_Assert_E_assertFailed__C)
                  00007ed8    00000004     empty_pem4f.oem4f (.const:xdc_runtime_Core_A_initializedParams__C)
                  00007edc    00000004     empty_pem4f.oem4f (.const:xdc_runtime_Core_Module__diagsEnabled__C)
                  00007ee0    00000004     empty_pem4f.oem4f (.const:xdc_runtime_Core_Module__diagsIncluded__C)
                  00007ee4    00000004     empty_pem4f.oem4f (.const:xdc_runtime_Core_Module__diagsMask__C)
                  00007ee8    00000004     empty_pem4f.oem4f (.const:xdc_runtime_Error_E_memory__C)
                  00007eec    00000004     empty_pem4f.oem4f (.const:xdc_runtime_Error_Module__diagsEnabled__C)
                  00007ef0    00000004     empty_pem4f.oem4f (.const:xdc_runtime_Error_Module__diagsIncluded__C)
                  00007ef4    00000004     empty_pem4f.oem4f (.const:xdc_runtime_Error_Module__diagsMask__C)
                  00007ef8    00000004     empty_pem4f.oem4f (.const:xdc_runtime_Error_Module__loggerFxn8__C)
                  00007efc    00000004     empty_pem4f.oem4f (.const:xdc_runtime_Error_Module__loggerObj__C)
                  00007f00    00000004     empty_pem4f.oem4f (.const:xdc_runtime_Error_policyFxn__C)
                  00007f04    00000004     empty_pem4f.oem4f (.const:xdc_runtime_Error_raiseHook__C)
                  00007f08    00000004     empty_pem4f.oem4f (.const:xdc_runtime_IGateProvider_Interface__BASE__C)
                  00007f0c    00000004     empty_pem4f.oem4f (.const:xdc_runtime_IHeap_Interface__BASE__C)
                  00007f10    00000004     empty_pem4f.oem4f (.const:xdc_runtime_IModule_Interface__BASE__C)
                  00007f14    00000004     empty_pem4f.oem4f (.const:xdc_runtime_Log_L_error__C)
                  00007f18    00000004     empty_pem4f.oem4f (.const:xdc_runtime_Memory_defaultHeapInstance__C)
                  00007f1c    00000004     empty_pem4f.oem4f (.const:xdc_runtime_Startup_execImpl__C)
                  00007f20    00000004     empty_pem4f.oem4f (.const:xdc_runtime_Startup_maxPasses__C)
                  00007f24    00000004     empty_pem4f.oem4f (.const:xdc_runtime_Startup_sfxnRts__C)
                  00007f28    00000004     empty_pem4f.oem4f (.const:xdc_runtime_Startup_sfxnTab__C)
                  00007f2c    00000004     empty_pem4f.oem4f (.const:xdc_runtime_SysMin_bufSize__C)
                  00007f30    00000004     empty_pem4f.oem4f (.const:xdc_runtime_SysMin_outputFunc__C)
                  00007f34    00000004     empty_pem4f.oem4f (.const:xdc_runtime_System_Module__gateObj__C)
                  00007f38    00000004     empty_pem4f.oem4f (.const:xdc_runtime_System_abortFxn__C)
                  00007f3c    00000004     empty_pem4f.oem4f (.const:xdc_runtime_System_exitFxn__C)
                  00007f40    00000004     empty_pem4f.oem4f (.const:xdc_runtime_System_extendFxn__C)
                  00007f44    00000004     empty_pem4f.oem4f (.const:xdc_runtime_System_maxAtexitHandlers__C)
                  00007f48    00000004     empty_pem4f.oem4f (.const:xdc_runtime_Text_charTab__C)
                  00007f4c    00000004     empty_pem4f.oem4f (.const:xdc_runtime_Text_nameEmpty__C)
                  00007f50    00000004     empty_pem4f.oem4f (.const:xdc_runtime_Text_nameStatic__C)
                  00007f54    00000004     empty_pem4f.oem4f (.const:xdc_runtime_Text_nameUnknown__C)
                  00007f58    00000004     empty_pem4f.oem4f (.const:xdc_runtime_Text_nodeTab__C)
                  00007f5c    00000004     empty_pem4f.oem4f (.const:xdc_runtime_Text_visitRopeFxn__C)
                  00007f60    00000002     empty_pem4f.oem4f (.const:ti_sysbios_gates_GateMutex_Module__id__C)
                  00007f62    00000002     empty_pem4f.oem4f (.const:ti_sysbios_hal_Hwi_Module__id__C)
                  00007f64    00000002     empty_pem4f.oem4f (.const:ti_sysbios_heaps_HeapMem_Module__id__C)
                  00007f66    00000002     empty_pem4f.oem4f (.const:ti_sysbios_knl_Semaphore_Module__id__C)
                  00007f68    00000002     empty_pem4f.oem4f (.const:ti_sysbios_knl_Task_Module__id__C)
                  00007f6a    00000002     empty_pem4f.oem4f (.const:xdc_runtime_Core_Module__id__C)
                  00007f6c    00000002     empty_pem4f.oem4f (.const:xdc_runtime_Error_Module__loggerDefined__C)
                  00007f6e    00000002     empty_pem4f.oem4f (.const:xdc_runtime_Error_maxDepth__C)
                  00007f70    00000002     empty_pem4f.oem4f (.const:xdc_runtime_Memory_Module__id__C)
                  00007f72    00000002     empty_pem4f.oem4f (.const:xdc_runtime_SysMin_flushAtExit__C)
                  00007f74    00000002     empty_pem4f.oem4f (.const:xdc_runtime_Text_charCnt__C)
                  00007f76    00000002     empty_pem4f.oem4f (.const:xdc_runtime_Text_isLoaded__C)
                  00007f78    00000002     empty_pem4f.oem4f (.const:xdc_runtime_Text_registryModsLastId__C)
                  00007f7a    00000002     empty_pem4f.oem4f (.const:xdc_runtime_Text_unnamedModsLastId__C)
                  00007f7c    00000001     empty_pem4f.oem4f (.const:xdc_runtime_Error_policy__C)

.cinit     0    00007f80    00000458     
                  00007f80    00000423     (.cinit..data.load) [load image, compression = rle]
                  000083a3    00000001     --HOLE-- [fill = 0]
                  000083a4    0000000c     (__TI_handler_table)
                  000083b0    00000008     (.cinit..bss.load) [load image, compression = zero_init]
                  000083b8    00000008     (.cinit..vecs.load) [load image, compression = zero_init]
                  000083c0    00000018     (__TI_cinit_table)

.resetVecs 
*          0    00000000    0000003c     
                  00000000    0000003c     empty_pem4f.oem4f (.resetVecs)

.vecs      0    20000000    00000140     UNINITIALIZED
                  20000000    00000140     empty_pem4f.oem4f (.vecs)

.bss       0    20000140    00000b68     UNINITIALIZED
                  20000140    00000400     empty_pem4f.oem4f (.bss:ti_sysbios_heaps_HeapMem_Instance_State_0_buf__A)
                  20000540    00000200     empty.obj (.bss:task0Stack)
                  20000740    00000200     empty_pem4f.oem4f (.bss:taskStackSection)
                  20000940    00000140     empty_pem4f.oem4f (.bss:ti_sysbios_family_arm_m3_Hwi_dispatchTable)
                  20000a80    00000120     rtsv7M4_T_le_v4SPD16_eabi.lib : trgmsg.obj (.bss:__CIOBUF_)
                  20000ba0    00000080     empty_pem4f.oem4f (.bss:xdc_runtime_SysMin_Module_State_0_outbuf__A)
                  20000c20    00000050     empty.obj (.bss:task0Struct)
                  20000c70    00000030     drivers_MSP432P401R.aem4f : GPIOMSP432.oem4f (.bss:gpioCallbackInfo)
                  20000ca0    00000008     (.common:parmbuf)

.TI.noinit 
*          0    20000140    00000000     UNINITIALIZED

.data      0    20000ca8    00000599     UNINITIALIZED
                  20000ca8    00000138     empty_pem4f.oem4f (.data)
                  20000de0    0000009c     drivers_MSP432P401R.aem4f : PowerMSP432.oem4f (.data:PowerMSP432_perfLevels)
                  20000e7c    00000080     empty_pem4f.oem4f (.data:ti_sysbios_knl_Swi_Module_State_0_readyQ__A)
                  20000efc    00000080     empty_pem4f.oem4f (.data:ti_sysbios_knl_Task_Module_State_0_readyQ__A)
                  20000f7c    0000004c     empty_pem4f.oem4f (.data:ti_sysbios_family_arm_msp432_Timer_Object__table__V)
                  20000fc8    0000004c     empty_pem4f.oem4f (.data:ti_sysbios_knl_Task_Object__table__V)
                  20001014    00000048     empty_pem4f.oem4f (.data:ti_sysbios_family_arm_m3_Hwi_Object__table__V)
                  2000105c    00000044     empty_pem4f.oem4f (.data:ti_sysbios_knl_Task_Module__state__V)
                  200010a0    00000038     empty_pem4f.oem4f (.data:ti_sysbios_gates_GateMutex_Object__table__V)
                  200010d8    00000034     empty_pem4f.oem4f (.data:ti_sysbios_family_arm_m3_Hwi_Module__state__V)
                  2000110c    00000030     drivers_MSP432P401R.aem4f : GPIOMSP432.oem4f (.data:GPIO_PORT_TO_BASE)
                  2000113c    00000030     msp432p4xx_driverlib.lib : gpio.o (.data:GPIO_PORT_TO_BASE)
                  2000116c    00000030     empty_pem4f.oem4f (.data:ti_sysbios_knl_Swi_Object__table__V)
                  2000119c    0000002c     empty_pem4f.oem4f (.data:ti_sysbios_knl_Clock_Module__state__V)
                  200011c8    00000024     drivers_MSP432P401R.aem4f : PowerMSP432.oem4f (.data:PowerMSP432_module)
                  200011ec    00000024     empty_pem4f.oem4f (.data:ti_sysbios_BIOS_Module__state__V)
                  20001210    0000001c     MSP_EXP432P401R.obj (.data)
                  2000122c    00000008     rtsv7M4_T_le_v4SPD16_eabi.lib : _lock.obj (.data)
                  20001234    00000008                                   : exit.obj (.data)
                  2000123c    00000004                                   : stkdepth_vars.obj (.data)
                  20001240    00000001     drivers_MSP432P401R.aem4f : GPIOMSP432.oem4f (.data)

.TI.persistent 
*          0    20000ca8    00000000     UNINITIALIZED

.stack     0    2000fd00    00000300     UNINITIALIZED
                  2000fd00    00000300     --HOLE--

.bootVecs 
*          0    00000000    00000008     DSECT
                  00000000    00000008     boot.aem4f : boot.oem4f (.bootVecs)

xdc.meta   0    00000000    000000ea     COPY SECTION
                  00000000    000000ea     empty_pem4f.oem4f (xdc.meta)


LINKER GENERATED COPY TABLES

__TI_cinit_table @ 000083c0 records: 3, size/record: 8, table size: 24
	.data: load addr=00007f80, load size=00000423 bytes, run addr=20000ca8, run size=00000599 bytes, compression=rle
	.bss: load addr=000083b0, load size=00000008 bytes, run addr=20000140, run size=00000b68 bytes, compression=zero_init
	.vecs: load addr=000083b8, load size=00000008 bytes, run addr=20000000, run size=00000140 bytes, compression=zero_init


LINKER GENERATED HANDLER TABLE

__TI_handler_table @ 000083a4 records: 3, size/record: 4, table size: 12
	index: 0, handler: __TI_decompress_rle24
	index: 1, handler: __TI_decompress_none
	index: 2, handler: __TI_zero_init


GLOBAL SYMBOLS: SORTED ALPHABETICALLY BY Name 

address   name                                                        
-------   ----                                                        
00004211  ADC14_IRQHandler                                            
00005e85  ADC14_enableModule                                          
00005bfd  ADC14_getResult                                             
00004b29  C$$EXIT                                                     
00003da7  C$$IO$$                                                     
00006013  CPU_cpsid                                                   
0000601f  CPU_cpsie                                                   
00000d3d  CPU_wfi                                                     
00002af5  CS_initClockSignal                                          
00005685  CS_setDCOCenteredFrequency                                  
0000492d  EUSCIA0_IRQHandler                                          
00004cc9  FlashCtl_disableReadBuffering                               
00004fe9  FlashCtl_enableReadBuffering                                
00005595  FlashCtl_setWaitState                                       
00007d60  GPIOMSP432_config                                           
00005c15  GPIO_clearInterruptFlag                                     
00005195  GPIO_getEnabledInterruptStatus_WA                           
00005e95  GPIO_getInterruptStatus                                     
00004371  GPIO_hwiIntFxn                                              
00003fd9  GPIO_init                                                   
000058a5  GPIO_interruptEdgeSelect                                    
00005409  GPIO_setAsInputPin                                          
000051c5  GPIO_setAsInputPinWithPullDownResistor                      
000051f5  GPIO_setAsInputPinWithPullUpResistor                        
000056a9  GPIO_setAsOutputPin                                         
00004975  GPIO_setAsPeripheralModuleFunctionInputPin                  
000043c5  GPIO_setCallback                                            
000020a9  GPIO_setConfig                                              
00005d95  GPIO_setDriveStrengthHigh                                   
00005c2d  GPIO_setDriveStrengthLow                                    
00005da9  GPIO_setOutputHighOnPin                                     
00005c45  GPIO_setOutputLowOnPin                                      
0000456d  GPIO_write                                                  
00000a49  HOSTclock                                                   
00000a11  HOSTclose                                                   
000009d3  HOSTgetenv                                                  
00000977  HOSTlseek                                                   
00000925  HOSTopen                                                    
000008d9  HOSTread                                                    
0000087b  HOSTrename                                                  
00000841  HOSTtime                                                    
00000809  HOSTunlink                                                  
000007bd  HOSTwrite                                                   
00005fb9  HwiP_Params_init                                            
00003f15  HwiP_create                                                 
00000f95  HwiP_disable                                                
00006151  HwiP_restore                                                
00005ea5  Interrupt_disableMaster                                     
00003e49  Interrupt_enableInterrupt                                   
0000140d  List_head                                                   
0000160d  List_next                                                   
00006113  MSP_EXP432P401R_initGPIO                                    
0000611b  MSP_EXP432P401R_initGeneral                                 
00005435  PCM_getCoreVoltageLevel                                     
00005541  PCM_getPowerMode                                            
0000602d  PCM_getPowerState                                           
000055bd  PCM_gotoLPM0                                                
0000397d  PCM_gotoLPM3                                                
00005eb5  PCM_gotoLPM4                                                
00006123  PCM_setPowerMode                                            
0000612b  PCM_setPowerState                                           
000045bd  PCM_shutdownDevice                                          
00007d74  PowerMSP432_config                                          
0000373f  PowerMSP432_initPolicy                                      
200011c8  PowerMSP432_module                                          
20000de0  PowerMSP432_perfLevels                                      
0000460d  PowerMSP432_sleepPolicy                                     
00005461  PowerMSP432_updateFreqs                                     
00006039  Power_getConstraintMask                                     
000058c5  Power_idleFunc                                              
00004e09  Power_init                                                  
0000272d  Power_sleep                                                 
000056cd  RTC_C_holdClock                                             
000056f1  RTC_C_startClock                                            
UNDEFED   SHT$$INIT_ARRAY$$Base                                       
UNDEFED   SHT$$INIT_ARRAY$$Limit                                      
000060f5  Timer32_enableInterrupt                                     
000049bd  Timer32_initModule                                          
00005715  Timer32_setCount                                            
000058e5  Timer32_startTimer                                          
4000480c  WDTCTL_SYM                                                  
00005c5d  WDT_A_holdTimer                                             
00005dbd  WDT_A_startTimer                                            
00000000  __ASM__                                                     
20000a80  __CIOBUF_                                                   
00000066  __ISA__                                                     
00000079  __PLAT__                                                    
20010000  __STACK_END                                                 
00000300  __STACK_SIZE                                                
0000009c  __TARG__                                                    
000083c0  __TI_CINIT_Base                                             
000083d8  __TI_CINIT_Limit                                            
000083a4  __TI_Handler_Table_Base                                     
000083b0  __TI_Handler_Table_Limit                                    
00003389  __TI_auto_init                                              
20001234  __TI_cleanup_ptr                                            
00005fc7  __TI_decompress_none                                        
00005fe3  __TI_decompress_rle24                                       
20001238  __TI_dtors_ptr                                              
00003dab  __TI_readmsg                                                
00007f80  __TI_static_base__                                          
00003d79  __TI_writemsg                                               
00006045  __TI_zero_init                                              
000000c2  __TRDR__                                                    
00003a73  __aeabi_idiv0                                               
000039f9  __aeabi_memclr                                              
000039f9  __aeabi_memclr4                                             
000039f9  __aeabi_memclr8                                             
000034c9  __aeabi_memcpy                                              
000034c9  __aeabi_memcpy4                                             
000034c9  __aeabi_memcpy8                                             
000039fb  __aeabi_memset                                              
000039fb  __aeabi_memset4                                             
000039fb  __aeabi_memset8                                             
00004d49  __aeabi_uidiv                                               
00004d49  __aeabi_uidivmod                                            
ffffffff  __binit__                                                   
ffffffff  __c_args__                                                  
2000fd00  __stack                                                     
00003ae3  __xdc__init                                                 
20000ddc  __xdc__init__addr                                           
00005c75  _args_main                                                  
00004269  _c_int00                                                    
2000122c  _lock                                                       
00005ddf  _nop                                                        
00005dd7  _register_lock                                              
00005dd1  _register_unlock                                            
20001230  _unlock                                                     
00004b2d  abort                                                       
ffffffff  binit                                                       
00004751  copy_in                                                     
00004b35  exit                                                        
20001224  gpioCallbackFunctions                                       
20001214  gpioPinConfigs                                              
00005fd5  heartBeatFxn                                                
00002bd5  initADC                                                     
0000501d  initClocks                                                  
00002cb5  main                                                        
2000123c  main_func_sp                                                
000034c9  memcpy                                                      
00003a01  memset                                                      
00005f59  osi_TaskDisable                                             
00005ee9  osi_start                                                   
00005de5  strcpy                                                      
00005df9  strlen                                                      
20000540  task0Stack                                                  
20000c20  task0Struct                                                 
200011ec  ti_sysbios_BIOS_Module__state__V                            
00005b61  ti_sysbios_BIOS_RtsGateProxy_Handle__label__S               
000057ed  ti_sysbios_BIOS_RtsGateProxy_Object__delete__S              
00001ca5  ti_sysbios_BIOS_RtsGateProxy_enter__E                       
00002a05  ti_sysbios_BIOS_RtsGateProxy_leave__E                       
00006181  ti_sysbios_BIOS_RtsGateProxy_query__E                       
00005225  ti_sysbios_BIOS_atExitFunc__I                               
00005739  ti_sysbios_BIOS_errorRaiseHook__I                           
00005d69  ti_sysbios_BIOS_exitFunc__I                                 
00003d77  ti_sysbios_BIOS_nullFunc__I                                 
0000575d  ti_sysbios_BIOS_registerRTSLock__I                          
00005781  ti_sysbios_BIOS_removeRTSLock__I                            
00005905  ti_sysbios_BIOS_rtsLock__I                                  
00005c8d  ti_sysbios_BIOS_rtsUnlock__I                                
00005ec9  ti_sysbios_BIOS_setCpuFreq__E                               
00005ed9  ti_sysbios_BIOS_setThreadType__E                            
000057a5  ti_sysbios_BIOS_startFunc__I                                
00005ee9  ti_sysbios_BIOS_start__E                                    
00007dd4  ti_sysbios_family_arm_m3_Hwi_E_NMI__C                       
00007dd8  ti_sysbios_family_arm_m3_Hwi_E_alreadyDefined__C            
00007ddc  ti_sysbios_family_arm_m3_Hwi_E_busFault__C                  
00007de0  ti_sysbios_family_arm_m3_Hwi_E_debugMon__C                  
00007de4  ti_sysbios_family_arm_m3_Hwi_E_hardFault__C                 
00007de8  ti_sysbios_family_arm_m3_Hwi_E_memFault__C                  
00007dec  ti_sysbios_family_arm_m3_Hwi_E_noIsr__C                     
00007df0  ti_sysbios_family_arm_m3_Hwi_E_reserved__C                  
00007df4  ti_sysbios_family_arm_m3_Hwi_E_svCall__C                    
00007df8  ti_sysbios_family_arm_m3_Hwi_E_usageFault__C                
00005b2d  ti_sysbios_family_arm_m3_Hwi_Handle__label__S               
00005051  ti_sysbios_family_arm_m3_Hwi_Instance_finalize__E           
00003741  ti_sysbios_family_arm_m3_Hwi_Instance_init__E               
20000cb0  ti_sysbios_family_arm_m3_Hwi_Module_State_0_excActive__A    
20000cb4  ti_sysbios_family_arm_m3_Hwi_Module_State_0_excContext__A   
20000cb8  ti_sysbios_family_arm_m3_Hwi_Module_State_0_excStack__A     
000079ea  ti_sysbios_family_arm_m3_Hwi_Module__id__C                  
20000ca8  ti_sysbios_family_arm_m3_Hwi_Module__root__V                
00005ca5  ti_sysbios_family_arm_m3_Hwi_Module__startupDone__F         
00005ca5  ti_sysbios_family_arm_m3_Hwi_Module__startupDone__S         
200010d8  ti_sysbios_family_arm_m3_Hwi_Module__state__V               
00004661  ti_sysbios_family_arm_m3_Hwi_Module_startup__E              
00007dfc  ti_sysbios_family_arm_m3_Hwi_NUM_INTERRUPTS__C              
00007c18  ti_sysbios_family_arm_m3_Hwi_Object__DESC__C                
00007b30  ti_sysbios_family_arm_m3_Hwi_Object__PARAMS__C              
00007e00  ti_sysbios_family_arm_m3_Hwi_Object__count__C               
00005e0d  ti_sysbios_family_arm_m3_Hwi_Object__get__S                 
20001014  ti_sysbios_family_arm_m3_Hwi_Object__table__V               
00006051  ti_sysbios_family_arm_m3_Hwi_Params__init__S                
00007e04  ti_sysbios_family_arm_m3_Hwi_ccr__C                         
000042c1  ti_sysbios_family_arm_m3_Hwi_construct                      
00006061  ti_sysbios_family_arm_m3_Hwi_disableFxn__E                  
00004a09  ti_sysbios_family_arm_m3_Hwi_disableInterrupt__E            
00003eb1  ti_sysbios_family_arm_m3_Hwi_dispatchC__I                   
20000940  ti_sysbios_family_arm_m3_Hwi_dispatchTable                  
00002821  ti_sysbios_family_arm_m3_Hwi_dispatch__I                    
00006139  ti_sysbios_family_arm_m3_Hwi_doSwiRestore__I                
00006149  ti_sysbios_family_arm_m3_Hwi_doTaskRestore__I               
00004a51  ti_sysbios_family_arm_m3_Hwi_enableInterrupt__E             
00001b31  ti_sysbios_family_arm_m3_Hwi_excBusFault__I                 
00002f41  ti_sysbios_family_arm_m3_Hwi_excDebugMon__I                 
00000041  ti_sysbios_family_arm_m3_Hwi_excDumpRegs__I                 
00005925  ti_sysbios_family_arm_m3_Hwi_excHandlerAsm__I               
00007e08  ti_sysbios_family_arm_m3_Hwi_excHandlerFunc__C              
00001411  ti_sysbios_family_arm_m3_Hwi_excHandlerMax__I               
00005949  ti_sysbios_family_arm_m3_Hwi_excHandler__I                  
00003001  ti_sysbios_family_arm_m3_Hwi_excHardFault__I                
00007dac  ti_sysbios_family_arm_m3_Hwi_excHookFuncs__A                
00007e0c  ti_sysbios_family_arm_m3_Hwi_excHookFuncs__C                
00001f61  ti_sysbios_family_arm_m3_Hwi_excMemFault__I                 
00005089  ti_sysbios_family_arm_m3_Hwi_excNmi__I                      
00004f09  ti_sysbios_family_arm_m3_Hwi_excNoIsr__I                    
00004a99  ti_sysbios_family_arm_m3_Hwi_excReserved__I                 
00004e49  ti_sysbios_family_arm_m3_Hwi_excSvCall__I                   
00001ca9  ti_sysbios_family_arm_m3_Hwi_excUsageFault__I               
00004b71  ti_sysbios_family_arm_m3_Hwi_getStackInfo__E                
000037d9  ti_sysbios_family_arm_m3_Hwi_initNVIC__E                    
00004319  ti_sysbios_family_arm_m3_Hwi_initStacks__E                  
00007e10  ti_sysbios_family_arm_m3_Hwi_nullIsrFunc__C                 
e000e000  ti_sysbios_family_arm_m3_Hwi_nvic                           
00005639  ti_sysbios_family_arm_m3_Hwi_pendSV__I                      
000038f9  ti_sysbios_family_arm_m3_Hwi_postInit__I                    
00007e14  ti_sysbios_family_arm_m3_Hwi_priGroup__C                    
20000000  ti_sysbios_family_arm_m3_Hwi_ramVectors                     
00000000  ti_sysbios_family_arm_m3_Hwi_resetVectors                   
00006151  ti_sysbios_family_arm_m3_Hwi_restoreFxn__E                  
0000565d  ti_sysbios_family_arm_m3_Hwi_return                         
00006141  ti_sysbios_family_arm_m3_Hwi_startup__E                     
00005e21  ti_sysbios_family_arm_m3_Hwi_switchFromBootStack__E         
00002f3d  ti_sysbios_family_arm_m3_TaskSupport_Module__startupDone__S 
0000386d  ti_sysbios_family_arm_m3_TaskSupport_buildTaskStack         
00006071  ti_sysbios_family_arm_m3_TaskSupport_checkStack__E          
00006081  ti_sysbios_family_arm_m3_TaskSupport_getStackAlignment__E   
00005ef9  ti_sysbios_family_arm_m3_TaskSupport_glue                   
00007e18  ti_sysbios_family_arm_m3_TaskSupport_stackAlignment__C      
00005259  ti_sysbios_family_arm_m3_TaskSupport_start__E               
00005cbd  ti_sysbios_family_arm_m3_TaskSupport_swap__E                
20000cbc  ti_sysbios_family_arm_msp432_ClockFreqs_Module__state__V    
000057c9  ti_sysbios_family_arm_msp432_ClockFreqs_setFrequency__E     
20000cd0  ti_sysbios_family_arm_msp432_Timer_Module_State_0_device__A 
20000cf0  ti_sysbios_family_arm_msp432_Timer_Module_State_0_handles__A
20000cc8  ti_sysbios_family_arm_msp432_Timer_Module__root__V          
00005cd5  ti_sysbios_family_arm_msp432_Timer_Module__startupDone__F   
00005cd5  ti_sysbios_family_arm_msp432_Timer_Module__startupDone__S   
20000d00  ti_sysbios_family_arm_msp432_Timer_Module__state__V         
00004d89  ti_sysbios_family_arm_msp432_Timer_Module_startup__E        
20000f7c  ti_sysbios_family_arm_msp432_Timer_Object__table__V         
00006091  ti_sysbios_family_arm_msp432_Timer_getMaxTicks__E           
00004419  ti_sysbios_family_arm_msp432_Timer_initDevice__I            
00007e1c  ti_sysbios_family_arm_msp432_Timer_numTimerDevices__C       
000032e1  ti_sysbios_family_arm_msp432_Timer_periodicStub__E          
000047a1  ti_sysbios_family_arm_msp432_Timer_postInit__I              
000047f1  ti_sysbios_family_arm_msp432_Timer_start__E                 
00007e20  ti_sysbios_family_arm_msp432_Timer_startupNeeded__C         
00004dc9  ti_sysbios_family_arm_msp432_Timer_startup__E               
00004471  ti_sysbios_family_arm_msp432_init_Boot_configureClocksHigh  
00005f09  ti_sysbios_family_arm_msp432_init_Boot_disableWatchdog      
[...]
00005f69  xdc_runtime_Gate_leaveSystem__E                             
00005f79  xdc_runtime_Memory_free__E                                  
00005f89  xdc_runtime_SysMin_ready__E                                 
00005f89  xdc_runtime_System_SupportProxy_ready__E                    
00005f99  xdc_runtime_System_vsnprintf__E                             
00005fa9  xdc_runtime_Text_visitRope__I                               
00005fb9  HwiP_Params_init                                            
00005fc7  __TI_decompress_none                                        
00005fd5  heartBeatFxn                                                
00005fe3  __TI_decompress_rle24                                       
00005fe9  ti_sysbios_knl_Idle_loop__E                                 
00005ff9  ti_sysbios_knl_Queue_empty__E                               
00006007  ti_sysbios_family_arm_msp432_init_Boot_init__I              
00006007  xdc_runtime_Startup_reset__I                                
00006013  CPU_cpsid                                                   
0000601f  CPU_cpsie                                                   
0000602d  PCM_getPowerState                                           
00006039  Power_getConstraintMask                                     
00006045  __TI_zero_init                                              
00006051  ti_sysbios_family_arm_m3_Hwi_Params__init__S                
00006051  ti_sysbios_hal_Hwi_HwiProxy_Params__init__S                 
00006061  ti_sysbios_family_arm_m3_Hwi_disableFxn__E                  
00006061  ti_sysbios_hal_Hwi_HwiProxy_disable__E                      
00006071  ti_sysbios_family_arm_m3_TaskSupport_checkStack__E          
00006071  ti_sysbios_knl_Task_SupportProxy_checkStack__E              
00006081  ti_sysbios_family_arm_m3_TaskSupport_getStackAlignment__E   
00006081  ti_sysbios_knl_Task_SupportProxy_getStackAlignment__E       
00006091  ti_sysbios_family_arm_msp432_Timer_getMaxTicks__E           
000060a1  ti_sysbios_gates_GateHwi_enter__E                           
000060ad  ti_sysbios_knl_Queue_Object__get__S                         
000060b9  ti_sysbios_knl_Task_Params__init__S                         
000060c5  xdc_runtime_Error_init__E                                   
000060d1  xdc_runtime_Gate_enterSystem__E                             
000060dd  xdc_runtime_Memory_calloc__E                                
000060e9  xdc_runtime_Memory_getMaxDefaultTypeAlign__E                
000060f5  Timer32_enableInterrupt                                     
000060ff  xdc_runtime_Memory_HeapProxy_alloc__E                       
00006109  xdc_runtime_Memory_HeapProxy_free__E                        
00006113  MSP_EXP432P401R_initGPIO                                    
0000611b  MSP_EXP432P401R_initGeneral                                 
00006123  PCM_setPowerMode                                            
0000612b  PCM_setPowerState                                           
00006133  xdc_runtime_System_Module_startup__E                        
00006139  ti_sysbios_family_arm_m3_Hwi_doSwiRestore__I                
00006141  ti_sysbios_family_arm_m3_Hwi_startup__E                     
00006141  ti_sysbios_hal_Hwi_HwiProxy_startup__E                      
00006149  ti_sysbios_family_arm_m3_Hwi_doTaskRestore__I               
00006151  HwiP_restore                                                
00006151  ti_sysbios_family_arm_m3_Hwi_restoreFxn__E                  
00006151  ti_sysbios_hal_Hwi_HwiProxy_restore__E                      
00006159  ti_sysbios_gates_GateHwi_leave__E                           
00006161  ti_sysbios_heaps_HeapMem_isBlocking__E                      
00006169  ti_sysbios_knl_Queue_Instance_init__E                       
00006171  ti_sysbios_knl_Swi_startup__E                               
00006179  ti_sysbios_gates_GateHwi_query__E                           
00006179  xdc_runtime_Main_Module_GateProxy_query__E                  
00006179  xdc_runtime_System_Module_GateProxy_query__E                
00006181  ti_sysbios_BIOS_RtsGateProxy_query__E                       
00006181  ti_sysbios_gates_GateMutex_query__E                         
00006181  ti_sysbios_heaps_HeapMem_Module_GateProxy_query__E          
00006189  ti_sysbios_knl_Task_startup__E                              
00006191  ti_sysbios_gates_GateHwi_Instance_init__E                   
00006199  ti_sysbios_knl_Clock_logTick__E                             
0000619c  xdc_runtime_Text_charTab__A                                 
0000793a  xdc_runtime_Text_nodeTab__A                                 
000079ea  ti_sysbios_family_arm_m3_Hwi_Module__id__C                  
00007af4  ti_sysbios_knl_Task_Object__PARAMS__C                       
00007b30  ti_sysbios_family_arm_m3_Hwi_Object__PARAMS__C              
00007b60  ti_sysbios_heaps_HeapMem_Module__FXNS__C                    
00007b88  ti_sysbios_gates_GateHwi_Module__FXNS__C                    
00007bac  ti_sysbios_gates_GateMutex_Module__FXNS__C                  
00007bd0  ti_sysbios_heaps_HeapMem_Object__PARAMS__C                  
00007bf4  ti_sysbios_knl_Semaphore_Object__PARAMS__C                  
00007c18  ti_sysbios_family_arm_m3_Hwi_Object__DESC__C                
00007c38  ti_sysbios_gates_GateHwi_Object__DESC__C                    
00007c58  ti_sysbios_gates_GateMutex_Object__DESC__C                  
00007c78  ti_sysbios_heaps_HeapMem_Object__DESC__C                    
00007c98  ti_sysbios_knl_Queue_Object__DESC__C                        
00007cb8  ti_sysbios_knl_Semaphore_Object__DESC__C                    
00007cd8  ti_sysbios_knl_Task_Object__DESC__C                         
00007cf8  xdc_runtime_Startup_sfxnTab__A                              
00007d18  ti_sysbios_gates_GateHwi_Object__PARAMS__C                  
00007d30  ti_sysbios_gates_GateMutex_Object__PARAMS__C                
00007d48  ti_sysbios_knl_Queue_Object__PARAMS__C                      
00007d60  GPIOMSP432_config                                           
00007d74  PowerMSP432_config                                          
00007d84  xdc_runtime_Startup_sfxnRts__A                              
00007da0  xdc_runtime_Startup_firstFxns__A                            
00007dac  ti_sysbios_family_arm_m3_Hwi_excHookFuncs__A                
00007db4  ti_sysbios_knl_Idle_funcList__A                             
00007dbc  ti_sysbios_knl_Idle_funcList__C                             
00007dc4  xdc_runtime_Startup_firstFxns__C                            
00007dcc  xdc_runtime_Startup_lastFxns__C                             
00007dd4  ti_sysbios_family_arm_m3_Hwi_E_NMI__C                       
00007dd8  ti_sysbios_family_arm_m3_Hwi_E_alreadyDefined__C            
00007ddc  ti_sysbios_family_arm_m3_Hwi_E_busFault__C                  
00007de0  ti_sysbios_family_arm_m3_Hwi_E_debugMon__C                  
00007de4  ti_sysbios_family_arm_m3_Hwi_E_hardFault__C                 
00007de8  ti_sysbios_family_arm_m3_Hwi_E_memFault__C                  
00007dec  ti_sysbios_family_arm_m3_Hwi_E_noIsr__C                     
00007df0  ti_sysbios_family_arm_m3_Hwi_E_reserved__C                  
00007df4  ti_sysbios_family_arm_m3_Hwi_E_svCall__C                    
00007df8  ti_sysbios_family_arm_m3_Hwi_E_usageFault__C                
00007dfc  ti_sysbios_family_arm_m3_Hwi_NUM_INTERRUPTS__C              
00007e00  ti_sysbios_family_arm_m3_Hwi_Object__count__C               
00007e04  ti_sysbios_family_arm_m3_Hwi_ccr__C                         
00007e08  ti_sysbios_family_arm_m3_Hwi_excHandlerFunc__C              
00007e0c  ti_sysbios_family_arm_m3_Hwi_excHookFuncs__C                
00007e10  ti_sysbios_family_arm_m3_Hwi_nullIsrFunc__C                 
00007e14  ti_sysbios_family_arm_m3_Hwi_priGroup__C                    
00007e18  ti_sysbios_family_arm_m3_TaskSupport_stackAlignment__C      
00007e1c  ti_sysbios_family_arm_msp432_Timer_numTimerDevices__C       
00007e20  ti_sysbios_family_arm_msp432_Timer_startupNeeded__C         
00007e24  ti_sysbios_gates_GateMutex_A_badContext__C                  
00007e28  ti_sysbios_gates_GateMutex_Instance_State_sem__O            
00007e2c  ti_sysbios_gates_GateMutex_Module__diagsEnabled__C          
00007e30  ti_sysbios_gates_GateMutex_Module__diagsIncluded__C         
00007e34  ti_sysbios_gates_GateMutex_Module__diagsMask__C             
00007e38  ti_sysbios_hal_Hwi_E_stackOverflow__C                       
00007e3c  ti_sysbios_heaps_HeapMem_A_align__C                         
00007e40  ti_sysbios_heaps_HeapMem_A_heapSize__C                      
00007e44  ti_sysbios_heaps_HeapMem_A_invalidFree__C                   
00007e48  ti_sysbios_heaps_HeapMem_A_zeroBlock__C                     
00007e4c  ti_sysbios_heaps_HeapMem_E_memory__C                        
00007e50  ti_sysbios_heaps_HeapMem_Module__diagsEnabled__C            
00007e54  ti_sysbios_heaps_HeapMem_Module__diagsIncluded__C           
00007e58  ti_sysbios_heaps_HeapMem_Module__diagsMask__C               
00007e5c  ti_sysbios_heaps_HeapMem_Module__gateObj__C                 
00007e60  ti_sysbios_heaps_HeapMem_Object__count__C                   
00007e64  ti_sysbios_heaps_HeapMem_reqAlign__C                        
00007e68  ti_sysbios_knl_Clock_Module_State_clockQ__O                 
00007e6c  ti_sysbios_knl_Semaphore_A_badContext__C                    
00007e70  ti_sysbios_knl_Semaphore_A_noEvents__C                      
00007e74  ti_sysbios_knl_Semaphore_A_overflow__C                      
00007e78  ti_sysbios_knl_Semaphore_A_pendTaskDisabled__C              
00007e7c  ti_sysbios_knl_Semaphore_Instance_State_pendQ__O            
00007e80  ti_sysbios_knl_Semaphore_Module__diagsEnabled__C            
00007e84  ti_sysbios_knl_Semaphore_Module__diagsIncluded__C           
00007e88  ti_sysbios_knl_Semaphore_Module__diagsMask__C               
00007e8c  ti_sysbios_knl_Swi_Object__count__C                         
00007e90  ti_sysbios_knl_Task_A_badPriority__C                        
00007e94  ti_sysbios_knl_Task_A_badTaskState__C                       
00007e98  ti_sysbios_knl_Task_A_badThreadType__C                      
00007e9c  ti_sysbios_knl_Task_A_badTimeout__C                         
00007ea0  ti_sysbios_knl_Task_A_noPendElem__C                         
00007ea4  ti_sysbios_knl_Task_A_sleepTaskDisabled__C                  
00007ea8  ti_sysbios_knl_Task_E_spOutOfBounds__C                      
00007eac  ti_sysbios_knl_Task_E_stackOverflow__C                      
00007eb0  ti_sysbios_knl_Task_Module_State_inactiveQ__O               
00007eb4  ti_sysbios_knl_Task_Module__diagsEnabled__C                 
00007eb8  ti_sysbios_knl_Task_Module__diagsIncluded__C                
00007ebc  ti_sysbios_knl_Task_Module__diagsMask__C                    
00007ec0  ti_sysbios_knl_Task_Object__count__C                        
00007ec4  ti_sysbios_knl_Task_allBlockedFunc__C                       
00007ec8  ti_sysbios_knl_Task_defaultStackHeap__C                     
00007ecc  ti_sysbios_knl_Task_defaultStackSize__C                     
00007ed0  ti_sysbios_knl_Task_numConstructedTasks__C                  
00007ed4  xdc_runtime_Assert_E_assertFailed__C                        
00007ed8  xdc_runtime_Core_A_initializedParams__C                     
00007edc  xdc_runtime_Core_Module__diagsEnabled__C                    
00007ee0  xdc_runtime_Core_Module__diagsIncluded__C                   
00007ee4  xdc_runtime_Core_Module__diagsMask__C                       
00007ee8  xdc_runtime_Error_E_memory__C                               
00007eec  xdc_runtime_Error_Module__diagsEnabled__C                   
00007ef0  xdc_runtime_Error_Module__diagsIncluded__C                  
00007ef4  xdc_runtime_Error_Module__diagsMask__C                      
00007ef8  xdc_runtime_Error_Module__loggerFxn8__C                     
00007efc  xdc_runtime_Error_Module__loggerObj__C                      
00007f00  xdc_runtime_Error_policyFxn__C                              
00007f04  xdc_runtime_Error_raiseHook__C                              
00007f08  xdc_runtime_IGateProvider_Interface__BASE__C                
00007f0c  xdc_runtime_IHeap_Interface__BASE__C                        
00007f10  xdc_runtime_IModule_Interface__BASE__C                      
00007f14  xdc_runtime_Log_L_error__C                                  
00007f18  xdc_runtime_Memory_defaultHeapInstance__C                   
00007f1c  xdc_runtime_Startup_execImpl__C                             
00007f20  xdc_runtime_Startup_maxPasses__C                            
00007f24  xdc_runtime_Startup_sfxnRts__C                              
00007f28  xdc_runtime_Startup_sfxnTab__C                              
00007f2c  xdc_runtime_SysMin_bufSize__C                               
00007f30  xdc_runtime_SysMin_outputFunc__C                            
00007f34  xdc_runtime_System_Module__gateObj__C                       
00007f38  xdc_runtime_System_abortFxn__C                              
00007f3c  xdc_runtime_System_exitFxn__C                               
00007f40  xdc_runtime_System_extendFxn__C                             
00007f44  xdc_runtime_System_maxAtexitHandlers__C                     
00007f48  xdc_runtime_Text_charTab__C                                 
00007f4c  xdc_runtime_Text_nameEmpty__C                               
00007f50  xdc_runtime_Text_nameStatic__C                              
00007f54  xdc_runtime_Text_nameUnknown__C                             
00007f58  xdc_runtime_Text_nodeTab__C                                 
00007f5c  xdc_runtime_Text_visitRopeFxn__C                            
00007f60  ti_sysbios_gates_GateMutex_Module__id__C                    
00007f62  ti_sysbios_hal_Hwi_Module__id__C                            
00007f64  ti_sysbios_heaps_HeapMem_Module__id__C                      
00007f66  ti_sysbios_knl_Semaphore_Module__id__C                      
00007f68  ti_sysbios_knl_Task_Module__id__C                           
00007f6a  xdc_runtime_Core_Module__id__C                              
00007f6c  xdc_runtime_Error_Module__loggerDefined__C                  
00007f6e  xdc_runtime_Error_maxDepth__C                               
00007f70  xdc_runtime_Memory_Module__id__C                            
00007f72  xdc_runtime_SysMin_flushAtExit__C                           
00007f74  xdc_runtime_Text_charCnt__C                                 
00007f76  xdc_runtime_Text_isLoaded__C                                
00007f78  xdc_runtime_Text_registryModsLastId__C                      
00007f7a  xdc_runtime_Text_unnamedModsLastId__C                       
00007f7c  xdc_runtime_Error_policy__C                                 
00007f80  __TI_static_base__                                          
000083a4  __TI_Handler_Table_Base                                     
000083b0  __TI_Handler_Table_Limit                                    
000083c0  __TI_CINIT_Base                                             
000083d8  __TI_CINIT_Limit                                            
20000000  ti_sysbios_family_arm_m3_Hwi_ramVectors                     
20000140  ti_sysbios_heaps_HeapMem_Instance_State_0_buf__A            
20000540  task0Stack                                                  
20000740  ti_sysbios_knl_Task_Instance_State_0_stack__A               
20000940  ti_sysbios_family_arm_m3_Hwi_dispatchTable                  
20000a80  __CIOBUF_                                                   
20000ba0  xdc_runtime_SysMin_Module_State_0_outbuf__A                 
20000c20  task0Struct                                                 
20000ca8  ti_sysbios_family_arm_m3_Hwi_Module__root__V                
20000cb0  ti_sysbios_family_arm_m3_Hwi_Module_State_0_excActive__A    
20000cb4  ti_sysbios_family_arm_m3_Hwi_Module_State_0_excContext__A   
20000cb8  ti_sysbios_family_arm_m3_Hwi_Module_State_0_excStack__A     
20000cbc  ti_sysbios_family_arm_msp432_ClockFreqs_Module__state__V    
20000cc8  ti_sysbios_family_arm_msp432_Timer_Module__root__V          
20000cd0  ti_sysbios_family_arm_msp432_Timer_Module_State_0_device__A 
20000cf0  ti_sysbios_family_arm_msp432_Timer_Module_State_0_handles__A
20000d00  ti_sysbios_family_arm_msp432_Timer_Module__state__V         
20000d0c  ti_sysbios_gates_GateHwi_Module__root__V                    
20000d14  ti_sysbios_gates_GateHwi_Object__table__V                   
20000d18  ti_sysbios_gates_GateMutex_Module__root__V                  
20000d20  ti_sysbios_hal_Hwi_Module__root__V                          
20000d28  ti_sysbios_hal_Hwi_Object__table__V                         
20000d38  ti_sysbios_heaps_HeapMem_Module__root__V                    
20000d40  ti_sysbios_heaps_HeapMem_Object__table__V                   
20000d58  ti_sysbios_knl_Clock_Module__root__V                        
20000d60  ti_sysbios_knl_Queue_Module__root__V                        
20000d68  ti_sysbios_knl_Semaphore_Module__root__V                    
20000d70  ti_sysbios_knl_Swi_Module__root__V                          
20000d78  ti_sysbios_knl_Swi_Module__state__V                         
20000d94  ti_sysbios_knl_Task_Module__root__V                         
20000d9c  ti_sysbios_knl_Task_Module_State_0_idleTask__A              
20000da0  xdc_runtime_Error_Module__state__V                          
20000da4  xdc_runtime_Memory_Module__state__V                         
20000da8  xdc_runtime_Registry_Module__state__V                       
20000db0  xdc_runtime_Startup_Module__state__V                        
20000db8  xdc_runtime_SysMin_Module__state__V                         
20000dc4  xdc_runtime_System_Module_State_0_atexitHandlers__A         
20000dcc  xdc_runtime_System_Module__state__V                         
20000dd4  xdc_runtime_Text_Module__state__V                           
20000ddc  __xdc__init__addr                                           
20000de0  PowerMSP432_perfLevels                                      
20000e7c  ti_sysbios_knl_Swi_Module_State_0_readyQ__A                 
20000efc  ti_sysbios_knl_Task_Module_State_0_readyQ__A                
20000f7c  ti_sysbios_family_arm_msp432_Timer_Object__table__V         
20000fc8  ti_sysbios_knl_Task_Object__table__V                        
20001014  ti_sysbios_family_arm_m3_Hwi_Object__table__V               
2000105c  ti_sysbios_knl_Task_Module__state__V                        
200010a0  ti_sysbios_gates_GateMutex_Object__table__V                 
200010d8  ti_sysbios_family_arm_m3_Hwi_Module__state__V               
2000116c  ti_sysbios_knl_Swi_Object__table__V                         
2000119c  ti_sysbios_knl_Clock_Module__state__V                       
200011c8  PowerMSP432_module                                          
200011ec  ti_sysbios_BIOS_Module__state__V                            
20001214  gpioPinConfigs                                              
20001224  gpioCallbackFunctions                                       
2000122c  _lock                                                       
20001230  _unlock                                                     
20001234  __TI_cleanup_ptr                                            
20001238  __TI_dtors_ptr                                              
2000123c  main_func_sp                                                
2000fd00  __stack                                                     
20010000  __STACK_END                                                 
4000480c  WDTCTL_SYM                                                  
e000e000  ti_sysbios_family_arm_m3_Hwi_nvic                           
ffffffff  __binit__                                                   
ffffffff  __c_args__                                                  
ffffffff  binit                                                       
UNDEFED   SHT$$INIT_ARRAY$$Base                                       
UNDEFED   SHT$$INIT_ARRAY$$Limit                                      

[599 symbols]
