******************************************************************************
                  TI ARM Linker PC v5.2.5                      
******************************************************************************
>> Linked Thu Apr 14 22:36:09 2016

OUTPUT FILE NAME:   <ChallengeAssignmentThree.out>
ENTRY POINT SYMBOL: "_c_int00"  address: 00004101


MEMORY CONFIGURATION

         name            origin    length      used     unused   attr    fill
----------------------  --------  ---------  --------  --------  ----  --------
  MAIN                  00000000   00040000  000082c6  00037d3a  R  X
  INFO                  00200000   00004000  00000000  00004000  R  X
  SRAM_CODE             01000000   00010000  00000000  00010000  RW X
  SRAM_DATA             20000000   00010000  00001561  0000ea9f  RW  


SEGMENT ALLOCATION MAP

run origin  load origin   length   init length attrs members
----------  ----------- ---------- ----------- ----- -------
00000000    00000000    000082d0   000082d0    r-x
  00000000    00000000    0000003c   0000003c    r-- .resetVecs
  00000040    00000040    0000608a   0000608a    r-x .text
  000060cc    000060cc    00001d90   00001d90    r-- .const
  00007e60    00007e60    00000470   00000470    r-- .cinit
20000000    20000000    00001261   00000000    rw-
  20000000    20000000    00000140   00000000    rw- .vecs
  20000140    20000140    00000b68   00000000    rw- .bss
  20000ca8    20000ca8    000005b9   00000000    rw- .data
2000fd00    2000fd00    00000300   00000000    rw-
  2000fd00    2000fd00    00000300   00000000    rw- .stack


SECTION ALLOCATION MAP

 output                                  attributes/
section   page    origin      length       input sections
--------  ----  ----------  ----------   ----------------
.text      0    00000040    0000608a     
                  00000040    00000430     sysbios.aem4f : BIOS.obj (.text:ti_sysbios_family_arm_m3_Hwi_excDumpRegs__I)
                  00000470    0000034c     ti.targets.arm.rtsarm.aem4f : System.oem4f (.text:xdc_runtime_System_doPrint__I)
                  000007bc    000002d4     rtsv7M4_T_le_v4SPD16_eabi.lib : trgdrv.obj (.text)
                  00000a90    000002ac     sysbios.aem4f : BIOS.obj (.text:ti_sysbios_knl_Semaphore_pend__E)
                  00000d3c    00000004     msp432p4xx_driverlib.lib : cpu.o (.text:CPU_wfi)
                  00000d40    00000254     sysbios.aem4f : BIOS.obj (.text:ti_sysbios_heaps_HeapMem_free__E)
                  00000f94    00000004     tirtosport.aem4f : HwiP_tirtos.oem4f (.text:HwiP_disable)
                  00000f98    00000248     sysbios.aem4f : BIOS.obj (.text:ti_sysbios_heaps_HeapMem_alloc__E)
                  000011e0    0000022c                   : BIOS.obj (.text:ti_sysbios_knl_Task_Instance_finalize__E)
                  0000140c    00000004     drivers_MSP432P401R.aem4f : List.oem4f (.text:List_head)
                  00001410    000001fc     sysbios.aem4f : BIOS.obj (.text:ti_sysbios_family_arm_m3_Hwi_excHandlerMax__I)
                  0000160c    00000004     drivers_MSP432P401R.aem4f : List.oem4f (.text:List_next)
                  00001610    000001c8     sysbios.aem4f : BIOS.obj (.text:ti_sysbios_knl_Task_Instance_init__E)
                  000017d8    000001b8                   : BIOS.obj (.text:ti_sysbios_knl_Task_sleep__E)
                  00001990    000001a0     msp432p4xx_driverlib.lib : pcm.o (.text:__PCM_setPowerStateAdvanced)
                  00001b30    00000174     sysbios.aem4f : BIOS.obj (.text:ti_sysbios_family_arm_m3_Hwi_excBusFault__I)
                  00001ca4    00000004     empty_pem4f.oem4f (.text:ti_sysbios_BIOS_RtsGateProxy_enter__E)
                  00001ca8    00000164     sysbios.aem4f : BIOS.obj (.text:ti_sysbios_family_arm_m3_Hwi_excUsageFault__I)
                  00001e0c    00000004     empty_pem4f.oem4f (.text:ti_sysbios_BIOS_RtsGateProxy_leave__E)
                  00001e10    00000148     sysbios.aem4f : BIOS.obj (.text:ti_sysbios_family_arm_m3_Hwi_excMemFault__I)
                  00001f58    00000140     drivers_MSP432P401R.aem4f : GPIOMSP432.oem4f (.text:GPIO_setConfig)
                  00002098    0000013c     sysbios.aem4f : BIOS.obj (.text:ti_sysbios_heaps_HeapMem_Instance_init__E)
                  000021d4    00000118     ti.targets.arm.rtsarm.aem4f : Error.oem4f (.text:xdc_runtime_Error_policyDefault__E)
                  000022ec    00000100                                 : Core-mem.oem4f (.text:xdc_runtime_Core_createObject__I)
                  000023ec    000000f8                                 : Startup.oem4f (.text:xdc_runtime_Startup_startMods__I)
                  000024e4    000000f8     empty_pem4f.oem4f (.text:xdc_runtime_System_printfExtend__I)
                  000025dc    000000f4     drivers_MSP432P401R.aem4f : PowerMSP432.oem4f (.text:Power_sleep)
                  000026d0    000000f4     sysbios.aem4f : m3_Hwi_asm.obj (.text:ti_sysbios_family_arm_m3_Hwi_dispatch__I)
                  000027c4    000000f0     drivers_MSP432P401R.aem4f : PowerMSP432.oem4f (.text:initPerfControl)
                  000028b4    00000004     empty_pem4f.oem4f (.text:ti_sysbios_family_arm_m3_TaskSupport_Module__startupDone__S)
                  000028b8    000000ec     sysbios.aem4f : BIOS.obj (.text:ti_sysbios_knl_Semaphore_post__E)
                  000029a4    000000e0     msp432p4xx_driverlib.lib : cs.o (.text:CS_initClockSignal)
                  00002a84    000000dc                              : pcm.o (.text:__PCM_setPowerModeAdvanced)
                  00002b60    000000cc     empty.obj (.text:main)
                  00002c2c    000000cc     ti.targets.arm.rtsarm.aem4f : Core-smem.oem4f (.text:xdc_runtime_Core_constructObject__I)
                  00002cf8    000000bc     sysbios.aem4f : BIOS.obj (.text:ti_sysbios_family_arm_m3_Hwi_excDebugMon__I)
                  00002db4    00000004     empty_pem4f.oem4f (.text:ti_sysbios_heaps_HeapMem_Module_GateProxy_enter__E)
                  00002db8    000000bc     sysbios.aem4f : BIOS.obj (.text:ti_sysbios_family_arm_m3_Hwi_excHardFault__I)
                  00002e74    00000004     empty_pem4f.oem4f (.text:ti_sysbios_heaps_HeapMem_Module_GateProxy_leave__E)
                  00002e78    000000b4     sysbios.aem4f : BIOS.obj (.text:ti_sysbios_gates_GateMutex_enter__E)
                  00002f2c    00000004     empty_pem4f.oem4f (.text:ti_sysbios_knl_Clock_TimerProxy_getMaxTicks__E)
                  00002f30    000000b4     sysbios.aem4f : BIOS.obj (.text:ti_sysbios_knl_Task_checkStacks__E)
                  00002fe4    000000b0     msp432p4xx_driverlib.lib : pcm.o (.text:__PCM_setCoreVoltageLevelAdvanced)
                  00003094    00000004     empty_pem4f.oem4f (.text:ti_sysbios_knl_Queue_destruct)
                  00003098    000000a8     sysbios.aem4f : BIOS.obj (.text:ti_sysbios_family_arm_msp432_Timer_periodicStub__E)
                  00003140    000000a0     auto_init.aem4f : auto_init.oem4f (.text)
                  000031e0    000000a0     ti.targets.arm.rtsarm.aem4f : Text.oem4f (.text:xdc_runtime_Text_putMod__E)
                  00003280    0000009c     rtsv7M4_T_le_v4SPD16_eabi.lib : memcpy_t2.obj (.text)
                  0000331c    00000004     empty_pem4f.oem4f (.text:ti_sysbios_knl_Semaphore_destruct)
                  00003320    0000009c     sysbios.aem4f : BIOS.obj (.text:ti_sysbios_knl_Semaphore_Instance_init__E)
                  000033bc    00000004     ti.targets.arm.rtsarm.aem4f : Error.oem4f (.text:xdc_runtime_Error_getSite__E)
                  000033c0    0000009c     sysbios.aem4f : BIOS.obj (.text:ti_sysbios_knl_Task_postInit__I)
                  0000345c    0000009a     ti.targets.arm.rtsarm.aem4f : Text.oem4f (.text:xdc_runtime_Text_putSite__E)
                  000034f6    00000002     power_tirtos_MSP432P401R.aem4f : PowerMSP432_tirtos.oem4f (.text:PowerMSP432_initPolicy)
                  000034f8    00000094     sysbios.aem4f : BIOS.obj (.text:ti_sysbios_family_arm_m3_Hwi_Instance_init__E)
                  0000358c    00000004     empty_pem4f.oem4f (.text:xdc_runtime_System_Module_GateProxy_enter__E)
                  00003590    00000094     sysbios.aem4f : BIOS.obj (.text:ti_sysbios_family_arm_m3_Hwi_initNVIC__E)
                  00003624    0000008c                   : m3_TaskSupport_asm.obj (.text:ti_sysbios_family_arm_m3_TaskSupport_buildTaskStack)
                  000036b0    00000084                   : BIOS.obj (.text:ti_sysbios_family_arm_m3_Hwi_postInit__I)
                  00003734    0000007c     msp432p4xx_driverlib.lib : pcm.o (.text:PCM_gotoLPM3)
                  000037b0    0000007a     rtsv7M4_T_le_v4SPD16_eabi.lib : memset_t2.obj (.text)
                  0000382a    00000002                                   : i_div0.obj (.text)
                  0000382c    00000074     button.obj (.text:buttonInit)
                  000038a0    0000006d     ti.targets.arm.rtsarm.aem4f : System.oem4f (.text:xdc_runtime_System_formatNum__I)
                  0000390d    00000001     --HOLE-- [fill = 0]
                  0000390e    00000002     empty_pem4f.oem4f (.text:ti_sysbios_BIOS_nullFunc__I)
                  00003910    0000006c     sysbios.aem4f : BIOS.obj (.text:ti_sysbios_knl_Clock_workFunc__E)
                  0000397c    00000004     empty_pem4f.oem4f (.text:xdc_runtime_System_Module_GateProxy_leave__E)
                  00003980    0000006c     sysbios.aem4f : BIOS.obj (.text:ti_sysbios_knl_Swi_restoreHwi__E)
                  000039ec    00000004     ti.targets.arm.rtsarm.aem4f : System.oem4f (.text:xdc_runtime_System_aprintf_va__F)
                  000039f0    0000006c     sysbios.aem4f : BIOS.obj (.text:ti_sysbios_knl_Task_exit__E)
                  00003a5c    0000006c     ti.targets.arm.rtsarm.aem4f : Error.oem4f (.text:xdc_runtime_Error_print__E)
                  00003ac8    0000006c                                 : Memory.oem4f (.text:xdc_runtime_Memory_alloc__E)
                  00003b34    0000006a     rtsv7M4_T_le_v4SPD16_eabi.lib : copy_decompress_rle.obj (.text)
                  00003b9e    00000002     --HOLE-- [fill = 0]
                  00003ba0    00000068                                   : trgmsg.obj (.text)
                  00003c08    00000066     ti.targets.arm.rtsarm.aem4f : Core-mem.oem4f (.text:xdc_runtime_Core_deleteObject__I)
                  00003c6e    00000002     --HOLE-- [fill = 0]
                  00003c70    00000064     msp432p4xx_driverlib.lib : interrupt.o (.text:Interrupt_enableInterrupt)
                  00003cd4    00000064     adc14.obj (.text:initADC)
                  00003d38    00000064     uartTransmission.obj (.text:initUart)
                  00003d9c    00000004     ti.targets.arm.rtsarm.aem4f : System.oem4f (.text:xdc_runtime_System_printf_va__F)
                  00003da0    00000064     sysbios.aem4f : BIOS.obj (.text:ti_sysbios_family_arm_m3_Hwi_dispatchC__I)
                  00003e04    00000062     tirtosport.aem4f : HwiP_tirtos.oem4f (.text:HwiP_create)
                  00003e66    00000002     --HOLE-- [fill = 0]
                  00003e68    00000060     sysbios.aem4f : BIOS.obj (.text:ti_sysbios_knl_Task_schedule__I)
                  00003ec8    0000005c     drivers_MSP432P401R.aem4f : GPIOMSP432.oem4f (.text:GPIO_init)
                  00003f24    00000004     --HOLE-- [fill = 0]
                  00003f28    0000005c     sysbios.aem4f : BIOS.obj (.text:ti_sysbios_knl_Swi_run__I)
                  00003f84    00000004     --HOLE-- [fill = 0]
                  00003f88    0000005c                   : BIOS.obj (.text:ti_sysbios_knl_Swi_schedule__I)
                  00003fe4    00000004     --HOLE-- [fill = 0]
                  00003fe8    0000005c                   : BIOS.obj (.text:ti_sysbios_knl_Task_Module_startup__E)
                  00004044    00000004     --HOLE-- [fill = 0]
                  00004048    0000005c                   : BIOS.obj (.text:ti_sysbios_knl_Task_startCore__E)
                  000040a4    0000005b     ti.targets.arm.rtsarm.aem4f : Text.oem4f (.text:xdc_runtime_Text_putLab__E)
                  000040ff    00000001     --HOLE-- [fill = 0]
                  00004100    00000058     boot.aem4f : boot.oem4f (.text)
                  00004158    00000058     empty_pem4f.oem4f (.text:ti_sysbios_family_arm_m3_Hwi_construct)
                  000041b0    00000058     sysbios.aem4f : m3_Hwi_asm_switch.obj (.text:ti_sysbios_family_arm_m3_Hwi_initStacks__E)
                  00004208    00000054     drivers_MSP432P401R.aem4f : GPIOMSP432.oem4f (.text:GPIO_hwiIntFxn)
                  0000425c    00000054                               : GPIOMSP432.oem4f (.text:GPIO_setCallback)
                  000042b0    00000054     sysbios.aem4f : BIOS.obj (.text:ti_sysbios_family_arm_msp432_Timer_initDevice__I)
                  00004304    00000004     --HOLE-- [fill = 0]
                  00004308    00000054                   : BIOS.obj (.text:ti_sysbios_family_arm_msp432_init_Boot_configureClocksHigh)
                  0000435c    00000054     empty_pem4f.oem4f (.text:ti_sysbios_knl_Task_construct)
                  000043b0    00000054     ti.targets.arm.rtsarm.aem4f : Assert.oem4f (.text:xdc_runtime_Assert_raise__I)
                  00004404    00000050     drivers_MSP432P401R.aem4f : GPIOMSP432.oem4f (.text:GPIO_write)
                  00004454    00000050     msp432p4xx_driverlib.lib : pcm.o (.text:PCM_shutdownDevice)
                  000044a4    00000050     power_tirtos_MSP432P401R.aem4f : PowerMSP432_tirtos.oem4f (.text:PowerMSP432_sleepPolicy)
                  000044f4    00000004     --HOLE-- [fill = 0]
                  000044f8    00000050     sysbios.aem4f : BIOS.obj (.text:ti_sysbios_family_arm_m3_Hwi_Module_startup__E)
                  00004548    00000050     ti.targets.arm.rtsarm.aem4f : Startup.oem4f (.text:xdc_runtime_Startup_exec__E)
                  00004598    00000050                                 : Text.oem4f (.text:xdc_runtime_Text_visitRope2__I)
                  000045e8    0000004c     rtsv7M4_T_le_v4SPD16_eabi.lib : cpy_tbl.obj (.text)
                  00004634    00000004     --HOLE-- [fill = 0]
                  00004638    0000004c     sysbios.aem4f : BIOS.obj (.text:ti_sysbios_family_arm_msp432_Timer_postInit__I)
                  00004684    00000004     --HOLE-- [fill = 0]
                  00004688    0000004c                   : BIOS.obj (.text:ti_sysbios_family_arm_msp432_Timer_start__E)
                  000046d4    00000004     --HOLE-- [fill = 0]
                  000046d8    0000004c                   : BIOS.obj (.text:ti_sysbios_heaps_HeapMem_getStats__E)
                  00004724    00000004     --HOLE-- [fill = 0]
                  00004728    0000004c                   : BIOS.obj (.text:ti_sysbios_knl_Swi_runLoop__I)
                  00004774    00000004     --HOLE-- [fill = 0]
                  00004778    0000004c                   : BIOS.obj (.text:ti_sysbios_knl_Task_allBlockedFunction__I)
                  000047c4    00000048     uartTransmission.obj (.text:EUSCIA0_IRQHandler)
                  0000480c    00000048     msp432p4xx_driverlib.lib : gpio.o (.text:GPIO_setAsPeripheralModuleFunctionInputPin)
                  00004854    00000004     --HOLE-- [fill = 0]
                  00004858    00000048     sysbios.aem4f : BIOS.obj (.text:ti_sysbios_family_arm_m3_Hwi_disableInterrupt__E)
                  000048a0    00000048                   : BIOS.obj (.text:ti_sysbios_family_arm_m3_Hwi_enableInterrupt__E)
                  000048e8    00000048                   : BIOS.obj (.text:ti_sysbios_family_arm_m3_Hwi_excReserved__I)
                  00004930    00000046     ti.targets.arm.rtsarm.aem4f : Core-params.oem4f (.text:xdc_runtime_Core_assignParams__I)
                  00004976    00000002     --HOLE-- [fill = 0]
                  00004978    00000044     rtsv7M4_T_le_v4SPD16_eabi.lib : exit.obj (.text)
                  000049bc    00000004     --HOLE-- [fill = 0]
                  000049c0    00000044     sysbios.aem4f : BIOS.obj (.text:ti_sysbios_family_arm_m3_Hwi_getStackInfo__E)
                  00004a04    00000004     --HOLE-- [fill = 0]
                  00004a08    00000044                   : BIOS.obj (.text:ti_sysbios_knl_Swi_post__E)
                  00004a4c    00000044     ti.targets.arm.rtsarm.aem4f : Error.oem4f (.text:xdc_runtime_Error_setX__E)
                  00004a90    00000044                                 : SysMin.oem4f (.text:xdc_runtime_SysMin_flush__E)
                  00004ad4    00000044                                 : Text.oem4f (.text:xdc_runtime_Text_xprintf__I)
                  00004b18    00000040     msp432p4xx_driverlib.lib : flash.o (.text:FlashCtl_disableReadBuffering)
                  00004b58    00000040                              : gpio.o (.text:GPIO_getEnabledInterruptStatus)
                  00004b98    00000040     drivers_MSP432P401R.aem4f : PowerMSP432.oem4f (.text:notify)
                  00004bd8    00000040     rtsv7M4_T_le_v4SPD16_eabi.lib : u_divt2.obj (.text)
                  00004c18    00000040     sysbios.aem4f : BIOS.obj (.text:ti_sysbios_family_arm_msp432_Timer_Module_startup__E)
                  00004c58    00000040                   : BIOS.obj (.text:ti_sysbios_family_arm_msp432_Timer_startup__E)
                  00004c98    0000003c     adc14.obj (.text:ADC14_IRQHandler)
                  00004cd4    0000003c     drivers_MSP432P401R.aem4f : PowerMSP432.oem4f (.text:Power_init)
                  00004d10    0000003c     sysbios.aem4f : BIOS.obj (.text:ti_sysbios_family_arm_m3_Hwi_excSvCall__I)
                  00004d4c    00000004     --HOLE-- [fill = 0]
                  00004d50    0000003c                   : BIOS.obj (.text:ti_sysbios_heaps_HeapMem_init__I)
                  00004d8c    00000004     --HOLE-- [fill = 0]
                  00004d90    0000003c                   : BIOS.obj (.text:ti_sysbios_knl_Swi_restore__E)
                  00004dcc    00000038     msp432p4xx_driverlib.lib : adc14.o (.text:ADC14_initModule)
                  00004e04    00000004     --HOLE-- [fill = 0]
                  00004e08    00000038     sysbios.aem4f : BIOS.obj (.text:ti_sysbios_family_arm_m3_Hwi_excNoIsr__I)
                  00004e40    00000038                   : BIOS.obj (.text:ti_sysbios_knl_Task_processVitalTaskFlag__I)
                  00004e78    00000038     ti.targets.arm.rtsarm.aem4f : SysMin.oem4f (.text:xdc_runtime_SysMin_putch__E)
                  00004eb0    00000038                                 : System.oem4f (.text:xdc_runtime_System_atexit__E)
                  00004ee8    00000034     msp432p4xx_driverlib.lib : flash.o (.text:FlashCtl_enableReadBuffering)
                  00004f1c    00000004     --HOLE-- [fill = 0]
                  00004f20    00000034     sysbios.aem4f : BIOS.obj (.text:ti_sysbios_family_arm_m3_Hwi_Instance_finalize__E)
                  00004f54    00000004     --HOLE-- [fill = 0]
                  00004f58    00000034                   : BIOS.obj (.text:ti_sysbios_family_arm_m3_Hwi_excNmi__I)
                  00004f8c    00000004     --HOLE-- [fill = 0]
                  00004f90    00000034                   : BIOS.obj (.text:ti_sysbios_hal_Hwi_checkStack)
                  00004fc4    00000034     ti.targets.arm.rtsarm.aem4f : Core-label.oem4f (.text:xdc_runtime_Core_assignLabel__I)
                  00004ff8    00000033                                 : Text.oem4f (.text:xdc_runtime_Text_printVisFxn__I)
                  0000502b    00000005     --HOLE-- [fill = 0]
                  00005030    00000032     sysbios.aem4f : BIOS.obj (.text:ti_sysbios_hal_Hwi_initStack)
                  00005062    00000002     --HOLE-- [fill = 0]
                  00005064    00000030     drivers_MSP432P401R.aem4f : GPIOMSP432.oem4f (.text:GPIO_getEnabledInterruptStatus_WA)
                  00005094    00000030     msp432p4xx_driverlib.lib : gpio.o (.text:GPIO_setAsInputPinWithPullDownResistor)
                  000050c4    00000030                              : gpio.o (.text:GPIO_setAsInputPinWithPullUpResistor)
                  000050f4    00000030     drivers_MSP432P401R.aem4f : GPIOMSP432.oem4f (.text:GPIO_toggle)
                  00005124    00000030     empty_pem4f.oem4f (.text:ti_sysbios_BIOS_atExitFunc__I)
                  00005154    00000004     --HOLE-- [fill = 0]
                  00005158    00000030     sysbios.aem4f : BIOS.obj (.text:ti_sysbios_family_arm_m3_TaskSupport_start__E)
                  00005188    00000030     empty_pem4f.oem4f (.text:ti_sysbios_gates_GateHwi_Object__create__S)
                  000051b8    00000030     empty_pem4f.oem4f (.text:ti_sysbios_gates_GateMutex_Object__create__S)
                  000051e8    00000030     empty_pem4f.oem4f (.text:ti_sysbios_heaps_HeapMem_Object__create__S)
                  00005218    00000030     empty_pem4f.oem4f (.text:ti_sysbios_knl_Semaphore_construct)
                  00005248    00000030     sysbios.aem4f : BIOS.obj (.text:ti_sysbios_knl_Semaphore_pendTimeout__I)
                  00005278    00000030                   : BIOS.obj (.text:ti_sysbios_knl_Task_unblockI__E)
                  000052a8    00000030     ti.targets.arm.rtsarm.aem4f : SysMin.oem4f (.text:xdc_runtime_SysMin_abort__E)
                  000052d8    00000030                                 : System.oem4f (.text:xdc_runtime_System_processAtExit__E)
                  00005308    0000002c     msp432p4xx_driverlib.lib : gpio.o (.text:GPIO_setAsInputPin)
                  00005334    0000002c                              : pcm.o (.text:PCM_getCoreVoltageLevel)
                  00005360    0000002c     power_tirtos_MSP432P401R.aem4f : PowerMSP432_tirtos.oem4f (.text:PowerMSP432_updateFreqs)
                  0000538c    0000002c     empty_pem4f.oem4f (.text:ti_sysbios_knl_Clock_doTick__I)
                  000053b8    0000002c     empty_pem4f.oem4f (.text:ti_sysbios_knl_Queue_construct)
                  000053e4    00000004     --HOLE-- [fill = 0]
                  000053e8    0000002c     sysbios.aem4f : BIOS.obj (.text:ti_sysbios_knl_Task_restore__E)
                  00005414    0000002c     ti.targets.arm.rtsarm.aem4f : Text.oem4f (.text:xdc_runtime_Text_cordText__E)
                  00005440    0000002a     msp432p4xx_driverlib.lib : pcm.o (.text:PCM_getPowerMode)
                  0000546a    0000002a     ti.targets.arm.rtsarm.aem4f : System.oem4f (.text:xdc_runtime_System_putchar__I)
                  00005494    00000028     msp432p4xx_driverlib.lib : flash.o (.text:FlashCtl_setWaitState)
                  000054bc    00000028     drivers_MSP432P401R.aem4f : GPIOMSP432.oem4f (.text:GPIO_enableInt)
                  000054e4    00000028     msp432p4xx_driverlib.lib : pcm.o (.text:PCM_gotoLPM0)
                  0000550c    00000004     --HOLE-- [fill = 0]
                  00005510    00000028     sysbios.aem4f : BIOS.obj (.text:ti_sysbios_knl_Clock_addI__E)
                  00005538    00000028                   : BIOS.obj (.text:ti_sysbios_knl_Swi_Module_startup__E)
                  00005560    00000026                   : m3_Hwi_asm.obj (.text:ti_sysbios_family_arm_m3_Hwi_pendSV__I)
                  00005586    00000026     ti.targets.arm.rtsarm.aem4f : System.oem4f (.text:xdc_runtime_System_avprintf__E)
                  000055ac    00000024     msp432p4xx_driverlib.lib : cs.o (.text:CS_setDCOCenteredFrequency)
                  000055d0    00000024                              : gpio.o (.text:GPIO_setAsOutputPin)
                  000055f4    00000024                              : rtc_c.o (.text:RTC_C_holdClock)
                  00005618    00000024                              : rtc_c.o (.text:RTC_C_startClock)
                  0000563c    00000024     button.obj (.text:SW1_IRQHandler)
                  00005660    00000024     empty_pem4f.oem4f (.text:ti_sysbios_BIOS_errorRaiseHook__I)
                  00005684    00000024     empty_pem4f.oem4f (.text:ti_sysbios_BIOS_registerRTSLock__I)
                  000056a8    00000024     empty_pem4f.oem4f (.text:ti_sysbios_BIOS_removeRTSLock__I)
                  000056cc    00000024     empty_pem4f.oem4f (.text:ti_sysbios_BIOS_startFunc__I)
                  000056f0    00000024     sysbios.aem4f : BIOS.obj (.text:ti_sysbios_family_arm_msp432_ClockFreqs_setFrequency__E)
                  00005714    00000024     empty_pem4f.oem4f (.text:ti_sysbios_gates_GateMutex_Object__delete__S)
                  00005738    00000024     sysbios.aem4f : BIOS.obj (.text:ti_sysbios_knl_Clock_Module_startup__E)
                  0000575c    00000004     --HOLE-- [fill = 0]
                  00005760    00000024                   : BIOS.obj (.text:ti_sysbios_knl_Task_restoreHwi__E)
                  00005784    00000024     ti.targets.arm.rtsarm.aem4f : System.oem4f (.text:xdc_runtime_System_vprintf__E)
                  000057a8    00000022     empty_pem4f.oem4f (.text:xdc_runtime_SysMin_output__I)
                  000057ca    00000002     --HOLE-- [fill = 0]
                  000057cc    00000020     msp432p4xx_driverlib.lib : gpio.o (.text:GPIO_interruptEdgeSelect)
                  000057ec    00000020     drivers_MSP432P401R.aem4f : PowerMSP432.oem4f (.text:Power_idleFunc)
                  0000580c    00000020     empty_pem4f.oem4f (.text:ti_sysbios_BIOS_rtsLock__I)
                  0000582c    00000020     sysbios.aem4f : m3_Hwi_asm.obj (.text:ti_sysbios_family_arm_m3_Hwi_excHandlerAsm__I)
                  0000584c    00000004     --HOLE-- [fill = 0]
                  00005850    00000020                   : BIOS.obj (.text:ti_sysbios_family_arm_m3_Hwi_excHandler__I)
                  00005870    00000020     empty_pem4f.oem4f (.text:ti_sysbios_gates_GateHwi_Object__delete__S)
                  00005890    00000020     empty_pem4f.oem4f (.text:ti_sysbios_heaps_HeapMem_Object__delete__S)
                  000058b0    00000020     sysbios.aem4f : BIOS.obj (.text:ti_sysbios_knl_Idle_run__E)
                  000058d0    00000020     empty_pem4f.oem4f (.text:ti_sysbios_knl_Semaphore_Object__destruct__S)
                  000058f0    00000020     ti.targets.arm.rtsarm.aem4f : Registry.oem4f (.text:xdc_runtime_Registry_findById__E)
                  00005910    00000020                                 : SysMin.oem4f (.text:xdc_runtime_SysMin_Module_startup__E)
                  00005930    0000001e     sysbios.aem4f : m3_Hwi_asm_switch.obj (.text:ti_sysbios_family_xxx_Hwi_switchAndRunFunc)
                  0000594e    00000002     --HOLE-- [fill = 0]
                  00005950    0000001c                   : BIOS.obj (.text:ti_sysbios_gates_GateMutex_Instance_init__E)
                  0000596c    0000001c     empty_pem4f.oem4f (.text:ti_sysbios_knl_Queue_Object__destruct__S)
                  00005988    0000001c     sysbios.aem4f : BIOS.obj (.text:ti_sysbios_knl_Queue_put__E)
                  000059a4    00000004     --HOLE-- [fill = 0]
                  000059a8    0000001c                   : BIOS.obj (.text:ti_sysbios_knl_Task_enter__I)
                  000059c4    0000001c     ti.targets.arm.rtsarm.aem4f : Error.oem4f (.text:xdc_runtime_Error_raiseX__E)
                  000059e0    0000001c                                 : Memory.oem4f (.text:xdc_runtime_Memory_valloc__E)
                  000059fc    0000001c                                 : SysMin.oem4f (.text:xdc_runtime_SysMin_exit__E)
                  00005a18    0000001c                                 : System.oem4f (.text:xdc_runtime_System_abort__E)
                  00005a34    0000001a     empty_pem4f.oem4f (.text:ti_sysbios_family_arm_m3_Hwi_Handle__label__S)
                  00005a4e    0000001a     empty_pem4f.oem4f (.text:ti_sysbios_gates_GateHwi_Handle__label__S)
                  00005a68    0000001a     empty_pem4f.oem4f (.text:ti_sysbios_gates_GateMutex_Handle__label__S)
                  00005a82    0000001a     empty_pem4f.oem4f (.text:ti_sysbios_heaps_HeapMem_Handle__label__S)
                  00005a9c    0000001a     empty_pem4f.oem4f (.text:ti_sysbios_knl_Swi_Handle__label__S)
                  00005ab6    0000001a     empty_pem4f.oem4f (.text:ti_sysbios_knl_Task_Handle__label__S)
                  00005ad0    0000001a     empty_pem4f.oem4f (.text:xdc_runtime_System_aprintf__E)
                  00005aea    0000001a     empty_pem4f.oem4f (.text:xdc_runtime_System_printf__E)
                  00005b04    00000018     msp432p4xx_driverlib.lib : gpio.o (.text:GPIO_clearInterruptFlag)
                  00005b1c    00000018                              : gpio.o (.text:GPIO_setDriveStrengthLow)
                  00005b34    00000018                              : gpio.o (.text:GPIO_setOutputLowOnPin)
                  00005b4c    00000018                              : wdt_a.o (.text:WDT_A_holdTimer)
                  00005b64    00000018     rtsv7M4_T_le_v4SPD16_eabi.lib : args_main.obj (.text)
                  00005b7c    00000018     empty_pem4f.oem4f (.text:ti_sysbios_BIOS_rtsUnlock__I)
                  00005b94    00000018     empty_pem4f.oem4f (.text:ti_sysbios_family_arm_m3_Hwi_Module__startupDone__F)
                  00005bac    00000018     sysbios.aem4f : m3_TaskSupport_asm.obj (.text:ti_sysbios_family_arm_m3_TaskSupport_swap__E)
                  00005bc4    00000018     empty_pem4f.oem4f (.text:ti_sysbios_family_arm_msp432_Timer_Module__startupDone__F)
                  00005bdc    00000004     --HOLE-- [fill = 0]
                  00005be0    00000018     sysbios.aem4f : BIOS.obj (.text:ti_sysbios_gates_GateMutex_leave__E)
                  00005bf8    00000018                   : BIOS.obj (.text:ti_sysbios_knl_Task_sleepTimeout__I)
                  00005c10    00000018     ti.targets.arm.rtsarm.aem4f : Error.oem4f (.text:xdc_runtime_Error_check__E)
                  00005c28    00000018                                 : System.oem4f (.text:xdc_runtime_System_exit__E)
                  00005c40    00000018                                 : Text.oem4f (.text:xdc_runtime_Text_ropeText__E)
                  00005c58    00000016     empty_pem4f.oem4f (.text:ti_sysbios_BIOS_exitFunc__I)
                  00005c6e    00000016     empty.obj (.text:ti_sysbios_knl_Task_Params_init)
                  00005c84    00000014     msp432p4xx_driverlib.lib : adc14.o (.text:ADCIsConversionRunning)
                  00005c98    00000014                              : gpio.o (.text:GPIO_enableInterrupt)
                  00005cac    00000014                              : gpio.o (.text:GPIO_setDriveStrengthHigh)
                  00005cc0    00000014                              : gpio.o (.text:GPIO_setOutputHighOnPin)
                  00005cd4    00000014                              : gpio.o (.text:GPIO_toggleOutputOnPin)
                  00005ce8    00000014                              : wdt_a.o (.text:WDT_A_startTimer)
                  00005cfc    00000014     empty.obj (.text:heartBeatFxn)
                  00005d10    00000014     rtsv7M4_T_le_v4SPD16_eabi.lib : _lock.obj (.text)
                  00005d24    00000014                                   : strcpy.obj (.text)
                  00005d38    00000014                                   : strlen.obj (.text)
                  00005d4c    00000014     empty_pem4f.oem4f (.text:ti_sysbios_family_arm_m3_Hwi_Object__get__S)
                  00005d60    00000014     sysbios.aem4f : BIOS.obj (.text:ti_sysbios_family_arm_m3_Hwi_switchFromBootStack__E)
                  00005d74    00000014     empty_pem4f.oem4f (.text:ti_sysbios_heaps_HeapMem_Object__get__S)
                  00005d88    00000014     empty_pem4f.oem4f (.text:ti_sysbios_knl_Swi_Object__get__S)
                  00005d9c    00000004     --HOLE-- [fill = 0]
                  00005da0    00000012     sysbios.aem4f : BIOS.obj (.text:ti_sysbios_hal_Hwi_Module_startup__E)
                  00005db2    00000012     empty_pem4f.oem4f (.text:xdc_runtime_Startup_exec__I)
                  00005dc4    00000010     msp432p4xx_driverlib.lib : adc14.o (.text:ADC14_enableModule)
                  00005dd4    00000010                              : gpio.o (.text:GPIO_getInterruptStatus)
                  00005de4    00000010                              : pcm.o (.text:PCM_gotoLPM4)
                  00005df4    00000004     --HOLE-- [fill = 0]
                  00005df8    00000010     sysbios.aem4f : BIOS.obj (.text:ti_sysbios_BIOS_setCpuFreq__E)
                  00005e08    00000010                   : BIOS.obj (.text:ti_sysbios_BIOS_setThreadType__E)
                  00005e18    00000010                   : BIOS.obj (.text:ti_sysbios_BIOS_start__E)
                  00005e28    00000010                   : m3_TaskSupport_asm.obj (.text:ti_sysbios_family_arm_m3_TaskSupport_glue)
                  00005e38    00000010                   : BIOS.obj (.text:ti_sysbios_family_arm_msp432_init_Boot_disableWatchdog)
                  00005e48    00000010                   : BIOS.obj (.text:ti_sysbios_gates_GateMutex_Instance_finalize__E)
                  00005e58    00000010                   : BIOS.obj (.text:ti_sysbios_knl_Semaphore_Instance_finalize__E)
                  00005e68    00000010                   : BIOS.obj (.text:ti_sysbios_knl_Swi_disable__E)
                  00005e78    00000010     empty_pem4f.oem4f (.text:ti_sysbios_knl_Task_Object__get__S)
                  00005e88    00000010     sysbios.aem4f : BIOS.obj (.text:ti_sysbios_knl_Task_disable__E)
                  00005e98    00000010     ti.targets.arm.rtsarm.aem4f : Gate.oem4f (.text:xdc_runtime_Gate_leaveSystem__E)
                  00005ea8    00000010                                 : Memory.oem4f (.text:xdc_runtime_Memory_free__E)
                  00005eb8    00000010                                 : SysMin.oem4f (.text:xdc_runtime_SysMin_ready__E)
                  00005ec8    00000010                                 : System.oem4f (.text:xdc_runtime_System_vsnprintf__E)
                  00005ed8    00000010     empty_pem4f.oem4f (.text:xdc_runtime_Text_visitRope__I)
                  00005ee8    0000000e     tirtosport.aem4f : HwiP_tirtos.oem4f (.text:HwiP_Params_init)
                  00005ef6    0000000e     rtsv7M4_T_le_v4SPD16_eabi.lib : copy_decompress_none.obj (.text:decompress:none)
                  00005f04    00000004     --HOLE-- [fill = 0]
                  00005f08    0000000e     sysbios.aem4f : BIOS.obj (.text:ti_sysbios_knl_Idle_loop__E)
                  00005f16    00000002     --HOLE-- [fill = 0]
                  00005f18    0000000e                   : BIOS.obj (.text:ti_sysbios_knl_Queue_empty__E)
                  00005f26    0000000c     empty_pem4f.oem4f (.text:.bootCodeSection:ti_sysbios_family_arm_msp432_init_Boot_init__I)
                  00005f32    0000000c     msp432p4xx_driverlib.lib : cpu.o (.text:CPU_cpsid)
                  00005f3e    0000000c                              : cpu.o (.text:CPU_cpsie)
                  00005f4a    00000002     --HOLE-- [fill = 0]
                  00005f4c    0000000c                              : pcm.o (.text:PCM_getPowerState)
                  00005f58    0000000c     drivers_MSP432P401R.aem4f : PowerMSP432.oem4f (.text:Power_getConstraintMask)
                  00005f64    0000000c     rtsv7M4_T_le_v4SPD16_eabi.lib : copy_zero_init.obj (.text:decompress:ZI)
                  00005f70    0000000c     empty_pem4f.oem4f (.text:ti_sysbios_family_arm_m3_Hwi_Params__init__S)
                  00005f7c    00000004     --HOLE-- [fill = 0]
                  00005f80    0000000c     sysbios.aem4f : BIOS.obj (.text:ti_sysbios_family_arm_m3_Hwi_disableFxn__E)
                  00005f8c    00000004     --HOLE-- [fill = 0]
                  00005f90    0000000c                   : BIOS.obj (.text:ti_sysbios_family_arm_m3_TaskSupport_checkStack__E)
                  00005f9c    00000004     --HOLE-- [fill = 0]
                  00005fa0    0000000c                   : BIOS.obj (.text:ti_sysbios_family_arm_m3_TaskSupport_getStackAlignment__E)
                  00005fac    00000004     --HOLE-- [fill = 0]
                  00005fb0    0000000c                   : BIOS.obj (.text:ti_sysbios_family_arm_msp432_Timer_getMaxTicks__E)
                  00005fbc    00000004     --HOLE-- [fill = 0]
                  00005fc0    0000000c                   : BIOS.obj (.text:ti_sysbios_gates_GateHwi_enter__E)
                  00005fcc    0000000c     empty_pem4f.oem4f (.text:ti_sysbios_knl_Queue_Object__get__S)
                  00005fd8    0000000c     empty_pem4f.oem4f (.text:ti_sysbios_knl_Task_Params__init__S)
                  00005fe4    0000000c     ti.targets.arm.rtsarm.aem4f : Error.oem4f (.text:xdc_runtime_Error_init__E)
                  00005ff0    0000000c                                 : Gate.oem4f (.text:xdc_runtime_Gate_enterSystem__E)
                  00005ffc    0000000c                                 : Memory.oem4f (.text:xdc_runtime_Memory_calloc__E)
                  00006008    0000000c                                 : Memory.oem4f (.text:xdc_runtime_Memory_getMaxDefaultTypeAlign__E)
                  00006014    0000000a     empty_pem4f.oem4f (.text:xdc_runtime_IHeap_alloc)
                  0000601e    0000000a     empty_pem4f.oem4f (.text:xdc_runtime_IHeap_free)
                  00006028    00000008     MSP_EXP432P401R.obj (.text:MSP_EXP432P401R_initGPIO)
                  00006030    00000008     MSP_EXP432P401R.obj (.text:MSP_EXP432P401R_initGeneral)
                  00006038    00000008     msp432p4xx_driverlib.lib : pcm.o (.text:PCM_setPowerMode)
                  00006040    00000008                              : pcm.o (.text:PCM_setPowerState)
                  00006048    00000008     button.obj (.text:gpioButton0)
                  00006050    00000008     sysbios.aem4f : BIOS.obj (.text:ti_sysbios_family_arm_m3_Hwi_doSwiRestore__I)
                  00006058    00000008                   : BIOS.obj (.text:ti_sysbios_family_arm_m3_Hwi_startup__E)
                  00006060    00000006     ti.targets.arm.rtsarm.aem4f : xdc_noinit.oem4f (.text:__xdc__init)
                  00006066    00000006     rtsv7M4_T_le_v4SPD16_eabi.lib : copy_decompress_rle.obj (.text:decompress:rle24)
                  0000606c    00000004     --HOLE-- [fill = 0]
                  00006070    00000006     sysbios.aem4f : BIOS.obj (.text:ti_sysbios_family_arm_m3_Hwi_doTaskRestore__I)
                  00006076    00000002     --HOLE-- [fill = 0]
                  00006078    00000006                   : BIOS.obj (.text:ti_sysbios_family_arm_m3_Hwi_restoreFxn__E)
                  0000607e    00000002     --HOLE-- [fill = 0]
                  00006080    00000006                   : BIOS.obj (.text:ti_sysbios_gates_GateHwi_leave__E)
                  00006086    00000002     --HOLE-- [fill = 0]
                  00006088    00000006                   : BIOS.obj (.text:ti_sysbios_heaps_HeapMem_isBlocking__E)
                  0000608e    00000002     --HOLE-- [fill = 0]
                  00006090    00000006                   : BIOS.obj (.text:ti_sysbios_knl_Queue_Instance_init__E)
                  00006096    00000002     --HOLE-- [fill = 0]
                  00006098    00000006                   : BIOS.obj (.text:ti_sysbios_knl_Swi_startup__E)
                  0000609e    00000006     ti.targets.arm.rtsarm.aem4f : System.oem4f (.text:xdc_runtime_System_Module_startup__E)
                  000060a4    00000004     --HOLE-- [fill = 0]
                  000060a8    00000004     sysbios.aem4f : BIOS.obj (.text:ti_sysbios_gates_GateHwi_query__E)
                  000060ac    00000004     --HOLE-- [fill = 0]
                  000060b0    00000004                   : BIOS.obj (.text:ti_sysbios_gates_GateMutex_query__E)
                  000060b4    00000004     --HOLE-- [fill = 0]
                  000060b8    00000004                   : BIOS.obj (.text:ti_sysbios_knl_Task_startup__E)
                  000060bc    00000004     --HOLE-- [fill = 0]
                  000060c0    00000002                   : BIOS.obj (.text:ti_sysbios_gates_GateHwi_Instance_init__E)
                  000060c2    00000006     --HOLE-- [fill = 0]
                  000060c8    00000002                   : BIOS.obj (.text:ti_sysbios_knl_Clock_logTick__E)

.const     0    000060cc    00001d90     
                  000060cc    000017a9     empty_pem4f.oem4f (.const:xdc_runtime_Text_charTab__A)
                  00007875    00000001     empty_pem4f.oem4f (.const:xdc_runtime_Error_policy__C)
                  00007876    000000b0     empty_pem4f.oem4f (.const:xdc_runtime_Text_nodeTab__A)
                  00007926    00000002     empty_pem4f.oem4f (.const:ti_sysbios_family_arm_m3_Hwi_Module__id__C)
                  00007928    00000048     empty_pem4f.oem4f (.const:.string)
                  00007970    00000040     msp432p4xx_driverlib.lib : interrupt.o (.const)
                  000079b0    0000003c     empty_pem4f.oem4f (.const:ti_sysbios_knl_Task_Object__PARAMS__C)
                  000079ec    00000030     empty_pem4f.oem4f (.const:ti_sysbios_family_arm_m3_Hwi_Object__PARAMS__C)
                  00007a1c    00000028     empty_pem4f.oem4f (.const:ti_sysbios_heaps_HeapMem_Module__FXNS__C)
                  00007a44    00000024     empty_pem4f.oem4f (.const:ti_sysbios_gates_GateHwi_Module__FXNS__C)
                  00007a68    00000024     empty_pem4f.oem4f (.const:ti_sysbios_gates_GateMutex_Module__FXNS__C)
                  00007a8c    00000024     empty_pem4f.oem4f (.const:ti_sysbios_heaps_HeapMem_Object__PARAMS__C)
                  00007ab0    00000024     empty_pem4f.oem4f (.const:ti_sysbios_knl_Semaphore_Object__PARAMS__C)
                  00007ad4    00000024     uartTransmission.obj (.const:uartConfig)
                  00007af8    00000020     empty_pem4f.oem4f (.const:ti_sysbios_family_arm_m3_Hwi_Object__DESC__C)
                  00007b18    00000020     empty_pem4f.oem4f (.const:ti_sysbios_gates_GateHwi_Object__DESC__C)
                  00007b38    00000020     empty_pem4f.oem4f (.const:ti_sysbios_gates_GateMutex_Object__DESC__C)
                  00007b58    00000020     empty_pem4f.oem4f (.const:ti_sysbios_heaps_HeapMem_Object__DESC__C)
                  00007b78    00000020     empty_pem4f.oem4f (.const:ti_sysbios_knl_Queue_Object__DESC__C)
                  00007b98    00000020     empty_pem4f.oem4f (.const:ti_sysbios_knl_Semaphore_Object__DESC__C)
                  00007bb8    00000020     empty_pem4f.oem4f (.const:ti_sysbios_knl_Task_Object__DESC__C)
                  00007bd8    00000020     empty_pem4f.oem4f (.const:xdc_runtime_Startup_sfxnTab__A)
                  00007bf8    00000018     empty_pem4f.oem4f (.const:ti_sysbios_gates_GateHwi_Object__PARAMS__C)
                  00007c10    00000018     empty_pem4f.oem4f (.const:ti_sysbios_gates_GateMutex_Object__PARAMS__C)
                  00007c28    00000018     empty_pem4f.oem4f (.const:ti_sysbios_knl_Queue_Object__PARAMS__C)
                  00007c40    00000014     MSP_EXP432P401R.obj (.const:GPIOMSP432_config)
                  00007c54    00000010     MSP_EXP432P401R.obj (.const)
                  00007c64    00000010     empty_pem4f.oem4f (.const:xdc_runtime_Startup_sfxnRts__A)
                  00007c74    0000000c     drivers_MSP432P401R.aem4f : GPIOMSP432.oem4f (.const:.string)
                  00007c80    0000000c     empty_pem4f.oem4f (.const:xdc_runtime_Startup_firstFxns__A)
                  00007c8c    00000008     empty_pem4f.oem4f (.const:ti_sysbios_family_arm_m3_Hwi_excHookFuncs__A)
                  00007c94    00000008     empty_pem4f.oem4f (.const:ti_sysbios_knl_Idle_funcList__A)
                  00007c9c    00000008     empty_pem4f.oem4f (.const:ti_sysbios_knl_Idle_funcList__C)
                  00007ca4    00000008     empty_pem4f.oem4f (.const:xdc_runtime_Startup_firstFxns__C)
                  00007cac    00000008     empty_pem4f.oem4f (.const:xdc_runtime_Startup_lastFxns__C)
                  00007cb4    00000004     empty_pem4f.oem4f (.const:ti_sysbios_family_arm_m3_Hwi_E_NMI__C)
                  00007cb8    00000004     empty_pem4f.oem4f (.const:ti_sysbios_family_arm_m3_Hwi_E_alreadyDefined__C)
                  00007cbc    00000004     empty_pem4f.oem4f (.const:ti_sysbios_family_arm_m3_Hwi_E_busFault__C)
                  00007cc0    00000004     empty_pem4f.oem4f (.const:ti_sysbios_family_arm_m3_Hwi_E_debugMon__C)
                  00007cc4    00000004     empty_pem4f.oem4f (.const:ti_sysbios_family_arm_m3_Hwi_E_hardFault__C)
                  00007cc8    00000004     empty_pem4f.oem4f (.const:ti_sysbios_family_arm_m3_Hwi_E_memFault__C)
                  00007ccc    00000004     empty_pem4f.oem4f (.const:ti_sysbios_family_arm_m3_Hwi_E_noIsr__C)
                  00007cd0    00000004     empty_pem4f.oem4f (.const:ti_sysbios_family_arm_m3_Hwi_E_reserved__C)
                  00007cd4    00000004     empty_pem4f.oem4f (.const:ti_sysbios_family_arm_m3_Hwi_E_svCall__C)
                  00007cd8    00000004     empty_pem4f.oem4f (.const:ti_sysbios_family_arm_m3_Hwi_E_usageFault__C)
                  00007cdc    00000004     empty_pem4f.oem4f (.const:ti_sysbios_family_arm_m3_Hwi_NUM_INTERRUPTS__C)
                  00007ce0    00000004     empty_pem4f.oem4f (.const:ti_sysbios_family_arm_m3_Hwi_Object__count__C)
                  00007ce4    00000004     empty_pem4f.oem4f (.const:ti_sysbios_family_arm_m3_Hwi_ccr__C)
                  00007ce8    00000004     empty_pem4f.oem4f (.const:ti_sysbios_family_arm_m3_Hwi_excHandlerFunc__C)
                  00007cec    00000004     empty_pem4f.oem4f (.const:ti_sysbios_family_arm_m3_Hwi_excHookFuncs__C)
                  00007cf0    00000004     empty_pem4f.oem4f (.const:ti_sysbios_family_arm_m3_Hwi_nullIsrFunc__C)
                  00007cf4    00000004     empty_pem4f.oem4f (.const:ti_sysbios_family_arm_m3_Hwi_priGroup__C)
                  00007cf8    00000004     empty_pem4f.oem4f (.const:ti_sysbios_family_arm_m3_TaskSupport_stackAlignment__C)
                  00007cfc    00000004     empty_pem4f.oem4f (.const:ti_sysbios_family_arm_msp432_Timer_numTimerDevices__C)
                  00007d00    00000004     empty_pem4f.oem4f (.const:ti_sysbios_family_arm_msp432_Timer_startupNeeded__C)
                  00007d04    00000004     empty_pem4f.oem4f (.const:ti_sysbios_gates_GateMutex_A_badContext__C)
                  00007d08    00000004     empty_pem4f.oem4f (.const:ti_sysbios_gates_GateMutex_Instance_State_sem__O)
                  00007d0c    00000004     empty_pem4f.oem4f (.const:ti_sysbios_gates_GateMutex_Module__diagsEnabled__C)
                  00007d10    00000004     empty_pem4f.oem4f (.const:ti_sysbios_gates_GateMutex_Module__diagsIncluded__C)
                  00007d14    00000004     empty_pem4f.oem4f (.const:ti_sysbios_gates_GateMutex_Module__diagsMask__C)
                  00007d18    00000004     empty_pem4f.oem4f (.const:ti_sysbios_hal_Hwi_E_stackOverflow__C)
                  00007d1c    00000004     empty_pem4f.oem4f (.const:ti_sysbios_heaps_HeapMem_A_align__C)
                  00007d20    00000004     empty_pem4f.oem4f (.const:ti_sysbios_heaps_HeapMem_A_heapSize__C)
                  00007d24    00000004     empty_pem4f.oem4f (.const:ti_sysbios_heaps_HeapMem_A_invalidFree__C)
                  00007d28    00000004     empty_pem4f.oem4f (.const:ti_sysbios_heaps_HeapMem_A_zeroBlock__C)
                  00007d2c    00000004     empty_pem4f.oem4f (.const:ti_sysbios_heaps_HeapMem_E_memory__C)
                  00007d30    00000004     empty_pem4f.oem4f (.const:ti_sysbios_heaps_HeapMem_Module__diagsEnabled__C)
                  00007d34    00000004     empty_pem4f.oem4f (.const:ti_sysbios_heaps_HeapMem_Module__diagsIncluded__C)
                  00007d38    00000004     empty_pem4f.oem4f (.const:ti_sysbios_heaps_HeapMem_Module__diagsMask__C)
                  00007d3c    00000004     empty_pem4f.oem4f (.const:ti_sysbios_heaps_HeapMem_Module__gateObj__C)
                  00007d40    00000004     empty_pem4f.oem4f (.const:ti_sysbios_heaps_HeapMem_Object__count__C)
                  00007d44    00000004     empty_pem4f.oem4f (.const:ti_sysbios_heaps_HeapMem_reqAlign__C)
                  00007d48    00000004     empty_pem4f.oem4f (.const:ti_sysbios_knl_Clock_Module_State_clockQ__O)
                  00007d4c    00000004     empty_pem4f.oem4f (.const:ti_sysbios_knl_Semaphore_A_badContext__C)
                  00007d50    00000004     empty_pem4f.oem4f (.const:ti_sysbios_knl_Semaphore_A_noEvents__C)
                  00007d54    00000004     empty_pem4f.oem4f (.const:ti_sysbios_knl_Semaphore_A_overflow__C)
                  00007d58    00000004     empty_pem4f.oem4f (.const:ti_sysbios_knl_Semaphore_A_pendTaskDisabled__C)
                  00007d5c    00000004     empty_pem4f.oem4f (.const:ti_sysbios_knl_Semaphore_Instance_State_pendQ__O)
                  00007d60    00000004     empty_pem4f.oem4f (.const:ti_sysbios_knl_Semaphore_Module__diagsEnabled__C)
                  00007d64    00000004     empty_pem4f.oem4f (.const:ti_sysbios_knl_Semaphore_Module__diagsIncluded__C)
                  00007d68    00000004     empty_pem4f.oem4f (.const:ti_sysbios_knl_Semaphore_Module__diagsMask__C)
                  00007d6c    00000004     empty_pem4f.oem4f (.const:ti_sysbios_knl_Swi_Object__count__C)
                  00007d70    00000004     empty_pem4f.oem4f (.const:ti_sysbios_knl_Task_A_badPriority__C)
                  00007d74    00000004     empty_pem4f.oem4f (.const:ti_sysbios_knl_Task_A_badTaskState__C)
                  00007d78    00000004     empty_pem4f.oem4f (.const:ti_sysbios_knl_Task_A_badThreadType__C)
                  00007d7c    00000004     empty_pem4f.oem4f (.const:ti_sysbios_knl_Task_A_badTimeout__C)
                  00007d80    00000004     empty_pem4f.oem4f (.const:ti_sysbios_knl_Task_A_noPendElem__C)
                  00007d84    00000004     empty_pem4f.oem4f (.const:ti_sysbios_knl_Task_A_sleepTaskDisabled__C)
                  00007d88    00000004     empty_pem4f.oem4f (.const:ti_sysbios_knl_Task_E_spOutOfBounds__C)
                  00007d8c    00000004     empty_pem4f.oem4f (.const:ti_sysbios_knl_Task_E_stackOverflow__C)
                  00007d90    00000004     empty_pem4f.oem4f (.const:ti_sysbios_knl_Task_Module_State_inactiveQ__O)
                  00007d94    00000004     empty_pem4f.oem4f (.const:ti_sysbios_knl_Task_Module__diagsEnabled__C)
                  00007d98    00000004     empty_pem4f.oem4f (.const:ti_sysbios_knl_Task_Module__diagsIncluded__C)
                  00007d9c    00000004     empty_pem4f.oem4f (.const:ti_sysbios_knl_Task_Module__diagsMask__C)
                  00007da0    00000004     empty_pem4f.oem4f (.const:ti_sysbios_knl_Task_Object__count__C)
                  00007da4    00000004     empty_pem4f.oem4f (.const:ti_sysbios_knl_Task_allBlockedFunc__C)
                  00007da8    00000004     empty_pem4f.oem4f (.const:ti_sysbios_knl_Task_defaultStackHeap__C)
                  00007dac    00000004     empty_pem4f.oem4f (.const:ti_sysbios_knl_Task_defaultStackSize__C)
                  00007db0    00000004     empty_pem4f.oem4f (.const:ti_sysbios_knl_Task_numConstructedTasks__C)
                  00007db4    00000004     empty_pem4f.oem4f (.const:xdc_runtime_Assert_E_assertFailed__C)
                  00007db8    00000004     empty_pem4f.oem4f (.const:xdc_runtime_Core_A_initializedParams__C)
                  00007dbc    00000004     empty_pem4f.oem4f (.const:xdc_runtime_Core_Module__diagsEnabled__C)
                  00007dc0    00000004     empty_pem4f.oem4f (.const:xdc_runtime_Core_Module__diagsIncluded__C)
                  00007dc4    00000004     empty_pem4f.oem4f (.const:xdc_runtime_Core_Module__diagsMask__C)
                  00007dc8    00000004     empty_pem4f.oem4f (.const:xdc_runtime_Error_E_memory__C)
                  00007dcc    00000004     empty_pem4f.oem4f (.const:xdc_runtime_Error_Module__diagsEnabled__C)
                  00007dd0    00000004     empty_pem4f.oem4f (.const:xdc_runtime_Error_Module__diagsIncluded__C)
                  00007dd4    00000004     empty_pem4f.oem4f (.const:xdc_runtime_Error_Module__diagsMask__C)
                  00007dd8    00000004     empty_pem4f.oem4f (.const:xdc_runtime_Error_Module__loggerFxn8__C)
                  00007ddc    00000004     empty_pem4f.oem4f (.const:xdc_runtime_Error_Module__loggerObj__C)
                  00007de0    00000004     empty_pem4f.oem4f (.const:xdc_runtime_Error_policyFxn__C)
                  00007de4    00000004     empty_pem4f.oem4f (.const:xdc_runtime_Error_raiseHook__C)
                  00007de8    00000004     empty_pem4f.oem4f (.const:xdc_runtime_IGateProvider_Interface__BASE__C)
                  00007dec    00000004     empty_pem4f.oem4f (.const:xdc_runtime_IHeap_Interface__BASE__C)
                  00007df0    00000004     empty_pem4f.oem4f (.const:xdc_runtime_IModule_Interface__BASE__C)
                  00007df4    00000004     empty_pem4f.oem4f (.const:xdc_runtime_Log_L_error__C)
                  00007df8    00000004     empty_pem4f.oem4f (.const:xdc_runtime_Memory_defaultHeapInstance__C)
                  00007dfc    00000004     empty_pem4f.oem4f (.const:xdc_runtime_Startup_execImpl__C)
                  00007e00    00000004     empty_pem4f.oem4f (.const:xdc_runtime_Startup_maxPasses__C)
                  00007e04    00000004     empty_pem4f.oem4f (.const:xdc_runtime_Startup_sfxnRts__C)
                  00007e08    00000004     empty_pem4f.oem4f (.const:xdc_runtime_Startup_sfxnTab__C)
                  00007e0c    00000004     empty_pem4f.oem4f (.const:xdc_runtime_SysMin_bufSize__C)
                  00007e10    00000004     empty_pem4f.oem4f (.const:xdc_runtime_SysMin_outputFunc__C)
                  00007e14    00000004     empty_pem4f.oem4f (.const:xdc_runtime_System_Module__gateObj__C)
                  00007e18    00000004     empty_pem4f.oem4f (.const:xdc_runtime_System_abortFxn__C)
                  00007e1c    00000004     empty_pem4f.oem4f (.const:xdc_runtime_System_exitFxn__C)
                  00007e20    00000004     empty_pem4f.oem4f (.const:xdc_runtime_System_extendFxn__C)
                  00007e24    00000004     empty_pem4f.oem4f (.const:xdc_runtime_System_maxAtexitHandlers__C)
                  00007e28    00000004     empty_pem4f.oem4f (.const:xdc_runtime_Text_charTab__C)
                  00007e2c    00000004     empty_pem4f.oem4f (.const:xdc_runtime_Text_nameEmpty__C)
                  00007e30    00000004     empty_pem4f.oem4f (.const:xdc_runtime_Text_nameStatic__C)
                  00007e34    00000004     empty_pem4f.oem4f (.const:xdc_runtime_Text_nameUnknown__C)
                  00007e38    00000004     empty_pem4f.oem4f (.const:xdc_runtime_Text_nodeTab__C)
                  00007e3c    00000004     empty_pem4f.oem4f (.const:xdc_runtime_Text_visitRopeFxn__C)
                  00007e40    00000002     empty_pem4f.oem4f (.const:ti_sysbios_gates_GateMutex_Module__id__C)
                  00007e42    00000002     empty_pem4f.oem4f (.const:ti_sysbios_hal_Hwi_Module__id__C)
                  00007e44    00000002     empty_pem4f.oem4f (.const:ti_sysbios_heaps_HeapMem_Module__id__C)
                  00007e46    00000002     empty_pem4f.oem4f (.const:ti_sysbios_knl_Semaphore_Module__id__C)
                  00007e48    00000002     empty_pem4f.oem4f (.const:ti_sysbios_knl_Task_Module__id__C)
                  00007e4a    00000002     empty_pem4f.oem4f (.const:xdc_runtime_Core_Module__id__C)
                  00007e4c    00000002     empty_pem4f.oem4f (.const:xdc_runtime_Error_Module__loggerDefined__C)
                  00007e4e    00000002     empty_pem4f.oem4f (.const:xdc_runtime_Error_maxDepth__C)
                  00007e50    00000002     empty_pem4f.oem4f (.const:xdc_runtime_Memory_Module__id__C)
                  00007e52    00000002     empty_pem4f.oem4f (.const:xdc_runtime_SysMin_flushAtExit__C)
                  00007e54    00000002     empty_pem4f.oem4f (.const:xdc_runtime_Text_charCnt__C)
                  00007e56    00000002     empty_pem4f.oem4f (.const:xdc_runtime_Text_isLoaded__C)
                  00007e58    00000002     empty_pem4f.oem4f (.const:xdc_runtime_Text_registryModsLastId__C)
                  00007e5a    00000002     empty_pem4f.oem4f (.const:xdc_runtime_Text_unnamedModsLastId__C)

.cinit     0    00007e60    00000470     
                  00007e60    00000438     (.cinit..data.load) [load image, compression = rle]
                  00008298    0000000c     (__TI_handler_table)
                  000082a4    00000004     --HOLE-- [fill = 0]
                  000082a8    00000008     (.cinit..bss.load) [load image, compression = zero_init]
                  000082b0    00000008     (.cinit..vecs.load) [load image, compression = zero_init]
                  000082b8    00000018     (__TI_cinit_table)

.resetVecs 
*          0    00000000    0000003c     
                  00000000    0000003c     empty_pem4f.oem4f (.resetVecs)

.vecs      0    20000000    00000140     UNINITIALIZED
                  20000000    00000140     empty_pem4f.oem4f (.vecs)

.bss       0    20000140    00000b68     UNINITIALIZED
                  20000140    00000400     empty_pem4f.oem4f (.bss:ti_sysbios_heaps_HeapMem_Instance_State_0_buf__A)
                  20000540    00000200     empty.obj (.bss:task0Stack)
                  20000740    00000200     empty_pem4f.oem4f (.bss:taskStackSection)
                  20000940    00000140     empty_pem4f.oem4f (.bss:ti_sysbios_family_arm_m3_Hwi_dispatchTable)
                  20000a80    00000120     rtsv7M4_T_le_v4SPD16_eabi.lib : trgmsg.obj (.bss:__CIOBUF_)
                  20000ba0    00000080     empty_pem4f.oem4f (.bss:xdc_runtime_SysMin_Module_State_0_outbuf__A)
                  20000c20    00000050     empty.obj (.bss:task0Struct)
                  20000c70    00000030     drivers_MSP432P401R.aem4f : GPIOMSP432.oem4f (.bss:gpioCallbackInfo)
                  20000ca0    00000008     (.common:parmbuf)

.TI.noinit 
*          0    20000140    00000000     UNINITIALIZED

.data      0    20000ca8    000005b9     UNINITIALIZED
                  20000ca8    00000140     empty_pem4f.oem4f (.data)
                  20000de8    0000009c     drivers_MSP432P401R.aem4f : PowerMSP432.oem4f (.data:PowerMSP432_perfLevels)
                  20000e84    00000080     empty_pem4f.oem4f (.data:ti_sysbios_knl_Swi_Module_State_0_readyQ__A)
                  20000f04    00000080     empty_pem4f.oem4f (.data:ti_sysbios_knl_Task_Module_State_0_readyQ__A)
                  20000f84    00000060     empty_pem4f.oem4f (.data:ti_sysbios_family_arm_m3_Hwi_Object__table__V)
                  20000fe4    0000004c     empty_pem4f.oem4f (.data:ti_sysbios_family_arm_msp432_Timer_Object__table__V)
                  20001030    0000004c     empty_pem4f.oem4f (.data:ti_sysbios_knl_Task_Object__table__V)
                  2000107c    00000044     empty_pem4f.oem4f (.data:ti_sysbios_knl_Task_Module__state__V)
                  200010c0    00000038     empty_pem4f.oem4f (.data:ti_sysbios_gates_GateMutex_Object__table__V)
                  200010f8    00000034     empty_pem4f.oem4f (.data:ti_sysbios_family_arm_m3_Hwi_Module__state__V)
                  2000112c    00000030     drivers_MSP432P401R.aem4f : GPIOMSP432.oem4f (.data:GPIO_PORT_TO_BASE)
                  2000115c    00000030     msp432p4xx_driverlib.lib : gpio.o (.data:GPIO_PORT_TO_BASE)
                  2000118c    00000030     empty_pem4f.oem4f (.data:ti_sysbios_knl_Swi_Object__table__V)
                  200011bc    0000002c     empty_pem4f.oem4f (.data:ti_sysbios_knl_Clock_Module__state__V)
                  200011e8    00000024     drivers_MSP432P401R.aem4f : PowerMSP432.oem4f (.data:PowerMSP432_module)
                  2000120c    00000024     empty_pem4f.oem4f (.data:ti_sysbios_BIOS_Module__state__V)
                  20001230    0000001c     MSP_EXP432P401R.obj (.data)
                  2000124c    00000008     rtsv7M4_T_le_v4SPD16_eabi.lib : _lock.obj (.data)
                  20001254    00000008                                   : exit.obj (.data)
                  2000125c    00000004                                   : stkdepth_vars.obj (.data)
                  20001260    00000001     drivers_MSP432P401R.aem4f : GPIOMSP432.oem4f (.data)

.TI.persistent 
*          0    20000ca8    00000000     UNINITIALIZED

.stack     0    2000fd00    00000300     UNINITIALIZED
                  2000fd00    00000300     --HOLE--

.bootVecs 
*          0    00000000    00000008     DSECT
                  00000000    00000008     boot.aem4f : boot.oem4f (.bootVecs)

xdc.meta   0    00000000    000000f1     COPY SECTION
                  00000000    000000f1     empty_pem4f.oem4f (xdc.meta)


LINKER GENERATED COPY TABLES

__TI_cinit_table @ 000082b8 records: 3, size/record: 8, table size: 24
	.data: load addr=00007e60, load size=00000438 bytes, run addr=20000ca8, run size=000005b9 bytes, compression=rle
	.bss: load addr=000082a8, load size=00000008 bytes, run addr=20000140, run size=00000b68 bytes, compression=zero_init
	.vecs: load addr=000082b0, load size=00000008 bytes, run addr=20000000, run size=00000140 bytes, compression=zero_init


LINKER GENERATED HANDLER TABLE

__TI_handler_table @ 00008298 records: 3, size/record: 4, table size: 12
	index: 0, handler: __TI_decompress_rle24
	index: 1, handler: __TI_decompress_none
	index: 2, handler: __TI_zero_init


GLOBAL SYMBOLS: SORTED ALPHABETICALLY BY Name 

address   name                                                        
-------   ----                                                        
00004c99  ADC14_IRQHandler                                            
00005dc5  ADC14_enableModule                                          
00004dcd  ADC14_initModule                                            
00004979  C$$EXIT                                                     
00003bcf  C$$IO$$                                                     
00005f33  CPU_cpsid                                                   
00005f3f  CPU_cpsie                                                   
00000d3d  CPU_wfi                                                     
000029a5  CS_initClockSignal                                          
000055ad  CS_setDCOCenteredFrequency                                  
000047c5  EUSCIA0_IRQHandler                                          
00004b19  FlashCtl_disableReadBuffering                               
00004ee9  FlashCtl_enableReadBuffering                                
00005495  FlashCtl_setWaitState                                       
00007c40  GPIOMSP432_config                                           
00005b05  GPIO_clearInterruptFlag                                     
000054bd  GPIO_enableInt                                              
00005c99  GPIO_enableInterrupt                                        
00004b59  GPIO_getEnabledInterruptStatus                              
00005065  GPIO_getEnabledInterruptStatus_WA                           
00005dd5  GPIO_getInterruptStatus                                     
00004209  GPIO_hwiIntFxn                                              
00003ec9  GPIO_init                                                   
000057cd  GPIO_interruptEdgeSelect                                    
00005309  GPIO_setAsInputPin                                          
00005095  GPIO_setAsInputPinWithPullDownResistor                      
000050c5  GPIO_setAsInputPinWithPullUpResistor                        
000055d1  GPIO_setAsOutputPin                                         
0000480d  GPIO_setAsPeripheralModuleFunctionInputPin                  
0000425d  GPIO_setCallback                                            
00001f59  GPIO_setConfig                                              
00005cad  GPIO_setDriveStrengthHigh                                   
00005b1d  GPIO_setDriveStrengthLow                                    
00005cc1  GPIO_setOutputHighOnPin                                     
00005b35  GPIO_setOutputLowOnPin                                      
000050f5  GPIO_toggle                                                 
00005cd5  GPIO_toggleOutputOnPin                                      
00004405  GPIO_write                                                  
00000a49  HOSTclock                                                   
00000a11  HOSTclose                                                   
000009d3  HOSTgetenv                                                  
00000977  HOSTlseek                                                   
00000925  HOSTopen                                                    
000008d9  HOSTread                                                    
0000087b  HOSTrename                                                  
00000841  HOSTtime                                                    
00000809  HOSTunlink                                                  
000007bd  HOSTwrite                                                   
00005ee9  HwiP_Params_init                                            
00003e05  HwiP_create                                                 
00000f95  HwiP_disable                                                
00006079  HwiP_restore                                                
00003c71  Interrupt_enableInterrupt                                   
0000140d  List_head                                                   
0000160d  List_next                                                   
00006029  MSP_EXP432P401R_initGPIO                                    
00006031  MSP_EXP432P401R_initGeneral                                 
00005335  PCM_getCoreVoltageLevel                                     
00005441  PCM_getPowerMode                                            
00005f4d  PCM_getPowerState                                           
000054e5  PCM_gotoLPM0                                                
00003735  PCM_gotoLPM3                                                
00005de5  PCM_gotoLPM4                                                
00006039  PCM_setPowerMode                                            
00006041  PCM_setPowerState                                           
00004455  PCM_shutdownDevice                                          
00007c54  PowerMSP432_config                                          
000034f7  PowerMSP432_initPolicy                                      
200011e8  PowerMSP432_module                                          
20000de8  PowerMSP432_perfLevels                                      
000044a5  PowerMSP432_sleepPolicy                                     
00005361  PowerMSP432_updateFreqs                                     
00005f59  Power_getConstraintMask                                     
000057ed  Power_idleFunc                                              
00004cd5  Power_init                                                  
000025dd  Power_sleep                                                 
000055f5  RTC_C_holdClock                                             
00005619  RTC_C_startClock                                            
UNDEFED   SHT$$INIT_ARRAY$$Base                                       
UNDEFED   SHT$$INIT_ARRAY$$Limit                                      
0000563d  SW1_IRQHandler                                              
4000480c  WDTCTL_SYM                                                  
00005b4d  WDT_A_holdTimer                                             
00005ce9  WDT_A_startTimer                                            
00000000  __ASM__                                                     
20000a80  __CIOBUF_                                                   
0000006d  __ISA__                                                     
00000080  __PLAT__                                                    
20010000  __STACK_END                                                 
00000300  __STACK_SIZE                                                
000000a3  __TARG__                                                    
000082b8  __TI_CINIT_Base                                             
000082d0  __TI_CINIT_Limit                                            
00008298  __TI_Handler_Table_Base                                     
000082a4  __TI_Handler_Table_Limit                                    
00003141  __TI_auto_init                                              
20001254  __TI_cleanup_ptr                                            
00005ef7  __TI_decompress_none                                        
00006067  __TI_decompress_rle24                                       
20001258  __TI_dtors_ptr                                              
00003bd3  __TI_readmsg                                                
00007e60  __TI_static_base__                                          
00003ba1  __TI_writemsg                                               
00005f65  __TI_zero_init                                              
000000c9  __TRDR__                                                    
0000382b  __aeabi_idiv0                                               
000037b1  __aeabi_memclr                                              
000037b1  __aeabi_memclr4                                             
000037b1  __aeabi_memclr8                                             
00003281  __aeabi_memcpy                                              
00003281  __aeabi_memcpy4                                             
00003281  __aeabi_memcpy8                                             
000037b3  __aeabi_memset                                              
000037b3  __aeabi_memset4                                             
000037b3  __aeabi_memset8                                             
00004bd9  __aeabi_uidiv                                               
00004bd9  __aeabi_uidivmod                                            
ffffffff  __binit__                                                   
ffffffff  __c_args__                                                  
2000fd00  __stack                                                     
00006061  __xdc__init                                                 
20000de4  __xdc__init__addr                                           
00005b65  _args_main                                                  
00004101  _c_int00                                                    
2000124c  _lock                                                       
00005d1f  _nop                                                        
00005d17  _register_lock                                              
00005d11  _register_unlock                                            
20001250  _unlock                                                     
0000497d  abort                                                       
ffffffff  binit                                                       
0000382d  buttonInit                                                  
000045e9  copy_in                                                     
00004985  exit                                                        
00006049  gpioButton0                                                 
20001244  gpioCallbackFunctions                                       
20001234  gpioPinConfigs                                              
00005cfd  heartBeatFxn                                                
00003cd5  initADC                                                     
00003d39  initUart                                                    
00002b61  main                                                        
2000125c  main_func_sp                                                
00003281  memcpy                                                      
000037b9  memset                                                      
00005e89  osi_TaskDisable                                             
00005e19  osi_start                                                   
00005d25  strcpy                                                      
00005d39  strlen                                                      
20000540  task0Stack                                                  
20000c20  task0Struct                                                 
2000120c  ti_sysbios_BIOS_Module__state__V                            
00005a69  ti_sysbios_BIOS_RtsGateProxy_Handle__label__S               
00005715  ti_sysbios_BIOS_RtsGateProxy_Object__delete__S              
00001ca5  ti_sysbios_BIOS_RtsGateProxy_enter__E                       
00001e0d  ti_sysbios_BIOS_RtsGateProxy_leave__E                       
000060b1  ti_sysbios_BIOS_RtsGateProxy_query__E                       
00005125  ti_sysbios_BIOS_atExitFunc__I                               
00005661  ti_sysbios_BIOS_errorRaiseHook__I                           
00005c59  ti_sysbios_BIOS_exitFunc__I                                 
0000390f  ti_sysbios_BIOS_nullFunc__I                                 
00005685  ti_sysbios_BIOS_registerRTSLock__I                          
000056a9  ti_sysbios_BIOS_removeRTSLock__I                            
0000580d  ti_sysbios_BIOS_rtsLock__I                                  
00005b7d  ti_sysbios_BIOS_rtsUnlock__I                                
00005df9  ti_sysbios_BIOS_setCpuFreq__E                               
00005e09  ti_sysbios_BIOS_setThreadType__E                            
000056cd  ti_sysbios_BIOS_startFunc__I                                
00005e19  ti_sysbios_BIOS_start__E                                    
00007cb4  ti_sysbios_family_arm_m3_Hwi_E_NMI__C                       
00007cb8  ti_sysbios_family_arm_m3_Hwi_E_alreadyDefined__C            
00007cbc  ti_sysbios_family_arm_m3_Hwi_E_busFault__C                  
00007cc0  ti_sysbios_family_arm_m3_Hwi_E_debugMon__C                  
00007cc4  ti_sysbios_family_arm_m3_Hwi_E_hardFault__C                 
00007cc8  ti_sysbios_family_arm_m3_Hwi_E_memFault__C                  
00007ccc  ti_sysbios_family_arm_m3_Hwi_E_noIsr__C                     
00007cd0  ti_sysbios_family_arm_m3_Hwi_E_reserved__C                  
00007cd4  ti_sysbios_family_arm_m3_Hwi_E_svCall__C                    
00007cd8  ti_sysbios_family_arm_m3_Hwi_E_usageFault__C                
00005a35  ti_sysbios_family_arm_m3_Hwi_Handle__label__S               
00004f21  ti_sysbios_family_arm_m3_Hwi_Instance_finalize__E           
000034f9  ti_sysbios_family_arm_m3_Hwi_Instance_init__E               
20000cb0  ti_sysbios_family_arm_m3_Hwi_Module_State_0_excActive__A    
20000cb4  ti_sysbios_family_arm_m3_Hwi_Module_State_0_excContext__A   
20000cb8  ti_sysbios_family_arm_m3_Hwi_Module_State_0_excStack__A     
00007926  ti_sysbios_family_arm_m3_Hwi_Module__id__C                  
20000ca8  ti_sysbios_family_arm_m3_Hwi_Module__root__V                
00005b95  ti_sysbios_family_arm_m3_Hwi_Module__startupDone__F         
00005b95  ti_sysbios_family_arm_m3_Hwi_Module__startupDone__S         
200010f8  ti_sysbios_family_arm_m3_Hwi_Module__state__V               
000044f9  ti_sysbios_family_arm_m3_Hwi_Module_startup__E              
00007cdc  ti_sysbios_family_arm_m3_Hwi_NUM_INTERRUPTS__C              
00007af8  ti_sysbios_family_arm_m3_Hwi_Object__DESC__C                
000079ec  ti_sysbios_family_arm_m3_Hwi_Object__PARAMS__C              
00007ce0  ti_sysbios_family_arm_m3_Hwi_Object__count__C               
00005d4d  ti_sysbios_family_arm_m3_Hwi_Object__get__S                 
20000f84  ti_sysbios_family_arm_m3_Hwi_Object__table__V               
00005f71  ti_sysbios_family_arm_m3_Hwi_Params__init__S                
00007ce4  ti_sysbios_family_arm_m3_Hwi_ccr__C                         
00004159  ti_sysbios_family_arm_m3_Hwi_construct                      
00005f81  ti_sysbios_family_arm_m3_Hwi_disableFxn__E                  
00004859  ti_sysbios_family_arm_m3_Hwi_disableInterrupt__E            
00003da1  ti_sysbios_family_arm_m3_Hwi_dispatchC__I                   
20000940  ti_sysbios_family_arm_m3_Hwi_dispatchTable                  
000026d1  ti_sysbios_family_arm_m3_Hwi_dispatch__I                    
00006051  ti_sysbios_family_arm_m3_Hwi_doSwiRestore__I                
00006071  ti_sysbios_family_arm_m3_Hwi_doTaskRestore__I               
000048a1  ti_sysbios_family_arm_m3_Hwi_enableInterrupt__E             
00001b31  ti_sysbios_family_arm_m3_Hwi_excBusFault__I                 
00002cf9  ti_sysbios_family_arm_m3_Hwi_excDebugMon__I                 
00000041  ti_sysbios_family_arm_m3_Hwi_excDumpRegs__I                 
0000582d  ti_sysbios_family_arm_m3_Hwi_excHandlerAsm__I               
00007ce8  ti_sysbios_family_arm_m3_Hwi_excHandlerFunc__C              
00001411  ti_sysbios_family_arm_m3_Hwi_excHandlerMax__I               
00005851  ti_sysbios_family_arm_m3_Hwi_excHandler__I                  
00002db9  ti_sysbios_family_arm_m3_Hwi_excHardFault__I                
00007c8c  ti_sysbios_family_arm_m3_Hwi_excHookFuncs__A                
00007cec  ti_sysbios_family_arm_m3_Hwi_excHookFuncs__C                
00001e11  ti_sysbios_family_arm_m3_Hwi_excMemFault__I                 
00004f59  ti_sysbios_family_arm_m3_Hwi_excNmi__I                      
00004e09  ti_sysbios_family_arm_m3_Hwi_excNoIsr__I                    
000048e9  ti_sysbios_family_arm_m3_Hwi_excReserved__I                 
00004d11  ti_sysbios_family_arm_m3_Hwi_excSvCall__I                   
00001ca9  ti_sysbios_family_arm_m3_Hwi_excUsageFault__I               
000049c1  ti_sysbios_family_arm_m3_Hwi_getStackInfo__E                
00003591  ti_sysbios_family_arm_m3_Hwi_initNVIC__E                    
000041b1  ti_sysbios_family_arm_m3_Hwi_initStacks__E                  
00007cf0  ti_sysbios_family_arm_m3_Hwi_nullIsrFunc__C                 
e000e000  ti_sysbios_family_arm_m3_Hwi_nvic                           
00005561  ti_sysbios_family_arm_m3_Hwi_pendSV__I                      
000036b1  ti_sysbios_family_arm_m3_Hwi_postInit__I                    
00007cf4  ti_sysbios_family_arm_m3_Hwi_priGroup__C                    
20000000  ti_sysbios_family_arm_m3_Hwi_ramVectors                     
00000000  ti_sysbios_family_arm_m3_Hwi_resetVectors                   
00006079  ti_sysbios_family_arm_m3_Hwi_restoreFxn__E                  
00005585  ti_sysbios_family_arm_m3_Hwi_return                         
00006059  ti_sysbios_family_arm_m3_Hwi_startup__E                     
00005d61  ti_sysbios_family_arm_m3_Hwi_switchFromBootStack__E         
000028b5  ti_sysbios_family_arm_m3_TaskSupport_Module__startupDone__S 
00003625  ti_sysbios_family_arm_m3_TaskSupport_buildTaskStack         
00005f91  ti_sysbios_family_arm_m3_TaskSupport_checkStack__E          
00005fa1  ti_sysbios_family_arm_m3_TaskSupport_getStackAlignment__E   
00005e29  ti_sysbios_family_arm_m3_TaskSupport_glue                   
00007cf8  ti_sysbios_family_arm_m3_TaskSupport_stackAlignment__C      
00005159  ti_sysbios_family_arm_m3_TaskSupport_start__E               
00005bad  ti_sysbios_family_arm_m3_TaskSupport_swap__E                
20000cbc  ti_sysbios_family_arm_msp432_ClockFreqs_Module__state__V    
000056f1  ti_sysbios_family_arm_msp432_ClockFreqs_setFrequency__E     
20000cd0  ti_sysbios_family_arm_msp432_Timer_Module_State_0_device__A 
20000cf0  ti_sysbios_family_arm_msp432_Timer_Module_State_0_handles__A
20000cc8  ti_sysbios_family_arm_msp432_Timer_Module__root__V          
00005bc5  ti_sysbios_family_arm_msp432_Timer_Module__startupDone__F   
00005bc5  ti_sysbios_family_arm_msp432_Timer_Module__startupDone__S   
20000d00  ti_sysbios_family_arm_msp432_Timer_Module__state__V         
00004c19  ti_sysbios_family_arm_msp432_Timer_Module_startup__E        
20000fe4  ti_sysbios_family_arm_msp432_Timer_Object__table__V         
00005fb1  ti_sysbios_family_arm_msp432_Timer_getMaxTicks__E           
[...]
00005ea9  xdc_runtime_Memory_free__E                                  
00005eb9  xdc_runtime_SysMin_ready__E                                 
00005eb9  xdc_runtime_System_SupportProxy_ready__E                    
00005ec9  xdc_runtime_System_vsnprintf__E                             
00005ed9  xdc_runtime_Text_visitRope__I                               
00005ee9  HwiP_Params_init                                            
00005ef7  __TI_decompress_none                                        
00005f09  ti_sysbios_knl_Idle_loop__E                                 
00005f19  ti_sysbios_knl_Queue_empty__E                               
00005f27  ti_sysbios_family_arm_msp432_init_Boot_init__I              
00005f27  xdc_runtime_Startup_reset__I                                
00005f33  CPU_cpsid                                                   
00005f3f  CPU_cpsie                                                   
00005f4d  PCM_getPowerState                                           
00005f59  Power_getConstraintMask                                     
00005f65  __TI_zero_init                                              
00005f71  ti_sysbios_family_arm_m3_Hwi_Params__init__S                
00005f71  ti_sysbios_hal_Hwi_HwiProxy_Params__init__S                 
00005f81  ti_sysbios_family_arm_m3_Hwi_disableFxn__E                  
00005f81  ti_sysbios_hal_Hwi_HwiProxy_disable__E                      
00005f91  ti_sysbios_family_arm_m3_TaskSupport_checkStack__E          
00005f91  ti_sysbios_knl_Task_SupportProxy_checkStack__E              
00005fa1  ti_sysbios_family_arm_m3_TaskSupport_getStackAlignment__E   
00005fa1  ti_sysbios_knl_Task_SupportProxy_getStackAlignment__E       
00005fb1  ti_sysbios_family_arm_msp432_Timer_getMaxTicks__E           
00005fc1  ti_sysbios_gates_GateHwi_enter__E                           
00005fcd  ti_sysbios_knl_Queue_Object__get__S                         
00005fd9  ti_sysbios_knl_Task_Params__init__S                         
00005fe5  xdc_runtime_Error_init__E                                   
00005ff1  xdc_runtime_Gate_enterSystem__E                             
00005ffd  xdc_runtime_Memory_calloc__E                                
00006009  xdc_runtime_Memory_getMaxDefaultTypeAlign__E                
00006015  xdc_runtime_Memory_HeapProxy_alloc__E                       
0000601f  xdc_runtime_Memory_HeapProxy_free__E                        
00006029  MSP_EXP432P401R_initGPIO                                    
00006031  MSP_EXP432P401R_initGeneral                                 
00006039  PCM_setPowerMode                                            
00006041  PCM_setPowerState                                           
00006049  gpioButton0                                                 
00006051  ti_sysbios_family_arm_m3_Hwi_doSwiRestore__I                
00006059  ti_sysbios_family_arm_m3_Hwi_startup__E                     
00006059  ti_sysbios_hal_Hwi_HwiProxy_startup__E                      
00006061  __xdc__init                                                 
00006067  __TI_decompress_rle24                                       
00006071  ti_sysbios_family_arm_m3_Hwi_doTaskRestore__I               
00006079  HwiP_restore                                                
00006079  ti_sysbios_family_arm_m3_Hwi_restoreFxn__E                  
00006079  ti_sysbios_hal_Hwi_HwiProxy_restore__E                      
00006081  ti_sysbios_gates_GateHwi_leave__E                           
00006089  ti_sysbios_heaps_HeapMem_isBlocking__E                      
00006091  ti_sysbios_knl_Queue_Instance_init__E                       
00006099  ti_sysbios_knl_Swi_startup__E                               
0000609f  xdc_runtime_System_Module_startup__E                        
000060a9  ti_sysbios_gates_GateHwi_query__E                           
000060a9  xdc_runtime_Main_Module_GateProxy_query__E                  
000060a9  xdc_runtime_System_Module_GateProxy_query__E                
000060b1  ti_sysbios_BIOS_RtsGateProxy_query__E                       
000060b1  ti_sysbios_gates_GateMutex_query__E                         
000060b1  ti_sysbios_heaps_HeapMem_Module_GateProxy_query__E          
000060b9  ti_sysbios_knl_Task_startup__E                              
000060c1  ti_sysbios_gates_GateHwi_Instance_init__E                   
000060c9  ti_sysbios_knl_Clock_logTick__E                             
000060cc  xdc_runtime_Text_charTab__A                                 
00007875  xdc_runtime_Error_policy__C                                 
00007876  xdc_runtime_Text_nodeTab__A                                 
00007926  ti_sysbios_family_arm_m3_Hwi_Module__id__C                  
000079b0  ti_sysbios_knl_Task_Object__PARAMS__C                       
000079ec  ti_sysbios_family_arm_m3_Hwi_Object__PARAMS__C              
00007a1c  ti_sysbios_heaps_HeapMem_Module__FXNS__C                    
00007a44  ti_sysbios_gates_GateHwi_Module__FXNS__C                    
00007a68  ti_sysbios_gates_GateMutex_Module__FXNS__C                  
00007a8c  ti_sysbios_heaps_HeapMem_Object__PARAMS__C                  
00007ab0  ti_sysbios_knl_Semaphore_Object__PARAMS__C                  
00007ad4  uartConfig                                                  
00007af8  ti_sysbios_family_arm_m3_Hwi_Object__DESC__C                
00007b18  ti_sysbios_gates_GateHwi_Object__DESC__C                    
00007b38  ti_sysbios_gates_GateMutex_Object__DESC__C                  
00007b58  ti_sysbios_heaps_HeapMem_Object__DESC__C                    
00007b78  ti_sysbios_knl_Queue_Object__DESC__C                        
00007b98  ti_sysbios_knl_Semaphore_Object__DESC__C                    
00007bb8  ti_sysbios_knl_Task_Object__DESC__C                         
00007bd8  xdc_runtime_Startup_sfxnTab__A                              
00007bf8  ti_sysbios_gates_GateHwi_Object__PARAMS__C                  
00007c10  ti_sysbios_gates_GateMutex_Object__PARAMS__C                
00007c28  ti_sysbios_knl_Queue_Object__PARAMS__C                      
00007c40  GPIOMSP432_config                                           
00007c54  PowerMSP432_config                                          
00007c64  xdc_runtime_Startup_sfxnRts__A                              
00007c80  xdc_runtime_Startup_firstFxns__A                            
00007c8c  ti_sysbios_family_arm_m3_Hwi_excHookFuncs__A                
00007c94  ti_sysbios_knl_Idle_funcList__A                             
00007c9c  ti_sysbios_knl_Idle_funcList__C                             
00007ca4  xdc_runtime_Startup_firstFxns__C                            
00007cac  xdc_runtime_Startup_lastFxns__C                             
00007cb4  ti_sysbios_family_arm_m3_Hwi_E_NMI__C                       
00007cb8  ti_sysbios_family_arm_m3_Hwi_E_alreadyDefined__C            
00007cbc  ti_sysbios_family_arm_m3_Hwi_E_busFault__C                  
00007cc0  ti_sysbios_family_arm_m3_Hwi_E_debugMon__C                  
00007cc4  ti_sysbios_family_arm_m3_Hwi_E_hardFault__C                 
00007cc8  ti_sysbios_family_arm_m3_Hwi_E_memFault__C                  
00007ccc  ti_sysbios_family_arm_m3_Hwi_E_noIsr__C                     
00007cd0  ti_sysbios_family_arm_m3_Hwi_E_reserved__C                  
00007cd4  ti_sysbios_family_arm_m3_Hwi_E_svCall__C                    
00007cd8  ti_sysbios_family_arm_m3_Hwi_E_usageFault__C                
00007cdc  ti_sysbios_family_arm_m3_Hwi_NUM_INTERRUPTS__C              
00007ce0  ti_sysbios_family_arm_m3_Hwi_Object__count__C               
00007ce4  ti_sysbios_family_arm_m3_Hwi_ccr__C                         
00007ce8  ti_sysbios_family_arm_m3_Hwi_excHandlerFunc__C              
00007cec  ti_sysbios_family_arm_m3_Hwi_excHookFuncs__C                
00007cf0  ti_sysbios_family_arm_m3_Hwi_nullIsrFunc__C                 
00007cf4  ti_sysbios_family_arm_m3_Hwi_priGroup__C                    
00007cf8  ti_sysbios_family_arm_m3_TaskSupport_stackAlignment__C      
00007cfc  ti_sysbios_family_arm_msp432_Timer_numTimerDevices__C       
00007d00  ti_sysbios_family_arm_msp432_Timer_startupNeeded__C         
00007d04  ti_sysbios_gates_GateMutex_A_badContext__C                  
00007d08  ti_sysbios_gates_GateMutex_Instance_State_sem__O            
00007d0c  ti_sysbios_gates_GateMutex_Module__diagsEnabled__C          
00007d10  ti_sysbios_gates_GateMutex_Module__diagsIncluded__C         
00007d14  ti_sysbios_gates_GateMutex_Module__diagsMask__C             
00007d18  ti_sysbios_hal_Hwi_E_stackOverflow__C                       
00007d1c  ti_sysbios_heaps_HeapMem_A_align__C                         
00007d20  ti_sysbios_heaps_HeapMem_A_heapSize__C                      
00007d24  ti_sysbios_heaps_HeapMem_A_invalidFree__C                   
00007d28  ti_sysbios_heaps_HeapMem_A_zeroBlock__C                     
00007d2c  ti_sysbios_heaps_HeapMem_E_memory__C                        
00007d30  ti_sysbios_heaps_HeapMem_Module__diagsEnabled__C            
00007d34  ti_sysbios_heaps_HeapMem_Module__diagsIncluded__C           
00007d38  ti_sysbios_heaps_HeapMem_Module__diagsMask__C               
00007d3c  ti_sysbios_heaps_HeapMem_Module__gateObj__C                 
00007d40  ti_sysbios_heaps_HeapMem_Object__count__C                   
00007d44  ti_sysbios_heaps_HeapMem_reqAlign__C                        
00007d48  ti_sysbios_knl_Clock_Module_State_clockQ__O                 
00007d4c  ti_sysbios_knl_Semaphore_A_badContext__C                    
00007d50  ti_sysbios_knl_Semaphore_A_noEvents__C                      
00007d54  ti_sysbios_knl_Semaphore_A_overflow__C                      
00007d58  ti_sysbios_knl_Semaphore_A_pendTaskDisabled__C              
00007d5c  ti_sysbios_knl_Semaphore_Instance_State_pendQ__O            
00007d60  ti_sysbios_knl_Semaphore_Module__diagsEnabled__C            
00007d64  ti_sysbios_knl_Semaphore_Module__diagsIncluded__C           
00007d68  ti_sysbios_knl_Semaphore_Module__diagsMask__C               
00007d6c  ti_sysbios_knl_Swi_Object__count__C                         
00007d70  ti_sysbios_knl_Task_A_badPriority__C                        
00007d74  ti_sysbios_knl_Task_A_badTaskState__C                       
00007d78  ti_sysbios_knl_Task_A_badThreadType__C                      
00007d7c  ti_sysbios_knl_Task_A_badTimeout__C                         
00007d80  ti_sysbios_knl_Task_A_noPendElem__C                         
00007d84  ti_sysbios_knl_Task_A_sleepTaskDisabled__C                  
00007d88  ti_sysbios_knl_Task_E_spOutOfBounds__C                      
00007d8c  ti_sysbios_knl_Task_E_stackOverflow__C                      
00007d90  ti_sysbios_knl_Task_Module_State_inactiveQ__O               
00007d94  ti_sysbios_knl_Task_Module__diagsEnabled__C                 
00007d98  ti_sysbios_knl_Task_Module__diagsIncluded__C                
00007d9c  ti_sysbios_knl_Task_Module__diagsMask__C                    
00007da0  ti_sysbios_knl_Task_Object__count__C                        
00007da4  ti_sysbios_knl_Task_allBlockedFunc__C                       
00007da8  ti_sysbios_knl_Task_defaultStackHeap__C                     
00007dac  ti_sysbios_knl_Task_defaultStackSize__C                     
00007db0  ti_sysbios_knl_Task_numConstructedTasks__C                  
00007db4  xdc_runtime_Assert_E_assertFailed__C                        
00007db8  xdc_runtime_Core_A_initializedParams__C                     
00007dbc  xdc_runtime_Core_Module__diagsEnabled__C                    
00007dc0  xdc_runtime_Core_Module__diagsIncluded__C                   
00007dc4  xdc_runtime_Core_Module__diagsMask__C                       
00007dc8  xdc_runtime_Error_E_memory__C                               
00007dcc  xdc_runtime_Error_Module__diagsEnabled__C                   
00007dd0  xdc_runtime_Error_Module__diagsIncluded__C                  
00007dd4  xdc_runtime_Error_Module__diagsMask__C                      
00007dd8  xdc_runtime_Error_Module__loggerFxn8__C                     
00007ddc  xdc_runtime_Error_Module__loggerObj__C                      
00007de0  xdc_runtime_Error_policyFxn__C                              
00007de4  xdc_runtime_Error_raiseHook__C                              
00007de8  xdc_runtime_IGateProvider_Interface__BASE__C                
00007dec  xdc_runtime_IHeap_Interface__BASE__C                        
00007df0  xdc_runtime_IModule_Interface__BASE__C                      
00007df4  xdc_runtime_Log_L_error__C                                  
00007df8  xdc_runtime_Memory_defaultHeapInstance__C                   
00007dfc  xdc_runtime_Startup_execImpl__C                             
00007e00  xdc_runtime_Startup_maxPasses__C                            
00007e04  xdc_runtime_Startup_sfxnRts__C                              
00007e08  xdc_runtime_Startup_sfxnTab__C                              
00007e0c  xdc_runtime_SysMin_bufSize__C                               
00007e10  xdc_runtime_SysMin_outputFunc__C                            
00007e14  xdc_runtime_System_Module__gateObj__C                       
00007e18  xdc_runtime_System_abortFxn__C                              
00007e1c  xdc_runtime_System_exitFxn__C                               
00007e20  xdc_runtime_System_extendFxn__C                             
00007e24  xdc_runtime_System_maxAtexitHandlers__C                     
00007e28  xdc_runtime_Text_charTab__C                                 
00007e2c  xdc_runtime_Text_nameEmpty__C                               
00007e30  xdc_runtime_Text_nameStatic__C                              
00007e34  xdc_runtime_Text_nameUnknown__C                             
00007e38  xdc_runtime_Text_nodeTab__C                                 
00007e3c  xdc_runtime_Text_visitRopeFxn__C                            
00007e40  ti_sysbios_gates_GateMutex_Module__id__C                    
00007e42  ti_sysbios_hal_Hwi_Module__id__C                            
00007e44  ti_sysbios_heaps_HeapMem_Module__id__C                      
00007e46  ti_sysbios_knl_Semaphore_Module__id__C                      
00007e48  ti_sysbios_knl_Task_Module__id__C                           
00007e4a  xdc_runtime_Core_Module__id__C                              
00007e4c  xdc_runtime_Error_Module__loggerDefined__C                  
00007e4e  xdc_runtime_Error_maxDepth__C                               
00007e50  xdc_runtime_Memory_Module__id__C                            
00007e52  xdc_runtime_SysMin_flushAtExit__C                           
00007e54  xdc_runtime_Text_charCnt__C                                 
00007e56  xdc_runtime_Text_isLoaded__C                                
00007e58  xdc_runtime_Text_registryModsLastId__C                      
00007e5a  xdc_runtime_Text_unnamedModsLastId__C                       
00007e60  __TI_static_base__                                          
00008298  __TI_Handler_Table_Base                                     
000082a4  __TI_Handler_Table_Limit                                    
000082b8  __TI_CINIT_Base                                             
000082d0  __TI_CINIT_Limit                                            
20000000  ti_sysbios_family_arm_m3_Hwi_ramVectors                     
20000140  ti_sysbios_heaps_HeapMem_Instance_State_0_buf__A            
20000540  task0Stack                                                  
20000740  ti_sysbios_knl_Task_Instance_State_0_stack__A               
20000940  ti_sysbios_family_arm_m3_Hwi_dispatchTable                  
20000a80  __CIOBUF_                                                   
20000ba0  xdc_runtime_SysMin_Module_State_0_outbuf__A                 
20000c20  task0Struct                                                 
20000ca8  ti_sysbios_family_arm_m3_Hwi_Module__root__V                
20000cb0  ti_sysbios_family_arm_m3_Hwi_Module_State_0_excActive__A    
20000cb4  ti_sysbios_family_arm_m3_Hwi_Module_State_0_excContext__A   
20000cb8  ti_sysbios_family_arm_m3_Hwi_Module_State_0_excStack__A     
20000cbc  ti_sysbios_family_arm_msp432_ClockFreqs_Module__state__V    
20000cc8  ti_sysbios_family_arm_msp432_Timer_Module__root__V          
20000cd0  ti_sysbios_family_arm_msp432_Timer_Module_State_0_device__A 
20000cf0  ti_sysbios_family_arm_msp432_Timer_Module_State_0_handles__A
20000d00  ti_sysbios_family_arm_msp432_Timer_Module__state__V         
20000d0c  ti_sysbios_gates_GateHwi_Module__root__V                    
20000d14  ti_sysbios_gates_GateHwi_Object__table__V                   
20000d18  ti_sysbios_gates_GateMutex_Module__root__V                  
20000d20  ti_sysbios_hal_Hwi_Module__root__V                          
20000d28  ti_sysbios_hal_Hwi_Object__table__V                         
20000d40  ti_sysbios_heaps_HeapMem_Module__root__V                    
20000d48  ti_sysbios_heaps_HeapMem_Object__table__V                   
20000d60  ti_sysbios_knl_Clock_Module__root__V                        
20000d68  ti_sysbios_knl_Queue_Module__root__V                        
20000d70  ti_sysbios_knl_Semaphore_Module__root__V                    
20000d78  ti_sysbios_knl_Swi_Module__root__V                          
20000d80  ti_sysbios_knl_Swi_Module__state__V                         
20000d9c  ti_sysbios_knl_Task_Module__root__V                         
20000da4  ti_sysbios_knl_Task_Module_State_0_idleTask__A              
20000da8  xdc_runtime_Error_Module__state__V                          
20000dac  xdc_runtime_Memory_Module__state__V                         
20000db0  xdc_runtime_Registry_Module__state__V                       
20000db8  xdc_runtime_Startup_Module__state__V                        
20000dc0  xdc_runtime_SysMin_Module__state__V                         
20000dcc  xdc_runtime_System_Module_State_0_atexitHandlers__A         
20000dd4  xdc_runtime_System_Module__state__V                         
20000ddc  xdc_runtime_Text_Module__state__V                           
20000de4  __xdc__init__addr                                           
20000de8  PowerMSP432_perfLevels                                      
20000e84  ti_sysbios_knl_Swi_Module_State_0_readyQ__A                 
20000f04  ti_sysbios_knl_Task_Module_State_0_readyQ__A                
20000f84  ti_sysbios_family_arm_m3_Hwi_Object__table__V               
20000fe4  ti_sysbios_family_arm_msp432_Timer_Object__table__V         
20001030  ti_sysbios_knl_Task_Object__table__V                        
2000107c  ti_sysbios_knl_Task_Module__state__V                        
200010c0  ti_sysbios_gates_GateMutex_Object__table__V                 
200010f8  ti_sysbios_family_arm_m3_Hwi_Module__state__V               
2000118c  ti_sysbios_knl_Swi_Object__table__V                         
200011bc  ti_sysbios_knl_Clock_Module__state__V                       
200011e8  PowerMSP432_module                                          
2000120c  ti_sysbios_BIOS_Module__state__V                            
20001234  gpioPinConfigs                                              
20001244  gpioCallbackFunctions                                       
2000124c  _lock                                                       
20001250  _unlock                                                     
20001254  __TI_cleanup_ptr                                            
20001258  __TI_dtors_ptr                                              
2000125c  main_func_sp                                                
2000fd00  __stack                                                     
20010000  __STACK_END                                                 
4000480c  WDTCTL_SYM                                                  
e000e000  ti_sysbios_family_arm_m3_Hwi_nvic                           
ffffffff  __binit__                                                   
ffffffff  __c_args__                                                  
ffffffff  binit                                                       
UNDEFED   SHT$$INIT_ARRAY$$Base                                       
UNDEFED   SHT$$INIT_ARRAY$$Limit                                      

[603 symbols]
