******************************************************************************
                  TI ARM Linker PC v5.2.5                      
******************************************************************************
>> Linked Fri Apr 15 00:17:03 2016

OUTPUT FILE NAME:   <ChallengeAssignmentThree.out>
ENTRY POINT SYMBOL: "_c_int00"  address: 00004331


MEMORY CONFIGURATION

         name            origin    length      used     unused   attr    fill
----------------------  --------  ---------  --------  --------  ----  --------
  MAIN                  00000000   00040000  00008586  00037a7a  R  X
  INFO                  00200000   00004000  00000000  00004000  R  X
  SRAM_CODE             01000000   00010000  00000000  00010000  RW X
  SRAM_DATA             20000000   00010000  00001561  0000ea9f  RW  


SEGMENT ALLOCATION MAP

run origin  load origin   length   init length attrs members
----------  ----------- ---------- ----------- ----- -------
00000000    00000000    00008590   00008590    r-x
  00000000    00000000    0000003c   0000003c    r-- .resetVecs
  00000040    00000040    000062ca   000062ca    r-x .text
  0000630c    0000630c    00001e10   00001e10    r-- .const
  00008120    00008120    00000470   00000470    r-- .cinit
20000000    20000000    00001261   00000000    rw-
  20000000    20000000    00000140   00000000    rw- .vecs
  20000140    20000140    00000b68   00000000    rw- .bss
  20000ca8    20000ca8    000005b9   00000000    rw- .data
2000fd00    2000fd00    00000300   00000000    rw-
  2000fd00    2000fd00    00000300   00000000    rw- .stack


SECTION ALLOCATION MAP

 output                                  attributes/
section   page    origin      length       input sections
--------  ----  ----------  ----------   ----------------
.text      0    00000040    000062ca     
                  00000040    00000430     sysbios.aem4f : BIOS.obj (.text:ti_sysbios_family_arm_m3_Hwi_excDumpRegs__I)
                  00000470    0000034c     ti.targets.arm.rtsarm.aem4f : System.oem4f (.text:xdc_runtime_System_doPrint__I)
                  000007bc    000002d4     rtsv7M4_T_le_v4SPD16_eabi.lib : trgdrv.obj (.text)
                  00000a90    000002ac     sysbios.aem4f : BIOS.obj (.text:ti_sysbios_knl_Semaphore_pend__E)
                  00000d3c    00000004     msp432p4xx_driverlib.lib : cpu.o (.text:CPU_wfi)
                  00000d40    00000254     sysbios.aem4f : BIOS.obj (.text:ti_sysbios_heaps_HeapMem_free__E)
                  00000f94    00000004     tirtosport.aem4f : HwiP_tirtos.oem4f (.text:HwiP_disable)
                  00000f98    00000248     sysbios.aem4f : BIOS.obj (.text:ti_sysbios_heaps_HeapMem_alloc__E)
                  000011e0    0000022c                   : BIOS.obj (.text:ti_sysbios_knl_Task_Instance_finalize__E)
                  0000140c    00000004     drivers_MSP432P401R.aem4f : List.oem4f (.text:List_head)
                  00001410    000001fc     sysbios.aem4f : BIOS.obj (.text:ti_sysbios_family_arm_m3_Hwi_excHandlerMax__I)
                  0000160c    00000004     drivers_MSP432P401R.aem4f : List.oem4f (.text:List_next)
                  00001610    000001c8     sysbios.aem4f : BIOS.obj (.text:ti_sysbios_knl_Task_Instance_init__E)
                  000017d8    000001b8                   : BIOS.obj (.text:ti_sysbios_knl_Task_sleep__E)
                  00001990    000001a0     msp432p4xx_driverlib.lib : pcm.o (.text:__PCM_setPowerStateAdvanced)
                  00001b30    00000174     sysbios.aem4f : BIOS.obj (.text:ti_sysbios_family_arm_m3_Hwi_excBusFault__I)
                  00001ca4    00000004     empty_pem4f.oem4f (.text:ti_sysbios_BIOS_RtsGateProxy_enter__E)
                  00001ca8    00000164     sysbios.aem4f : BIOS.obj (.text:ti_sysbios_family_arm_m3_Hwi_excUsageFault__I)
                  00001e0c    00000154     msp432p4xx_driverlib.lib : adc14.o (.text:_getIndexForMemRegister)
                  00001f60    00000148     sysbios.aem4f : BIOS.obj (.text:ti_sysbios_family_arm_m3_Hwi_excMemFault__I)
                  000020a8    00000140     drivers_MSP432P401R.aem4f : GPIOMSP432.oem4f (.text:GPIO_setConfig)
                  000021e8    0000013c     sysbios.aem4f : BIOS.obj (.text:ti_sysbios_heaps_HeapMem_Instance_init__E)
                  00002324    00000118     ti.targets.arm.rtsarm.aem4f : Error.oem4f (.text:xdc_runtime_Error_policyDefault__E)
                  0000243c    00000100                                 : Core-mem.oem4f (.text:xdc_runtime_Core_createObject__I)
                  0000253c    000000f8                                 : Startup.oem4f (.text:xdc_runtime_Startup_startMods__I)
                  00002634    000000f8     empty_pem4f.oem4f (.text:xdc_runtime_System_printfExtend__I)
                  0000272c    000000f4     drivers_MSP432P401R.aem4f : PowerMSP432.oem4f (.text:Power_sleep)
                  00002820    000000f4     sysbios.aem4f : m3_Hwi_asm.obj (.text:ti_sysbios_family_arm_m3_Hwi_dispatch__I)
                  00002914    000000f0     drivers_MSP432P401R.aem4f : PowerMSP432.oem4f (.text:initPerfControl)
                  00002a04    00000004     empty_pem4f.oem4f (.text:ti_sysbios_BIOS_RtsGateProxy_leave__E)
                  00002a08    000000ec     sysbios.aem4f : BIOS.obj (.text:ti_sysbios_knl_Semaphore_post__E)
                  00002af4    000000e0     msp432p4xx_driverlib.lib : cs.o (.text:CS_initClockSignal)
                  00002bd4    000000e0     adc14.obj (.text:initADC)
                  00002cb4    000000dc     msp432p4xx_driverlib.lib : pcm.o (.text:__PCM_setPowerModeAdvanced)
                  00002d90    000000d8     empty.obj (.text:main)
                  00002e68    000000cc     ti.targets.arm.rtsarm.aem4f : Core-smem.oem4f (.text:xdc_runtime_Core_constructObject__I)
                  00002f34    00000004     empty_pem4f.oem4f (.text:ti_sysbios_family_arm_m3_TaskSupport_Module__startupDone__S)
                  00002f38    000000bc     sysbios.aem4f : BIOS.obj (.text:ti_sysbios_family_arm_m3_Hwi_excDebugMon__I)
                  00002ff4    00000004     empty_pem4f.oem4f (.text:ti_sysbios_heaps_HeapMem_Module_GateProxy_enter__E)
                  00002ff8    000000bc     sysbios.aem4f : BIOS.obj (.text:ti_sysbios_family_arm_m3_Hwi_excHardFault__I)
                  000030b4    00000004     empty_pem4f.oem4f (.text:ti_sysbios_heaps_HeapMem_Module_GateProxy_leave__E)
                  000030b8    000000b4     sysbios.aem4f : BIOS.obj (.text:ti_sysbios_gates_GateMutex_enter__E)
                  0000316c    00000004     empty_pem4f.oem4f (.text:ti_sysbios_knl_Clock_TimerProxy_getMaxTicks__E)
                  00003170    000000b4     sysbios.aem4f : BIOS.obj (.text:ti_sysbios_knl_Task_checkStacks__E)
                  00003224    000000b0     msp432p4xx_driverlib.lib : pcm.o (.text:__PCM_setCoreVoltageLevelAdvanced)
                  000032d4    00000004     empty_pem4f.oem4f (.text:ti_sysbios_knl_Queue_destruct)
                  000032d8    000000a8     sysbios.aem4f : BIOS.obj (.text:ti_sysbios_family_arm_msp432_Timer_periodicStub__E)
                  00003380    000000a0     auto_init.aem4f : auto_init.oem4f (.text)
                  00003420    000000a0     ti.targets.arm.rtsarm.aem4f : Text.oem4f (.text:xdc_runtime_Text_putMod__E)
                  000034c0    0000009c     rtsv7M4_T_le_v4SPD16_eabi.lib : memcpy_t2.obj (.text)
                  0000355c    00000004     empty_pem4f.oem4f (.text:ti_sysbios_knl_Semaphore_destruct)
                  00003560    0000009c     sysbios.aem4f : BIOS.obj (.text:ti_sysbios_knl_Semaphore_Instance_init__E)
                  000035fc    00000004     ti.targets.arm.rtsarm.aem4f : Error.oem4f (.text:xdc_runtime_Error_getSite__E)
                  00003600    0000009c     sysbios.aem4f : BIOS.obj (.text:ti_sysbios_knl_Task_postInit__I)
                  0000369c    0000009a     ti.targets.arm.rtsarm.aem4f : Text.oem4f (.text:xdc_runtime_Text_putSite__E)
                  00003736    00000002     power_tirtos_MSP432P401R.aem4f : PowerMSP432_tirtos.oem4f (.text:PowerMSP432_initPolicy)
                  00003738    00000094     sysbios.aem4f : BIOS.obj (.text:ti_sysbios_family_arm_m3_Hwi_Instance_init__E)
                  000037cc    00000004     empty_pem4f.oem4f (.text:xdc_runtime_System_Module_GateProxy_enter__E)
                  000037d0    00000094     sysbios.aem4f : BIOS.obj (.text:ti_sysbios_family_arm_m3_Hwi_initNVIC__E)
                  00003864    0000008c                   : m3_TaskSupport_asm.obj (.text:ti_sysbios_family_arm_m3_TaskSupport_buildTaskStack)
                  000038f0    00000084                   : BIOS.obj (.text:ti_sysbios_family_arm_m3_Hwi_postInit__I)
                  00003974    0000007c     msp432p4xx_driverlib.lib : pcm.o (.text:PCM_gotoLPM3)
                  000039f0    0000007a     rtsv7M4_T_le_v4SPD16_eabi.lib : memset_t2.obj (.text)
                  00003a6a    00000002                                   : i_div0.obj (.text)
                  00003a6c    00000074     button.obj (.text:buttonInit)
                  00003ae0    0000006d     ti.targets.arm.rtsarm.aem4f : System.oem4f (.text:xdc_runtime_System_formatNum__I)
                  00003b4d    00000001     --HOLE-- [fill = 0]
                  00003b4e    00000002     empty_pem4f.oem4f (.text:ti_sysbios_BIOS_nullFunc__I)
                  00003b50    0000006c     sysbios.aem4f : BIOS.obj (.text:ti_sysbios_knl_Clock_workFunc__E)
                  00003bbc    00000004     empty_pem4f.oem4f (.text:xdc_runtime_System_Module_GateProxy_leave__E)
                  00003bc0    0000006c     sysbios.aem4f : BIOS.obj (.text:ti_sysbios_knl_Swi_restoreHwi__E)
                  00003c2c    00000004     ti.targets.arm.rtsarm.aem4f : System.oem4f (.text:xdc_runtime_System_aprintf_va__F)
                  00003c30    0000006c     sysbios.aem4f : BIOS.obj (.text:ti_sysbios_knl_Task_exit__E)
                  00003c9c    0000006c     ti.targets.arm.rtsarm.aem4f : Error.oem4f (.text:xdc_runtime_Error_print__E)
                  00003d08    0000006c                                 : Memory.oem4f (.text:xdc_runtime_Memory_alloc__E)
                  00003d74    0000006a     rtsv7M4_T_le_v4SPD16_eabi.lib : copy_decompress_rle.obj (.text)
                  00003dde    00000002     --HOLE-- [fill = 0]
                  00003de0    00000068                                   : trgmsg.obj (.text)
                  00003e48    00000066     ti.targets.arm.rtsarm.aem4f : Core-mem.oem4f (.text:xdc_runtime_Core_deleteObject__I)
                  00003eae    00000002     --HOLE-- [fill = 0]
                  00003eb0    00000064     msp432p4xx_driverlib.lib : interrupt.o (.text:Interrupt_enableInterrupt)
                  00003f14    00000064     uartTransmission.obj (.text:initUart)
                  00003f78    00000064     sysbios.aem4f : BIOS.obj (.text:ti_sysbios_family_arm_m3_Hwi_dispatchC__I)
                  00003fdc    00000062     tirtosport.aem4f : HwiP_tirtos.oem4f (.text:HwiP_create)
                  0000403e    00000002     --HOLE-- [fill = 0]
                  00004040    00000060     sysbios.aem4f : BIOS.obj (.text:ti_sysbios_knl_Task_schedule__I)
                  000040a0    0000005c     drivers_MSP432P401R.aem4f : GPIOMSP432.oem4f (.text:GPIO_init)
                  000040fc    00000004     ti.targets.arm.rtsarm.aem4f : System.oem4f (.text:xdc_runtime_System_printf_va__F)
                  00004100    0000005c     sysbios.aem4f : BIOS.obj (.text:ti_sysbios_knl_Swi_run__I)
                  0000415c    00000004     --HOLE-- [fill = 0]
                  00004160    0000005c                   : BIOS.obj (.text:ti_sysbios_knl_Swi_schedule__I)
                  000041bc    00000004     --HOLE-- [fill = 0]
                  000041c0    0000005c                   : BIOS.obj (.text:ti_sysbios_knl_Task_Module_startup__E)
                  0000421c    00000004     --HOLE-- [fill = 0]
                  00004220    0000005c                   : BIOS.obj (.text:ti_sysbios_knl_Task_startCore__E)
                  0000427c    0000005b     ti.targets.arm.rtsarm.aem4f : Text.oem4f (.text:xdc_runtime_Text_putLab__E)
                  000042d7    00000001     --HOLE-- [fill = 0]
                  000042d8    00000058     adc14.obj (.text:ADC14_IRQHandler)
                  00004330    00000058     boot.aem4f : boot.oem4f (.text)
                  00004388    00000058     empty_pem4f.oem4f (.text:ti_sysbios_family_arm_m3_Hwi_construct)
                  000043e0    00000058     sysbios.aem4f : m3_Hwi_asm_switch.obj (.text:ti_sysbios_family_arm_m3_Hwi_initStacks__E)
                  00004438    00000054     drivers_MSP432P401R.aem4f : GPIOMSP432.oem4f (.text:GPIO_hwiIntFxn)
                  0000448c    00000054                               : GPIOMSP432.oem4f (.text:GPIO_setCallback)
                  000044e0    00000054     sysbios.aem4f : BIOS.obj (.text:ti_sysbios_family_arm_msp432_Timer_initDevice__I)
                  00004534    00000004     --HOLE-- [fill = 0]
                  00004538    00000054                   : BIOS.obj (.text:ti_sysbios_family_arm_msp432_init_Boot_configureClocksHigh)
                  0000458c    00000054     empty_pem4f.oem4f (.text:ti_sysbios_knl_Task_construct)
                  000045e0    00000054     ti.targets.arm.rtsarm.aem4f : Assert.oem4f (.text:xdc_runtime_Assert_raise__I)
                  00004634    00000050     drivers_MSP432P401R.aem4f : GPIOMSP432.oem4f (.text:GPIO_write)
                  00004684    00000050     msp432p4xx_driverlib.lib : pcm.o (.text:PCM_shutdownDevice)
                  000046d4    00000050     power_tirtos_MSP432P401R.aem4f : PowerMSP432_tirtos.oem4f (.text:PowerMSP432_sleepPolicy)
                  00004724    00000004     --HOLE-- [fill = 0]
                  00004728    00000050     sysbios.aem4f : BIOS.obj (.text:ti_sysbios_family_arm_m3_Hwi_Module_startup__E)
                  00004778    00000050     ti.targets.arm.rtsarm.aem4f : Startup.oem4f (.text:xdc_runtime_Startup_exec__E)
                  000047c8    00000050                                 : Text.oem4f (.text:xdc_runtime_Text_visitRope2__I)
                  00004818    0000004c     rtsv7M4_T_le_v4SPD16_eabi.lib : cpy_tbl.obj (.text)
                  00004864    00000004     --HOLE-- [fill = 0]
                  00004868    0000004c     sysbios.aem4f : BIOS.obj (.text:ti_sysbios_family_arm_msp432_Timer_postInit__I)
                  000048b4    00000004     --HOLE-- [fill = 0]
                  000048b8    0000004c                   : BIOS.obj (.text:ti_sysbios_family_arm_msp432_Timer_start__E)
                  00004904    00000004     --HOLE-- [fill = 0]
                  00004908    0000004c                   : BIOS.obj (.text:ti_sysbios_heaps_HeapMem_getStats__E)
                  00004954    00000004     --HOLE-- [fill = 0]
                  00004958    0000004c                   : BIOS.obj (.text:ti_sysbios_knl_Swi_runLoop__I)
                  000049a4    00000004     --HOLE-- [fill = 0]
                  000049a8    0000004c                   : BIOS.obj (.text:ti_sysbios_knl_Task_allBlockedFunction__I)
                  000049f4    00000048     uartTransmission.obj (.text:EUSCIA0_IRQHandler)
                  00004a3c    00000048     msp432p4xx_driverlib.lib : gpio.o (.text:GPIO_setAsPeripheralModuleFunctionInputPin)
                  00004a84    00000048                              : timer32.o (.text:Timer32_initModule)
                  00004acc    00000004     --HOLE-- [fill = 0]
                  00004ad0    00000048     sysbios.aem4f : BIOS.obj (.text:ti_sysbios_family_arm_m3_Hwi_disableInterrupt__E)
                  00004b18    00000048                   : BIOS.obj (.text:ti_sysbios_family_arm_m3_Hwi_enableInterrupt__E)
                  00004b60    00000048                   : BIOS.obj (.text:ti_sysbios_family_arm_m3_Hwi_excReserved__I)
                  00004ba8    00000046     ti.targets.arm.rtsarm.aem4f : Core-params.oem4f (.text:xdc_runtime_Core_assignParams__I)
                  00004bee    00000002     --HOLE-- [fill = 0]
                  00004bf0    00000044     rtsv7M4_T_le_v4SPD16_eabi.lib : exit.obj (.text)
                  00004c34    00000004     --HOLE-- [fill = 0]
                  00004c38    00000044     sysbios.aem4f : BIOS.obj (.text:ti_sysbios_family_arm_m3_Hwi_getStackInfo__E)
                  00004c7c    00000004     --HOLE-- [fill = 0]
                  00004c80    00000044                   : BIOS.obj (.text:ti_sysbios_knl_Swi_post__E)
                  00004cc4    00000044     ti.targets.arm.rtsarm.aem4f : Error.oem4f (.text:xdc_runtime_Error_setX__E)
                  00004d08    00000044                                 : SysMin.oem4f (.text:xdc_runtime_SysMin_flush__E)
                  00004d4c    00000044                                 : Text.oem4f (.text:xdc_runtime_Text_xprintf__I)
                  00004d90    00000040     msp432p4xx_driverlib.lib : flash.o (.text:FlashCtl_disableReadBuffering)
                  00004dd0    00000040                              : gpio.o (.text:GPIO_getEnabledInterruptStatus)
                  00004e10    00000040     drivers_MSP432P401R.aem4f : PowerMSP432.oem4f (.text:notify)
                  00004e50    00000040     rtsv7M4_T_le_v4SPD16_eabi.lib : u_divt2.obj (.text)
                  00004e90    00000040     sysbios.aem4f : BIOS.obj (.text:ti_sysbios_family_arm_msp432_Timer_Module_startup__E)
                  00004ed0    00000040                   : BIOS.obj (.text:ti_sysbios_family_arm_msp432_Timer_startup__E)
                  00004f10    0000003c     drivers_MSP432P401R.aem4f : PowerMSP432.oem4f (.text:Power_init)
                  00004f4c    00000004     --HOLE-- [fill = 0]
                  00004f50    0000003c     sysbios.aem4f : BIOS.obj (.text:ti_sysbios_family_arm_m3_Hwi_excSvCall__I)
                  00004f8c    00000004     --HOLE-- [fill = 0]
                  00004f90    0000003c                   : BIOS.obj (.text:ti_sysbios_heaps_HeapMem_init__I)
                  00004fcc    00000004     --HOLE-- [fill = 0]
                  00004fd0    0000003c                   : BIOS.obj (.text:ti_sysbios_knl_Swi_restore__E)
                  0000500c    00000004     --HOLE-- [fill = 0]
                  00005010    00000038                   : BIOS.obj (.text:ti_sysbios_family_arm_m3_Hwi_excNoIsr__I)
                  00005048    00000038                   : BIOS.obj (.text:ti_sysbios_knl_Task_processVitalTaskFlag__I)
                  00005080    00000038     ti.targets.arm.rtsarm.aem4f : SysMin.oem4f (.text:xdc_runtime_SysMin_putch__E)
                  000050b8    00000038                                 : System.oem4f (.text:xdc_runtime_System_atexit__E)
                  000050f0    00000034     msp432p4xx_driverlib.lib : flash.o (.text:FlashCtl_enableReadBuffering)
                  00005124    00000034     clock.obj (.text:initClocks)
                  00005158    00000034     sysbios.aem4f : BIOS.obj (.text:ti_sysbios_family_arm_m3_Hwi_Instance_finalize__E)
                  0000518c    00000004     --HOLE-- [fill = 0]
                  00005190    00000034                   : BIOS.obj (.text:ti_sysbios_family_arm_m3_Hwi_excNmi__I)
                  000051c4    00000004     --HOLE-- [fill = 0]
                  000051c8    00000034                   : BIOS.obj (.text:ti_sysbios_hal_Hwi_checkStack)
                  000051fc    00000034     ti.targets.arm.rtsarm.aem4f : Core-label.oem4f (.text:xdc_runtime_Core_assignLabel__I)
                  00005230    00000033                                 : Text.oem4f (.text:xdc_runtime_Text_printVisFxn__I)
                  00005263    00000005     --HOLE-- [fill = 0]
                  00005268    00000032     sysbios.aem4f : BIOS.obj (.text:ti_sysbios_hal_Hwi_initStack)
                  0000529a    00000002     --HOLE-- [fill = 0]
                  0000529c    00000030     drivers_MSP432P401R.aem4f : GPIOMSP432.oem4f (.text:GPIO_getEnabledInterruptStatus_WA)
                  000052cc    00000030     msp432p4xx_driverlib.lib : gpio.o (.text:GPIO_setAsInputPinWithPullDownResistor)
                  000052fc    00000030                              : gpio.o (.text:GPIO_setAsInputPinWithPullUpResistor)
                  0000532c    00000030     empty_pem4f.oem4f (.text:ti_sysbios_BIOS_atExitFunc__I)
                  0000535c    00000004     --HOLE-- [fill = 0]
                  00005360    00000030     sysbios.aem4f : BIOS.obj (.text:ti_sysbios_family_arm_m3_TaskSupport_start__E)
                  00005390    00000030     empty_pem4f.oem4f (.text:ti_sysbios_gates_GateHwi_Object__create__S)
                  000053c0    00000030     empty_pem4f.oem4f (.text:ti_sysbios_gates_GateMutex_Object__create__S)
                  000053f0    00000030     empty_pem4f.oem4f (.text:ti_sysbios_heaps_HeapMem_Object__create__S)
                  00005420    00000030     empty_pem4f.oem4f (.text:ti_sysbios_knl_Semaphore_construct)
                  00005450    00000030     sysbios.aem4f : BIOS.obj (.text:ti_sysbios_knl_Semaphore_pendTimeout__I)
                  00005480    00000030                   : BIOS.obj (.text:ti_sysbios_knl_Task_unblockI__E)
                  000054b0    00000030     ti.targets.arm.rtsarm.aem4f : SysMin.oem4f (.text:xdc_runtime_SysMin_abort__E)
                  000054e0    00000030                                 : System.oem4f (.text:xdc_runtime_System_processAtExit__E)
                  00005510    0000002c     msp432p4xx_driverlib.lib : gpio.o (.text:GPIO_setAsInputPin)
                  0000553c    0000002c                              : pcm.o (.text:PCM_getCoreVoltageLevel)
                  00005568    0000002c     power_tirtos_MSP432P401R.aem4f : PowerMSP432_tirtos.oem4f (.text:PowerMSP432_updateFreqs)
                  00005594    0000002c     empty_pem4f.oem4f (.text:ti_sysbios_knl_Clock_doTick__I)
                  000055c0    0000002c     empty_pem4f.oem4f (.text:ti_sysbios_knl_Queue_construct)
                  000055ec    00000004     --HOLE-- [fill = 0]
                  000055f0    0000002c     sysbios.aem4f : BIOS.obj (.text:ti_sysbios_knl_Task_restore__E)
                  0000561c    0000002c     ti.targets.arm.rtsarm.aem4f : Text.oem4f (.text:xdc_runtime_Text_cordText__E)
                  00005648    0000002a     msp432p4xx_driverlib.lib : pcm.o (.text:PCM_getPowerMode)
                  00005672    0000002a     ti.targets.arm.rtsarm.aem4f : System.oem4f (.text:xdc_runtime_System_putchar__I)
                  0000569c    00000028     msp432p4xx_driverlib.lib : flash.o (.text:FlashCtl_setWaitState)
                  000056c4    00000028     drivers_MSP432P401R.aem4f : GPIOMSP432.oem4f (.text:GPIO_enableInt)
                  000056ec    00000028     msp432p4xx_driverlib.lib : pcm.o (.text:PCM_gotoLPM0)
                  00005714    00000004     --HOLE-- [fill = 0]
                  00005718    00000028     sysbios.aem4f : BIOS.obj (.text:ti_sysbios_knl_Clock_addI__E)
                  00005740    00000028                   : BIOS.obj (.text:ti_sysbios_knl_Swi_Module_startup__E)
                  00005768    00000026                   : m3_Hwi_asm.obj (.text:ti_sysbios_family_arm_m3_Hwi_pendSV__I)
                  0000578e    00000026     ti.targets.arm.rtsarm.aem4f : System.oem4f (.text:xdc_runtime_System_avprintf__E)
                  000057b4    00000024     msp432p4xx_driverlib.lib : cs.o (.text:CS_setDCOCenteredFrequency)
                  000057d8    00000024                              : gpio.o (.text:GPIO_setAsOutputPin)
                  000057fc    00000024                              : rtc_c.o (.text:RTC_C_holdClock)
                  00005820    00000024                              : rtc_c.o (.text:RTC_C_startClock)
                  00005844    00000024     button.obj (.text:SW1_IRQHandler)
                  00005868    00000024     msp432p4xx_driverlib.lib : timer32.o (.text:Timer32_setCount)
                  0000588c    00000024     empty_pem4f.oem4f (.text:ti_sysbios_BIOS_errorRaiseHook__I)
                  000058b0    00000024     empty_pem4f.oem4f (.text:ti_sysbios_BIOS_registerRTSLock__I)
                  000058d4    00000024     empty_pem4f.oem4f (.text:ti_sysbios_BIOS_removeRTSLock__I)
                  000058f8    00000024     empty_pem4f.oem4f (.text:ti_sysbios_BIOS_startFunc__I)
                  0000591c    00000004     --HOLE-- [fill = 0]
                  00005920    00000024     sysbios.aem4f : BIOS.obj (.text:ti_sysbios_family_arm_msp432_ClockFreqs_setFrequency__E)
                  00005944    00000024     empty_pem4f.oem4f (.text:ti_sysbios_gates_GateMutex_Object__delete__S)
                  00005968    00000024     sysbios.aem4f : BIOS.obj (.text:ti_sysbios_knl_Clock_Module_startup__E)
                  0000598c    00000004     --HOLE-- [fill = 0]
                  00005990    00000024                   : BIOS.obj (.text:ti_sysbios_knl_Task_restoreHwi__E)
                  000059b4    00000024     ti.targets.arm.rtsarm.aem4f : System.oem4f (.text:xdc_runtime_System_vprintf__E)
                  000059d8    00000022     empty_pem4f.oem4f (.text:xdc_runtime_SysMin_output__I)
                  000059fa    00000002     --HOLE-- [fill = 0]
                  000059fc    00000020     msp432p4xx_driverlib.lib : gpio.o (.text:GPIO_interruptEdgeSelect)
                  00005a1c    00000020     drivers_MSP432P401R.aem4f : PowerMSP432.oem4f (.text:Power_idleFunc)
                  00005a3c    00000020     empty_pem4f.oem4f (.text:ti_sysbios_BIOS_rtsLock__I)
                  00005a5c    00000020     sysbios.aem4f : m3_Hwi_asm.obj (.text:ti_sysbios_family_arm_m3_Hwi_excHandlerAsm__I)
                  00005a7c    00000004     --HOLE-- [fill = 0]
                  00005a80    00000020                   : BIOS.obj (.text:ti_sysbios_family_arm_m3_Hwi_excHandler__I)
                  00005aa0    00000020     empty_pem4f.oem4f (.text:ti_sysbios_gates_GateHwi_Object__delete__S)
                  00005ac0    00000020     empty_pem4f.oem4f (.text:ti_sysbios_heaps_HeapMem_Object__delete__S)
                  00005ae0    00000020     sysbios.aem4f : BIOS.obj (.text:ti_sysbios_knl_Idle_run__E)
                  00005b00    00000020     empty_pem4f.oem4f (.text:ti_sysbios_knl_Semaphore_Object__destruct__S)
                  00005b20    00000020     ti.targets.arm.rtsarm.aem4f : Registry.oem4f (.text:xdc_runtime_Registry_findById__E)
                  00005b40    00000020                                 : SysMin.oem4f (.text:xdc_runtime_SysMin_Module_startup__E)
                  00005b60    0000001e     sysbios.aem4f : m3_Hwi_asm_switch.obj (.text:ti_sysbios_family_xxx_Hwi_switchAndRunFunc)
                  00005b7e    00000002     --HOLE-- [fill = 0]
                  00005b80    0000001c                   : BIOS.obj (.text:ti_sysbios_gates_GateMutex_Instance_init__E)
                  00005b9c    0000001c     empty_pem4f.oem4f (.text:ti_sysbios_knl_Queue_Object__destruct__S)
                  00005bb8    0000001c     sysbios.aem4f : BIOS.obj (.text:ti_sysbios_knl_Queue_put__E)
                  00005bd4    00000004     --HOLE-- [fill = 0]
                  00005bd8    0000001c                   : BIOS.obj (.text:ti_sysbios_knl_Task_enter__I)
                  00005bf4    0000001c     ti.targets.arm.rtsarm.aem4f : Error.oem4f (.text:xdc_runtime_Error_raiseX__E)
                  00005c10    0000001c                                 : Memory.oem4f (.text:xdc_runtime_Memory_valloc__E)
                  00005c2c    0000001c                                 : SysMin.oem4f (.text:xdc_runtime_SysMin_exit__E)
                  00005c48    0000001c                                 : System.oem4f (.text:xdc_runtime_System_abort__E)
                  00005c64    0000001a     empty_pem4f.oem4f (.text:ti_sysbios_family_arm_m3_Hwi_Handle__label__S)
                  00005c7e    0000001a     empty_pem4f.oem4f (.text:ti_sysbios_gates_GateHwi_Handle__label__S)
                  00005c98    0000001a     empty_pem4f.oem4f (.text:ti_sysbios_gates_GateMutex_Handle__label__S)
                  00005cb2    0000001a     empty_pem4f.oem4f (.text:ti_sysbios_heaps_HeapMem_Handle__label__S)
                  00005ccc    0000001a     empty_pem4f.oem4f (.text:ti_sysbios_knl_Swi_Handle__label__S)
                  00005ce6    0000001a     empty_pem4f.oem4f (.text:ti_sysbios_knl_Task_Handle__label__S)
                  00005d00    0000001a     empty_pem4f.oem4f (.text:xdc_runtime_System_aprintf__E)
                  00005d1a    0000001a     empty_pem4f.oem4f (.text:xdc_runtime_System_printf__E)
                  00005d34    00000018     msp432p4xx_driverlib.lib : adc14.o (.text:ADC14_getResult)
                  00005d4c    00000018                              : gpio.o (.text:GPIO_clearInterruptFlag)
                  00005d64    00000018                              : gpio.o (.text:GPIO_setDriveStrengthLow)
                  00005d7c    00000018                              : gpio.o (.text:GPIO_setOutputLowOnPin)
                  00005d94    00000018                              : wdt_a.o (.text:WDT_A_holdTimer)
                  00005dac    00000018     rtsv7M4_T_le_v4SPD16_eabi.lib : args_main.obj (.text)
                  00005dc4    00000018     empty_pem4f.oem4f (.text:ti_sysbios_BIOS_rtsUnlock__I)
                  00005ddc    00000018     empty_pem4f.oem4f (.text:ti_sysbios_family_arm_m3_Hwi_Module__startupDone__F)
                  00005df4    00000018     sysbios.aem4f : m3_TaskSupport_asm.obj (.text:ti_sysbios_family_arm_m3_TaskSupport_swap__E)
                  00005e0c    00000018     empty_pem4f.oem4f (.text:ti_sysbios_family_arm_msp432_Timer_Module__startupDone__F)
                  00005e24    00000004     --HOLE-- [fill = 0]
                  00005e28    00000018     sysbios.aem4f : BIOS.obj (.text:ti_sysbios_gates_GateMutex_leave__E)
                  00005e40    00000018                   : BIOS.obj (.text:ti_sysbios_knl_Task_sleepTimeout__I)
                  00005e58    00000018     ti.targets.arm.rtsarm.aem4f : Error.oem4f (.text:xdc_runtime_Error_check__E)
                  00005e70    00000018                                 : System.oem4f (.text:xdc_runtime_System_exit__E)
                  00005e88    00000018                                 : Text.oem4f (.text:xdc_runtime_Text_ropeText__E)
                  00005ea0    00000016     empty_pem4f.oem4f (.text:ti_sysbios_BIOS_exitFunc__I)
                  00005eb6    00000016     empty.obj (.text:ti_sysbios_knl_Task_Params_init)
                  00005ecc    00000014     msp432p4xx_driverlib.lib : gpio.o (.text:GPIO_enableInterrupt)
                  00005ee0    00000014                              : gpio.o (.text:GPIO_setDriveStrengthHigh)
                  00005ef4    00000014                              : gpio.o (.text:GPIO_setOutputHighOnPin)
                  00005f08    00000014                              : gpio.o (.text:GPIO_toggleOutputOnPin)
                  00005f1c    00000014                              : wdt_a.o (.text:WDT_A_startTimer)
                  00005f30    00000014     rtsv7M4_T_le_v4SPD16_eabi.lib : _lock.obj (.text)
                  00005f44    00000014                                   : strcpy.obj (.text)
                  00005f58    00000014                                   : strlen.obj (.text)
                  00005f6c    00000014     empty_pem4f.oem4f (.text:ti_sysbios_family_arm_m3_Hwi_Object__get__S)
                  00005f80    00000014     sysbios.aem4f : BIOS.obj (.text:ti_sysbios_family_arm_m3_Hwi_switchFromBootStack__E)
                  00005f94    00000014     empty_pem4f.oem4f (.text:ti_sysbios_heaps_HeapMem_Object__get__S)
                  00005fa8    00000014     empty_pem4f.oem4f (.text:ti_sysbios_knl_Swi_Object__get__S)
                  00005fbc    00000004     --HOLE-- [fill = 0]
                  00005fc0    00000012     sysbios.aem4f : BIOS.obj (.text:ti_sysbios_hal_Hwi_Module_startup__E)
                  00005fd2    00000012     empty_pem4f.oem4f (.text:xdc_runtime_Startup_exec__I)
                  00005fe4    00000010     msp432p4xx_driverlib.lib : adc14.o (.text:ADC14_enableModule)
                  00005ff4    00000010                              : gpio.o (.text:GPIO_getInterruptStatus)
                  00006004    00000010                              : interrupt.o (.text:Interrupt_disableMaster)
                  00006014    00000010                              : pcm.o (.text:PCM_gotoLPM4)
                  00006024    00000004     --HOLE-- [fill = 0]
                  00006028    00000010     sysbios.aem4f : BIOS.obj (.text:ti_sysbios_BIOS_setCpuFreq__E)
                  00006038    00000010                   : BIOS.obj (.text:ti_sysbios_BIOS_setThreadType__E)
                  00006048    00000010                   : BIOS.obj (.text:ti_sysbios_BIOS_start__E)
                  00006058    00000010                   : m3_TaskSupport_asm.obj (.text:ti_sysbios_family_arm_m3_TaskSupport_glue)
                  00006068    00000010                   : BIOS.obj (.text:ti_sysbios_family_arm_msp432_init_Boot_disableWatchdog)
                  00006078    00000010                   : BIOS.obj (.text:ti_sysbios_gates_GateMutex_Instance_finalize__E)
                  00006088    00000010                   : BIOS.obj (.text:ti_sysbios_knl_Semaphore_Instance_finalize__E)
                  00006098    00000010                   : BIOS.obj (.text:ti_sysbios_knl_Swi_disable__E)
                  000060a8    00000010     empty_pem4f.oem4f (.text:ti_sysbios_knl_Task_Object__get__S)
                  000060b8    00000010     sysbios.aem4f : BIOS.obj (.text:ti_sysbios_knl_Task_disable__E)
                  000060c8    00000010     ti.targets.arm.rtsarm.aem4f : Gate.oem4f (.text:xdc_runtime_Gate_leaveSystem__E)
                  000060d8    00000010                                 : Memory.oem4f (.text:xdc_runtime_Memory_free__E)
                  000060e8    00000010                                 : SysMin.oem4f (.text:xdc_runtime_SysMin_ready__E)
                  000060f8    00000010                                 : System.oem4f (.text:xdc_runtime_System_vsnprintf__E)
                  00006108    00000010     empty_pem4f.oem4f (.text:xdc_runtime_Text_visitRope__I)
                  00006118    0000000e     tirtosport.aem4f : HwiP_tirtos.oem4f (.text:HwiP_Params_init)
                  00006126    0000000e     rtsv7M4_T_le_v4SPD16_eabi.lib : copy_decompress_none.obj (.text:decompress:none)
                  00006134    0000000e     empty.obj (.text:heartBeatFxn)
                  00006142    00000006     ti.targets.arm.rtsarm.aem4f : xdc_noinit.oem4f (.text:__xdc__init)
                  00006148    0000000e     sysbios.aem4f : BIOS.obj (.text:ti_sysbios_knl_Idle_loop__E)
                  00006156    00000002     --HOLE-- [fill = 0]
                  00006158    0000000e                   : BIOS.obj (.text:ti_sysbios_knl_Queue_empty__E)
                  00006166    0000000c     empty_pem4f.oem4f (.text:.bootCodeSection:ti_sysbios_family_arm_msp432_init_Boot_init__I)
                  00006172    0000000c     msp432p4xx_driverlib.lib : cpu.o (.text:CPU_cpsid)
                  0000617e    0000000c                              : cpu.o (.text:CPU_cpsie)
                  0000618a    00000002     --HOLE-- [fill = 0]
                  0000618c    0000000c                              : pcm.o (.text:PCM_getPowerState)
                  00006198    0000000c     drivers_MSP432P401R.aem4f : PowerMSP432.oem4f (.text:Power_getConstraintMask)
                  000061a4    0000000c     rtsv7M4_T_le_v4SPD16_eabi.lib : copy_zero_init.obj (.text:decompress:ZI)
                  000061b0    0000000c     empty_pem4f.oem4f (.text:ti_sysbios_family_arm_m3_Hwi_Params__init__S)
                  000061bc    00000004     --HOLE-- [fill = 0]
                  000061c0    0000000c     sysbios.aem4f : BIOS.obj (.text:ti_sysbios_family_arm_m3_Hwi_disableFxn__E)
                  000061cc    00000004     --HOLE-- [fill = 0]
                  000061d0    0000000c                   : BIOS.obj (.text:ti_sysbios_family_arm_m3_TaskSupport_checkStack__E)
                  000061dc    00000004     --HOLE-- [fill = 0]
                  000061e0    0000000c                   : BIOS.obj (.text:ti_sysbios_family_arm_m3_TaskSupport_getStackAlignment__E)
                  000061ec    00000004     --HOLE-- [fill = 0]
                  000061f0    0000000c                   : BIOS.obj (.text:ti_sysbios_family_arm_msp432_Timer_getMaxTicks__E)
                  000061fc    00000004     --HOLE-- [fill = 0]
                  00006200    0000000c                   : BIOS.obj (.text:ti_sysbios_gates_GateHwi_enter__E)
                  0000620c    0000000c     empty_pem4f.oem4f (.text:ti_sysbios_knl_Queue_Object__get__S)
                  00006218    0000000c     empty_pem4f.oem4f (.text:ti_sysbios_knl_Task_Params__init__S)
                  00006224    0000000c     ti.targets.arm.rtsarm.aem4f : Error.oem4f (.text:xdc_runtime_Error_init__E)
                  00006230    0000000c                                 : Gate.oem4f (.text:xdc_runtime_Gate_enterSystem__E)
                  0000623c    0000000c                                 : Memory.oem4f (.text:xdc_runtime_Memory_calloc__E)
                  00006248    0000000c                                 : Memory.oem4f (.text:xdc_runtime_Memory_getMaxDefaultTypeAlign__E)
                  00006254    0000000a     msp432p4xx_driverlib.lib : timer32.o (.text:Timer32_enableInterrupt)
                  0000625e    0000000a     empty_pem4f.oem4f (.text:xdc_runtime_IHeap_alloc)
                  00006268    0000000a     empty_pem4f.oem4f (.text:xdc_runtime_IHeap_free)
                  00006272    00000008     MSP_EXP432P401R.obj (.text:MSP_EXP432P401R_initGPIO)
                  0000627a    00000008     MSP_EXP432P401R.obj (.text:MSP_EXP432P401R_initGeneral)
                  00006282    00000008     msp432p4xx_driverlib.lib : pcm.o (.text:PCM_setPowerMode)
                  0000628a    00000008                              : pcm.o (.text:PCM_setPowerState)
                  00006292    00000008     button.obj (.text:gpioButton0)
                  0000629a    00000006     rtsv7M4_T_le_v4SPD16_eabi.lib : copy_decompress_rle.obj (.text:decompress:rle24)
                  000062a0    00000008     sysbios.aem4f : BIOS.obj (.text:ti_sysbios_family_arm_m3_Hwi_doSwiRestore__I)
                  000062a8    00000008                   : BIOS.obj (.text:ti_sysbios_family_arm_m3_Hwi_startup__E)
                  000062b0    00000006                   : BIOS.obj (.text:ti_sysbios_family_arm_m3_Hwi_doTaskRestore__I)
                  000062b6    00000002     --HOLE-- [fill = 0]
                  000062b8    00000006                   : BIOS.obj (.text:ti_sysbios_family_arm_m3_Hwi_restoreFxn__E)
                  000062be    00000002     --HOLE-- [fill = 0]
                  000062c0    00000006                   : BIOS.obj (.text:ti_sysbios_gates_GateHwi_leave__E)
                  000062c6    00000002     --HOLE-- [fill = 0]
                  000062c8    00000006                   : BIOS.obj (.text:ti_sysbios_heaps_HeapMem_isBlocking__E)
                  000062ce    00000002     --HOLE-- [fill = 0]
                  000062d0    00000006                   : BIOS.obj (.text:ti_sysbios_knl_Queue_Instance_init__E)
                  000062d6    00000002     --HOLE-- [fill = 0]
                  000062d8    00000006                   : BIOS.obj (.text:ti_sysbios_knl_Swi_startup__E)
                  000062de    00000006     ti.targets.arm.rtsarm.aem4f : System.oem4f (.text:xdc_runtime_System_Module_startup__E)
                  000062e4    00000004     --HOLE-- [fill = 0]
                  000062e8    00000004     sysbios.aem4f : BIOS.obj (.text:ti_sysbios_gates_GateHwi_query__E)
                  000062ec    00000004     --HOLE-- [fill = 0]
                  000062f0    00000004                   : BIOS.obj (.text:ti_sysbios_gates_GateMutex_query__E)
                  000062f4    00000004     --HOLE-- [fill = 0]
                  000062f8    00000004                   : BIOS.obj (.text:ti_sysbios_knl_Task_startup__E)
                  000062fc    00000004     --HOLE-- [fill = 0]
                  00006300    00000002                   : BIOS.obj (.text:ti_sysbios_gates_GateHwi_Instance_init__E)
                  00006302    00000006     --HOLE-- [fill = 0]
                  00006308    00000002                   : BIOS.obj (.text:ti_sysbios_knl_Clock_logTick__E)

.const     0    0000630c    00001e10     
                  0000630c    000017a9     empty_pem4f.oem4f (.const:xdc_runtime_Text_charTab__A)
                  00007ab5    00000001     empty_pem4f.oem4f (.const:xdc_runtime_Error_policy__C)
                  00007ab6    000000b0     empty_pem4f.oem4f (.const:xdc_runtime_Text_nodeTab__A)
                  00007b66    00000002     empty_pem4f.oem4f (.const:ti_sysbios_family_arm_m3_Hwi_Module__id__C)
                  00007b68    00000080     msp432p4xx_driverlib.lib : adc14.o (.const:_ctlRegs)
                  00007be8    00000048     empty_pem4f.oem4f (.const:.string)
                  00007c30    00000040     msp432p4xx_driverlib.lib : interrupt.o (.const)
                  00007c70    0000003c     empty_pem4f.oem4f (.const:ti_sysbios_knl_Task_Object__PARAMS__C)
                  00007cac    00000030     empty_pem4f.oem4f (.const:ti_sysbios_family_arm_m3_Hwi_Object__PARAMS__C)
                  00007cdc    00000028     empty_pem4f.oem4f (.const:ti_sysbios_heaps_HeapMem_Module__FXNS__C)
                  00007d04    00000024     empty_pem4f.oem4f (.const:ti_sysbios_gates_GateHwi_Module__FXNS__C)
                  00007d28    00000024     empty_pem4f.oem4f (.const:ti_sysbios_gates_GateMutex_Module__FXNS__C)
                  00007d4c    00000024     empty_pem4f.oem4f (.const:ti_sysbios_heaps_HeapMem_Object__PARAMS__C)
                  00007d70    00000024     empty_pem4f.oem4f (.const:ti_sysbios_knl_Semaphore_Object__PARAMS__C)
                  00007d94    00000024     uartTransmission.obj (.const:uartConfig)
                  00007db8    00000020     empty_pem4f.oem4f (.const:ti_sysbios_family_arm_m3_Hwi_Object__DESC__C)
                  00007dd8    00000020     empty_pem4f.oem4f (.const:ti_sysbios_gates_GateHwi_Object__DESC__C)
                  00007df8    00000020     empty_pem4f.oem4f (.const:ti_sysbios_gates_GateMutex_Object__DESC__C)
                  00007e18    00000020     empty_pem4f.oem4f (.const:ti_sysbios_heaps_HeapMem_Object__DESC__C)
                  00007e38    00000020     empty_pem4f.oem4f (.const:ti_sysbios_knl_Queue_Object__DESC__C)
                  00007e58    00000020     empty_pem4f.oem4f (.const:ti_sysbios_knl_Semaphore_Object__DESC__C)
                  00007e78    00000020     empty_pem4f.oem4f (.const:ti_sysbios_knl_Task_Object__DESC__C)
                  00007e98    00000020     empty_pem4f.oem4f (.const:xdc_runtime_Startup_sfxnTab__A)
                  00007eb8    00000018     empty_pem4f.oem4f (.const:ti_sysbios_gates_GateHwi_Object__PARAMS__C)
                  00007ed0    00000018     empty_pem4f.oem4f (.const:ti_sysbios_gates_GateMutex_Object__PARAMS__C)
                  00007ee8    00000018     empty_pem4f.oem4f (.const:ti_sysbios_knl_Queue_Object__PARAMS__C)
                  00007f00    00000014     MSP_EXP432P401R.obj (.const:GPIOMSP432_config)
                  00007f14    00000010     MSP_EXP432P401R.obj (.const)
                  00007f24    00000010     empty_pem4f.oem4f (.const:xdc_runtime_Startup_sfxnRts__A)
                  00007f34    0000000c     drivers_MSP432P401R.aem4f : GPIOMSP432.oem4f (.const:.string)
                  00007f40    0000000c     empty_pem4f.oem4f (.const:xdc_runtime_Startup_firstFxns__A)
                  00007f4c    00000008     empty_pem4f.oem4f (.const:ti_sysbios_family_arm_m3_Hwi_excHookFuncs__A)
                  00007f54    00000008     empty_pem4f.oem4f (.const:ti_sysbios_knl_Idle_funcList__A)
                  00007f5c    00000008     empty_pem4f.oem4f (.const:ti_sysbios_knl_Idle_funcList__C)
                  00007f64    00000008     empty_pem4f.oem4f (.const:xdc_runtime_Startup_firstFxns__C)
                  00007f6c    00000008     empty_pem4f.oem4f (.const:xdc_runtime_Startup_lastFxns__C)
                  00007f74    00000004     empty_pem4f.oem4f (.const:ti_sysbios_family_arm_m3_Hwi_E_NMI__C)
                  00007f78    00000004     empty_pem4f.oem4f (.const:ti_sysbios_family_arm_m3_Hwi_E_alreadyDefined__C)
                  00007f7c    00000004     empty_pem4f.oem4f (.const:ti_sysbios_family_arm_m3_Hwi_E_busFault__C)
                  00007f80    00000004     empty_pem4f.oem4f (.const:ti_sysbios_family_arm_m3_Hwi_E_debugMon__C)
                  00007f84    00000004     empty_pem4f.oem4f (.const:ti_sysbios_family_arm_m3_Hwi_E_hardFault__C)
                  00007f88    00000004     empty_pem4f.oem4f (.const:ti_sysbios_family_arm_m3_Hwi_E_memFault__C)
                  00007f8c    00000004     empty_pem4f.oem4f (.const:ti_sysbios_family_arm_m3_Hwi_E_noIsr__C)
                  00007f90    00000004     empty_pem4f.oem4f (.const:ti_sysbios_family_arm_m3_Hwi_E_reserved__C)
                  00007f94    00000004     empty_pem4f.oem4f (.const:ti_sysbios_family_arm_m3_Hwi_E_svCall__C)
                  00007f98    00000004     empty_pem4f.oem4f (.const:ti_sysbios_family_arm_m3_Hwi_E_usageFault__C)
                  00007f9c    00000004     empty_pem4f.oem4f (.const:ti_sysbios_family_arm_m3_Hwi_NUM_INTERRUPTS__C)
                  00007fa0    00000004     empty_pem4f.oem4f (.const:ti_sysbios_family_arm_m3_Hwi_Object__count__C)
                  00007fa4    00000004     empty_pem4f.oem4f (.const:ti_sysbios_family_arm_m3_Hwi_ccr__C)
                  00007fa8    00000004     empty_pem4f.oem4f (.const:ti_sysbios_family_arm_m3_Hwi_excHandlerFunc__C)
                  00007fac    00000004     empty_pem4f.oem4f (.const:ti_sysbios_family_arm_m3_Hwi_excHookFuncs__C)
                  00007fb0    00000004     empty_pem4f.oem4f (.const:ti_sysbios_family_arm_m3_Hwi_nullIsrFunc__C)
                  00007fb4    00000004     empty_pem4f.oem4f (.const:ti_sysbios_family_arm_m3_Hwi_priGroup__C)
                  00007fb8    00000004     empty_pem4f.oem4f (.const:ti_sysbios_family_arm_m3_TaskSupport_stackAlignment__C)
                  00007fbc    00000004     empty_pem4f.oem4f (.const:ti_sysbios_family_arm_msp432_Timer_numTimerDevices__C)
                  00007fc0    00000004     empty_pem4f.oem4f (.const:ti_sysbios_family_arm_msp432_Timer_startupNeeded__C)
                  00007fc4    00000004     empty_pem4f.oem4f (.const:ti_sysbios_gates_GateMutex_A_badContext__C)
                  00007fc8    00000004     empty_pem4f.oem4f (.const:ti_sysbios_gates_GateMutex_Instance_State_sem__O)
                  00007fcc    00000004     empty_pem4f.oem4f (.const:ti_sysbios_gates_GateMutex_Module__diagsEnabled__C)
                  00007fd0    00000004     empty_pem4f.oem4f (.const:ti_sysbios_gates_GateMutex_Module__diagsIncluded__C)
                  00007fd4    00000004     empty_pem4f.oem4f (.const:ti_sysbios_gates_GateMutex_Module__diagsMask__C)
                  00007fd8    00000004     empty_pem4f.oem4f (.const:ti_sysbios_hal_Hwi_E_stackOverflow__C)
                  00007fdc    00000004     empty_pem4f.oem4f (.const:ti_sysbios_heaps_HeapMem_A_align__C)
                  00007fe0    00000004     empty_pem4f.oem4f (.const:ti_sysbios_heaps_HeapMem_A_heapSize__C)
                  00007fe4    00000004     empty_pem4f.oem4f (.const:ti_sysbios_heaps_HeapMem_A_invalidFree__C)
                  00007fe8    00000004     empty_pem4f.oem4f (.const:ti_sysbios_heaps_HeapMem_A_zeroBlock__C)
                  00007fec    00000004     empty_pem4f.oem4f (.const:ti_sysbios_heaps_HeapMem_E_memory__C)
                  00007ff0    00000004     empty_pem4f.oem4f (.const:ti_sysbios_heaps_HeapMem_Module__diagsEnabled__C)
                  00007ff4    00000004     empty_pem4f.oem4f (.const:ti_sysbios_heaps_HeapMem_Module__diagsIncluded__C)
                  00007ff8    00000004     empty_pem4f.oem4f (.const:ti_sysbios_heaps_HeapMem_Module__diagsMask__C)
                  00007ffc    00000004     empty_pem4f.oem4f (.const:ti_sysbios_heaps_HeapMem_Module__gateObj__C)
                  00008000    00000004     empty_pem4f.oem4f (.const:ti_sysbios_heaps_HeapMem_Object__count__C)
                  00008004    00000004     empty_pem4f.oem4f (.const:ti_sysbios_heaps_HeapMem_reqAlign__C)
                  00008008    00000004     empty_pem4f.oem4f (.const:ti_sysbios_knl_Clock_Module_State_clockQ__O)
                  0000800c    00000004     empty_pem4f.oem4f (.const:ti_sysbios_knl_Semaphore_A_badContext__C)
                  00008010    00000004     empty_pem4f.oem4f (.const:ti_sysbios_knl_Semaphore_A_noEvents__C)
                  00008014    00000004     empty_pem4f.oem4f (.const:ti_sysbios_knl_Semaphore_A_overflow__C)
                  00008018    00000004     empty_pem4f.oem4f (.const:ti_sysbios_knl_Semaphore_A_pendTaskDisabled__C)
                  0000801c    00000004     empty_pem4f.oem4f (.const:ti_sysbios_knl_Semaphore_Instance_State_pendQ__O)
                  00008020    00000004     empty_pem4f.oem4f (.const:ti_sysbios_knl_Semaphore_Module__diagsEnabled__C)
                  00008024    00000004     empty_pem4f.oem4f (.const:ti_sysbios_knl_Semaphore_Module__diagsIncluded__C)
                  00008028    00000004     empty_pem4f.oem4f (.const:ti_sysbios_knl_Semaphore_Module__diagsMask__C)
                  0000802c    00000004     empty_pem4f.oem4f (.const:ti_sysbios_knl_Swi_Object__count__C)
                  00008030    00000004     empty_pem4f.oem4f (.const:ti_sysbios_knl_Task_A_badPriority__C)
                  00008034    00000004     empty_pem4f.oem4f (.const:ti_sysbios_knl_Task_A_badTaskState__C)
                  00008038    00000004     empty_pem4f.oem4f (.const:ti_sysbios_knl_Task_A_badThreadType__C)
                  0000803c    00000004     empty_pem4f.oem4f (.const:ti_sysbios_knl_Task_A_badTimeout__C)
                  00008040    00000004     empty_pem4f.oem4f (.const:ti_sysbios_knl_Task_A_noPendElem__C)
                  00008044    00000004     empty_pem4f.oem4f (.const:ti_sysbios_knl_Task_A_sleepTaskDisabled__C)
                  00008048    00000004     empty_pem4f.oem4f (.const:ti_sysbios_knl_Task_E_spOutOfBounds__C)
                  0000804c    00000004     empty_pem4f.oem4f (.const:ti_sysbios_knl_Task_E_stackOverflow__C)
                  00008050    00000004     empty_pem4f.oem4f (.const:ti_sysbios_knl_Task_Module_State_inactiveQ__O)
                  00008054    00000004     empty_pem4f.oem4f (.const:ti_sysbios_knl_Task_Module__diagsEnabled__C)
                  00008058    00000004     empty_pem4f.oem4f (.const:ti_sysbios_knl_Task_Module__diagsIncluded__C)
                  0000805c    00000004     empty_pem4f.oem4f (.const:ti_sysbios_knl_Task_Module__diagsMask__C)
                  00008060    00000004     empty_pem4f.oem4f (.const:ti_sysbios_knl_Task_Object__count__C)
                  00008064    00000004     empty_pem4f.oem4f (.const:ti_sysbios_knl_Task_allBlockedFunc__C)
                  00008068    00000004     empty_pem4f.oem4f (.const:ti_sysbios_knl_Task_defaultStackHeap__C)
                  0000806c    00000004     empty_pem4f.oem4f (.const:ti_sysbios_knl_Task_defaultStackSize__C)
                  00008070    00000004     empty_pem4f.oem4f (.const:ti_sysbios_knl_Task_numConstructedTasks__C)
                  00008074    00000004     empty_pem4f.oem4f (.const:xdc_runtime_Assert_E_assertFailed__C)
                  00008078    00000004     empty_pem4f.oem4f (.const:xdc_runtime_Core_A_initializedParams__C)
                  0000807c    00000004     empty_pem4f.oem4f (.const:xdc_runtime_Core_Module__diagsEnabled__C)
                  00008080    00000004     empty_pem4f.oem4f (.const:xdc_runtime_Core_Module__diagsIncluded__C)
                  00008084    00000004     empty_pem4f.oem4f (.const:xdc_runtime_Core_Module__diagsMask__C)
                  00008088    00000004     empty_pem4f.oem4f (.const:xdc_runtime_Error_E_memory__C)
                  0000808c    00000004     empty_pem4f.oem4f (.const:xdc_runtime_Error_Module__diagsEnabled__C)
                  00008090    00000004     empty_pem4f.oem4f (.const:xdc_runtime_Error_Module__diagsIncluded__C)
                  00008094    00000004     empty_pem4f.oem4f (.const:xdc_runtime_Error_Module__diagsMask__C)
                  00008098    00000004     empty_pem4f.oem4f (.const:xdc_runtime_Error_Module__loggerFxn8__C)
                  0000809c    00000004     empty_pem4f.oem4f (.const:xdc_runtime_Error_Module__loggerObj__C)
                  000080a0    00000004     empty_pem4f.oem4f (.const:xdc_runtime_Error_policyFxn__C)
                  000080a4    00000004     empty_pem4f.oem4f (.const:xdc_runtime_Error_raiseHook__C)
                  000080a8    00000004     empty_pem4f.oem4f (.const:xdc_runtime_IGateProvider_Interface__BASE__C)
                  000080ac    00000004     empty_pem4f.oem4f (.const:xdc_runtime_IHeap_Interface__BASE__C)
                  000080b0    00000004     empty_pem4f.oem4f (.const:xdc_runtime_IModule_Interface__BASE__C)
                  000080b4    00000004     empty_pem4f.oem4f (.const:xdc_runtime_Log_L_error__C)
                  000080b8    00000004     empty_pem4f.oem4f (.const:xdc_runtime_Memory_defaultHeapInstance__C)
                  000080bc    00000004     empty_pem4f.oem4f (.const:xdc_runtime_Startup_execImpl__C)
                  000080c0    00000004     empty_pem4f.oem4f (.const:xdc_runtime_Startup_maxPasses__C)
                  000080c4    00000004     empty_pem4f.oem4f (.const:xdc_runtime_Startup_sfxnRts__C)
                  000080c8    00000004     empty_pem4f.oem4f (.const:xdc_runtime_Startup_sfxnTab__C)
                  000080cc    00000004     empty_pem4f.oem4f (.const:xdc_runtime_SysMin_bufSize__C)
                  000080d0    00000004     empty_pem4f.oem4f (.const:xdc_runtime_SysMin_outputFunc__C)
                  000080d4    00000004     empty_pem4f.oem4f (.const:xdc_runtime_System_Module__gateObj__C)
                  000080d8    00000004     empty_pem4f.oem4f (.const:xdc_runtime_System_abortFxn__C)
                  000080dc    00000004     empty_pem4f.oem4f (.const:xdc_runtime_System_exitFxn__C)
                  000080e0    00000004     empty_pem4f.oem4f (.const:xdc_runtime_System_extendFxn__C)
                  000080e4    00000004     empty_pem4f.oem4f (.const:xdc_runtime_System_maxAtexitHandlers__C)
                  000080e8    00000004     empty_pem4f.oem4f (.const:xdc_runtime_Text_charTab__C)
                  000080ec    00000004     empty_pem4f.oem4f (.const:xdc_runtime_Text_nameEmpty__C)
                  000080f0    00000004     empty_pem4f.oem4f (.const:xdc_runtime_Text_nameStatic__C)
                  000080f4    00000004     empty_pem4f.oem4f (.const:xdc_runtime_Text_nameUnknown__C)
                  000080f8    00000004     empty_pem4f.oem4f (.const:xdc_runtime_Text_nodeTab__C)
                  000080fc    00000004     empty_pem4f.oem4f (.const:xdc_runtime_Text_visitRopeFxn__C)
                  00008100    00000002     empty_pem4f.oem4f (.const:ti_sysbios_gates_GateMutex_Module__id__C)
                  00008102    00000002     empty_pem4f.oem4f (.const:ti_sysbios_hal_Hwi_Module__id__C)
                  00008104    00000002     empty_pem4f.oem4f (.const:ti_sysbios_heaps_HeapMem_Module__id__C)
                  00008106    00000002     empty_pem4f.oem4f (.const:ti_sysbios_knl_Semaphore_Module__id__C)
                  00008108    00000002     empty_pem4f.oem4f (.const:ti_sysbios_knl_Task_Module__id__C)
                  0000810a    00000002     empty_pem4f.oem4f (.const:xdc_runtime_Core_Module__id__C)
                  0000810c    00000002     empty_pem4f.oem4f (.const:xdc_runtime_Error_Module__loggerDefined__C)
                  0000810e    00000002     empty_pem4f.oem4f (.const:xdc_runtime_Error_maxDepth__C)
                  00008110    00000002     empty_pem4f.oem4f (.const:xdc_runtime_Memory_Module__id__C)
                  00008112    00000002     empty_pem4f.oem4f (.const:xdc_runtime_SysMin_flushAtExit__C)
                  00008114    00000002     empty_pem4f.oem4f (.const:xdc_runtime_Text_charCnt__C)
                  00008116    00000002     empty_pem4f.oem4f (.const:xdc_runtime_Text_isLoaded__C)
                  00008118    00000002     empty_pem4f.oem4f (.const:xdc_runtime_Text_registryModsLastId__C)
                  0000811a    00000002     empty_pem4f.oem4f (.const:xdc_runtime_Text_unnamedModsLastId__C)

.cinit     0    00008120    00000470     
                  00008120    00000438     (.cinit..data.load) [load image, compression = rle]
                  00008558    0000000c     (__TI_handler_table)
                  00008564    00000004     --HOLE-- [fill = 0]
                  00008568    00000008     (.cinit..bss.load) [load image, compression = zero_init]
                  00008570    00000008     (.cinit..vecs.load) [load image, compression = zero_init]
                  00008578    00000018     (__TI_cinit_table)

.resetVecs 
*          0    00000000    0000003c     
                  00000000    0000003c     empty_pem4f.oem4f (.resetVecs)

.vecs      0    20000000    00000140     UNINITIALIZED
                  20000000    00000140     empty_pem4f.oem4f (.vecs)

.bss       0    20000140    00000b68     UNINITIALIZED
                  20000140    00000400     empty_pem4f.oem4f (.bss:ti_sysbios_heaps_HeapMem_Instance_State_0_buf__A)
                  20000540    00000200     empty.obj (.bss:task0Stack)
                  20000740    00000200     empty_pem4f.oem4f (.bss:taskStackSection)
                  20000940    00000140     empty_pem4f.oem4f (.bss:ti_sysbios_family_arm_m3_Hwi_dispatchTable)
                  20000a80    00000120     rtsv7M4_T_le_v4SPD16_eabi.lib : trgmsg.obj (.bss:__CIOBUF_)
                  20000ba0    00000080     empty_pem4f.oem4f (.bss:xdc_runtime_SysMin_Module_State_0_outbuf__A)
                  20000c20    00000050     empty.obj (.bss:task0Struct)
                  20000c70    00000030     drivers_MSP432P401R.aem4f : GPIOMSP432.oem4f (.bss:gpioCallbackInfo)
                  20000ca0    00000008     (.common:parmbuf)

.TI.noinit 
*          0    20000140    00000000     UNINITIALIZED

.data      0    20000ca8    000005b9     UNINITIALIZED
                  20000ca8    00000140     empty_pem4f.oem4f (.data)
                  20000de8    0000009c     drivers_MSP432P401R.aem4f : PowerMSP432.oem4f (.data:PowerMSP432_perfLevels)
                  20000e84    00000080     empty_pem4f.oem4f (.data:ti_sysbios_knl_Swi_Module_State_0_readyQ__A)
                  20000f04    00000080     empty_pem4f.oem4f (.data:ti_sysbios_knl_Task_Module_State_0_readyQ__A)
                  20000f84    00000060     empty_pem4f.oem4f (.data:ti_sysbios_family_arm_m3_Hwi_Object__table__V)
                  20000fe4    0000004c     empty_pem4f.oem4f (.data:ti_sysbios_family_arm_msp432_Timer_Object__table__V)
                  20001030    0000004c     empty_pem4f.oem4f (.data:ti_sysbios_knl_Task_Object__table__V)
                  2000107c    00000044     empty_pem4f.oem4f (.data:ti_sysbios_knl_Task_Module__state__V)
                  200010c0    00000038     empty_pem4f.oem4f (.data:ti_sysbios_gates_GateMutex_Object__table__V)
                  200010f8    00000034     empty_pem4f.oem4f (.data:ti_sysbios_family_arm_m3_Hwi_Module__state__V)
                  2000112c    00000030     drivers_MSP432P401R.aem4f : GPIOMSP432.oem4f (.data:GPIO_PORT_TO_BASE)
                  2000115c    00000030     msp432p4xx_driverlib.lib : gpio.o (.data:GPIO_PORT_TO_BASE)
                  2000118c    00000030     empty_pem4f.oem4f (.data:ti_sysbios_knl_Swi_Object__table__V)
                  200011bc    0000002c     empty_pem4f.oem4f (.data:ti_sysbios_knl_Clock_Module__state__V)
                  200011e8    00000024     drivers_MSP432P401R.aem4f : PowerMSP432.oem4f (.data:PowerMSP432_module)
                  2000120c    00000024     empty_pem4f.oem4f (.data:ti_sysbios_BIOS_Module__state__V)
                  20001230    0000001c     MSP_EXP432P401R.obj (.data)
                  2000124c    00000008     rtsv7M4_T_le_v4SPD16_eabi.lib : _lock.obj (.data)
                  20001254    00000008                                   : exit.obj (.data)
                  2000125c    00000004                                   : stkdepth_vars.obj (.data)
                  20001260    00000001     drivers_MSP432P401R.aem4f : GPIOMSP432.oem4f (.data)

.TI.persistent 
*          0    20000ca8    00000000     UNINITIALIZED

.stack     0    2000fd00    00000300     UNINITIALIZED
                  2000fd00    00000300     --HOLE--

.bootVecs 
*          0    00000000    00000008     DSECT
                  00000000    00000008     boot.aem4f : boot.oem4f (.bootVecs)

xdc.meta   0    00000000    000000ea     COPY SECTION
                  00000000    000000ea     empty_pem4f.oem4f (xdc.meta)


LINKER GENERATED COPY TABLES

__TI_cinit_table @ 00008578 records: 3, size/record: 8, table size: 24
	.data: load addr=00008120, load size=00000438 bytes, run addr=20000ca8, run size=000005b9 bytes, compression=rle
	.bss: load addr=00008568, load size=00000008 bytes, run addr=20000140, run size=00000b68 bytes, compression=zero_init
	.vecs: load addr=00008570, load size=00000008 bytes, run addr=20000000, run size=00000140 bytes, compression=zero_init


LINKER GENERATED HANDLER TABLE

__TI_handler_table @ 00008558 records: 3, size/record: 4, table size: 12
	index: 0, handler: __TI_decompress_rle24
	index: 1, handler: __TI_decompress_none
	index: 2, handler: __TI_zero_init


GLOBAL SYMBOLS: SORTED ALPHABETICALLY BY Name 

address   name                                                        
-------   ----                                                        
000042d9  ADC14_IRQHandler                                            
00005fe5  ADC14_enableModule                                          
00005d35  ADC14_getResult                                             
00004bf1  C$$EXIT                                                     
00003e0f  C$$IO$$                                                     
00006173  CPU_cpsid                                                   
0000617f  CPU_cpsie                                                   
00000d3d  CPU_wfi                                                     
00002af5  CS_initClockSignal                                          
000057b5  CS_setDCOCenteredFrequency                                  
000049f5  EUSCIA0_IRQHandler                                          
00004d91  FlashCtl_disableReadBuffering                               
000050f1  FlashCtl_enableReadBuffering                                
0000569d  FlashCtl_setWaitState                                       
00007f00  GPIOMSP432_config                                           
00005d4d  GPIO_clearInterruptFlag                                     
000056c5  GPIO_enableInt                                              
00005ecd  GPIO_enableInterrupt                                        
00004dd1  GPIO_getEnabledInterruptStatus                              
0000529d  GPIO_getEnabledInterruptStatus_WA                           
00005ff5  GPIO_getInterruptStatus                                     
00004439  GPIO_hwiIntFxn                                              
000040a1  GPIO_init                                                   
000059fd  GPIO_interruptEdgeSelect                                    
00005511  GPIO_setAsInputPin                                          
000052cd  GPIO_setAsInputPinWithPullDownResistor                      
000052fd  GPIO_setAsInputPinWithPullUpResistor                        
000057d9  GPIO_setAsOutputPin                                         
00004a3d  GPIO_setAsPeripheralModuleFunctionInputPin                  
0000448d  GPIO_setCallback                                            
000020a9  GPIO_setConfig                                              
00005ee1  GPIO_setDriveStrengthHigh                                   
00005d65  GPIO_setDriveStrengthLow                                    
00005ef5  GPIO_setOutputHighOnPin                                     
00005d7d  GPIO_setOutputLowOnPin                                      
00005f09  GPIO_toggleOutputOnPin                                      
00004635  GPIO_write                                                  
00000a49  HOSTclock                                                   
00000a11  HOSTclose                                                   
000009d3  HOSTgetenv                                                  
00000977  HOSTlseek                                                   
00000925  HOSTopen                                                    
000008d9  HOSTread                                                    
0000087b  HOSTrename                                                  
00000841  HOSTtime                                                    
00000809  HOSTunlink                                                  
000007bd  HOSTwrite                                                   
00006119  HwiP_Params_init                                            
00003fdd  HwiP_create                                                 
00000f95  HwiP_disable                                                
000062b9  HwiP_restore                                                
00006005  Interrupt_disableMaster                                     
00003eb1  Interrupt_enableInterrupt                                   
0000140d  List_head                                                   
0000160d  List_next                                                   
00006273  MSP_EXP432P401R_initGPIO                                    
0000627b  MSP_EXP432P401R_initGeneral                                 
0000553d  PCM_getCoreVoltageLevel                                     
00005649  PCM_getPowerMode                                            
0000618d  PCM_getPowerState                                           
000056ed  PCM_gotoLPM0                                                
00003975  PCM_gotoLPM3                                                
00006015  PCM_gotoLPM4                                                
00006283  PCM_setPowerMode                                            
0000628b  PCM_setPowerState                                           
00004685  PCM_shutdownDevice                                          
00007f14  PowerMSP432_config                                          
00003737  PowerMSP432_initPolicy                                      
200011e8  PowerMSP432_module                                          
20000de8  PowerMSP432_perfLevels                                      
000046d5  PowerMSP432_sleepPolicy                                     
00005569  PowerMSP432_updateFreqs                                     
00006199  Power_getConstraintMask                                     
00005a1d  Power_idleFunc                                              
00004f11  Power_init                                                  
0000272d  Power_sleep                                                 
000057fd  RTC_C_holdClock                                             
00005821  RTC_C_startClock                                            
UNDEFED   SHT$$INIT_ARRAY$$Base                                       
UNDEFED   SHT$$INIT_ARRAY$$Limit                                      
00005845  SW1_IRQHandler                                              
00006255  Timer32_enableInterrupt                                     
00004a85  Timer32_initModule                                          
00005869  Timer32_setCount                                            
4000480c  WDTCTL_SYM                                                  
00005d95  WDT_A_holdTimer                                             
00005f1d  WDT_A_startTimer                                            
00000000  __ASM__                                                     
20000a80  __CIOBUF_                                                   
00000066  __ISA__                                                     
00000079  __PLAT__                                                    
20010000  __STACK_END                                                 
00000300  __STACK_SIZE                                                
0000009c  __TARG__                                                    
00008578  __TI_CINIT_Base                                             
00008590  __TI_CINIT_Limit                                            
00008558  __TI_Handler_Table_Base                                     
00008564  __TI_Handler_Table_Limit                                    
00003381  __TI_auto_init                                              
20001254  __TI_cleanup_ptr                                            
00006127  __TI_decompress_none                                        
0000629b  __TI_decompress_rle24                                       
20001258  __TI_dtors_ptr                                              
00003e13  __TI_readmsg                                                
00008120  __TI_static_base__                                          
00003de1  __TI_writemsg                                               
000061a5  __TI_zero_init                                              
000000c2  __TRDR__                                                    
00003a6b  __aeabi_idiv0                                               
000039f1  __aeabi_memclr                                              
000039f1  __aeabi_memclr4                                             
000039f1  __aeabi_memclr8                                             
000034c1  __aeabi_memcpy                                              
000034c1  __aeabi_memcpy4                                             
000034c1  __aeabi_memcpy8                                             
000039f3  __aeabi_memset                                              
000039f3  __aeabi_memset4                                             
000039f3  __aeabi_memset8                                             
00004e51  __aeabi_uidiv                                               
00004e51  __aeabi_uidivmod                                            
ffffffff  __binit__                                                   
ffffffff  __c_args__                                                  
2000fd00  __stack                                                     
00006143  __xdc__init                                                 
20000de4  __xdc__init__addr                                           
00005dad  _args_main                                                  
00004331  _c_int00                                                    
2000124c  _lock                                                       
00005f3f  _nop                                                        
00005f37  _register_lock                                              
00005f31  _register_unlock                                            
20001250  _unlock                                                     
00004bf5  abort                                                       
ffffffff  binit                                                       
00003a6d  buttonInit                                                  
00004819  copy_in                                                     
00004bfd  exit                                                        
00006293  gpioButton0                                                 
20001244  gpioCallbackFunctions                                       
20001234  gpioPinConfigs                                              
00006135  heartBeatFxn                                                
00002bd5  initADC                                                     
00005125  initClocks                                                  
00003f15  initUart                                                    
00002d91  main                                                        
2000125c  main_func_sp                                                
000034c1  memcpy                                                      
000039f9  memset                                                      
000060b9  osi_TaskDisable                                             
00006049  osi_start                                                   
00005f45  strcpy                                                      
00005f59  strlen                                                      
20000540  task0Stack                                                  
20000c20  task0Struct                                                 
2000120c  ti_sysbios_BIOS_Module__state__V                            
00005c99  ti_sysbios_BIOS_RtsGateProxy_Handle__label__S               
00005945  ti_sysbios_BIOS_RtsGateProxy_Object__delete__S              
00001ca5  ti_sysbios_BIOS_RtsGateProxy_enter__E                       
00002a05  ti_sysbios_BIOS_RtsGateProxy_leave__E                       
000062f1  ti_sysbios_BIOS_RtsGateProxy_query__E                       
0000532d  ti_sysbios_BIOS_atExitFunc__I                               
0000588d  ti_sysbios_BIOS_errorRaiseHook__I                           
00005ea1  ti_sysbios_BIOS_exitFunc__I                                 
00003b4f  ti_sysbios_BIOS_nullFunc__I                                 
000058b1  ti_sysbios_BIOS_registerRTSLock__I                          
000058d5  ti_sysbios_BIOS_removeRTSLock__I                            
00005a3d  ti_sysbios_BIOS_rtsLock__I                                  
00005dc5  ti_sysbios_BIOS_rtsUnlock__I                                
00006029  ti_sysbios_BIOS_setCpuFreq__E                               
00006039  ti_sysbios_BIOS_setThreadType__E                            
000058f9  ti_sysbios_BIOS_startFunc__I                                
00006049  ti_sysbios_BIOS_start__E                                    
00007f74  ti_sysbios_family_arm_m3_Hwi_E_NMI__C                       
00007f78  ti_sysbios_family_arm_m3_Hwi_E_alreadyDefined__C            
00007f7c  ti_sysbios_family_arm_m3_Hwi_E_busFault__C                  
00007f80  ti_sysbios_family_arm_m3_Hwi_E_debugMon__C                  
00007f84  ti_sysbios_family_arm_m3_Hwi_E_hardFault__C                 
00007f88  ti_sysbios_family_arm_m3_Hwi_E_memFault__C                  
00007f8c  ti_sysbios_family_arm_m3_Hwi_E_noIsr__C                     
00007f90  ti_sysbios_family_arm_m3_Hwi_E_reserved__C                  
00007f94  ti_sysbios_family_arm_m3_Hwi_E_svCall__C                    
00007f98  ti_sysbios_family_arm_m3_Hwi_E_usageFault__C                
00005c65  ti_sysbios_family_arm_m3_Hwi_Handle__label__S               
00005159  ti_sysbios_family_arm_m3_Hwi_Instance_finalize__E           
00003739  ti_sysbios_family_arm_m3_Hwi_Instance_init__E               
20000cb0  ti_sysbios_family_arm_m3_Hwi_Module_State_0_excActive__A    
20000cb4  ti_sysbios_family_arm_m3_Hwi_Module_State_0_excContext__A   
20000cb8  ti_sysbios_family_arm_m3_Hwi_Module_State_0_excStack__A     
00007b66  ti_sysbios_family_arm_m3_Hwi_Module__id__C                  
20000ca8  ti_sysbios_family_arm_m3_Hwi_Module__root__V                
00005ddd  ti_sysbios_family_arm_m3_Hwi_Module__startupDone__F         
00005ddd  ti_sysbios_family_arm_m3_Hwi_Module__startupDone__S         
200010f8  ti_sysbios_family_arm_m3_Hwi_Module__state__V               
00004729  ti_sysbios_family_arm_m3_Hwi_Module_startup__E              
00007f9c  ti_sysbios_family_arm_m3_Hwi_NUM_INTERRUPTS__C              
00007db8  ti_sysbios_family_arm_m3_Hwi_Object__DESC__C                
00007cac  ti_sysbios_family_arm_m3_Hwi_Object__PARAMS__C              
00007fa0  ti_sysbios_family_arm_m3_Hwi_Object__count__C               
00005f6d  ti_sysbios_family_arm_m3_Hwi_Object__get__S                 
20000f84  ti_sysbios_family_arm_m3_Hwi_Object__table__V               
000061b1  ti_sysbios_family_arm_m3_Hwi_Params__init__S                
00007fa4  ti_sysbios_family_arm_m3_Hwi_ccr__C                         
00004389  ti_sysbios_family_arm_m3_Hwi_construct                      
000061c1  ti_sysbios_family_arm_m3_Hwi_disableFxn__E                  
00004ad1  ti_sysbios_family_arm_m3_Hwi_disableInterrupt__E            
00003f79  ti_sysbios_family_arm_m3_Hwi_dispatchC__I                   
20000940  ti_sysbios_family_arm_m3_Hwi_dispatchTable                  
00002821  ti_sysbios_family_arm_m3_Hwi_dispatch__I                    
000062a1  ti_sysbios_family_arm_m3_Hwi_doSwiRestore__I                
000062b1  ti_sysbios_family_arm_m3_Hwi_doTaskRestore__I               
00004b19  ti_sysbios_family_arm_m3_Hwi_enableInterrupt__E             
00001b31  ti_sysbios_family_arm_m3_Hwi_excBusFault__I                 
00002f39  ti_sysbios_family_arm_m3_Hwi_excDebugMon__I                 
00000041  ti_sysbios_family_arm_m3_Hwi_excDumpRegs__I                 
00005a5d  ti_sysbios_family_arm_m3_Hwi_excHandlerAsm__I               
00007fa8  ti_sysbios_family_arm_m3_Hwi_excHandlerFunc__C              
00001411  ti_sysbios_family_arm_m3_Hwi_excHandlerMax__I               
00005a81  ti_sysbios_family_arm_m3_Hwi_excHandler__I                  
00002ff9  ti_sysbios_family_arm_m3_Hwi_excHardFault__I                
00007f4c  ti_sysbios_family_arm_m3_Hwi_excHookFuncs__A                
00007fac  ti_sysbios_family_arm_m3_Hwi_excHookFuncs__C                
00001f61  ti_sysbios_family_arm_m3_Hwi_excMemFault__I                 
00005191  ti_sysbios_family_arm_m3_Hwi_excNmi__I                      
00005011  ti_sysbios_family_arm_m3_Hwi_excNoIsr__I                    
00004b61  ti_sysbios_family_arm_m3_Hwi_excReserved__I                 
00004f51  ti_sysbios_family_arm_m3_Hwi_excSvCall__I                   
00001ca9  ti_sysbios_family_arm_m3_Hwi_excUsageFault__I               
00004c39  ti_sysbios_family_arm_m3_Hwi_getStackInfo__E                
000037d1  ti_sysbios_family_arm_m3_Hwi_initNVIC__E                    
000043e1  ti_sysbios_family_arm_m3_Hwi_initStacks__E                  
00007fb0  ti_sysbios_family_arm_m3_Hwi_nullIsrFunc__C                 
e000e000  ti_sysbios_family_arm_m3_Hwi_nvic                           
00005769  ti_sysbios_family_arm_m3_Hwi_pendSV__I                      
000038f1  ti_sysbios_family_arm_m3_Hwi_postInit__I                    
00007fb4  ti_sysbios_family_arm_m3_Hwi_priGroup__C                    
20000000  ti_sysbios_family_arm_m3_Hwi_ramVectors                     
00000000  ti_sysbios_family_arm_m3_Hwi_resetVectors                   
000062b9  ti_sysbios_family_arm_m3_Hwi_restoreFxn__E                  
0000578d  ti_sysbios_family_arm_m3_Hwi_return                         
000062a9  ti_sysbios_family_arm_m3_Hwi_startup__E                     
00005f81  ti_sysbios_family_arm_m3_Hwi_switchFromBootStack__E         
00002f35  ti_sysbios_family_arm_m3_TaskSupport_Module__startupDone__S 
00003865  ti_sysbios_family_arm_m3_TaskSupport_buildTaskStack         
000061d1  ti_sysbios_family_arm_m3_TaskSupport_checkStack__E          
000061e1  ti_sysbios_family_arm_m3_TaskSupport_getStackAlignment__E   
00006059  ti_sysbios_family_arm_m3_TaskSupport_glue                   
00007fb8  ti_sysbios_family_arm_m3_TaskSupport_stackAlignment__C      
00005361  ti_sysbios_family_arm_m3_TaskSupport_start__E               
00005df5  ti_sysbios_family_arm_m3_TaskSupport_swap__E                
20000cbc  ti_sysbios_family_arm_msp432_ClockFreqs_Module__state__V    
[...]
000060e9  xdc_runtime_System_SupportProxy_ready__E                    
000060f9  xdc_runtime_System_vsnprintf__E                             
00006109  xdc_runtime_Text_visitRope__I                               
00006119  HwiP_Params_init                                            
00006127  __TI_decompress_none                                        
00006135  heartBeatFxn                                                
00006143  __xdc__init                                                 
00006149  ti_sysbios_knl_Idle_loop__E                                 
00006159  ti_sysbios_knl_Queue_empty__E                               
00006167  ti_sysbios_family_arm_msp432_init_Boot_init__I              
00006167  xdc_runtime_Startup_reset__I                                
00006173  CPU_cpsid                                                   
0000617f  CPU_cpsie                                                   
0000618d  PCM_getPowerState                                           
00006199  Power_getConstraintMask                                     
000061a5  __TI_zero_init                                              
000061b1  ti_sysbios_family_arm_m3_Hwi_Params__init__S                
000061b1  ti_sysbios_hal_Hwi_HwiProxy_Params__init__S                 
000061c1  ti_sysbios_family_arm_m3_Hwi_disableFxn__E                  
000061c1  ti_sysbios_hal_Hwi_HwiProxy_disable__E                      
000061d1  ti_sysbios_family_arm_m3_TaskSupport_checkStack__E          
000061d1  ti_sysbios_knl_Task_SupportProxy_checkStack__E              
000061e1  ti_sysbios_family_arm_m3_TaskSupport_getStackAlignment__E   
000061e1  ti_sysbios_knl_Task_SupportProxy_getStackAlignment__E       
000061f1  ti_sysbios_family_arm_msp432_Timer_getMaxTicks__E           
00006201  ti_sysbios_gates_GateHwi_enter__E                           
0000620d  ti_sysbios_knl_Queue_Object__get__S                         
00006219  ti_sysbios_knl_Task_Params__init__S                         
00006225  xdc_runtime_Error_init__E                                   
00006231  xdc_runtime_Gate_enterSystem__E                             
0000623d  xdc_runtime_Memory_calloc__E                                
00006249  xdc_runtime_Memory_getMaxDefaultTypeAlign__E                
00006255  Timer32_enableInterrupt                                     
0000625f  xdc_runtime_Memory_HeapProxy_alloc__E                       
00006269  xdc_runtime_Memory_HeapProxy_free__E                        
00006273  MSP_EXP432P401R_initGPIO                                    
0000627b  MSP_EXP432P401R_initGeneral                                 
00006283  PCM_setPowerMode                                            
0000628b  PCM_setPowerState                                           
00006293  gpioButton0                                                 
0000629b  __TI_decompress_rle24                                       
000062a1  ti_sysbios_family_arm_m3_Hwi_doSwiRestore__I                
000062a9  ti_sysbios_family_arm_m3_Hwi_startup__E                     
000062a9  ti_sysbios_hal_Hwi_HwiProxy_startup__E                      
000062b1  ti_sysbios_family_arm_m3_Hwi_doTaskRestore__I               
000062b9  HwiP_restore                                                
000062b9  ti_sysbios_family_arm_m3_Hwi_restoreFxn__E                  
000062b9  ti_sysbios_hal_Hwi_HwiProxy_restore__E                      
000062c1  ti_sysbios_gates_GateHwi_leave__E                           
000062c9  ti_sysbios_heaps_HeapMem_isBlocking__E                      
000062d1  ti_sysbios_knl_Queue_Instance_init__E                       
000062d9  ti_sysbios_knl_Swi_startup__E                               
000062df  xdc_runtime_System_Module_startup__E                        
000062e9  ti_sysbios_gates_GateHwi_query__E                           
000062e9  xdc_runtime_Main_Module_GateProxy_query__E                  
000062e9  xdc_runtime_System_Module_GateProxy_query__E                
000062f1  ti_sysbios_BIOS_RtsGateProxy_query__E                       
000062f1  ti_sysbios_gates_GateMutex_query__E                         
000062f1  ti_sysbios_heaps_HeapMem_Module_GateProxy_query__E          
000062f9  ti_sysbios_knl_Task_startup__E                              
00006301  ti_sysbios_gates_GateHwi_Instance_init__E                   
00006309  ti_sysbios_knl_Clock_logTick__E                             
0000630c  xdc_runtime_Text_charTab__A                                 
00007ab5  xdc_runtime_Error_policy__C                                 
00007ab6  xdc_runtime_Text_nodeTab__A                                 
00007b66  ti_sysbios_family_arm_m3_Hwi_Module__id__C                  
00007c70  ti_sysbios_knl_Task_Object__PARAMS__C                       
00007cac  ti_sysbios_family_arm_m3_Hwi_Object__PARAMS__C              
00007cdc  ti_sysbios_heaps_HeapMem_Module__FXNS__C                    
00007d04  ti_sysbios_gates_GateHwi_Module__FXNS__C                    
00007d28  ti_sysbios_gates_GateMutex_Module__FXNS__C                  
00007d4c  ti_sysbios_heaps_HeapMem_Object__PARAMS__C                  
00007d70  ti_sysbios_knl_Semaphore_Object__PARAMS__C                  
00007d94  uartConfig                                                  
00007db8  ti_sysbios_family_arm_m3_Hwi_Object__DESC__C                
00007dd8  ti_sysbios_gates_GateHwi_Object__DESC__C                    
00007df8  ti_sysbios_gates_GateMutex_Object__DESC__C                  
00007e18  ti_sysbios_heaps_HeapMem_Object__DESC__C                    
00007e38  ti_sysbios_knl_Queue_Object__DESC__C                        
00007e58  ti_sysbios_knl_Semaphore_Object__DESC__C                    
00007e78  ti_sysbios_knl_Task_Object__DESC__C                         
00007e98  xdc_runtime_Startup_sfxnTab__A                              
00007eb8  ti_sysbios_gates_GateHwi_Object__PARAMS__C                  
00007ed0  ti_sysbios_gates_GateMutex_Object__PARAMS__C                
00007ee8  ti_sysbios_knl_Queue_Object__PARAMS__C                      
00007f00  GPIOMSP432_config                                           
00007f14  PowerMSP432_config                                          
00007f24  xdc_runtime_Startup_sfxnRts__A                              
00007f40  xdc_runtime_Startup_firstFxns__A                            
00007f4c  ti_sysbios_family_arm_m3_Hwi_excHookFuncs__A                
00007f54  ti_sysbios_knl_Idle_funcList__A                             
00007f5c  ti_sysbios_knl_Idle_funcList__C                             
00007f64  xdc_runtime_Startup_firstFxns__C                            
00007f6c  xdc_runtime_Startup_lastFxns__C                             
00007f74  ti_sysbios_family_arm_m3_Hwi_E_NMI__C                       
00007f78  ti_sysbios_family_arm_m3_Hwi_E_alreadyDefined__C            
00007f7c  ti_sysbios_family_arm_m3_Hwi_E_busFault__C                  
00007f80  ti_sysbios_family_arm_m3_Hwi_E_debugMon__C                  
00007f84  ti_sysbios_family_arm_m3_Hwi_E_hardFault__C                 
00007f88  ti_sysbios_family_arm_m3_Hwi_E_memFault__C                  
00007f8c  ti_sysbios_family_arm_m3_Hwi_E_noIsr__C                     
00007f90  ti_sysbios_family_arm_m3_Hwi_E_reserved__C                  
00007f94  ti_sysbios_family_arm_m3_Hwi_E_svCall__C                    
00007f98  ti_sysbios_family_arm_m3_Hwi_E_usageFault__C                
00007f9c  ti_sysbios_family_arm_m3_Hwi_NUM_INTERRUPTS__C              
00007fa0  ti_sysbios_family_arm_m3_Hwi_Object__count__C               
00007fa4  ti_sysbios_family_arm_m3_Hwi_ccr__C                         
00007fa8  ti_sysbios_family_arm_m3_Hwi_excHandlerFunc__C              
00007fac  ti_sysbios_family_arm_m3_Hwi_excHookFuncs__C                
00007fb0  ti_sysbios_family_arm_m3_Hwi_nullIsrFunc__C                 
00007fb4  ti_sysbios_family_arm_m3_Hwi_priGroup__C                    
00007fb8  ti_sysbios_family_arm_m3_TaskSupport_stackAlignment__C      
00007fbc  ti_sysbios_family_arm_msp432_Timer_numTimerDevices__C       
00007fc0  ti_sysbios_family_arm_msp432_Timer_startupNeeded__C         
00007fc4  ti_sysbios_gates_GateMutex_A_badContext__C                  
00007fc8  ti_sysbios_gates_GateMutex_Instance_State_sem__O            
00007fcc  ti_sysbios_gates_GateMutex_Module__diagsEnabled__C          
00007fd0  ti_sysbios_gates_GateMutex_Module__diagsIncluded__C         
00007fd4  ti_sysbios_gates_GateMutex_Module__diagsMask__C             
00007fd8  ti_sysbios_hal_Hwi_E_stackOverflow__C                       
00007fdc  ti_sysbios_heaps_HeapMem_A_align__C                         
00007fe0  ti_sysbios_heaps_HeapMem_A_heapSize__C                      
00007fe4  ti_sysbios_heaps_HeapMem_A_invalidFree__C                   
00007fe8  ti_sysbios_heaps_HeapMem_A_zeroBlock__C                     
00007fec  ti_sysbios_heaps_HeapMem_E_memory__C                        
00007ff0  ti_sysbios_heaps_HeapMem_Module__diagsEnabled__C            
00007ff4  ti_sysbios_heaps_HeapMem_Module__diagsIncluded__C           
00007ff8  ti_sysbios_heaps_HeapMem_Module__diagsMask__C               
00007ffc  ti_sysbios_heaps_HeapMem_Module__gateObj__C                 
00008000  ti_sysbios_heaps_HeapMem_Object__count__C                   
00008004  ti_sysbios_heaps_HeapMem_reqAlign__C                        
00008008  ti_sysbios_knl_Clock_Module_State_clockQ__O                 
0000800c  ti_sysbios_knl_Semaphore_A_badContext__C                    
00008010  ti_sysbios_knl_Semaphore_A_noEvents__C                      
00008014  ti_sysbios_knl_Semaphore_A_overflow__C                      
00008018  ti_sysbios_knl_Semaphore_A_pendTaskDisabled__C              
0000801c  ti_sysbios_knl_Semaphore_Instance_State_pendQ__O            
00008020  ti_sysbios_knl_Semaphore_Module__diagsEnabled__C            
00008024  ti_sysbios_knl_Semaphore_Module__diagsIncluded__C           
00008028  ti_sysbios_knl_Semaphore_Module__diagsMask__C               
0000802c  ti_sysbios_knl_Swi_Object__count__C                         
00008030  ti_sysbios_knl_Task_A_badPriority__C                        
00008034  ti_sysbios_knl_Task_A_badTaskState__C                       
00008038  ti_sysbios_knl_Task_A_badThreadType__C                      
0000803c  ti_sysbios_knl_Task_A_badTimeout__C                         
00008040  ti_sysbios_knl_Task_A_noPendElem__C                         
00008044  ti_sysbios_knl_Task_A_sleepTaskDisabled__C                  
00008048  ti_sysbios_knl_Task_E_spOutOfBounds__C                      
0000804c  ti_sysbios_knl_Task_E_stackOverflow__C                      
00008050  ti_sysbios_knl_Task_Module_State_inactiveQ__O               
00008054  ti_sysbios_knl_Task_Module__diagsEnabled__C                 
00008058  ti_sysbios_knl_Task_Module__diagsIncluded__C                
0000805c  ti_sysbios_knl_Task_Module__diagsMask__C                    
00008060  ti_sysbios_knl_Task_Object__count__C                        
00008064  ti_sysbios_knl_Task_allBlockedFunc__C                       
00008068  ti_sysbios_knl_Task_defaultStackHeap__C                     
0000806c  ti_sysbios_knl_Task_defaultStackSize__C                     
00008070  ti_sysbios_knl_Task_numConstructedTasks__C                  
00008074  xdc_runtime_Assert_E_assertFailed__C                        
00008078  xdc_runtime_Core_A_initializedParams__C                     
0000807c  xdc_runtime_Core_Module__diagsEnabled__C                    
00008080  xdc_runtime_Core_Module__diagsIncluded__C                   
00008084  xdc_runtime_Core_Module__diagsMask__C                       
00008088  xdc_runtime_Error_E_memory__C                               
0000808c  xdc_runtime_Error_Module__diagsEnabled__C                   
00008090  xdc_runtime_Error_Module__diagsIncluded__C                  
00008094  xdc_runtime_Error_Module__diagsMask__C                      
00008098  xdc_runtime_Error_Module__loggerFxn8__C                     
0000809c  xdc_runtime_Error_Module__loggerObj__C                      
000080a0  xdc_runtime_Error_policyFxn__C                              
000080a4  xdc_runtime_Error_raiseHook__C                              
000080a8  xdc_runtime_IGateProvider_Interface__BASE__C                
000080ac  xdc_runtime_IHeap_Interface__BASE__C                        
000080b0  xdc_runtime_IModule_Interface__BASE__C                      
000080b4  xdc_runtime_Log_L_error__C                                  
000080b8  xdc_runtime_Memory_defaultHeapInstance__C                   
000080bc  xdc_runtime_Startup_execImpl__C                             
000080c0  xdc_runtime_Startup_maxPasses__C                            
000080c4  xdc_runtime_Startup_sfxnRts__C                              
000080c8  xdc_runtime_Startup_sfxnTab__C                              
000080cc  xdc_runtime_SysMin_bufSize__C                               
000080d0  xdc_runtime_SysMin_outputFunc__C                            
000080d4  xdc_runtime_System_Module__gateObj__C                       
000080d8  xdc_runtime_System_abortFxn__C                              
000080dc  xdc_runtime_System_exitFxn__C                               
000080e0  xdc_runtime_System_extendFxn__C                             
000080e4  xdc_runtime_System_maxAtexitHandlers__C                     
000080e8  xdc_runtime_Text_charTab__C                                 
000080ec  xdc_runtime_Text_nameEmpty__C                               
000080f0  xdc_runtime_Text_nameStatic__C                              
000080f4  xdc_runtime_Text_nameUnknown__C                             
000080f8  xdc_runtime_Text_nodeTab__C                                 
000080fc  xdc_runtime_Text_visitRopeFxn__C                            
00008100  ti_sysbios_gates_GateMutex_Module__id__C                    
00008102  ti_sysbios_hal_Hwi_Module__id__C                            
00008104  ti_sysbios_heaps_HeapMem_Module__id__C                      
00008106  ti_sysbios_knl_Semaphore_Module__id__C                      
00008108  ti_sysbios_knl_Task_Module__id__C                           
0000810a  xdc_runtime_Core_Module__id__C                              
0000810c  xdc_runtime_Error_Module__loggerDefined__C                  
0000810e  xdc_runtime_Error_maxDepth__C                               
00008110  xdc_runtime_Memory_Module__id__C                            
00008112  xdc_runtime_SysMin_flushAtExit__C                           
00008114  xdc_runtime_Text_charCnt__C                                 
00008116  xdc_runtime_Text_isLoaded__C                                
00008118  xdc_runtime_Text_registryModsLastId__C                      
0000811a  xdc_runtime_Text_unnamedModsLastId__C                       
00008120  __TI_static_base__                                          
00008558  __TI_Handler_Table_Base                                     
00008564  __TI_Handler_Table_Limit                                    
00008578  __TI_CINIT_Base                                             
00008590  __TI_CINIT_Limit                                            
20000000  ti_sysbios_family_arm_m3_Hwi_ramVectors                     
20000140  ti_sysbios_heaps_HeapMem_Instance_State_0_buf__A            
20000540  task0Stack                                                  
20000740  ti_sysbios_knl_Task_Instance_State_0_stack__A               
20000940  ti_sysbios_family_arm_m3_Hwi_dispatchTable                  
20000a80  __CIOBUF_                                                   
20000ba0  xdc_runtime_SysMin_Module_State_0_outbuf__A                 
20000c20  task0Struct                                                 
20000ca8  ti_sysbios_family_arm_m3_Hwi_Module__root__V                
20000cb0  ti_sysbios_family_arm_m3_Hwi_Module_State_0_excActive__A    
20000cb4  ti_sysbios_family_arm_m3_Hwi_Module_State_0_excContext__A   
20000cb8  ti_sysbios_family_arm_m3_Hwi_Module_State_0_excStack__A     
20000cbc  ti_sysbios_family_arm_msp432_ClockFreqs_Module__state__V    
20000cc8  ti_sysbios_family_arm_msp432_Timer_Module__root__V          
20000cd0  ti_sysbios_family_arm_msp432_Timer_Module_State_0_device__A 
20000cf0  ti_sysbios_family_arm_msp432_Timer_Module_State_0_handles__A
20000d00  ti_sysbios_family_arm_msp432_Timer_Module__state__V         
20000d0c  ti_sysbios_gates_GateHwi_Module__root__V                    
20000d14  ti_sysbios_gates_GateHwi_Object__table__V                   
20000d18  ti_sysbios_gates_GateMutex_Module__root__V                  
20000d20  ti_sysbios_hal_Hwi_Module__root__V                          
20000d28  ti_sysbios_hal_Hwi_Object__table__V                         
20000d40  ti_sysbios_heaps_HeapMem_Module__root__V                    
20000d48  ti_sysbios_heaps_HeapMem_Object__table__V                   
20000d60  ti_sysbios_knl_Clock_Module__root__V                        
20000d68  ti_sysbios_knl_Queue_Module__root__V                        
20000d70  ti_sysbios_knl_Semaphore_Module__root__V                    
20000d78  ti_sysbios_knl_Swi_Module__root__V                          
20000d80  ti_sysbios_knl_Swi_Module__state__V                         
20000d9c  ti_sysbios_knl_Task_Module__root__V                         
20000da4  ti_sysbios_knl_Task_Module_State_0_idleTask__A              
20000da8  xdc_runtime_Error_Module__state__V                          
20000dac  xdc_runtime_Memory_Module__state__V                         
20000db0  xdc_runtime_Registry_Module__state__V                       
20000db8  xdc_runtime_Startup_Module__state__V                        
20000dc0  xdc_runtime_SysMin_Module__state__V                         
20000dcc  xdc_runtime_System_Module_State_0_atexitHandlers__A         
20000dd4  xdc_runtime_System_Module__state__V                         
20000ddc  xdc_runtime_Text_Module__state__V                           
20000de4  __xdc__init__addr                                           
20000de8  PowerMSP432_perfLevels                                      
20000e84  ti_sysbios_knl_Swi_Module_State_0_readyQ__A                 
20000f04  ti_sysbios_knl_Task_Module_State_0_readyQ__A                
20000f84  ti_sysbios_family_arm_m3_Hwi_Object__table__V               
20000fe4  ti_sysbios_family_arm_msp432_Timer_Object__table__V         
20001030  ti_sysbios_knl_Task_Object__table__V                        
2000107c  ti_sysbios_knl_Task_Module__state__V                        
200010c0  ti_sysbios_gates_GateMutex_Object__table__V                 
200010f8  ti_sysbios_family_arm_m3_Hwi_Module__state__V               
2000118c  ti_sysbios_knl_Swi_Object__table__V                         
200011bc  ti_sysbios_knl_Clock_Module__state__V                       
200011e8  PowerMSP432_module                                          
2000120c  ti_sysbios_BIOS_Module__state__V                            
20001234  gpioPinConfigs                                              
20001244  gpioCallbackFunctions                                       
2000124c  _lock                                                       
20001250  _unlock                                                     
20001254  __TI_cleanup_ptr                                            
20001258  __TI_dtors_ptr                                              
2000125c  main_func_sp                                                
2000fd00  __stack                                                     
20010000  __STACK_END                                                 
4000480c  WDTCTL_SYM                                                  
e000e000  ti_sysbios_family_arm_m3_Hwi_nvic                           
ffffffff  __binit__                                                   
ffffffff  __c_args__                                                  
ffffffff  binit                                                       
UNDEFED   SHT$$INIT_ARRAY$$Base                                       
UNDEFED   SHT$$INIT_ARRAY$$Limit                                      

[607 symbols]
