******************************************************************************
                  TI ARM Linker PC v5.2.5                      
******************************************************************************
>> Linked Fri Apr 15 13:30:56 2016

OUTPUT FILE NAME:   <ChallengeAssignment3.out>
ENTRY POINT SYMBOL: "_c_int00"  address: 00006af1


MEMORY CONFIGURATION

         name            origin    length      used     unused   attr    fill
----------------------  --------  ---------  --------  --------  ----  --------
  MAIN                  00000000   00040000  0000ba33  000345cd  R  X
  INFO                  00200000   00004000  00000000  00004000  R  X
  SRAM_CODE             01000000   00010000  00000000  00010000  RW X
  SRAM_DATA             20000000   00010000  0000201a  0000dfe6  RW  


SEGMENT ALLOCATION MAP

run origin  load origin   length   init length attrs members
----------  ----------- ---------- ----------- ----- -------
00000000    00000000    0000ba40   0000ba40    r-x
  00000000    00000000    0000003c   0000003c    r-- .resetVecs
  00000040    00000040    000090ca   000090ca    r-x .text
  0000910c    0000910c    000023fd   000023fd    r-- .const
  0000b510    0000b510    00000530   00000530    r-- .cinit
20000000    20000000    00001d1d   00000000    rw-
  20000000    20000000    00000140   00000000    rw- .vecs
  20000140    20000140    00001425   00000000    rw- .bss
  20001568    20001568    000007b5   00000000    rw- .data
2000fd00    2000fd00    00000300   00000000    rw-
  2000fd00    2000fd00    00000300   00000000    rw- .stack


SECTION ALLOCATION MAP

 output                                  attributes/
section   page    origin      length       input sections
--------  ----  ----------  ----------   ----------------
.text      0    00000040    000090ca     
                  00000040    000010ba     rtsv7M4_T_le_v4SPD16_eabi.lib : _printfi.obj (.text)
                  000010fa    0000047e     string.obj (.text:Graphics_drawString)
                  00001578    00000430     sysbios.aem4f : BIOS.obj (.text:ti_sysbios_family_arm_m3_Hwi_excDumpRegs__I)
                  000019a8    0000034c     ti.targets.arm.rtsarm.aem4f : System.oem4f (.text:xdc_runtime_System_doPrint__I)
                  00001cf4    000002d4     rtsv7M4_T_le_v4SPD16_eabi.lib : trgdrv.obj (.text)
                  00001fc8    000002ac     sysbios.aem4f : BIOS.obj (.text:ti_sysbios_knl_Semaphore_pend__E)
                  00002274    00000004     msp432p4xx_driverlib.lib : cpu.o (.text:CPU_wfi)
                  00002278    00000254     sysbios.aem4f : BIOS.obj (.text:ti_sysbios_heaps_HeapMem_free__E)
                  000024cc    00000004     msp432p4xx_driverlib.lib : spi.o (.text:EUSCI_A_SPI_transmitData)
                  000024d0    00000248     sysbios.aem4f : BIOS.obj (.text:ti_sysbios_heaps_HeapMem_alloc__E)
                  00002718    0000022c                   : BIOS.obj (.text:ti_sysbios_knl_Task_Instance_finalize__E)
                  00002944    00000004     msp432p4xx_driverlib.lib : spi.o (.text:EUSCI_B_SPI_transmitData)
                  00002948    000001fc     sysbios.aem4f : BIOS.obj (.text:ti_sysbios_family_arm_m3_Hwi_excHandlerMax__I)
                  00002b44    000001f4     rtsv7M4_T_le_v4SPD16_eabi.lib : ull_div_t2.obj (.text)
                  00002d38    000001ce     Crystalfontz128x128_ST7735.obj (.text:Crystalfontz128x128_PixelDrawMultiple)
                  00002f06    00000002     power_tirtos_MSP432P401R.aem4f : PowerMSP432_tirtos.oem4f (.text:PowerMSP432_initPolicy)
                  00002f08    000001c8     sysbios.aem4f : BIOS.obj (.text:ti_sysbios_knl_Task_Instance_init__E)
                  000030d0    000001b8                   : BIOS.obj (.text:ti_sysbios_knl_Task_sleep__E)
                  00003288    000001b6     rtsv7M4_T_le_v4SPD16_eabi.lib : fd_add_t2.obj (.text)
                  0000343e    000001a0     msp432p4xx_driverlib.lib : pcm.o (.text:__PCM_setPowerStateAdvanced)
                  000035de    00000002     rtsv7M4_T_le_v4SPD16_eabi.lib : i_div0.obj (.text)
                  000035e0    00000174     sysbios.aem4f : BIOS.obj (.text:ti_sysbios_family_arm_m3_Hwi_excBusFault__I)
                  00003754    00000170     adc14.obj (.text:accel_task)
                  000038c4    00000004     tirtosport.aem4f : HwiP_tirtos.oem4f (.text:HwiP_disable)
                  000038c8    00000164     sysbios.aem4f : BIOS.obj (.text:ti_sysbios_family_arm_m3_Hwi_excUsageFault__I)
                  00003a2c    00000154     msp432p4xx_driverlib.lib : adc14.o (.text:_getIndexForMemRegister)
                  00003b80    00000148     sysbios.aem4f : BIOS.obj (.text:ti_sysbios_family_arm_m3_Hwi_excMemFault__I)
                  00003cc8    00000140     drivers_MSP432P401R.aem4f : GPIOMSP432.oem4f (.text:GPIO_setConfig)
                  00003e08    0000013c     sysbios.aem4f : BIOS.obj (.text:ti_sysbios_heaps_HeapMem_Instance_init__E)
                  00003f44    00000136     rtsv7M4_T_le_v4SPD16_eabi.lib : fd_div_t2.obj (.text)
                  0000407a    00000002     empty_pem4f.oem4f (.text:ti_sysbios_BIOS_nullFunc__I)
                  0000407c    00000134     Crystalfontz128x128_ST7735.obj (.text:Crystalfontz128x128_SetDrawFrame)
                  000041b0    00000118     ti.targets.arm.rtsarm.aem4f : Error.oem4f (.text:xdc_runtime_Error_policyDefault__E)
                  000042c8    00000110     rtsv7M4_T_le_v4SPD16_eabi.lib : xdscale.obj (.text)
                  000043d8    00000100     ti.targets.arm.rtsarm.aem4f : Core-mem.oem4f (.text:xdc_runtime_Core_createObject__I)
                  000044d8    000000fc     rtsv7M4_T_le_v4SPD16_eabi.lib : fd_mul_t2.obj (.text)
                  000045d4    000000fa     string.obj (.text:Graphics_getStringWidth)
                  000046ce    00000002     --HOLE-- [fill = 0]
                  000046d0    000000f8     ti.targets.arm.rtsarm.aem4f : Startup.oem4f (.text:xdc_runtime_Startup_startMods__I)
                  000047c8    000000f8     empty_pem4f.oem4f (.text:xdc_runtime_System_printfExtend__I)
                  000048c0    000000f4     drivers_MSP432P401R.aem4f : PowerMSP432.oem4f (.text:Power_sleep)
                  000049b4    000000f4     sysbios.aem4f : m3_Hwi_asm.obj (.text:ti_sysbios_family_arm_m3_Hwi_dispatch__I)
                  00004aa8    000000f0     drivers_MSP432P401R.aem4f : PowerMSP432.oem4f (.text:initPerfControl)
                  00004b98    000000ec     sysbios.aem4f : BIOS.obj (.text:ti_sysbios_knl_Semaphore_post__E)
                  00004c84    000000e0     msp432p4xx_driverlib.lib : cs.o (.text:CS_initClockSignal)
                  00004d64    000000e0     adc14.obj (.text:initADC)
                  00004e44    000000e0     empty.obj (.text:main)
                  00004f24    000000dc     msp432p4xx_driverlib.lib : pcm.o (.text:__PCM_setPowerModeAdvanced)
                  00005000    000000cc     ti.targets.arm.rtsarm.aem4f : Core-smem.oem4f (.text:xdc_runtime_Core_constructObject__I)
                  000050cc    000000be     rtsv7M4_T_le_v4SPD16_eabi.lib : xdnorm.obj (.text)
                  0000518a    00000006     ti.targets.arm.rtsarm.aem4f : xdc_noinit.oem4f (.text:__xdc__init)
                  00005190    000000bc     sysbios.aem4f : BIOS.obj (.text:ti_sysbios_family_arm_m3_Hwi_excDebugMon__I)
                  0000524c    00000004     drivers_MSP432P401R.aem4f : List.oem4f (.text:List_head)
                  00005250    000000bc     sysbios.aem4f : BIOS.obj (.text:ti_sysbios_family_arm_m3_Hwi_excHardFault__I)
                  0000530c    00000004     drivers_MSP432P401R.aem4f : List.oem4f (.text:List_next)
                  00005310    000000b4     sysbios.aem4f : BIOS.obj (.text:ti_sysbios_gates_GateMutex_enter__E)
                  000053c4    00000004     empty_pem4f.oem4f (.text:ti_sysbios_BIOS_RtsGateProxy_enter__E)
                  000053c8    000000b4     sysbios.aem4f : BIOS.obj (.text:ti_sysbios_knl_Task_checkStacks__E)
                  0000547c    000000b0     msp432p4xx_driverlib.lib : pcm.o (.text:__PCM_setCoreVoltageLevelAdvanced)
                  0000552c    00000004     empty_pem4f.oem4f (.text:ti_sysbios_BIOS_RtsGateProxy_leave__E)
                  00005530    000000a8     sysbios.aem4f : BIOS.obj (.text:ti_sysbios_family_arm_msp432_Timer_periodicStub__E)
                  000055d8    000000a0     auto_init.aem4f : auto_init.oem4f (.text)
                  00005678    000000a0     ti.targets.arm.rtsarm.aem4f : Text.oem4f (.text:xdc_runtime_Text_putMod__E)
                  00005718    0000009c     Crystalfontz128x128_ST7735.obj (.text:Crystalfontz128x128_RectFill)
                  000057b4    0000009c     line.obj (.text:Graphics_drawLineH)
                  00005850    0000009c     rtsv7M4_T_le_v4SPD16_eabi.lib : memcpy_t2.obj (.text)
                  000058ec    00000004     empty_pem4f.oem4f (.text:ti_sysbios_family_arm_m3_TaskSupport_Module__startupDone__S)
                  000058f0    0000009c     sysbios.aem4f : BIOS.obj (.text:ti_sysbios_knl_Semaphore_Instance_init__E)
                  0000598c    00000004     empty_pem4f.oem4f (.text:ti_sysbios_heaps_HeapMem_Module_GateProxy_enter__E)
                  00005990    0000009c     sysbios.aem4f : BIOS.obj (.text:ti_sysbios_knl_Task_postInit__I)
                  00005a2c    0000009a     ti.targets.arm.rtsarm.aem4f : Text.oem4f (.text:xdc_runtime_Text_putSite__E)
                  00005ac6    00000002     --HOLE-- [fill = 0]
                  00005ac8    00000094     sysbios.aem4f : BIOS.obj (.text:ti_sysbios_family_arm_m3_Hwi_Instance_init__E)
                  00005b5c    00000004     empty_pem4f.oem4f (.text:ti_sysbios_heaps_HeapMem_Module_GateProxy_leave__E)
                  00005b60    00000094     sysbios.aem4f : BIOS.obj (.text:ti_sysbios_family_arm_m3_Hwi_initNVIC__E)
                  00005bf4    0000008c                   : m3_TaskSupport_asm.obj (.text:ti_sysbios_family_arm_m3_TaskSupport_buildTaskStack)
                  00005c80    00000088                   : BIOS.obj (.text:ti_sysbios_family_arm_msp432_Timer_Module_startup__E)
                  00005d08    00000088                   : BIOS.obj (.text:ti_sysbios_knl_Mailbox_post__E)
                  00005d90    00000086     rtsv7M4_T_le_v4SPD16_eabi.lib : fd_cmp_t2.obj (.text:__aeabi_cdcmple)
                  00005e16    00000086                                   : fd_cmp_t2.obj (.text:__aeabi_cdrcmple)
                  00005e9c    00000004     empty_pem4f.oem4f (.text:ti_sysbios_knl_Clock_TimerProxy_getMaxTicks__E)
                  00005ea0    00000084     sysbios.aem4f : BIOS.obj (.text:ti_sysbios_family_arm_m3_Hwi_postInit__I)
                  00005f24    0000007c     msp432p4xx_driverlib.lib : pcm.o (.text:PCM_gotoLPM3)
                  00005fa0    0000007a     rtsv7M4_T_le_v4SPD16_eabi.lib : memset_t2.obj (.text)
                  0000601a    00000002     --HOLE-- [fill = 0]
                  0000601c    00000074     button.obj (.text:buttonInit)
                  00006090    00000074     sysbios.aem4f : BIOS.obj (.text:ti_sysbios_knl_Mailbox_pend__E)
                  00006104    0000006d     ti.targets.arm.rtsarm.aem4f : System.oem4f (.text:xdc_runtime_System_formatNum__I)
                  00006171    00000001     --HOLE-- [fill = 0]
                  00006172    00000006     rtsv7M4_T_le_v4SPD16_eabi.lib : copy_decompress_rle.obj (.text:decompress:rle24)
                  00006178    0000006c     sysbios.aem4f : BIOS.obj (.text:ti_sysbios_knl_Clock_workFunc__E)
                  000061e4    00000004     empty_pem4f.oem4f (.text:ti_sysbios_knl_Queue_destruct)
                  000061e8    0000006c     sysbios.aem4f : BIOS.obj (.text:ti_sysbios_knl_Swi_restoreHwi__E)
                  00006254    00000004     empty_pem4f.oem4f (.text:ti_sysbios_knl_Semaphore_destruct)
                  00006258    0000006c     sysbios.aem4f : BIOS.obj (.text:ti_sysbios_knl_Task_exit__E)
                  000062c4    0000006c     ti.targets.arm.rtsarm.aem4f : Error.oem4f (.text:xdc_runtime_Error_print__E)
                  00006330    0000006c                                 : Memory.oem4f (.text:xdc_runtime_Memory_alloc__E)
                  0000639c    0000006a     rtsv7M4_T_le_v4SPD16_eabi.lib : copy_decompress_rle.obj (.text)
                  00006406    00000002     --HOLE-- [fill = 0]
                  00006408    00000068     adc14.obj (.text:ADC14_IRQHandler)
                  00006470    00000068     rtsv7M4_T_le_v4SPD16_eabi.lib : trgmsg.obj (.text)
                  000064d8    00000066                                   : xdunscal.obj (.text)
                  0000653e    00000066     ti.targets.arm.rtsarm.aem4f : Core-mem.oem4f (.text:xdc_runtime_Core_deleteObject__I)
                  000065a4    00000064     msp432p4xx_driverlib.lib : interrupt.o (.text:Interrupt_enableInterrupt)
                  00006608    00000064     uartTransmission.obj (.text:initUart)
                  0000666c    00000004     ti.targets.arm.rtsarm.aem4f : Error.oem4f (.text:xdc_runtime_Error_getSite__E)
                  00006670    00000064     sysbios.aem4f : BIOS.obj (.text:ti_sysbios_family_arm_m3_Hwi_dispatchC__I)
                  000066d4    00000062     tirtosport.aem4f : HwiP_tirtos.oem4f (.text:HwiP_create)
                  00006736    00000060     Crystalfontz128x128_ST7735.obj (.text:Crystalfontz128x128_LineDrawH)
                  00006796    00000060     Crystalfontz128x128_ST7735.obj (.text:Crystalfontz128x128_LineDrawV)
                  000067f6    00000002     --HOLE-- [fill = 0]
                  000067f8    00000060     rtsv7M4_T_le_v4SPD16_eabi.lib : sprintf.obj (.text)
                  00006858    00000060     sysbios.aem4f : BIOS.obj (.text:ti_sysbios_knl_Task_schedule__I)
                  000068b8    0000005c     drivers_MSP432P401R.aem4f : GPIOMSP432.oem4f (.text:GPIO_init)
                  00006914    00000004     empty_pem4f.oem4f (.text:xdc_runtime_System_Module_GateProxy_enter__E)
                  00006918    0000005c     sysbios.aem4f : BIOS.obj (.text:ti_sysbios_knl_Swi_run__I)
                  00006974    00000004     empty_pem4f.oem4f (.text:xdc_runtime_System_Module_GateProxy_leave__E)
                  00006978    0000005c     sysbios.aem4f : BIOS.obj (.text:ti_sysbios_knl_Swi_schedule__I)
                  000069d4    00000004     ti.targets.arm.rtsarm.aem4f : System.oem4f (.text:xdc_runtime_System_aprintf_va__F)
                  000069d8    0000005c     sysbios.aem4f : BIOS.obj (.text:ti_sysbios_knl_Task_Module_startup__E)
                  00006a34    00000004     ti.targets.arm.rtsarm.aem4f : System.oem4f (.text:xdc_runtime_System_printf_va__F)
                  00006a38    0000005c     sysbios.aem4f : BIOS.obj (.text:ti_sysbios_knl_Task_startCore__E)
                  00006a94    0000005b     ti.targets.arm.rtsarm.aem4f : Text.oem4f (.text:xdc_runtime_Text_putLab__E)
                  00006aef    00000001     --HOLE-- [fill = 0]
                  00006af0    00000058     boot.aem4f : boot.oem4f (.text)
                  00006b48    00000058     empty_pem4f.oem4f (.text:ti_sysbios_family_arm_m3_Hwi_construct)
                  00006ba0    00000058     sysbios.aem4f : m3_Hwi_asm_switch.obj (.text:ti_sysbios_family_arm_m3_Hwi_initStacks__E)
                  00006bf8    00000056     rtsv7M4_T_le_v4SPD16_eabi.lib : ltoa.obj (.text)
                  00006c4e    00000002     --HOLE-- [fill = 0]
                  00006c50    00000054     drivers_MSP432P401R.aem4f : GPIOMSP432.oem4f (.text:GPIO_hwiIntFxn)
                  00006ca4    00000054                               : GPIOMSP432.oem4f (.text:GPIO_setCallback)
                  00006cf8    00000054     sysbios.aem4f : BIOS.obj (.text:ti_sysbios_family_arm_msp432_Timer_initDevice__I)
                  00006d4c    00000004     --HOLE-- [fill = 0]
                  00006d50    00000054                   : BIOS.obj (.text:ti_sysbios_family_arm_msp432_init_Boot_configureClocksHigh)
                  00006da4    00000054     empty_pem4f.oem4f (.text:ti_sysbios_knl_Task_construct)
                  00006df8    00000054     ti.targets.arm.rtsarm.aem4f : Assert.oem4f (.text:xdc_runtime_Assert_raise__I)
                  00006e4c    00000052     rtsv7M4_T_le_v4SPD16_eabi.lib : ldexp.obj (.text)
                  00006e9e    00000002     --HOLE-- [fill = 0]
                  00006ea0    00000050     drivers_MSP432P401R.aem4f : GPIOMSP432.oem4f (.text:GPIO_write)
                  00006ef0    00000050     msp432p4xx_driverlib.lib : pcm.o (.text:PCM_shutdownDevice)
                  00006f40    00000050     power_tirtos_MSP432P401R.aem4f : PowerMSP432_tirtos.oem4f (.text:PowerMSP432_sleepPolicy)
                  00006f90    00000050     sysbios.aem4f : BIOS.obj (.text:ti_sysbios_family_arm_m3_Hwi_Module_startup__E)
                  00006fe0    00000050     ti.targets.arm.rtsarm.aem4f : Startup.oem4f (.text:xdc_runtime_Startup_exec__E)
                  00007030    00000050                                 : Text.oem4f (.text:xdc_runtime_Text_visitRope2__I)
                  00007080    0000004c     rtsv7M4_T_le_v4SPD16_eabi.lib : atoi.obj (.text)
                  000070cc    0000004c                                   : cpy_tbl.obj (.text)
                  00007118    0000004c     sysbios.aem4f : BIOS.obj (.text:ti_sysbios_family_arm_msp432_Timer_start__E)
                  00007164    00000004     --HOLE-- [fill = 0]
                  00007168    0000004c                   : BIOS.obj (.text:ti_sysbios_heaps_HeapMem_getStats__E)
                  000071b4    00000004     --HOLE-- [fill = 0]
                  000071b8    0000004c                   : BIOS.obj (.text:ti_sysbios_knl_Swi_runLoop__I)
                  00007204    00000004     --HOLE-- [fill = 0]
                  00007208    0000004c                   : BIOS.obj (.text:ti_sysbios_knl_Task_allBlockedFunction__I)
                  00007254    0000004a     context.obj (.text:Graphics_initContext)
                  0000729e    00000002     --HOLE-- [fill = 0]
                  000072a0    00000048     uartTransmission.obj (.text:EUSCIA0_IRQHandler)
                  000072e8    00000048     msp432p4xx_driverlib.lib : gpio.o (.text:GPIO_setAsPeripheralModuleFunctionInputPin)
                  00007330    00000048     string.obj (.text:Graphics_drawStringCentered)
                  00007378    00000048     msp432p4xx_driverlib.lib : timer32.o (.text:Timer32_initModule)
                  000073c0    00000048     rtsv7M4_T_le_v4SPD16_eabi.lib : fd_toi_t2.obj (.text)
                  00007408    00000048     sysbios.aem4f : BIOS.obj (.text:ti_sysbios_family_arm_m3_Hwi_disableInterrupt__E)
                  00007450    00000048                   : BIOS.obj (.text:ti_sysbios_family_arm_m3_Hwi_enableInterrupt__E)
                  00007498    00000048                   : BIOS.obj (.text:ti_sysbios_family_arm_m3_Hwi_excReserved__I)
                  000074e0    00000048                   : BIOS.obj (.text:ti_sysbios_knl_Mailbox_Module_startup__E)
                  00007528    00000046     ti.targets.arm.rtsarm.aem4f : Core-params.oem4f (.text:xdc_runtime_Core_assignParams__I)
                  0000756e    00000002     --HOLE-- [fill = 0]
                  00007570    00000044     rtsv7M4_T_le_v4SPD16_eabi.lib : exit.obj (.text)
                  000075b4    00000004     --HOLE-- [fill = 0]
                  000075b8    00000044     sysbios.aem4f : BIOS.obj (.text:ti_sysbios_family_arm_m3_Hwi_getStackInfo__E)
                  000075fc    00000004     --HOLE-- [fill = 0]
                  00007600    00000044                   : BIOS.obj (.text:ti_sysbios_knl_Mailbox_postInit__I)
                  00007644    00000004     --HOLE-- [fill = 0]
                  00007648    00000044                   : BIOS.obj (.text:ti_sysbios_knl_Swi_post__E)
                  0000768c    00000044     ti.targets.arm.rtsarm.aem4f : Error.oem4f (.text:xdc_runtime_Error_setX__E)
                  000076d0    00000044                                 : SysMin.oem4f (.text:xdc_runtime_SysMin_flush__E)
                  00007714    00000044                                 : Text.oem4f (.text:xdc_runtime_Text_xprintf__I)
                  00007758    00000040     Crystalfontz128x128_ST7735.obj (.text:Crystalfontz128x128_PixelDraw)
                  00007798    00000040     msp432p4xx_driverlib.lib : flash.o (.text:FlashCtl_disableReadBuffering)
                  000077d8    00000040                              : gpio.o (.text:GPIO_getEnabledInterruptStatus)
                  00007818    00000040     string.obj (.text:Graphics_getNumberOfLeadingZeros)
                  00007858    00000040     drivers_MSP432P401R.aem4f : PowerMSP432.oem4f (.text:notify)
                  00007898    00000040     rtsv7M4_T_le_v4SPD16_eabi.lib : signal.obj (.text)
                  000078d8    00000040                                   : u_divt2.obj (.text)
                  00007918    00000040     sysbios.aem4f : BIOS.obj (.text:ti_sysbios_family_arm_msp432_Timer_startup__E)
                  00007958    0000003c     drivers_MSP432P401R.aem4f : PowerMSP432.oem4f (.text:Power_init)
                  00007994    0000003c     gfx.obj (.text:initGfx)
                  000079d0    0000003c     sysbios.aem4f : BIOS.obj (.text:ti_sysbios_family_arm_m3_Hwi_excSvCall__I)
                  00007a0c    00000004     --HOLE-- [fill = 0]
                  00007a10    0000003c                   : BIOS.obj (.text:ti_sysbios_heaps_HeapMem_init__I)
                  00007a4c    00000004     --HOLE-- [fill = 0]
                  00007a50    0000003c                   : BIOS.obj (.text:ti_sysbios_knl_Swi_restore__E)
                  00007a8c    00000004     --HOLE-- [fill = 0]
                  00007a90    00000038                   : BIOS.obj (.text:ti_sysbios_family_arm_m3_Hwi_excNoIsr__I)
                  00007ac8    00000038                   : BIOS.obj (.text:ti_sysbios_knl_Task_processVitalTaskFlag__I)
                  00007b00    00000038     ti.targets.arm.rtsarm.aem4f : SysMin.oem4f (.text:xdc_runtime_SysMin_putch__E)
                  00007b38    00000038                                 : System.oem4f (.text:xdc_runtime_System_atexit__E)
                  00007b70    00000034     msp432p4xx_driverlib.lib : flash.o (.text:FlashCtl_enableReadBuffering)
                  00007ba4    00000034     display.obj (.text:Graphics_drawHorizontalLineOnDisplay)
                  00007bd8    00000034     HAL_MSP_EXP432P401R_Crystalfontz128x128_ST7735.obj (.text:HAL_LCD_writeCommand)
                  00007c0c    00000034     clock.obj (.text:initClocks)
                  00007c40    00000034     rtsv7M4_T_le_v4SPD16_eabi.lib : feraiseexcept.obj (.text)
                  00007c74    00000004     --HOLE-- [fill = 0]
                  00007c78    00000034     sysbios.aem4f : BIOS.obj (.text:ti_sysbios_family_arm_m3_Hwi_Instance_finalize__E)
                  00007cac    00000004     --HOLE-- [fill = 0]
                  00007cb0    00000034                   : BIOS.obj (.text:ti_sysbios_family_arm_m3_Hwi_excNmi__I)
                  00007ce4    00000004     --HOLE-- [fill = 0]
                  00007ce8    00000034                   : BIOS.obj (.text:ti_sysbios_hal_Hwi_checkStack)
                  00007d1c    00000034     ti.targets.arm.rtsarm.aem4f : Core-label.oem4f (.text:xdc_runtime_Core_assignLabel__I)
                  00007d50    00000033                                 : Text.oem4f (.text:xdc_runtime_Text_printVisFxn__I)
                  00007d83    00000005     --HOLE-- [fill = 0]
                  00007d88    00000032     sysbios.aem4f : BIOS.obj (.text:ti_sysbios_hal_Hwi_initStack)
                  00007dba    00000002     --HOLE-- [fill = 0]
                  00007dbc    00000030     drivers_MSP432P401R.aem4f : GPIOMSP432.oem4f (.text:GPIO_getEnabledInterruptStatus_WA)
                  00007dec    00000030     msp432p4xx_driverlib.lib : gpio.o (.text:GPIO_setAsInputPinWithPullDownResistor)
                  00007e1c    00000030                              : gpio.o (.text:GPIO_setAsInputPinWithPullUpResistor)
                  00007e4c    00000030     button.obj (.text:SW1_IRQHandler)
                  00007e7c    00000030     msp432p4xx_driverlib.lib : spi.o (.text:is_A_Module)
                  00007eac    00000030     rtsv7M4_T_le_v4SPD16_eabi.lib : xdclass.obj (.text)
                  00007edc    00000030                                   : xferaise.obj (.text)
                  00007f0c    00000030     empty_pem4f.oem4f (.text:ti_sysbios_BIOS_atExitFunc__I)
                  00007f3c    00000004     --HOLE-- [fill = 0]
                  00007f40    00000030     sysbios.aem4f : BIOS.obj (.text:ti_sysbios_family_arm_m3_TaskSupport_start__E)
                  00007f70    00000030     empty_pem4f.oem4f (.text:ti_sysbios_gates_GateHwi_Object__create__S)
                  00007fa0    00000030     empty_pem4f.oem4f (.text:ti_sysbios_gates_GateMutex_Object__create__S)
                  00007fd0    00000030     empty_pem4f.oem4f (.text:ti_sysbios_heaps_HeapMem_Object__create__S)
                  00008000    00000030     empty_pem4f.oem4f (.text:ti_sysbios_knl_Semaphore_construct)
                  00008030    00000030     sysbios.aem4f : BIOS.obj (.text:ti_sysbios_knl_Semaphore_pendTimeout__I)
                  00008060    00000030                   : BIOS.obj (.text:ti_sysbios_knl_Task_unblockI__E)
                  00008090    00000030     ti.targets.arm.rtsarm.aem4f : SysMin.oem4f (.text:xdc_runtime_SysMin_abort__E)
                  000080c0    00000030                                 : System.oem4f (.text:xdc_runtime_System_processAtExit__E)
                  000080f0    0000002e     rtsv7M4_T_le_v4SPD16_eabi.lib : i_tofd_t2.obj (.text)
                  0000811e    0000002e                                   : raise.obj (.text)
                  0000814c    0000002c     Crystalfontz128x128_ST7735.obj (.text:Crystalfontz128x128_ClearScreen)
                  00008178    0000002c     msp432p4xx_driverlib.lib : gpio.o (.text:GPIO_setAsInputPin)
                  000081a4    0000002c                              : pcm.o (.text:PCM_getCoreVoltageLevel)
                  000081d0    0000002c     power_tirtos_MSP432P401R.aem4f : PowerMSP432_tirtos.oem4f (.text:PowerMSP432_updateFreqs)
                  000081fc    0000002c     empty_pem4f.oem4f (.text:ti_sysbios_knl_Clock_doTick__I)
                  00008228    0000002c     empty_pem4f.oem4f (.text:ti_sysbios_knl_Queue_construct)
                  00008254    00000004     --HOLE-- [fill = 0]
                  00008258    0000002c     sysbios.aem4f : BIOS.obj (.text:ti_sysbios_knl_Task_restore__E)
                  00008284    0000002c     ti.targets.arm.rtsarm.aem4f : Text.oem4f (.text:xdc_runtime_Text_cordText__E)
                  000082b0    0000002a     display.obj (.text:Graphics_drawPixelOnDisplay)
                  000082da    0000002a     msp432p4xx_driverlib.lib : pcm.o (.text:PCM_getPowerMode)
                  00008304    0000002a     rtsv7M4_T_le_v4SPD16_eabi.lib : frexp.obj (.text)
                  0000832e    0000002a     ti.targets.arm.rtsarm.aem4f : System.oem4f (.text:xdc_runtime_System_putchar__I)
                  00008358    00000028     Crystalfontz128x128_ST7735.obj (.text:Crystalfontz128x128_ColorTranslate)
                  00008380    00000028     msp432p4xx_driverlib.lib : flash.o (.text:FlashCtl_setWaitState)
                  000083a8    00000028     drivers_MSP432P401R.aem4f : GPIOMSP432.oem4f (.text:GPIO_enableInt)
                  000083d0    00000028     msp432p4xx_driverlib.lib : pcm.o (.text:PCM_gotoLPM0)
                  000083f8    00000028     sysbios.aem4f : BIOS.obj (.text:ti_sysbios_knl_Clock_addI__E)
                  00008420    00000028                   : BIOS.obj (.text:ti_sysbios_knl_Swi_Module_startup__E)
                  00008448    00000026                   : m3_Hwi_asm.obj (.text:ti_sysbios_family_arm_m3_Hwi_pendSV__I)
                  0000846e    00000026     ti.targets.arm.rtsarm.aem4f : System.oem4f (.text:xdc_runtime_System_avprintf__E)
                  00008494    00000024     msp432p4xx_driverlib.lib : cs.o (.text:CS_setDCOCenteredFrequency)
                  000084b8    00000024                              : gpio.o (.text:GPIO_setAsOutputPin)
                  000084dc    00000024     HAL_MSP_EXP432P401R_Crystalfontz128x128_ST7735.obj (.text:HAL_LCD_writeData)
                  00008500    00000024     msp432p4xx_driverlib.lib : rtc_c.o (.text:RTC_C_holdClock)
                  00008524    00000024                              : rtc_c.o (.text:RTC_C_startClock)
                  00008548    00000024                              : timer32.o (.text:Timer32_setCount)
                  0000856c    00000024     empty_pem4f.oem4f (.text:ti_sysbios_BIOS_errorRaiseHook__I)
                  00008590    00000024     empty_pem4f.oem4f (.text:ti_sysbios_BIOS_registerRTSLock__I)
                  000085b4    00000024     empty_pem4f.oem4f (.text:ti_sysbios_BIOS_removeRTSLock__I)
                  000085d8    00000024     empty_pem4f.oem4f (.text:ti_sysbios_BIOS_startFunc__I)
                  000085fc    00000004     --HOLE-- [fill = 0]
                  00008600    00000024     sysbios.aem4f : BIOS.obj (.text:ti_sysbios_family_arm_msp432_ClockFreqs_setFrequency__E)
                  00008624    00000024     empty_pem4f.oem4f (.text:ti_sysbios_gates_GateMutex_Object__delete__S)
                  00008648    00000024     sysbios.aem4f : BIOS.obj (.text:ti_sysbios_knl_Clock_Module_startup__E)
                  0000866c    00000004     --HOLE-- [fill = 0]
                  00008670    00000024                   : BIOS.obj (.text:ti_sysbios_knl_Task_restoreHwi__E)
                  00008694    00000024     ti.targets.arm.rtsarm.aem4f : System.oem4f (.text:xdc_runtime_System_vprintf__E)
                  000086b8    00000022     empty_pem4f.oem4f (.text:xdc_runtime_SysMin_output__I)
                  000086da    00000002     --HOLE-- [fill = 0]
                  000086dc    00000020     msp432p4xx_driverlib.lib : gpio.o (.text:GPIO_interruptEdgeSelect)
                  000086fc    00000020     drivers_MSP432P401R.aem4f : PowerMSP432.oem4f (.text:Power_idleFunc)
                  0000871c    00000020     msp432p4xx_driverlib.lib : spi.o (.text:SPI_transmitData)
                  0000873c    00000020     empty_pem4f.oem4f (.text:ti_sysbios_BIOS_rtsLock__I)
                  0000875c    00000020     sysbios.aem4f : m3_Hwi_asm.obj (.text:ti_sysbios_family_arm_m3_Hwi_excHandlerAsm__I)
                  0000877c    00000004     --HOLE-- [fill = 0]
                  00008780    00000020                   : BIOS.obj (.text:ti_sysbios_family_arm_m3_Hwi_excHandler__I)
                  000087a0    00000020     empty_pem4f.oem4f (.text:ti_sysbios_gates_GateHwi_Object__delete__S)
                  000087c0    00000020     empty_pem4f.oem4f (.text:ti_sysbios_heaps_HeapMem_Object__delete__S)
                  000087e0    00000020     sysbios.aem4f : BIOS.obj (.text:ti_sysbios_knl_Idle_run__E)
                  00008800    00000020     empty_pem4f.oem4f (.text:ti_sysbios_knl_Semaphore_Object__destruct__S)
                  00008820    00000020     ti.targets.arm.rtsarm.aem4f : Registry.oem4f (.text:xdc_runtime_Registry_findById__E)
                  00008840    00000020                                 : SysMin.oem4f (.text:xdc_runtime_SysMin_Module_startup__E)
                  00008860    0000001e     sysbios.aem4f : m3_Hwi_asm_switch.obj (.text:ti_sysbios_family_xxx_Hwi_switchAndRunFunc)
                  0000887e    0000001c     rtsv7M4_T_le_v4SPD16_eabi.lib : memccpy.obj (.text)
                  0000889a    00000006     ti.targets.arm.rtsarm.aem4f : System.oem4f (.text:xdc_runtime_System_Module_startup__E)
                  000088a0    0000001c     sysbios.aem4f : BIOS.obj (.text:ti_sysbios_gates_GateMutex_Instance_init__E)
                  000088bc    0000001c     empty_pem4f.oem4f (.text:ti_sysbios_knl_Queue_Object__destruct__S)
                  000088d8    0000001c     sysbios.aem4f : BIOS.obj (.text:ti_sysbios_knl_Queue_get__E)
                  000088f4    00000004     --HOLE-- [fill = 0]
                  000088f8    0000001c                   : BIOS.obj (.text:ti_sysbios_knl_Queue_put__E)
                  00008914    00000004     --HOLE-- [fill = 0]
                  00008918    0000001c                   : BIOS.obj (.text:ti_sysbios_knl_Task_enter__I)
                  00008934    0000001c     ti.targets.arm.rtsarm.aem4f : Error.oem4f (.text:xdc_runtime_Error_raiseX__E)
                  00008950    0000001c                                 : Memory.oem4f (.text:xdc_runtime_Memory_valloc__E)
                  0000896c    0000001c                                 : SysMin.oem4f (.text:xdc_runtime_SysMin_exit__E)
                  00008988    0000001c                                 : System.oem4f (.text:xdc_runtime_System_abort__E)
                  000089a4    0000001a     context.obj (.text:Graphics_setBackgroundColor)
                  000089be    0000001a     context.obj (.text:Graphics_setFont)
                  000089d8    0000001a     empty_pem4f.oem4f (.text:ti_sysbios_family_arm_m3_Hwi_Handle__label__S)
                  000089f2    0000001a     empty_pem4f.oem4f (.text:ti_sysbios_gates_GateHwi_Handle__label__S)
                  00008a0c    0000001a     empty_pem4f.oem4f (.text:ti_sysbios_gates_GateMutex_Handle__label__S)
                  00008a26    0000001a     empty_pem4f.oem4f (.text:ti_sysbios_heaps_HeapMem_Handle__label__S)
                  00008a40    0000001a     empty_pem4f.oem4f (.text:ti_sysbios_knl_Swi_Handle__label__S)
                  00008a5a    0000001a     empty_pem4f.oem4f (.text:ti_sysbios_knl_Task_Handle__label__S)
                  00008a74    0000001a     empty_pem4f.oem4f (.text:xdc_runtime_System_aprintf__E)
                  00008a8e    0000001a     empty_pem4f.oem4f (.text:xdc_runtime_System_printf__E)
                  00008aa8    00000018     msp432p4xx_driverlib.lib : adc14.o (.text:ADC14_getResult)
                  00008ac0    00000018                              : gpio.o (.text:GPIO_clearInterruptFlag)
                  00008ad8    00000018                              : gpio.o (.text:GPIO_setDriveStrengthLow)
                  00008af0    00000018                              : gpio.o (.text:GPIO_setOutputLowOnPin)
                  00008b08    00000018     display.obj (.text:Graphics_clearDisplayOnDisplay)
                  00008b20    00000018     msp432p4xx_driverlib.lib : wdt_a.o (.text:WDT_A_holdTimer)
                  00008b38    00000018     rtsv7M4_T_le_v4SPD16_eabi.lib : args_main.obj (.text)
                  00008b50    00000018     empty_pem4f.oem4f (.text:ti_sysbios_BIOS_rtsUnlock__I)
                  00008b68    00000018     empty_pem4f.oem4f (.text:ti_sysbios_family_arm_m3_Hwi_Module__startupDone__F)
                  00008b80    00000018     sysbios.aem4f : m3_TaskSupport_asm.obj (.text:ti_sysbios_family_arm_m3_TaskSupport_swap__E)
                  00008b98    00000018     empty_pem4f.oem4f (.text:ti_sysbios_family_arm_msp432_Timer_Module__startupDone__F)
                  00008bb0    00000018     sysbios.aem4f : BIOS.obj (.text:ti_sysbios_gates_GateMutex_leave__E)
                  00008bc8    00000018                   : BIOS.obj (.text:ti_sysbios_knl_Task_sleepTimeout__I)
                  00008be0    00000018     ti.targets.arm.rtsarm.aem4f : Error.oem4f (.text:xdc_runtime_Error_check__E)
                  00008bf8    00000018                                 : System.oem4f (.text:xdc_runtime_System_exit__E)
                  00008c10    00000018                                 : Text.oem4f (.text:xdc_runtime_Text_ropeText__E)
                  00008c28    00000016     context.obj (.text:Graphics_setForegroundColor)
                  00008c3e    00000016     display.obj (.text:Graphics_translateColorOnDisplay)
                  00008c54    00000016     rtsv7M4_T_le_v4SPD16_eabi.lib : strchr.obj (.text)
                  00008c6a    00000016     empty_pem4f.oem4f (.text:ti_sysbios_BIOS_exitFunc__I)
                  00008c80    00000016     empty.obj (.text:ti_sysbios_knl_Task_Params_init)
                  00008c96    00000002     --HOLE-- [fill = 0]
                  00008c98    00000014     msp432p4xx_driverlib.lib : gpio.o (.text:GPIO_enableInterrupt)
                  00008cac    00000014                              : gpio.o (.text:GPIO_setDriveStrengthHigh)
                  00008cc0    00000014                              : gpio.o (.text:GPIO_setOutputHighOnPin)
                  00008cd4    00000014                              : gpio.o (.text:GPIO_toggleOutputOnPin)
                  00008ce8    00000014                              : wdt_a.o (.text:WDT_A_startTimer)
                  00008cfc    00000014     rtsv7M4_T_le_v4SPD16_eabi.lib : _lock.obj (.text)
                  00008d10    00000014                                   : strcpy.obj (.text)
                  00008d24    00000014                                   : strlen.obj (.text)
                  00008d38    00000014     empty_pem4f.oem4f (.text:ti_sysbios_family_arm_m3_Hwi_Object__get__S)
                  00008d4c    00000004     --HOLE-- [fill = 0]
                  00008d50    00000014     sysbios.aem4f : BIOS.obj (.text:ti_sysbios_family_arm_m3_Hwi_switchFromBootStack__E)
                  00008d64    00000014     empty_pem4f.oem4f (.text:ti_sysbios_heaps_HeapMem_Object__get__S)
                  00008d78    00000014     empty_pem4f.oem4f (.text:ti_sysbios_knl_Mailbox_Object__get__S)
                  00008d8c    00000014     empty_pem4f.oem4f (.text:ti_sysbios_knl_Swi_Object__get__S)
                  00008da0    00000012     context.obj (.text:Graphics_clearDisplay)
                  00008db2    00000006     --HOLE-- [fill = 0]
                  00008db8    00000012     sysbios.aem4f : BIOS.obj (.text:ti_sysbios_hal_Hwi_Module_startup__E)
                  00008dca    00000012     empty_pem4f.oem4f (.text:xdc_runtime_Startup_exec__I)
                  00008ddc    00000010     msp432p4xx_driverlib.lib : adc14.o (.text:ADC14_enableModule)
                  00008dec    00000010                              : gpio.o (.text:GPIO_getInterruptStatus)
                  00008dfc    00000010                              : interrupt.o (.text:Interrupt_disableMaster)
                  00008e0c    00000010                              : pcm.o (.text:PCM_gotoLPM4)
                  00008e1c    00000004     --HOLE-- [fill = 0]
                  00008e20    00000010     sysbios.aem4f : BIOS.obj (.text:ti_sysbios_BIOS_setCpuFreq__E)
                  00008e30    00000010                   : BIOS.obj (.text:ti_sysbios_BIOS_setThreadType__E)
                  00008e40    00000010                   : BIOS.obj (.text:ti_sysbios_BIOS_start__E)
                  00008e50    00000010                   : m3_TaskSupport_asm.obj (.text:ti_sysbios_family_arm_m3_TaskSupport_glue)
                  00008e60    00000010                   : BIOS.obj (.text:ti_sysbios_family_arm_msp432_init_Boot_disableWatchdog)
                  00008e70    00000010                   : BIOS.obj (.text:ti_sysbios_gates_GateMutex_Instance_finalize__E)
                  00008e80    00000010                   : BIOS.obj (.text:ti_sysbios_knl_Semaphore_Instance_finalize__E)
                  00008e90    00000010                   : BIOS.obj (.text:ti_sysbios_knl_Swi_disable__E)
                  00008ea0    00000010     empty_pem4f.oem4f (.text:ti_sysbios_knl_Task_Object__get__S)
                  00008eb0    00000010     sysbios.aem4f : BIOS.obj (.text:ti_sysbios_knl_Task_disable__E)
                  00008ec0    00000010     ti.targets.arm.rtsarm.aem4f : Gate.oem4f (.text:xdc_runtime_Gate_leaveSystem__E)
                  00008ed0    00000010                                 : Memory.oem4f (.text:xdc_runtime_Memory_free__E)
                  00008ee0    00000010                                 : SysMin.oem4f (.text:xdc_runtime_SysMin_ready__E)
                  00008ef0    00000010                                 : System.oem4f (.text:xdc_runtime_System_vsnprintf__E)
                  00008f00    00000010     empty_pem4f.oem4f (.text:xdc_runtime_Text_visitRope__I)
                  00008f10    0000000e     tirtosport.aem4f : HwiP_tirtos.oem4f (.text:HwiP_Params_init)
                  00008f1e    0000000e     rtsv7M4_T_le_v4SPD16_eabi.lib : copy_decompress_none.obj (.text:decompress:none)
                  00008f2c    0000000e     empty.obj (.text:heartBeatFxn)
                  00008f3a    00000006     --HOLE-- [fill = 0]
                  00008f40    0000000e     sysbios.aem4f : BIOS.obj (.text:ti_sysbios_knl_Idle_loop__E)
                  00008f4e    00000002     --HOLE-- [fill = 0]
                  00008f50    0000000e                   : BIOS.obj (.text:ti_sysbios_knl_Queue_empty__E)
                  00008f5e    0000000c     empty_pem4f.oem4f (.text:.bootCodeSection:ti_sysbios_family_arm_msp432_init_Boot_init__I)
                  00008f6a    0000000c     msp432p4xx_driverlib.lib : cpu.o (.text:CPU_cpsid)
                  00008f76    0000000c                              : cpu.o (.text:CPU_cpsie)
                  00008f82    00000002     --HOLE-- [fill = 0]
                  00008f84    0000000c                              : pcm.o (.text:PCM_getPowerState)
                  00008f90    0000000c     drivers_MSP432P401R.aem4f : PowerMSP432.oem4f (.text:Power_getConstraintMask)
                  00008f9c    0000000c     rtsv7M4_T_le_v4SPD16_eabi.lib : copy_zero_init.obj (.text:decompress:ZI)
                  00008fa8    0000000c     empty_pem4f.oem4f (.text:ti_sysbios_family_arm_m3_Hwi_Params__init__S)
                  00008fb4    00000004     --HOLE-- [fill = 0]
                  00008fb8    0000000c     sysbios.aem4f : BIOS.obj (.text:ti_sysbios_family_arm_m3_Hwi_disableFxn__E)
                  00008fc4    00000004     --HOLE-- [fill = 0]
                  00008fc8    0000000c                   : BIOS.obj (.text:ti_sysbios_family_arm_m3_TaskSupport_checkStack__E)
                  00008fd4    00000004     --HOLE-- [fill = 0]
                  00008fd8    0000000c                   : BIOS.obj (.text:ti_sysbios_family_arm_m3_TaskSupport_getStackAlignment__E)
                  00008fe4    00000004     --HOLE-- [fill = 0]
                  00008fe8    0000000c                   : BIOS.obj (.text:ti_sysbios_family_arm_msp432_Timer_getMaxTicks__E)
                  00008ff4    00000004     --HOLE-- [fill = 0]
                  00008ff8    0000000c                   : BIOS.obj (.text:ti_sysbios_gates_GateHwi_enter__E)
                  00009004    0000000c     empty_pem4f.oem4f (.text:ti_sysbios_knl_Queue_Object__get__S)
                  00009010    0000000c     empty_pem4f.oem4f (.text:ti_sysbios_knl_Task_Params__init__S)
                  0000901c    0000000c     ti.targets.arm.rtsarm.aem4f : Error.oem4f (.text:xdc_runtime_Error_init__E)
                  00009028    0000000c                                 : Gate.oem4f (.text:xdc_runtime_Gate_enterSystem__E)
                  00009034    0000000c                                 : Memory.oem4f (.text:xdc_runtime_Memory_calloc__E)
                  00009040    0000000c                                 : Memory.oem4f (.text:xdc_runtime_Memory_getMaxDefaultTypeAlign__E)
                  0000904c    0000000a     Crystalfontz128x128_ST7735.obj (.text:Crystalfontz128x128_Flush)
                  00009056    0000000a     msp432p4xx_driverlib.lib : timer32.o (.text:Timer32_enableInterrupt)
                  00009060    0000000a     empty_pem4f.oem4f (.text:xdc_runtime_IHeap_alloc)
                  0000906a    0000000a     empty_pem4f.oem4f (.text:xdc_runtime_IHeap_free)
                  00009074    00000008     msp432p4xx_driverlib.lib : spi.o (.text:EUSCI_B_SPI_getInterruptStatus)
                  0000907c    00000008     MSP_EXP432P401R.obj (.text:MSP_EXP432P401R_initGPIO)
                  00009084    00000008     MSP_EXP432P401R.obj (.text:MSP_EXP432P401R_initGeneral)
                  0000908c    00000008     msp432p4xx_driverlib.lib : pcm.o (.text:PCM_setPowerMode)
                  00009094    00000008                              : pcm.o (.text:PCM_setPowerState)
                  0000909c    00000008     button.obj (.text:gpioButton0)
                  000090a4    00000004     --HOLE-- [fill = 0]
                  000090a8    00000008     sysbios.aem4f : BIOS.obj (.text:ti_sysbios_family_arm_m3_Hwi_doSwiRestore__I)
                  000090b0    00000008                   : BIOS.obj (.text:ti_sysbios_family_arm_m3_Hwi_startup__E)
                  000090b8    00000006                   : BIOS.obj (.text:ti_sysbios_family_arm_m3_Hwi_doTaskRestore__I)
                  000090be    00000002     --HOLE-- [fill = 0]
                  000090c0    00000006                   : BIOS.obj (.text:ti_sysbios_family_arm_m3_Hwi_restoreFxn__E)
                  000090c6    00000002     --HOLE-- [fill = 0]
                  000090c8    00000006                   : BIOS.obj (.text:ti_sysbios_gates_GateHwi_leave__E)
                  000090ce    00000002     --HOLE-- [fill = 0]
                  000090d0    00000006                   : BIOS.obj (.text:ti_sysbios_heaps_HeapMem_isBlocking__E)
                  000090d6    00000002     --HOLE-- [fill = 0]
                  000090d8    00000006                   : BIOS.obj (.text:ti_sysbios_knl_Queue_Instance_init__E)
                  000090de    00000002     --HOLE-- [fill = 0]
                  000090e0    00000006                   : BIOS.obj (.text:ti_sysbios_knl_Swi_startup__E)
                  000090e6    00000002     --HOLE-- [fill = 0]
                  000090e8    00000004                   : BIOS.obj (.text:ti_sysbios_gates_GateHwi_query__E)
                  000090ec    00000004     --HOLE-- [fill = 0]
                  000090f0    00000004                   : BIOS.obj (.text:ti_sysbios_gates_GateMutex_query__E)
                  000090f4    00000004     --HOLE-- [fill = 0]
                  000090f8    00000004                   : BIOS.obj (.text:ti_sysbios_knl_Task_startup__E)
                  000090fc    00000004     --HOLE-- [fill = 0]
                  00009100    00000002                   : BIOS.obj (.text:ti_sysbios_gates_GateHwi_Instance_init__E)
                  00009102    00000006     --HOLE-- [fill = 0]
                  00009108    00000002                   : BIOS.obj (.text:ti_sysbios_knl_Clock_logTick__E)

.const     0    0000910c    000023fd     
                  0000910c    00001863     empty_pem4f.oem4f (.const:xdc_runtime_Text_charTab__A)
                  0000a96f    000002f8     fontfixed6x8.obj (.const:.string:g_pucFontFixed6x8Data)
                  0000ac67    00000101     rtsv7M4_T_le_v4SPD16_eabi.lib : ctype.obj (.const:.string:_ctypes_)
                  0000ad68    000000c8     fontfixed6x8.obj (.const:g_sFontFixed6x8)
                  0000ae30    000000b8     empty_pem4f.oem4f (.const:xdc_runtime_Text_nodeTab__A)
                  0000aee8    00000080     msp432p4xx_driverlib.lib : adc14.o (.const:_ctlRegs)
                  0000af68    00000048     empty_pem4f.oem4f (.const:.string)
                  0000afb0    00000040     msp432p4xx_driverlib.lib : interrupt.o (.const)
                  0000aff0    0000003c     empty_pem4f.oem4f (.const:ti_sysbios_knl_Task_Object__PARAMS__C)
                  0000b02c    00000030     empty_pem4f.oem4f (.const:ti_sysbios_family_arm_m3_Hwi_Object__PARAMS__C)
                  0000b05c    0000002c     Crystalfontz128x128_ST7735.obj (.const:g_sCrystalfontz128x128)
                  0000b088    00000028     empty_pem4f.oem4f (.const:ti_sysbios_heaps_HeapMem_Module__FXNS__C)
                  0000b0b0    00000024     empty_pem4f.oem4f (.const:ti_sysbios_gates_GateHwi_Module__FXNS__C)
                  0000b0d4    00000024     empty_pem4f.oem4f (.const:ti_sysbios_gates_GateMutex_Module__FXNS__C)
                  0000b0f8    00000024     empty_pem4f.oem4f (.const:ti_sysbios_heaps_HeapMem_Object__PARAMS__C)
                  0000b11c    00000024     empty_pem4f.oem4f (.const:ti_sysbios_knl_Semaphore_Object__PARAMS__C)
                  0000b140    00000024     uartTransmission.obj (.const:uartConfig)
                  0000b164    00000024     empty_pem4f.oem4f (.const:xdc_runtime_Startup_sfxnTab__A)
                  0000b188    00000020     empty_pem4f.oem4f (.const:ti_sysbios_family_arm_m3_Hwi_Object__DESC__C)
                  0000b1a8    00000020     empty_pem4f.oem4f (.const:ti_sysbios_gates_GateHwi_Object__DESC__C)
                  0000b1c8    00000020     empty_pem4f.oem4f (.const:ti_sysbios_gates_GateMutex_Object__DESC__C)
                  0000b1e8    00000020     empty_pem4f.oem4f (.const:ti_sysbios_heaps_HeapMem_Object__DESC__C)
                  0000b208    00000020     empty_pem4f.oem4f (.const:ti_sysbios_knl_Queue_Object__DESC__C)
                  0000b228    00000020     empty_pem4f.oem4f (.const:ti_sysbios_knl_Semaphore_Object__DESC__C)
                  0000b248    00000020     empty_pem4f.oem4f (.const:ti_sysbios_knl_Task_Object__DESC__C)
                  0000b268    00000018     empty_pem4f.oem4f (.const)
                  0000b280    00000018     empty_pem4f.oem4f (.const:ti_sysbios_gates_GateHwi_Object__PARAMS__C)
                  0000b298    00000018     empty_pem4f.oem4f (.const:ti_sysbios_gates_GateMutex_Object__PARAMS__C)
                  0000b2b0    00000018     empty_pem4f.oem4f (.const:ti_sysbios_knl_Queue_Object__PARAMS__C)
                  0000b2c8    00000014     MSP_EXP432P401R.obj (.const:GPIOMSP432_config)
                  0000b2dc    00000012     empty_pem4f.oem4f (.const:xdc_runtime_Startup_sfxnRts__A)
                  0000b2ee    00000002     empty_pem4f.oem4f (.const:ti_sysbios_family_arm_m3_Hwi_Module__id__C)
                  0000b2f0    00000010     MSP_EXP432P401R.obj (.const)
                  0000b300    0000000c     drivers_MSP432P401R.aem4f : GPIOMSP432.oem4f (.const:.string)
                  0000b30c    0000000c     empty_pem4f.oem4f (.const:xdc_runtime_Startup_firstFxns__A)
                  0000b318    00000008     Crystalfontz128x128_ST7735.obj (.const)
                  0000b320    00000008     empty_pem4f.oem4f (.const:ti_sysbios_family_arm_m3_Hwi_excHookFuncs__A)
                  0000b328    00000008     empty_pem4f.oem4f (.const:ti_sysbios_knl_Idle_funcList__A)
                  0000b330    00000008     empty_pem4f.oem4f (.const:ti_sysbios_knl_Idle_funcList__C)
                  0000b338    00000008     empty_pem4f.oem4f (.const:xdc_runtime_Startup_firstFxns__C)
                  0000b340    00000008     empty_pem4f.oem4f (.const:xdc_runtime_Startup_lastFxns__C)
                  0000b348    00000004     empty_pem4f.oem4f (.const:ti_sysbios_family_arm_m3_Hwi_E_NMI__C)
                  0000b34c    00000004     empty_pem4f.oem4f (.const:ti_sysbios_family_arm_m3_Hwi_E_alreadyDefined__C)
                  0000b350    00000004     empty_pem4f.oem4f (.const:ti_sysbios_family_arm_m3_Hwi_E_busFault__C)
                  0000b354    00000004     empty_pem4f.oem4f (.const:ti_sysbios_family_arm_m3_Hwi_E_debugMon__C)
                  0000b358    00000004     empty_pem4f.oem4f (.const:ti_sysbios_family_arm_m3_Hwi_E_hardFault__C)
                  0000b35c    00000004     empty_pem4f.oem4f (.const:ti_sysbios_family_arm_m3_Hwi_E_memFault__C)
                  0000b360    00000004     empty_pem4f.oem4f (.const:ti_sysbios_family_arm_m3_Hwi_E_noIsr__C)
                  0000b364    00000004     empty_pem4f.oem4f (.const:ti_sysbios_family_arm_m3_Hwi_E_reserved__C)
                  0000b368    00000004     empty_pem4f.oem4f (.const:ti_sysbios_family_arm_m3_Hwi_E_svCall__C)
                  0000b36c    00000004     empty_pem4f.oem4f (.const:ti_sysbios_family_arm_m3_Hwi_E_usageFault__C)
                  0000b370    00000004     empty_pem4f.oem4f (.const:ti_sysbios_family_arm_m3_Hwi_NUM_INTERRUPTS__C)
                  0000b374    00000004     empty_pem4f.oem4f (.const:ti_sysbios_family_arm_m3_Hwi_Object__count__C)
                  0000b378    00000004     empty_pem4f.oem4f (.const:ti_sysbios_family_arm_m3_Hwi_ccr__C)
                  0000b37c    00000004     empty_pem4f.oem4f (.const:ti_sysbios_family_arm_m3_Hwi_excHandlerFunc__C)
                  0000b380    00000004     empty_pem4f.oem4f (.const:ti_sysbios_family_arm_m3_Hwi_excHookFuncs__C)
                  0000b384    00000004     empty_pem4f.oem4f (.const:ti_sysbios_family_arm_m3_Hwi_nullIsrFunc__C)
                  0000b388    00000004     empty_pem4f.oem4f (.const:ti_sysbios_family_arm_m3_Hwi_priGroup__C)
                  0000b38c    00000004     empty_pem4f.oem4f (.const:ti_sysbios_family_arm_m3_TaskSupport_stackAlignment__C)
                  0000b390    00000004     empty_pem4f.oem4f (.const:ti_sysbios_family_arm_msp432_Timer_numTimerDevices__C)
                  0000b394    00000004     empty_pem4f.oem4f (.const:ti_sysbios_family_arm_msp432_Timer_startupNeeded__C)
                  0000b398    00000004     empty_pem4f.oem4f (.const:ti_sysbios_gates_GateMutex_A_badContext__C)
                  0000b39c    00000004     empty_pem4f.oem4f (.const:ti_sysbios_gates_GateMutex_Instance_State_sem__O)
                  0000b3a0    00000004     empty_pem4f.oem4f (.const:ti_sysbios_gates_GateMutex_Module__diagsEnabled__C)
                  0000b3a4    00000004     empty_pem4f.oem4f (.const:ti_sysbios_gates_GateMutex_Module__diagsIncluded__C)
                  0000b3a8    00000004     empty_pem4f.oem4f (.const:ti_sysbios_gates_GateMutex_Module__diagsMask__C)
                  0000b3ac    00000004     empty_pem4f.oem4f (.const:ti_sysbios_hal_Hwi_E_stackOverflow__C)
                  0000b3b0    00000004     empty_pem4f.oem4f (.const:ti_sysbios_heaps_HeapMem_A_align__C)
                  0000b3b4    00000004     empty_pem4f.oem4f (.const:ti_sysbios_heaps_HeapMem_A_heapSize__C)
                  0000b3b8    00000004     empty_pem4f.oem4f (.const:ti_sysbios_heaps_HeapMem_A_invalidFree__C)
                  0000b3bc    00000004     empty_pem4f.oem4f (.const:ti_sysbios_heaps_HeapMem_A_zeroBlock__C)
                  0000b3c0    00000004     empty_pem4f.oem4f (.const:ti_sysbios_heaps_HeapMem_E_memory__C)
                  0000b3c4    00000004     empty_pem4f.oem4f (.const:ti_sysbios_heaps_HeapMem_Module__diagsEnabled__C)
                  0000b3c8    00000004     empty_pem4f.oem4f (.const:ti_sysbios_heaps_HeapMem_Module__diagsIncluded__C)
                  0000b3cc    00000004     empty_pem4f.oem4f (.const:ti_sysbios_heaps_HeapMem_Module__diagsMask__C)
                  0000b3d0    00000004     empty_pem4f.oem4f (.const:ti_sysbios_heaps_HeapMem_Module__gateObj__C)
                  0000b3d4    00000004     empty_pem4f.oem4f (.const:ti_sysbios_heaps_HeapMem_Object__count__C)
                  0000b3d8    00000004     empty_pem4f.oem4f (.const:ti_sysbios_heaps_HeapMem_reqAlign__C)
                  0000b3dc    00000004     empty_pem4f.oem4f (.const:ti_sysbios_knl_Clock_Module_State_clockQ__O)
                  0000b3e0    00000004     empty_pem4f.oem4f (.const:ti_sysbios_knl_Mailbox_Instance_State_dataQue__O)
                  0000b3e4    00000004     empty_pem4f.oem4f (.const:ti_sysbios_knl_Mailbox_Instance_State_dataSem__O)
                  0000b3e8    00000004     empty_pem4f.oem4f (.const:ti_sysbios_knl_Mailbox_Instance_State_freeQue__O)
                  0000b3ec    00000004     empty_pem4f.oem4f (.const:ti_sysbios_knl_Mailbox_Instance_State_freeSem__O)
                  0000b3f0    00000004     empty_pem4f.oem4f (.const:ti_sysbios_knl_Mailbox_Object__count__C)
                  0000b3f4    00000004     empty_pem4f.oem4f (.const:ti_sysbios_knl_Mailbox_maxTypeAlign__C)
                  0000b3f8    00000004     empty_pem4f.oem4f (.const:ti_sysbios_knl_Semaphore_A_badContext__C)
                  0000b3fc    00000004     empty_pem4f.oem4f (.const:ti_sysbios_knl_Semaphore_A_noEvents__C)
                  0000b400    00000004     empty_pem4f.oem4f (.const:ti_sysbios_knl_Semaphore_A_overflow__C)
                  0000b404    00000004     empty_pem4f.oem4f (.const:ti_sysbios_knl_Semaphore_A_pendTaskDisabled__C)
                  0000b408    00000004     empty_pem4f.oem4f (.const:ti_sysbios_knl_Semaphore_Instance_State_pendQ__O)
                  0000b40c    00000004     empty_pem4f.oem4f (.const:ti_sysbios_knl_Semaphore_Module__diagsEnabled__C)
                  0000b410    00000004     empty_pem4f.oem4f (.const:ti_sysbios_knl_Semaphore_Module__diagsIncluded__C)
                  0000b414    00000004     empty_pem4f.oem4f (.const:ti_sysbios_knl_Semaphore_Module__diagsMask__C)
                  0000b418    00000004     empty_pem4f.oem4f (.const:ti_sysbios_knl_Swi_Object__count__C)
                  0000b41c    00000004     empty_pem4f.oem4f (.const:ti_sysbios_knl_Task_A_badPriority__C)
                  0000b420    00000004     empty_pem4f.oem4f (.const:ti_sysbios_knl_Task_A_badTaskState__C)
                  0000b424    00000004     empty_pem4f.oem4f (.const:ti_sysbios_knl_Task_A_badThreadType__C)
                  0000b428    00000004     empty_pem4f.oem4f (.const:ti_sysbios_knl_Task_A_badTimeout__C)
                  0000b42c    00000004     empty_pem4f.oem4f (.const:ti_sysbios_knl_Task_A_noPendElem__C)
                  0000b430    00000004     empty_pem4f.oem4f (.const:ti_sysbios_knl_Task_A_sleepTaskDisabled__C)
                  0000b434    00000004     empty_pem4f.oem4f (.const:ti_sysbios_knl_Task_E_spOutOfBounds__C)
                  0000b438    00000004     empty_pem4f.oem4f (.const:ti_sysbios_knl_Task_E_stackOverflow__C)
                  0000b43c    00000004     empty_pem4f.oem4f (.const:ti_sysbios_knl_Task_Module_State_inactiveQ__O)
                  0000b440    00000004     empty_pem4f.oem4f (.const:ti_sysbios_knl_Task_Module__diagsEnabled__C)
                  0000b444    00000004     empty_pem4f.oem4f (.const:ti_sysbios_knl_Task_Module__diagsIncluded__C)
                  0000b448    00000004     empty_pem4f.oem4f (.const:ti_sysbios_knl_Task_Module__diagsMask__C)
                  0000b44c    00000004     empty_pem4f.oem4f (.const:ti_sysbios_knl_Task_Object__count__C)
                  0000b450    00000004     empty_pem4f.oem4f (.const:ti_sysbios_knl_Task_allBlockedFunc__C)
                  0000b454    00000004     empty_pem4f.oem4f (.const:ti_sysbios_knl_Task_defaultStackHeap__C)
                  0000b458    00000004     empty_pem4f.oem4f (.const:ti_sysbios_knl_Task_defaultStackSize__C)
                  0000b45c    00000004     empty_pem4f.oem4f (.const:ti_sysbios_knl_Task_numConstructedTasks__C)
                  0000b460    00000004     empty_pem4f.oem4f (.const:xdc_runtime_Assert_E_assertFailed__C)
                  0000b464    00000004     empty_pem4f.oem4f (.const:xdc_runtime_Core_A_initializedParams__C)
                  0000b468    00000004     empty_pem4f.oem4f (.const:xdc_runtime_Core_Module__diagsEnabled__C)
                  0000b46c    00000004     empty_pem4f.oem4f (.const:xdc_runtime_Core_Module__diagsIncluded__C)
                  0000b470    00000004     empty_pem4f.oem4f (.const:xdc_runtime_Core_Module__diagsMask__C)
                  0000b474    00000004     empty_pem4f.oem4f (.const:xdc_runtime_Error_E_memory__C)
                  0000b478    00000004     empty_pem4f.oem4f (.const:xdc_runtime_Error_Module__diagsEnabled__C)
                  0000b47c    00000004     empty_pem4f.oem4f (.const:xdc_runtime_Error_Module__diagsIncluded__C)
                  0000b480    00000004     empty_pem4f.oem4f (.const:xdc_runtime_Error_Module__diagsMask__C)
                  0000b484    00000004     empty_pem4f.oem4f (.const:xdc_runtime_Error_Module__loggerFxn8__C)
                  0000b488    00000004     empty_pem4f.oem4f (.const:xdc_runtime_Error_Module__loggerObj__C)
                  0000b48c    00000004     empty_pem4f.oem4f (.const:xdc_runtime_Error_policyFxn__C)
                  0000b490    00000004     empty_pem4f.oem4f (.const:xdc_runtime_Error_raiseHook__C)
                  0000b494    00000004     empty_pem4f.oem4f (.const:xdc_runtime_IGateProvider_Interface__BASE__C)
                  0000b498    00000004     empty_pem4f.oem4f (.const:xdc_runtime_IHeap_Interface__BASE__C)
                  0000b49c    00000004     empty_pem4f.oem4f (.const:xdc_runtime_IModule_Interface__BASE__C)
                  0000b4a0    00000004     empty_pem4f.oem4f (.const:xdc_runtime_Log_L_error__C)
                  0000b4a4    00000004     empty_pem4f.oem4f (.const:xdc_runtime_Memory_defaultHeapInstance__C)
                  0000b4a8    00000004     empty_pem4f.oem4f (.const:xdc_runtime_Startup_execImpl__C)
                  0000b4ac    00000004     empty_pem4f.oem4f (.const:xdc_runtime_Startup_maxPasses__C)
                  0000b4b0    00000004     empty_pem4f.oem4f (.const:xdc_runtime_Startup_sfxnRts__C)
                  0000b4b4    00000004     empty_pem4f.oem4f (.const:xdc_runtime_Startup_sfxnTab__C)
                  0000b4b8    00000004     empty_pem4f.oem4f (.const:xdc_runtime_SysMin_bufSize__C)
                  0000b4bc    00000004     empty_pem4f.oem4f (.const:xdc_runtime_SysMin_outputFunc__C)
                  0000b4c0    00000004     empty_pem4f.oem4f (.const:xdc_runtime_System_Module__gateObj__C)
                  0000b4c4    00000004     empty_pem4f.oem4f (.const:xdc_runtime_System_abortFxn__C)
                  0000b4c8    00000004     empty_pem4f.oem4f (.const:xdc_runtime_System_exitFxn__C)
                  0000b4cc    00000004     empty_pem4f.oem4f (.const:xdc_runtime_System_extendFxn__C)
                  0000b4d0    00000004     empty_pem4f.oem4f (.const:xdc_runtime_System_maxAtexitHandlers__C)
                  0000b4d4    00000004     empty_pem4f.oem4f (.const:xdc_runtime_Text_charTab__C)
                  0000b4d8    00000004     empty_pem4f.oem4f (.const:xdc_runtime_Text_nameEmpty__C)
                  0000b4dc    00000004     empty_pem4f.oem4f (.const:xdc_runtime_Text_nameStatic__C)
                  0000b4e0    00000004     empty_pem4f.oem4f (.const:xdc_runtime_Text_nameUnknown__C)
                  0000b4e4    00000004     empty_pem4f.oem4f (.const:xdc_runtime_Text_nodeTab__C)
                  0000b4e8    00000004     empty_pem4f.oem4f (.const:xdc_runtime_Text_visitRopeFxn__C)
                  0000b4ec    00000002     empty_pem4f.oem4f (.const:ti_sysbios_gates_GateMutex_Module__id__C)
                  0000b4ee    00000002     empty_pem4f.oem4f (.const:ti_sysbios_hal_Hwi_Module__id__C)
                  0000b4f0    00000002     empty_pem4f.oem4f (.const:ti_sysbios_heaps_HeapMem_Module__id__C)
                  0000b4f2    00000002     empty_pem4f.oem4f (.const:ti_sysbios_knl_Semaphore_Module__id__C)
                  0000b4f4    00000002     empty_pem4f.oem4f (.const:ti_sysbios_knl_Task_Module__id__C)
                  0000b4f6    00000002     empty_pem4f.oem4f (.const:xdc_runtime_Core_Module__id__C)
                  0000b4f8    00000002     empty_pem4f.oem4f (.const:xdc_runtime_Error_Module__loggerDefined__C)
                  0000b4fa    00000002     empty_pem4f.oem4f (.const:xdc_runtime_Error_maxDepth__C)
                  0000b4fc    00000002     empty_pem4f.oem4f (.const:xdc_runtime_Memory_Module__id__C)
                  0000b4fe    00000002     empty_pem4f.oem4f (.const:xdc_runtime_SysMin_flushAtExit__C)
                  0000b500    00000002     empty_pem4f.oem4f (.const:xdc_runtime_Text_charCnt__C)
                  0000b502    00000002     empty_pem4f.oem4f (.const:xdc_runtime_Text_isLoaded__C)
                  0000b504    00000002     empty_pem4f.oem4f (.const:xdc_runtime_Text_registryModsLastId__C)
                  0000b506    00000002     empty_pem4f.oem4f (.const:xdc_runtime_Text_unnamedModsLastId__C)
                  0000b508    00000001     empty_pem4f.oem4f (.const:xdc_runtime_Error_policy__C)

.cinit     0    0000b510    00000530     
                  0000b510    000004f5     (.cinit..data.load) [load image, compression = rle]
                  0000ba05    00000003     --HOLE-- [fill = 0]
                  0000ba08    0000000c     (__TI_handler_table)
                  0000ba14    00000004     --HOLE-- [fill = 0]
                  0000ba18    00000008     (.cinit..bss.load) [load image, compression = zero_init]
                  0000ba20    00000008     (.cinit..vecs.load) [load image, compression = zero_init]
                  0000ba28    00000018     (__TI_cinit_table)

.resetVecs 
*          0    00000000    0000003c     
                  00000000    0000003c     empty_pem4f.oem4f (.resetVecs)

.vecs      0    20000000    00000140     UNINITIALIZED
                  20000000    00000140     empty_pem4f.oem4f (.vecs)

.bss       0    20000140    00001425     UNINITIALIZED
                  20000140    00000a00     empty_pem4f.oem4f (.bss:taskStackSection)
                  20000b40    00000400     empty_pem4f.oem4f (.bss:ti_sysbios_heaps_HeapMem_Instance_State_0_buf__A)
                  20000f40    00000200     empty.obj (.bss:task0Stack)
                  20001140    00000140     empty_pem4f.oem4f (.bss:ti_sysbios_family_arm_m3_Hwi_dispatchTable)
                  20001280    00000120     rtsv7M4_T_le_v4SPD16_eabi.lib : trgmsg.obj (.bss:__CIOBUF_)
                  200013a0    000000a0     empty_pem4f.oem4f (.bss:ti_sysbios_knl_Mailbox_Instance_State_0_allocBuf__A)
                  20001440    00000080     empty_pem4f.oem4f (.bss:xdc_runtime_SysMin_Module_State_0_outbuf__A)
                  200014c0    00000050     empty.obj (.bss:task0Struct)
                  20001510    00000030     drivers_MSP432P401R.aem4f : GPIOMSP432.oem4f (.bss:gpioCallbackInfo)
                  20001540    0000001c     (.common:g_sContext)
                  2000155c    00000008     (.common:parmbuf)
                  20001564    00000001     (.common:Lcd_Orientation)

.TI.noinit 
*          0    20000140    00000000     UNINITIALIZED

.data      0    20001568    000007b5     UNINITIALIZED
                  20001568    00000164     empty_pem4f.oem4f (.data)
                  200016cc    000000b0     rtsv7M4_T_le_v4SPD16_eabi.lib : signal.obj (.data:sigtable)
                  2000177c    0000009c     drivers_MSP432P401R.aem4f : PowerMSP432.oem4f (.data:PowerMSP432_perfLevels)
                  20001818    00000098     empty_pem4f.oem4f (.data:ti_sysbios_knl_Task_Object__table__V)
                  200018b0    00000080     rtsv7M4_T_le_v4SPD16_eabi.lib : xvalues.obj (.data)
                  20001930    00000080     empty_pem4f.oem4f (.data:ti_sysbios_knl_Swi_Module_State_0_readyQ__A)
                  200019b0    00000080     empty_pem4f.oem4f (.data:ti_sysbios_knl_Task_Module_State_0_readyQ__A)
                  20001a30    00000060     empty_pem4f.oem4f (.data:ti_sysbios_family_arm_m3_Hwi_Object__table__V)
                  20001a90    00000050     empty_pem4f.oem4f (.data:ti_sysbios_knl_Mailbox_Object__table__V)
                  20001ae0    0000004c     empty_pem4f.oem4f (.data:ti_sysbios_family_arm_msp432_Timer_Object__table__V)
                  20001b2c    00000044     empty_pem4f.oem4f (.data:ti_sysbios_knl_Task_Module__state__V)
                  20001b70    00000038     empty_pem4f.oem4f (.data:ti_sysbios_gates_GateMutex_Object__table__V)
                  20001ba8    00000034     empty_pem4f.oem4f (.data:ti_sysbios_family_arm_m3_Hwi_Module__state__V)
                  20001bdc    00000030     drivers_MSP432P401R.aem4f : GPIOMSP432.oem4f (.data:GPIO_PORT_TO_BASE)
                  20001c0c    00000030     msp432p4xx_driverlib.lib : gpio.o (.data:GPIO_PORT_TO_BASE)
                  20001c3c    00000030     empty_pem4f.oem4f (.data:ti_sysbios_knl_Swi_Object__table__V)
                  20001c6c    0000002c     empty_pem4f.oem4f (.data:ti_sysbios_knl_Clock_Module__state__V)
                  20001c98    00000024     drivers_MSP432P401R.aem4f : PowerMSP432.oem4f (.data:PowerMSP432_module)
                  20001cbc    00000024     empty_pem4f.oem4f (.data:ti_sysbios_BIOS_Module__state__V)
                  20001ce0    0000001c     MSP_EXP432P401R.obj (.data)
                  20001cfc    00000008     rtsv7M4_T_le_v4SPD16_eabi.lib : _lock.obj (.data)
                  20001d04    00000008                                   : exit.obj (.data)
                  20001d0c    00000008                                   : feraiseexcept.obj (.data)
                  20001d14    00000004                                   : errno.obj (.data)
                  20001d18    00000004                                   : stkdepth_vars.obj (.data)
                  20001d1c    00000001     drivers_MSP432P401R.aem4f : GPIOMSP432.oem4f (.data)

.TI.persistent 
*          0    20001568    00000000     UNINITIALIZED

.stack     0    2000fd00    00000300     UNINITIALIZED
                  2000fd00    00000300     --HOLE--

.bootVecs 
*          0    00000000    00000008     DSECT
                  00000000    00000008     boot.aem4f : boot.oem4f (.bootVecs)

xdc.meta   0    00000000    000000f2     COPY SECTION
                  00000000    000000f2     empty_pem4f.oem4f (xdc.meta)


LINKER GENERATED COPY TABLES

__TI_cinit_table @ 0000ba28 records: 3, size/record: 8, table size: 24
	.data: load addr=0000b510, load size=000004f5 bytes, run addr=20001568, run size=000007b5 bytes, compression=rle
	.bss: load addr=0000ba18, load size=00000008 bytes, run addr=20000140, run size=00001425 bytes, compression=zero_init
	.vecs: load addr=0000ba20, load size=00000008 bytes, run addr=20000000, run size=00000140 bytes, compression=zero_init


LINKER GENERATED HANDLER TABLE

__TI_handler_table @ 0000ba08 records: 3, size/record: 4, table size: 12
	index: 0, handler: __TI_decompress_rle24
	index: 1, handler: __TI_decompress_none
	index: 2, handler: __TI_zero_init


GLOBAL SYMBOLS: SORTED ALPHABETICALLY BY Name 

address   name                                                        
-------   ----                                                        
00006409  ADC14_IRQHandler                                            
00008ddd  ADC14_enableModule                                          
00008aa9  ADC14_getResult                                             
0000b274  Button_Semaphore                                            
00007571  C$$EXIT                                                     
0000649f  C$$IO$$                                                     
00008f6b  CPU_cpsid                                                   
00008f77  CPU_cpsie                                                   
00002275  CPU_wfi                                                     
00004c85  CS_initClockSignal                                          
00008495  CS_setDCOCenteredFrequency                                  
0000407d  Crystalfontz128x128_SetDrawFrame                            
000072a1  EUSCIA0_IRQHandler                                          
000024cd  EUSCI_A_SPI_transmitData                                    
00009075  EUSCI_B_SPI_getInterruptStatus                              
00002945  EUSCI_B_SPI_transmitData                                    
00007799  FlashCtl_disableReadBuffering                               
00007b71  FlashCtl_enableReadBuffering                                
00008381  FlashCtl_setWaitState                                       
0000b2c8  GPIOMSP432_config                                           
00008ac1  GPIO_clearInterruptFlag                                     
000083a9  GPIO_enableInt                                              
00008c99  GPIO_enableInterrupt                                        
000077d9  GPIO_getEnabledInterruptStatus                              
00007dbd  GPIO_getEnabledInterruptStatus_WA                           
00008ded  GPIO_getInterruptStatus                                     
00006c51  GPIO_hwiIntFxn                                              
000068b9  GPIO_init                                                   
000086dd  GPIO_interruptEdgeSelect                                    
00008179  GPIO_setAsInputPin                                          
00007ded  GPIO_setAsInputPinWithPullDownResistor                      
00007e1d  GPIO_setAsInputPinWithPullUpResistor                        
000084b9  GPIO_setAsOutputPin                                         
000072e9  GPIO_setAsPeripheralModuleFunctionInputPin                  
00006ca5  GPIO_setCallback                                            
00003cc9  GPIO_setConfig                                              
00008cad  GPIO_setDriveStrengthHigh                                   
00008ad9  GPIO_setDriveStrengthLow                                    
00008cc1  GPIO_setOutputHighOnPin                                     
00008af1  GPIO_setOutputLowOnPin                                      
00008cd5  GPIO_toggleOutputOnPin                                      
00006ea1  GPIO_write                                                  
00008da1  Graphics_clearDisplay                                       
00008b09  Graphics_clearDisplayOnDisplay                              
00007ba5  Graphics_drawHorizontalLineOnDisplay                        
000057b5  Graphics_drawLineH                                          
000082b1  Graphics_drawPixelOnDisplay                                 
000010fb  Graphics_drawString                                         
00007331  Graphics_drawStringCentered                                 
000045d5  Graphics_getStringWidth                                     
00007255  Graphics_initContext                                        
000089a5  Graphics_setBackgroundColor                                 
000089bf  Graphics_setFont                                            
00008c29  Graphics_setForegroundColor                                 
00008c3f  Graphics_translateColorOnDisplay                            
00007bd9  HAL_LCD_writeCommand                                        
000084dd  HAL_LCD_writeData                                           
00001f81  HOSTclock                                                   
00001f49  HOSTclose                                                   
00001f0b  HOSTgetenv                                                  
00001eaf  HOSTlseek                                                   
00001e5d  HOSTopen                                                    
00001e11  HOSTread                                                    
00001db3  HOSTrename                                                  
00001d79  HOSTtime                                                    
00001d41  HOSTunlink                                                  
00001cf5  HOSTwrite                                                   
00008f11  HwiP_Params_init                                            
000066d5  HwiP_create                                                 
000038c5  HwiP_disable                                                
000090c1  HwiP_restore                                                
00008dfd  Interrupt_disableMaster                                     
000065a5  Interrupt_enableInterrupt                                   
20001564  Lcd_Orientation                                             
0000524d  List_head                                                   
0000530d  List_next                                                   
0000907d  MSP_EXP432P401R_initGPIO                                    
00009085  MSP_EXP432P401R_initGeneral                                 
000081a5  PCM_getCoreVoltageLevel                                     
000082db  PCM_getPowerMode                                            
00008f85  PCM_getPowerState                                           
000083d1  PCM_gotoLPM0                                                
00005f25  PCM_gotoLPM3                                                
00008e0d  PCM_gotoLPM4                                                
0000908d  PCM_setPowerMode                                            
00009095  PCM_setPowerState                                           
00006ef1  PCM_shutdownDevice                                          
0000b2f0  PowerMSP432_config                                          
00002f07  PowerMSP432_initPolicy                                      
20001c98  PowerMSP432_module                                          
2000177c  PowerMSP432_perfLevels                                      
00006f41  PowerMSP432_sleepPolicy                                     
000081d1  PowerMSP432_updateFreqs                                     
00008f91  Power_getConstraintMask                                     
000086fd  Power_idleFunc                                              
00007959  Power_init                                                  
000048c1  Power_sleep                                                 
00008501  RTC_C_holdClock                                             
00008525  RTC_C_startClock                                            
UNDEFED   SHT$$INIT_ARRAY$$Base                                       
UNDEFED   SHT$$INIT_ARRAY$$Limit                                      
0000871d  SPI_transmitData                                            
0000b270  SW1_Button                                                  
00007e4d  SW1_IRQHandler                                              
00009057  Timer32_enableInterrupt                                     
00007379  Timer32_initModule                                          
00008549  Timer32_setCount                                            
0000b268  UartHwi                                                     
4000480c  WDTCTL_SYM                                                  
00008b21  WDT_A_holdTimer                                             
00008ce9  WDT_A_startTimer                                            
00007ead  _Dclass                                                     
200018b0  _Denorm                                                     
000050cd  _Dnorm                                                      
000042c9  _Dscale                                                     
000064d9  _Dunscale                                                   
200018c0  _Eps                                                        
20001d14  _Errno                                                      
20001d0c  _Fenv                                                       
00007edd  _Feraise                                                    
200018d0  _Hugeval                                                    
200018e0  _Inf                                                        
200018f0  _Nan                                                        
20001910  _Rteps                                                      
20001900  _Snan                                                       
20001d10  _Tls_setup__Fenv                                            
20001920  _Xbig                                                       
20001928  _Zero                                                       
00000000  __ASM__                                                     
20001280  __CIOBUF_                                                   
0000006e  __ISA__                                                     
00000081  __PLAT__                                                    
20010000  __STACK_END                                                 
00000300  __STACK_SIZE                                                
000000a4  __TARG__                                                    
0000ba28  __TI_CINIT_Base                                             
[...]
0000906b  xdc_runtime_Memory_HeapProxy_free__E                        
00009075  EUSCI_B_SPI_getInterruptStatus                              
0000907d  MSP_EXP432P401R_initGPIO                                    
00009085  MSP_EXP432P401R_initGeneral                                 
0000908d  PCM_setPowerMode                                            
00009095  PCM_setPowerState                                           
0000909d  gpioButton0                                                 
000090a9  ti_sysbios_family_arm_m3_Hwi_doSwiRestore__I                
000090b1  ti_sysbios_family_arm_m3_Hwi_startup__E                     
000090b1  ti_sysbios_hal_Hwi_HwiProxy_startup__E                      
000090b9  ti_sysbios_family_arm_m3_Hwi_doTaskRestore__I               
000090c1  HwiP_restore                                                
000090c1  ti_sysbios_family_arm_m3_Hwi_restoreFxn__E                  
000090c1  ti_sysbios_hal_Hwi_HwiProxy_restore__E                      
000090c9  ti_sysbios_gates_GateHwi_leave__E                           
000090d1  ti_sysbios_heaps_HeapMem_isBlocking__E                      
000090d9  ti_sysbios_knl_Queue_Instance_init__E                       
000090e1  ti_sysbios_knl_Swi_startup__E                               
000090e9  ti_sysbios_gates_GateHwi_query__E                           
000090e9  xdc_runtime_Main_Module_GateProxy_query__E                  
000090e9  xdc_runtime_System_Module_GateProxy_query__E                
000090f1  ti_sysbios_BIOS_RtsGateProxy_query__E                       
000090f1  ti_sysbios_gates_GateMutex_query__E                         
000090f1  ti_sysbios_heaps_HeapMem_Module_GateProxy_query__E          
000090f9  ti_sysbios_knl_Task_startup__E                              
00009101  ti_sysbios_gates_GateHwi_Instance_init__E                   
00009109  ti_sysbios_knl_Clock_logTick__E                             
0000910c  xdc_runtime_Text_charTab__A                                 
0000ac67  _ctypes_                                                    
0000ad68  g_sFontFixed6x8                                             
0000ae30  xdc_runtime_Text_nodeTab__A                                 
0000aff0  ti_sysbios_knl_Task_Object__PARAMS__C                       
0000b02c  ti_sysbios_family_arm_m3_Hwi_Object__PARAMS__C              
0000b05c  g_sCrystalfontz128x128                                      
0000b088  ti_sysbios_heaps_HeapMem_Module__FXNS__C                    
0000b0b0  ti_sysbios_gates_GateHwi_Module__FXNS__C                    
0000b0d4  ti_sysbios_gates_GateMutex_Module__FXNS__C                  
0000b0f8  ti_sysbios_heaps_HeapMem_Object__PARAMS__C                  
0000b11c  ti_sysbios_knl_Semaphore_Object__PARAMS__C                  
0000b140  uartConfig                                                  
0000b164  xdc_runtime_Startup_sfxnTab__A                              
0000b188  ti_sysbios_family_arm_m3_Hwi_Object__DESC__C                
0000b1a8  ti_sysbios_gates_GateHwi_Object__DESC__C                    
0000b1c8  ti_sysbios_gates_GateMutex_Object__DESC__C                  
0000b1e8  ti_sysbios_heaps_HeapMem_Object__DESC__C                    
0000b208  ti_sysbios_knl_Queue_Object__DESC__C                        
0000b228  ti_sysbios_knl_Semaphore_Object__DESC__C                    
0000b248  ti_sysbios_knl_Task_Object__DESC__C                         
0000b268  UartHwi                                                     
0000b26c  adcHwi                                                      
0000b270  SW1_Button                                                  
0000b274  Button_Semaphore                                            
0000b278  adc_result                                                  
0000b27c  adc_task                                                    
0000b280  ti_sysbios_gates_GateHwi_Object__PARAMS__C                  
0000b298  ti_sysbios_gates_GateMutex_Object__PARAMS__C                
0000b2b0  ti_sysbios_knl_Queue_Object__PARAMS__C                      
0000b2c8  GPIOMSP432_config                                           
0000b2dc  xdc_runtime_Startup_sfxnRts__A                              
0000b2ee  ti_sysbios_family_arm_m3_Hwi_Module__id__C                  
0000b2f0  PowerMSP432_config                                          
0000b30c  xdc_runtime_Startup_firstFxns__A                            
0000b320  ti_sysbios_family_arm_m3_Hwi_excHookFuncs__A                
0000b328  ti_sysbios_knl_Idle_funcList__A                             
0000b330  ti_sysbios_knl_Idle_funcList__C                             
0000b338  xdc_runtime_Startup_firstFxns__C                            
0000b340  xdc_runtime_Startup_lastFxns__C                             
0000b348  ti_sysbios_family_arm_m3_Hwi_E_NMI__C                       
0000b34c  ti_sysbios_family_arm_m3_Hwi_E_alreadyDefined__C            
0000b350  ti_sysbios_family_arm_m3_Hwi_E_busFault__C                  
0000b354  ti_sysbios_family_arm_m3_Hwi_E_debugMon__C                  
0000b358  ti_sysbios_family_arm_m3_Hwi_E_hardFault__C                 
0000b35c  ti_sysbios_family_arm_m3_Hwi_E_memFault__C                  
0000b360  ti_sysbios_family_arm_m3_Hwi_E_noIsr__C                     
0000b364  ti_sysbios_family_arm_m3_Hwi_E_reserved__C                  
0000b368  ti_sysbios_family_arm_m3_Hwi_E_svCall__C                    
0000b36c  ti_sysbios_family_arm_m3_Hwi_E_usageFault__C                
0000b370  ti_sysbios_family_arm_m3_Hwi_NUM_INTERRUPTS__C              
0000b374  ti_sysbios_family_arm_m3_Hwi_Object__count__C               
0000b378  ti_sysbios_family_arm_m3_Hwi_ccr__C                         
0000b37c  ti_sysbios_family_arm_m3_Hwi_excHandlerFunc__C              
0000b380  ti_sysbios_family_arm_m3_Hwi_excHookFuncs__C                
0000b384  ti_sysbios_family_arm_m3_Hwi_nullIsrFunc__C                 
0000b388  ti_sysbios_family_arm_m3_Hwi_priGroup__C                    
0000b38c  ti_sysbios_family_arm_m3_TaskSupport_stackAlignment__C      
0000b390  ti_sysbios_family_arm_msp432_Timer_numTimerDevices__C       
0000b394  ti_sysbios_family_arm_msp432_Timer_startupNeeded__C         
0000b398  ti_sysbios_gates_GateMutex_A_badContext__C                  
0000b39c  ti_sysbios_gates_GateMutex_Instance_State_sem__O            
0000b3a0  ti_sysbios_gates_GateMutex_Module__diagsEnabled__C          
0000b3a4  ti_sysbios_gates_GateMutex_Module__diagsIncluded__C         
0000b3a8  ti_sysbios_gates_GateMutex_Module__diagsMask__C             
0000b3ac  ti_sysbios_hal_Hwi_E_stackOverflow__C                       
0000b3b0  ti_sysbios_heaps_HeapMem_A_align__C                         
0000b3b4  ti_sysbios_heaps_HeapMem_A_heapSize__C                      
0000b3b8  ti_sysbios_heaps_HeapMem_A_invalidFree__C                   
0000b3bc  ti_sysbios_heaps_HeapMem_A_zeroBlock__C                     
0000b3c0  ti_sysbios_heaps_HeapMem_E_memory__C                        
0000b3c4  ti_sysbios_heaps_HeapMem_Module__diagsEnabled__C            
0000b3c8  ti_sysbios_heaps_HeapMem_Module__diagsIncluded__C           
0000b3cc  ti_sysbios_heaps_HeapMem_Module__diagsMask__C               
0000b3d0  ti_sysbios_heaps_HeapMem_Module__gateObj__C                 
0000b3d4  ti_sysbios_heaps_HeapMem_Object__count__C                   
0000b3d8  ti_sysbios_heaps_HeapMem_reqAlign__C                        
0000b3dc  ti_sysbios_knl_Clock_Module_State_clockQ__O                 
0000b3e0  ti_sysbios_knl_Mailbox_Instance_State_dataQue__O            
0000b3e4  ti_sysbios_knl_Mailbox_Instance_State_dataSem__O            
0000b3e8  ti_sysbios_knl_Mailbox_Instance_State_freeQue__O            
0000b3ec  ti_sysbios_knl_Mailbox_Instance_State_freeSem__O            
0000b3f0  ti_sysbios_knl_Mailbox_Object__count__C                     
0000b3f4  ti_sysbios_knl_Mailbox_maxTypeAlign__C                      
0000b3f8  ti_sysbios_knl_Semaphore_A_badContext__C                    
0000b3fc  ti_sysbios_knl_Semaphore_A_noEvents__C                      
0000b400  ti_sysbios_knl_Semaphore_A_overflow__C                      
0000b404  ti_sysbios_knl_Semaphore_A_pendTaskDisabled__C              
0000b408  ti_sysbios_knl_Semaphore_Instance_State_pendQ__O            
0000b40c  ti_sysbios_knl_Semaphore_Module__diagsEnabled__C            
0000b410  ti_sysbios_knl_Semaphore_Module__diagsIncluded__C           
0000b414  ti_sysbios_knl_Semaphore_Module__diagsMask__C               
0000b418  ti_sysbios_knl_Swi_Object__count__C                         
0000b41c  ti_sysbios_knl_Task_A_badPriority__C                        
0000b420  ti_sysbios_knl_Task_A_badTaskState__C                       
0000b424  ti_sysbios_knl_Task_A_badThreadType__C                      
0000b428  ti_sysbios_knl_Task_A_badTimeout__C                         
0000b42c  ti_sysbios_knl_Task_A_noPendElem__C                         
0000b430  ti_sysbios_knl_Task_A_sleepTaskDisabled__C                  
0000b434  ti_sysbios_knl_Task_E_spOutOfBounds__C                      
0000b438  ti_sysbios_knl_Task_E_stackOverflow__C                      
0000b43c  ti_sysbios_knl_Task_Module_State_inactiveQ__O               
0000b440  ti_sysbios_knl_Task_Module__diagsEnabled__C                 
0000b444  ti_sysbios_knl_Task_Module__diagsIncluded__C                
0000b448  ti_sysbios_knl_Task_Module__diagsMask__C                    
0000b44c  ti_sysbios_knl_Task_Object__count__C                        
0000b450  ti_sysbios_knl_Task_allBlockedFunc__C                       
0000b454  ti_sysbios_knl_Task_defaultStackHeap__C                     
0000b458  ti_sysbios_knl_Task_defaultStackSize__C                     
0000b45c  ti_sysbios_knl_Task_numConstructedTasks__C                  
0000b460  xdc_runtime_Assert_E_assertFailed__C                        
0000b464  xdc_runtime_Core_A_initializedParams__C                     
0000b468  xdc_runtime_Core_Module__diagsEnabled__C                    
0000b46c  xdc_runtime_Core_Module__diagsIncluded__C                   
0000b470  xdc_runtime_Core_Module__diagsMask__C                       
0000b474  xdc_runtime_Error_E_memory__C                               
0000b478  xdc_runtime_Error_Module__diagsEnabled__C                   
0000b47c  xdc_runtime_Error_Module__diagsIncluded__C                  
0000b480  xdc_runtime_Error_Module__diagsMask__C                      
0000b484  xdc_runtime_Error_Module__loggerFxn8__C                     
0000b488  xdc_runtime_Error_Module__loggerObj__C                      
0000b48c  xdc_runtime_Error_policyFxn__C                              
0000b490  xdc_runtime_Error_raiseHook__C                              
0000b494  xdc_runtime_IGateProvider_Interface__BASE__C                
0000b498  xdc_runtime_IHeap_Interface__BASE__C                        
0000b49c  xdc_runtime_IModule_Interface__BASE__C                      
0000b4a0  xdc_runtime_Log_L_error__C                                  
0000b4a4  xdc_runtime_Memory_defaultHeapInstance__C                   
0000b4a8  xdc_runtime_Startup_execImpl__C                             
0000b4ac  xdc_runtime_Startup_maxPasses__C                            
0000b4b0  xdc_runtime_Startup_sfxnRts__C                              
0000b4b4  xdc_runtime_Startup_sfxnTab__C                              
0000b4b8  xdc_runtime_SysMin_bufSize__C                               
0000b4bc  xdc_runtime_SysMin_outputFunc__C                            
0000b4c0  xdc_runtime_System_Module__gateObj__C                       
0000b4c4  xdc_runtime_System_abortFxn__C                              
0000b4c8  xdc_runtime_System_exitFxn__C                               
0000b4cc  xdc_runtime_System_extendFxn__C                             
0000b4d0  xdc_runtime_System_maxAtexitHandlers__C                     
0000b4d4  xdc_runtime_Text_charTab__C                                 
0000b4d8  xdc_runtime_Text_nameEmpty__C                               
0000b4dc  xdc_runtime_Text_nameStatic__C                              
0000b4e0  xdc_runtime_Text_nameUnknown__C                             
0000b4e4  xdc_runtime_Text_nodeTab__C                                 
0000b4e8  xdc_runtime_Text_visitRopeFxn__C                            
0000b4ec  ti_sysbios_gates_GateMutex_Module__id__C                    
0000b4ee  ti_sysbios_hal_Hwi_Module__id__C                            
0000b4f0  ti_sysbios_heaps_HeapMem_Module__id__C                      
0000b4f2  ti_sysbios_knl_Semaphore_Module__id__C                      
0000b4f4  ti_sysbios_knl_Task_Module__id__C                           
0000b4f6  xdc_runtime_Core_Module__id__C                              
0000b4f8  xdc_runtime_Error_Module__loggerDefined__C                  
0000b4fa  xdc_runtime_Error_maxDepth__C                               
0000b4fc  xdc_runtime_Memory_Module__id__C                            
0000b4fe  xdc_runtime_SysMin_flushAtExit__C                           
0000b500  xdc_runtime_Text_charCnt__C                                 
0000b502  xdc_runtime_Text_isLoaded__C                                
0000b504  xdc_runtime_Text_registryModsLastId__C                      
0000b506  xdc_runtime_Text_unnamedModsLastId__C                       
0000b508  xdc_runtime_Error_policy__C                                 
0000b510  __TI_static_base__                                          
0000ba08  __TI_Handler_Table_Base                                     
0000ba14  __TI_Handler_Table_Limit                                    
0000ba28  __TI_CINIT_Base                                             
0000ba40  __TI_CINIT_Limit                                            
20000000  ti_sysbios_family_arm_m3_Hwi_ramVectors                     
20000140  ti_sysbios_knl_Task_Instance_State_0_stack__A               
20000940  ti_sysbios_knl_Task_Instance_State_1_stack__A               
20000b40  ti_sysbios_heaps_HeapMem_Instance_State_0_buf__A            
20000f40  task0Stack                                                  
20001140  ti_sysbios_family_arm_m3_Hwi_dispatchTable                  
20001280  __CIOBUF_                                                   
200013a0  ti_sysbios_knl_Mailbox_Instance_State_0_allocBuf__A         
20001440  xdc_runtime_SysMin_Module_State_0_outbuf__A                 
200014c0  task0Struct                                                 
20001540  g_sContext                                                  
20001564  Lcd_Orientation                                             
20001568  ti_sysbios_family_arm_m3_Hwi_Module__root__V                
20001570  ti_sysbios_family_arm_m3_Hwi_Module_State_0_excActive__A    
20001574  ti_sysbios_family_arm_m3_Hwi_Module_State_0_excContext__A   
20001578  ti_sysbios_family_arm_m3_Hwi_Module_State_0_excStack__A     
2000157c  ti_sysbios_family_arm_msp432_ClockFreqs_Module__state__V    
20001588  ti_sysbios_family_arm_msp432_Timer_Module__root__V          
20001590  ti_sysbios_family_arm_msp432_Timer_Module_State_0_device__A 
200015b0  ti_sysbios_family_arm_msp432_Timer_Module_State_0_handles__A
200015c0  ti_sysbios_family_arm_msp432_Timer_Module__state__V         
200015cc  ti_sysbios_gates_GateHwi_Module__root__V                    
200015d4  ti_sysbios_gates_GateHwi_Object__table__V                   
200015d8  ti_sysbios_gates_GateMutex_Module__root__V                  
200015e0  ti_sysbios_hal_Hwi_Module__root__V                          
200015e8  ti_sysbios_hal_Hwi_Object__table__V                         
20001600  ti_sysbios_heaps_HeapMem_Module__root__V                    
20001608  ti_sysbios_heaps_HeapMem_Object__table__V                   
20001620  ti_sysbios_knl_Clock_Module__root__V                        
20001628  ti_sysbios_knl_Event_Module__root__V                        
20001630  ti_sysbios_knl_Mailbox_Module__root__V                      
20001638  ti_sysbios_knl_Queue_Module__root__V                        
20001640  ti_sysbios_knl_Semaphore_Module__root__V                    
20001648  ti_sysbios_knl_Semaphore_Object__table__V                   
2000165c  ti_sysbios_knl_Swi_Module__root__V                          
20001664  ti_sysbios_knl_Swi_Module__state__V                         
20001680  ti_sysbios_knl_Task_Module__root__V                         
20001688  ti_sysbios_knl_Task_Module_State_0_idleTask__A              
2000168c  xdc_runtime_Error_Module__state__V                          
20001690  xdc_runtime_Memory_Module__state__V                         
20001694  xdc_runtime_Registry_Module__state__V                       
2000169c  xdc_runtime_Startup_Module__state__V                        
200016a4  xdc_runtime_SysMin_Module__state__V                         
200016b0  xdc_runtime_System_Module_State_0_atexitHandlers__A         
200016b8  xdc_runtime_System_Module__state__V                         
200016c0  xdc_runtime_Text_Module__state__V                           
200016c8  __xdc__init__addr                                           
2000177c  PowerMSP432_perfLevels                                      
20001818  ti_sysbios_knl_Task_Object__table__V                        
200018b0  _Denorm                                                     
200018c0  _Eps                                                        
200018d0  _Hugeval                                                    
200018e0  _Inf                                                        
200018f0  _Nan                                                        
20001900  _Snan                                                       
20001910  _Rteps                                                      
20001920  _Xbig                                                       
20001928  _Zero                                                       
20001930  ti_sysbios_knl_Swi_Module_State_0_readyQ__A                 
200019b0  ti_sysbios_knl_Task_Module_State_0_readyQ__A                
20001a30  ti_sysbios_family_arm_m3_Hwi_Object__table__V               
20001a90  ti_sysbios_knl_Mailbox_Object__table__V                     
20001ae0  ti_sysbios_family_arm_msp432_Timer_Object__table__V         
20001b2c  ti_sysbios_knl_Task_Module__state__V                        
20001b70  ti_sysbios_gates_GateMutex_Object__table__V                 
20001ba8  ti_sysbios_family_arm_m3_Hwi_Module__state__V               
20001c3c  ti_sysbios_knl_Swi_Object__table__V                         
20001c6c  ti_sysbios_knl_Clock_Module__state__V                       
20001c98  PowerMSP432_module                                          
20001cbc  ti_sysbios_BIOS_Module__state__V                            
20001ce4  gpioPinConfigs                                              
20001cf4  gpioCallbackFunctions                                       
20001cfc  _lock                                                       
20001d00  _unlock                                                     
20001d04  __TI_cleanup_ptr                                            
20001d08  __TI_dtors_ptr                                              
20001d0c  _Fenv                                                       
20001d10  _Tls_setup__Fenv                                            
20001d14  _Errno                                                      
20001d18  main_func_sp                                                
2000fd00  __stack                                                     
20010000  __STACK_END                                                 
4000480c  WDTCTL_SYM                                                  
e000e000  ti_sysbios_family_arm_m3_Hwi_nvic                           
ffffffff  __binit__                                                   
ffffffff  __c_args__                                                  
ffffffff  binit                                                       
UNDEFED   SHT$$INIT_ARRAY$$Base                                       
UNDEFED   SHT$$INIT_ARRAY$$Limit                                      

[695 symbols]
