******************************************************************************
                  TI ARM Linker PC v5.2.5                      
******************************************************************************
>> Linked Wed Apr 13 23:26:35 2016

OUTPUT FILE NAME:   <ChallengeAssignmentThree.out>
ENTRY POINT SYMBOL: "_c_int00"  address: 00003fc9


MEMORY CONFIGURATION

         name            origin    length      used     unused   attr    fill
----------------------  --------  ---------  --------  --------  ----  --------
  MAIN                  00000000   00040000  0000805f  00037fa1  R  X
  INFO                  00200000   00004000  00000000  00004000  R  X
  SRAM_CODE             01000000   00010000  00000000  00010000  RW X
  SRAM_DATA             20000000   00010000  00001541  0000eabf  RW  


SEGMENT ALLOCATION MAP

run origin  load origin   length   init length attrs members
----------  ----------- ---------- ----------- ----- -------
00000000    00000000    00008068   00008068    r-x
  00000000    00000000    0000003c   0000003c    r-- .resetVecs
  00000040    00000040    00005eaa   00005eaa    r-x .text
  00005eec    00005eec    00001d21   00001d21    r-- .const
  00007c10    00007c10    00000458   00000458    r-- .cinit
20000000    20000000    00001241   00000000    rw-
  20000000    20000000    00000140   00000000    rw- .vecs
  20000140    20000140    00000b68   00000000    rw- .bss
  20000ca8    20000ca8    00000599   00000000    rw- .data
2000fd00    2000fd00    00000300   00000000    rw-
  2000fd00    2000fd00    00000300   00000000    rw- .stack


SECTION ALLOCATION MAP

 output                                  attributes/
section   page    origin      length       input sections
--------  ----  ----------  ----------   ----------------
.text      0    00000040    00005eaa     
                  00000040    00000430     sysbios.aem4f : BIOS.obj (.text:ti_sysbios_family_arm_m3_Hwi_excDumpRegs__I)
                  00000470    0000034c     ti.targets.arm.rtsarm.aem4f : System.oem4f (.text:xdc_runtime_System_doPrint__I)
                  000007bc    000002d4     rtsv7M4_T_le_v4SPD16_eabi.lib : trgdrv.obj (.text)
                  00000a90    000002ac     sysbios.aem4f : BIOS.obj (.text:ti_sysbios_knl_Semaphore_pend__E)
                  00000d3c    00000004     msp432p4xx_driverlib.lib : cpu.o (.text:CPU_wfi)
                  00000d40    00000254     sysbios.aem4f : BIOS.obj (.text:ti_sysbios_heaps_HeapMem_free__E)
                  00000f94    00000004     tirtosport.aem4f : HwiP_tirtos.oem4f (.text:HwiP_disable)
                  00000f98    00000248     sysbios.aem4f : BIOS.obj (.text:ti_sysbios_heaps_HeapMem_alloc__E)
                  000011e0    0000022c                   : BIOS.obj (.text:ti_sysbios_knl_Task_Instance_finalize__E)
                  0000140c    00000004     drivers_MSP432P401R.aem4f : List.oem4f (.text:List_head)
                  00001410    000001fc     sysbios.aem4f : BIOS.obj (.text:ti_sysbios_family_arm_m3_Hwi_excHandlerMax__I)
                  0000160c    00000004     drivers_MSP432P401R.aem4f : List.oem4f (.text:List_next)
                  00001610    000001c8     sysbios.aem4f : BIOS.obj (.text:ti_sysbios_knl_Task_Instance_init__E)
                  000017d8    000001b8                   : BIOS.obj (.text:ti_sysbios_knl_Task_sleep__E)
                  00001990    000001a0     msp432p4xx_driverlib.lib : pcm.o (.text:__PCM_setPowerStateAdvanced)
                  00001b30    00000174     sysbios.aem4f : BIOS.obj (.text:ti_sysbios_family_arm_m3_Hwi_excBusFault__I)
                  00001ca4    00000004     empty_pem4f.oem4f (.text:ti_sysbios_BIOS_RtsGateProxy_enter__E)
                  00001ca8    00000164     sysbios.aem4f : BIOS.obj (.text:ti_sysbios_family_arm_m3_Hwi_excUsageFault__I)
                  00001e0c    00000004     empty_pem4f.oem4f (.text:ti_sysbios_BIOS_RtsGateProxy_leave__E)
                  00001e10    00000148     sysbios.aem4f : BIOS.obj (.text:ti_sysbios_family_arm_m3_Hwi_excMemFault__I)
                  00001f58    00000140     drivers_MSP432P401R.aem4f : GPIOMSP432.oem4f (.text:GPIO_setConfig)
                  00002098    0000013c     sysbios.aem4f : BIOS.obj (.text:ti_sysbios_heaps_HeapMem_Instance_init__E)
                  000021d4    00000118     ti.targets.arm.rtsarm.aem4f : Error.oem4f (.text:xdc_runtime_Error_policyDefault__E)
                  000022ec    00000100                                 : Core-mem.oem4f (.text:xdc_runtime_Core_createObject__I)
                  000023ec    000000f8                                 : Startup.oem4f (.text:xdc_runtime_Startup_startMods__I)
                  000024e4    000000f8     empty_pem4f.oem4f (.text:xdc_runtime_System_printfExtend__I)
                  000025dc    000000f4     drivers_MSP432P401R.aem4f : PowerMSP432.oem4f (.text:Power_sleep)
                  000026d0    000000f4     sysbios.aem4f : m3_Hwi_asm.obj (.text:ti_sysbios_family_arm_m3_Hwi_dispatch__I)
                  000027c4    000000f0     drivers_MSP432P401R.aem4f : PowerMSP432.oem4f (.text:initPerfControl)
                  000028b4    00000004     empty_pem4f.oem4f (.text:ti_sysbios_family_arm_m3_TaskSupport_Module__startupDone__S)
                  000028b8    000000ec     sysbios.aem4f : BIOS.obj (.text:ti_sysbios_knl_Semaphore_post__E)
                  000029a4    000000e0     msp432p4xx_driverlib.lib : cs.o (.text:CS_initClockSignal)
                  00002a84    000000dc                              : pcm.o (.text:__PCM_setPowerModeAdvanced)
                  00002b60    000000cc     ti.targets.arm.rtsarm.aem4f : Core-smem.oem4f (.text:xdc_runtime_Core_constructObject__I)
                  00002c2c    000000c8     empty.obj (.text:main)
                  00002cf4    00000004     empty_pem4f.oem4f (.text:ti_sysbios_heaps_HeapMem_Module_GateProxy_enter__E)
                  00002cf8    000000bc     sysbios.aem4f : BIOS.obj (.text:ti_sysbios_family_arm_m3_Hwi_excDebugMon__I)
                  00002db4    00000004     empty_pem4f.oem4f (.text:ti_sysbios_heaps_HeapMem_Module_GateProxy_leave__E)
                  00002db8    000000bc     sysbios.aem4f : BIOS.obj (.text:ti_sysbios_family_arm_m3_Hwi_excHardFault__I)
                  00002e74    00000004     empty_pem4f.oem4f (.text:ti_sysbios_knl_Clock_TimerProxy_getMaxTicks__E)
                  00002e78    000000b4     sysbios.aem4f : BIOS.obj (.text:ti_sysbios_gates_GateMutex_enter__E)
                  00002f2c    00000004     empty_pem4f.oem4f (.text:ti_sysbios_knl_Queue_destruct)
                  00002f30    000000b4     sysbios.aem4f : BIOS.obj (.text:ti_sysbios_knl_Task_checkStacks__E)
                  00002fe4    000000b0     msp432p4xx_driverlib.lib : pcm.o (.text:__PCM_setCoreVoltageLevelAdvanced)
                  00003094    00000004     empty_pem4f.oem4f (.text:ti_sysbios_knl_Semaphore_destruct)
                  00003098    000000a8     sysbios.aem4f : BIOS.obj (.text:ti_sysbios_family_arm_msp432_Timer_periodicStub__E)
                  00003140    000000a0     auto_init.aem4f : auto_init.oem4f (.text)
                  000031e0    000000a0     ti.targets.arm.rtsarm.aem4f : Text.oem4f (.text:xdc_runtime_Text_putMod__E)
                  00003280    0000009c     rtsv7M4_T_le_v4SPD16_eabi.lib : memcpy_t2.obj (.text)
                  0000331c    00000004     ti.targets.arm.rtsarm.aem4f : Error.oem4f (.text:xdc_runtime_Error_getSite__E)
                  00003320    0000009c     sysbios.aem4f : BIOS.obj (.text:ti_sysbios_knl_Semaphore_Instance_init__E)
                  000033bc    00000004     empty_pem4f.oem4f (.text:xdc_runtime_System_Module_GateProxy_enter__E)
                  000033c0    0000009c     sysbios.aem4f : BIOS.obj (.text:ti_sysbios_knl_Task_postInit__I)
                  0000345c    0000009a     ti.targets.arm.rtsarm.aem4f : Text.oem4f (.text:xdc_runtime_Text_putSite__E)
                  000034f6    00000002     power_tirtos_MSP432P401R.aem4f : PowerMSP432_tirtos.oem4f (.text:PowerMSP432_initPolicy)
                  000034f8    00000094     sysbios.aem4f : BIOS.obj (.text:ti_sysbios_family_arm_m3_Hwi_Instance_init__E)
                  0000358c    00000004     empty_pem4f.oem4f (.text:xdc_runtime_System_Module_GateProxy_leave__E)
                  00003590    00000094     sysbios.aem4f : BIOS.obj (.text:ti_sysbios_family_arm_m3_Hwi_initNVIC__E)
                  00003624    0000008c                   : m3_TaskSupport_asm.obj (.text:ti_sysbios_family_arm_m3_TaskSupport_buildTaskStack)
                  000036b0    00000084                   : BIOS.obj (.text:ti_sysbios_family_arm_m3_Hwi_postInit__I)
                  00003734    0000007c     msp432p4xx_driverlib.lib : pcm.o (.text:PCM_gotoLPM3)
                  000037b0    0000007a     rtsv7M4_T_le_v4SPD16_eabi.lib : memset_t2.obj (.text)
                  0000382a    00000002                                   : i_div0.obj (.text)
                  0000382c    0000006d     ti.targets.arm.rtsarm.aem4f : System.oem4f (.text:xdc_runtime_System_formatNum__I)
                  00003899    00000001     --HOLE-- [fill = 0]
                  0000389a    00000006                                 : xdc_noinit.oem4f (.text:__xdc__init)
                  000038a0    0000006c     sysbios.aem4f : BIOS.obj (.text:ti_sysbios_knl_Clock_workFunc__E)
                  0000390c    00000004     ti.targets.arm.rtsarm.aem4f : System.oem4f (.text:xdc_runtime_System_aprintf_va__F)
                  00003910    0000006c     sysbios.aem4f : BIOS.obj (.text:ti_sysbios_knl_Swi_restoreHwi__E)
                  0000397c    00000004     ti.targets.arm.rtsarm.aem4f : System.oem4f (.text:xdc_runtime_System_printf_va__F)
                  00003980    0000006c     sysbios.aem4f : BIOS.obj (.text:ti_sysbios_knl_Task_exit__E)
                  000039ec    0000006c     ti.targets.arm.rtsarm.aem4f : Error.oem4f (.text:xdc_runtime_Error_print__E)
                  00003a58    0000006c                                 : Memory.oem4f (.text:xdc_runtime_Memory_alloc__E)
                  00003ac4    0000006a     rtsv7M4_T_le_v4SPD16_eabi.lib : copy_decompress_rle.obj (.text)
                  00003b2e    00000002     empty_pem4f.oem4f (.text:ti_sysbios_BIOS_nullFunc__I)
                  00003b30    00000068     rtsv7M4_T_le_v4SPD16_eabi.lib : trgmsg.obj (.text)
                  00003b98    00000066     ti.targets.arm.rtsarm.aem4f : Core-mem.oem4f (.text:xdc_runtime_Core_deleteObject__I)
                  00003bfe    00000002     --HOLE-- [fill = 0]
                  00003c00    00000064     adc14.obj (.text:initADC)
                  00003c64    00000004     --HOLE-- [fill = 0]
                  00003c68    00000064     sysbios.aem4f : BIOS.obj (.text:ti_sysbios_family_arm_m3_Hwi_dispatchC__I)
                  00003ccc    00000062     tirtosport.aem4f : HwiP_tirtos.oem4f (.text:HwiP_create)
                  00003d2e    00000002     --HOLE-- [fill = 0]
                  00003d30    00000060     sysbios.aem4f : BIOS.obj (.text:ti_sysbios_knl_Task_schedule__I)
                  00003d90    0000005c     drivers_MSP432P401R.aem4f : GPIOMSP432.oem4f (.text:GPIO_init)
                  00003dec    00000004     --HOLE-- [fill = 0]
                  00003df0    0000005c     sysbios.aem4f : BIOS.obj (.text:ti_sysbios_knl_Swi_run__I)
                  00003e4c    00000004     --HOLE-- [fill = 0]
                  00003e50    0000005c                   : BIOS.obj (.text:ti_sysbios_knl_Swi_schedule__I)
                  00003eac    00000004     --HOLE-- [fill = 0]
                  00003eb0    0000005c                   : BIOS.obj (.text:ti_sysbios_knl_Task_Module_startup__E)
                  00003f0c    00000004     --HOLE-- [fill = 0]
                  00003f10    0000005c                   : BIOS.obj (.text:ti_sysbios_knl_Task_startCore__E)
                  00003f6c    0000005b     ti.targets.arm.rtsarm.aem4f : Text.oem4f (.text:xdc_runtime_Text_putLab__E)
                  00003fc7    00000001     --HOLE-- [fill = 0]
                  00003fc8    00000058     boot.aem4f : boot.oem4f (.text)
                  00004020    00000058     empty_pem4f.oem4f (.text:ti_sysbios_family_arm_m3_Hwi_construct)
                  00004078    00000058     sysbios.aem4f : m3_Hwi_asm_switch.obj (.text:ti_sysbios_family_arm_m3_Hwi_initStacks__E)
                  000040d0    00000054     drivers_MSP432P401R.aem4f : GPIOMSP432.oem4f (.text:GPIO_hwiIntFxn)
                  00004124    00000054                               : GPIOMSP432.oem4f (.text:GPIO_setCallback)
                  00004178    00000054     sysbios.aem4f : BIOS.obj (.text:ti_sysbios_family_arm_msp432_Timer_initDevice__I)
                  000041cc    00000004     --HOLE-- [fill = 0]
                  000041d0    00000054                   : BIOS.obj (.text:ti_sysbios_family_arm_msp432_init_Boot_configureClocksHigh)
                  00004224    00000054     empty_pem4f.oem4f (.text:ti_sysbios_knl_Task_construct)
                  00004278    00000054     ti.targets.arm.rtsarm.aem4f : Assert.oem4f (.text:xdc_runtime_Assert_raise__I)
                  000042cc    00000050     drivers_MSP432P401R.aem4f : GPIOMSP432.oem4f (.text:GPIO_write)
                  0000431c    00000050     msp432p4xx_driverlib.lib : pcm.o (.text:PCM_shutdownDevice)
                  0000436c    00000050     power_tirtos_MSP432P401R.aem4f : PowerMSP432_tirtos.oem4f (.text:PowerMSP432_sleepPolicy)
                  000043bc    00000004     --HOLE-- [fill = 0]
                  000043c0    00000050     sysbios.aem4f : BIOS.obj (.text:ti_sysbios_family_arm_m3_Hwi_Module_startup__E)
                  00004410    00000050     ti.targets.arm.rtsarm.aem4f : Startup.oem4f (.text:xdc_runtime_Startup_exec__E)
                  00004460    00000050                                 : Text.oem4f (.text:xdc_runtime_Text_visitRope2__I)
                  000044b0    0000004c     rtsv7M4_T_le_v4SPD16_eabi.lib : cpy_tbl.obj (.text)
                  000044fc    00000004     --HOLE-- [fill = 0]
                  00004500    0000004c     sysbios.aem4f : BIOS.obj (.text:ti_sysbios_family_arm_msp432_Timer_postInit__I)
                  0000454c    00000004     --HOLE-- [fill = 0]
                  00004550    0000004c                   : BIOS.obj (.text:ti_sysbios_family_arm_msp432_Timer_start__E)
                  0000459c    00000004     --HOLE-- [fill = 0]
                  000045a0    0000004c                   : BIOS.obj (.text:ti_sysbios_heaps_HeapMem_getStats__E)
                  000045ec    00000004     --HOLE-- [fill = 0]
                  000045f0    0000004c                   : BIOS.obj (.text:ti_sysbios_knl_Swi_runLoop__I)
                  0000463c    00000004     --HOLE-- [fill = 0]
                  00004640    0000004c                   : BIOS.obj (.text:ti_sysbios_knl_Task_allBlockedFunction__I)
                  0000468c    00000048     uartTransmission.obj (.text:EUSCIA0_IRQHandler)
                  000046d4    00000048     msp432p4xx_driverlib.lib : gpio.o (.text:GPIO_setAsPeripheralModuleFunctionInputPin)
                  0000471c    00000004     --HOLE-- [fill = 0]
                  00004720    00000048     sysbios.aem4f : BIOS.obj (.text:ti_sysbios_family_arm_m3_Hwi_disableInterrupt__E)
                  00004768    00000048                   : BIOS.obj (.text:ti_sysbios_family_arm_m3_Hwi_enableInterrupt__E)
                  000047b0    00000048                   : BIOS.obj (.text:ti_sysbios_family_arm_m3_Hwi_excReserved__I)
                  000047f8    00000046     ti.targets.arm.rtsarm.aem4f : Core-params.oem4f (.text:xdc_runtime_Core_assignParams__I)
                  0000483e    00000002     --HOLE-- [fill = 0]
                  00004840    00000044     rtsv7M4_T_le_v4SPD16_eabi.lib : exit.obj (.text)
                  00004884    00000004     --HOLE-- [fill = 0]
                  00004888    00000044     sysbios.aem4f : BIOS.obj (.text:ti_sysbios_family_arm_m3_Hwi_getStackInfo__E)
                  000048cc    00000004     --HOLE-- [fill = 0]
                  000048d0    00000044                   : BIOS.obj (.text:ti_sysbios_knl_Swi_post__E)
                  00004914    00000044     ti.targets.arm.rtsarm.aem4f : Error.oem4f (.text:xdc_runtime_Error_setX__E)
                  00004958    00000044                                 : SysMin.oem4f (.text:xdc_runtime_SysMin_flush__E)
                  0000499c    00000044                                 : Text.oem4f (.text:xdc_runtime_Text_xprintf__I)
                  000049e0    00000040     msp432p4xx_driverlib.lib : flash.o (.text:FlashCtl_disableReadBuffering)
                  00004a20    00000040     drivers_MSP432P401R.aem4f : PowerMSP432.oem4f (.text:notify)
                  00004a60    00000040     rtsv7M4_T_le_v4SPD16_eabi.lib : u_divt2.obj (.text)
                  00004aa0    00000040     sysbios.aem4f : BIOS.obj (.text:ti_sysbios_family_arm_msp432_Timer_Module_startup__E)
                  00004ae0    00000040                   : BIOS.obj (.text:ti_sysbios_family_arm_msp432_Timer_startup__E)
                  00004b20    0000003c     adc14.obj (.text:ADC14_IRQHandler)
                  00004b5c    0000003c     drivers_MSP432P401R.aem4f : PowerMSP432.oem4f (.text:Power_init)
                  00004b98    0000003c     sysbios.aem4f : BIOS.obj (.text:ti_sysbios_family_arm_m3_Hwi_excSvCall__I)
                  00004bd4    00000004     --HOLE-- [fill = 0]
                  00004bd8    0000003c                   : BIOS.obj (.text:ti_sysbios_heaps_HeapMem_init__I)
                  00004c14    00000004     --HOLE-- [fill = 0]
                  00004c18    0000003c                   : BIOS.obj (.text:ti_sysbios_knl_Swi_restore__E)
                  00004c54    00000038     msp432p4xx_driverlib.lib : adc14.o (.text:ADC14_initModule)
                  00004c8c    00000004     --HOLE-- [fill = 0]
                  00004c90    00000038     sysbios.aem4f : BIOS.obj (.text:ti_sysbios_family_arm_m3_Hwi_excNoIsr__I)
                  00004cc8    00000038                   : BIOS.obj (.text:ti_sysbios_knl_Task_processVitalTaskFlag__I)
                  00004d00    00000038     ti.targets.arm.rtsarm.aem4f : SysMin.oem4f (.text:xdc_runtime_SysMin_putch__E)
                  00004d38    00000038                                 : System.oem4f (.text:xdc_runtime_System_atexit__E)
                  00004d70    00000034     msp432p4xx_driverlib.lib : flash.o (.text:FlashCtl_enableReadBuffering)
                  00004da4    00000004     --HOLE-- [fill = 0]
                  00004da8    00000034     sysbios.aem4f : BIOS.obj (.text:ti_sysbios_family_arm_m3_Hwi_Instance_finalize__E)
                  00004ddc    00000004     --HOLE-- [fill = 0]
                  00004de0    00000034                   : BIOS.obj (.text:ti_sysbios_family_arm_m3_Hwi_excNmi__I)
                  00004e14    00000004     --HOLE-- [fill = 0]
                  00004e18    00000034                   : BIOS.obj (.text:ti_sysbios_hal_Hwi_checkStack)
                  00004e4c    00000034     ti.targets.arm.rtsarm.aem4f : Core-label.oem4f (.text:xdc_runtime_Core_assignLabel__I)
                  00004e80    00000033                                 : Text.oem4f (.text:xdc_runtime_Text_printVisFxn__I)
                  00004eb3    00000005     --HOLE-- [fill = 0]
                  00004eb8    00000032     sysbios.aem4f : BIOS.obj (.text:ti_sysbios_hal_Hwi_initStack)
                  00004eea    00000002     --HOLE-- [fill = 0]
                  00004eec    00000030     drivers_MSP432P401R.aem4f : GPIOMSP432.oem4f (.text:GPIO_getEnabledInterruptStatus_WA)
                  00004f1c    00000030     msp432p4xx_driverlib.lib : gpio.o (.text:GPIO_setAsInputPinWithPullDownResistor)
                  00004f4c    00000030                              : gpio.o (.text:GPIO_setAsInputPinWithPullUpResistor)
                  00004f7c    00000030     drivers_MSP432P401R.aem4f : GPIOMSP432.oem4f (.text:GPIO_toggle)
                  00004fac    00000030     empty_pem4f.oem4f (.text:ti_sysbios_BIOS_atExitFunc__I)
                  00004fdc    00000004     --HOLE-- [fill = 0]
                  00004fe0    00000030     sysbios.aem4f : BIOS.obj (.text:ti_sysbios_family_arm_m3_TaskSupport_start__E)
                  00005010    00000030     empty_pem4f.oem4f (.text:ti_sysbios_gates_GateHwi_Object__create__S)
                  00005040    00000030     empty_pem4f.oem4f (.text:ti_sysbios_gates_GateMutex_Object__create__S)
                  00005070    00000030     empty_pem4f.oem4f (.text:ti_sysbios_heaps_HeapMem_Object__create__S)
                  000050a0    00000030     empty_pem4f.oem4f (.text:ti_sysbios_knl_Semaphore_construct)
                  000050d0    00000030     sysbios.aem4f : BIOS.obj (.text:ti_sysbios_knl_Semaphore_pendTimeout__I)
                  00005100    00000030                   : BIOS.obj (.text:ti_sysbios_knl_Task_unblockI__E)
                  00005130    00000030     ti.targets.arm.rtsarm.aem4f : SysMin.oem4f (.text:xdc_runtime_SysMin_abort__E)
                  00005160    00000030                                 : System.oem4f (.text:xdc_runtime_System_processAtExit__E)
                  00005190    0000002c     msp432p4xx_driverlib.lib : gpio.o (.text:GPIO_setAsInputPin)
                  000051bc    0000002c                              : pcm.o (.text:PCM_getCoreVoltageLevel)
                  000051e8    0000002c     power_tirtos_MSP432P401R.aem4f : PowerMSP432_tirtos.oem4f (.text:PowerMSP432_updateFreqs)
                  00005214    0000002c     empty_pem4f.oem4f (.text:ti_sysbios_knl_Clock_doTick__I)
                  00005240    0000002c     empty_pem4f.oem4f (.text:ti_sysbios_knl_Queue_construct)
                  0000526c    00000004     --HOLE-- [fill = 0]
                  00005270    0000002c     sysbios.aem4f : BIOS.obj (.text:ti_sysbios_knl_Task_restore__E)
                  0000529c    0000002c     ti.targets.arm.rtsarm.aem4f : Text.oem4f (.text:xdc_runtime_Text_cordText__E)
                  000052c8    0000002a     msp432p4xx_driverlib.lib : pcm.o (.text:PCM_getPowerMode)
                  000052f2    0000002a     ti.targets.arm.rtsarm.aem4f : System.oem4f (.text:xdc_runtime_System_putchar__I)
                  0000531c    00000028     msp432p4xx_driverlib.lib : flash.o (.text:FlashCtl_setWaitState)
                  00005344    00000028                              : pcm.o (.text:PCM_gotoLPM0)
                  0000536c    00000004     --HOLE-- [fill = 0]
                  00005370    00000028     sysbios.aem4f : BIOS.obj (.text:ti_sysbios_knl_Clock_addI__E)
                  00005398    00000028                   : BIOS.obj (.text:ti_sysbios_knl_Swi_Module_startup__E)
                  000053c0    00000026                   : m3_Hwi_asm.obj (.text:ti_sysbios_family_arm_m3_Hwi_pendSV__I)
                  000053e6    00000026     ti.targets.arm.rtsarm.aem4f : System.oem4f (.text:xdc_runtime_System_avprintf__E)
                  0000540c    00000024     msp432p4xx_driverlib.lib : cs.o (.text:CS_setDCOCenteredFrequency)
                  00005430    00000024                              : gpio.o (.text:GPIO_setAsOutputPin)
                  00005454    00000024                              : rtc_c.o (.text:RTC_C_holdClock)
                  00005478    00000024                              : rtc_c.o (.text:RTC_C_startClock)
                  0000549c    00000024     empty_pem4f.oem4f (.text:ti_sysbios_BIOS_errorRaiseHook__I)
                  000054c0    00000024     empty_pem4f.oem4f (.text:ti_sysbios_BIOS_registerRTSLock__I)
                  000054e4    00000024     empty_pem4f.oem4f (.text:ti_sysbios_BIOS_removeRTSLock__I)
                  00005508    00000024     empty_pem4f.oem4f (.text:ti_sysbios_BIOS_startFunc__I)
                  0000552c    00000004     --HOLE-- [fill = 0]
                  00005530    00000024     sysbios.aem4f : BIOS.obj (.text:ti_sysbios_family_arm_msp432_ClockFreqs_setFrequency__E)
                  00005554    00000024     empty_pem4f.oem4f (.text:ti_sysbios_gates_GateMutex_Object__delete__S)
                  00005578    00000024     sysbios.aem4f : BIOS.obj (.text:ti_sysbios_knl_Clock_Module_startup__E)
                  0000559c    00000004     --HOLE-- [fill = 0]
                  000055a0    00000024                   : BIOS.obj (.text:ti_sysbios_knl_Task_restoreHwi__E)
                  000055c4    00000024     ti.targets.arm.rtsarm.aem4f : System.oem4f (.text:xdc_runtime_System_vprintf__E)
                  000055e8    00000022     empty_pem4f.oem4f (.text:xdc_runtime_SysMin_output__I)
                  0000560a    00000002     --HOLE-- [fill = 0]
                  0000560c    00000020     msp432p4xx_driverlib.lib : gpio.o (.text:GPIO_interruptEdgeSelect)
                  0000562c    00000020     drivers_MSP432P401R.aem4f : PowerMSP432.oem4f (.text:Power_idleFunc)
                  0000564c    00000020     empty_pem4f.oem4f (.text:ti_sysbios_BIOS_rtsLock__I)
                  0000566c    00000020     sysbios.aem4f : m3_Hwi_asm.obj (.text:ti_sysbios_family_arm_m3_Hwi_excHandlerAsm__I)
                  0000568c    00000004     --HOLE-- [fill = 0]
                  00005690    00000020                   : BIOS.obj (.text:ti_sysbios_family_arm_m3_Hwi_excHandler__I)
                  000056b0    00000020     empty_pem4f.oem4f (.text:ti_sysbios_gates_GateHwi_Object__delete__S)
                  000056d0    00000020     empty_pem4f.oem4f (.text:ti_sysbios_heaps_HeapMem_Object__delete__S)
                  000056f0    00000020     sysbios.aem4f : BIOS.obj (.text:ti_sysbios_knl_Idle_run__E)
                  00005710    00000020     empty_pem4f.oem4f (.text:ti_sysbios_knl_Semaphore_Object__destruct__S)
                  00005730    00000020     ti.targets.arm.rtsarm.aem4f : Registry.oem4f (.text:xdc_runtime_Registry_findById__E)
                  00005750    00000020                                 : SysMin.oem4f (.text:xdc_runtime_SysMin_Module_startup__E)
                  00005770    0000001e     sysbios.aem4f : m3_Hwi_asm_switch.obj (.text:ti_sysbios_family_xxx_Hwi_switchAndRunFunc)
                  0000578e    00000002     --HOLE-- [fill = 0]
                  00005790    0000001c                   : BIOS.obj (.text:ti_sysbios_gates_GateMutex_Instance_init__E)
                  000057ac    0000001c     empty_pem4f.oem4f (.text:ti_sysbios_knl_Queue_Object__destruct__S)
                  000057c8    0000001c     sysbios.aem4f : BIOS.obj (.text:ti_sysbios_knl_Queue_put__E)
                  000057e4    00000004     --HOLE-- [fill = 0]
                  000057e8    0000001c                   : BIOS.obj (.text:ti_sysbios_knl_Task_enter__I)
                  00005804    0000001c     ti.targets.arm.rtsarm.aem4f : Error.oem4f (.text:xdc_runtime_Error_raiseX__E)
                  00005820    0000001c                                 : Memory.oem4f (.text:xdc_runtime_Memory_valloc__E)
                  0000583c    0000001c                                 : SysMin.oem4f (.text:xdc_runtime_SysMin_exit__E)
                  00005858    0000001c                                 : System.oem4f (.text:xdc_runtime_System_abort__E)
                  00005874    0000001a     empty_pem4f.oem4f (.text:ti_sysbios_family_arm_m3_Hwi_Handle__label__S)
                  0000588e    0000001a     empty_pem4f.oem4f (.text:ti_sysbios_gates_GateHwi_Handle__label__S)
                  000058a8    0000001a     empty_pem4f.oem4f (.text:ti_sysbios_gates_GateMutex_Handle__label__S)
                  000058c2    0000001a     empty_pem4f.oem4f (.text:ti_sysbios_heaps_HeapMem_Handle__label__S)
                  000058dc    0000001a     empty_pem4f.oem4f (.text:ti_sysbios_knl_Swi_Handle__label__S)
                  000058f6    0000001a     empty_pem4f.oem4f (.text:ti_sysbios_knl_Task_Handle__label__S)
                  00005910    0000001a     empty_pem4f.oem4f (.text:xdc_runtime_System_aprintf__E)
                  0000592a    0000001a     empty_pem4f.oem4f (.text:xdc_runtime_System_printf__E)
                  00005944    00000018     msp432p4xx_driverlib.lib : gpio.o (.text:GPIO_clearInterruptFlag)
                  0000595c    00000018                              : gpio.o (.text:GPIO_setDriveStrengthLow)
                  00005974    00000018                              : gpio.o (.text:GPIO_setOutputLowOnPin)
                  0000598c    00000018                              : wdt_a.o (.text:WDT_A_holdTimer)
                  000059a4    00000018     rtsv7M4_T_le_v4SPD16_eabi.lib : args_main.obj (.text)
                  000059bc    00000018     empty_pem4f.oem4f (.text:ti_sysbios_BIOS_rtsUnlock__I)
                  000059d4    00000018     empty_pem4f.oem4f (.text:ti_sysbios_family_arm_m3_Hwi_Module__startupDone__F)
                  000059ec    00000018     sysbios.aem4f : m3_TaskSupport_asm.obj (.text:ti_sysbios_family_arm_m3_TaskSupport_swap__E)
                  00005a04    00000018     empty_pem4f.oem4f (.text:ti_sysbios_family_arm_msp432_Timer_Module__startupDone__F)
                  00005a1c    00000004     --HOLE-- [fill = 0]
                  00005a20    00000018     sysbios.aem4f : BIOS.obj (.text:ti_sysbios_gates_GateMutex_leave__E)
                  00005a38    00000018                   : BIOS.obj (.text:ti_sysbios_knl_Task_sleepTimeout__I)
                  00005a50    00000018     ti.targets.arm.rtsarm.aem4f : Error.oem4f (.text:xdc_runtime_Error_check__E)
                  00005a68    00000018                                 : System.oem4f (.text:xdc_runtime_System_exit__E)
                  00005a80    00000018                                 : Text.oem4f (.text:xdc_runtime_Text_ropeText__E)
                  00005a98    00000016     empty_pem4f.oem4f (.text:ti_sysbios_BIOS_exitFunc__I)
                  00005aae    00000016     empty.obj (.text:ti_sysbios_knl_Task_Params_init)
                  00005ac4    00000014     msp432p4xx_driverlib.lib : adc14.o (.text:ADCIsConversionRunning)
                  00005ad8    00000014                              : gpio.o (.text:GPIO_setDriveStrengthHigh)
                  00005aec    00000014                              : gpio.o (.text:GPIO_setOutputHighOnPin)
                  00005b00    00000014                              : gpio.o (.text:GPIO_toggleOutputOnPin)
                  00005b14    00000014                              : wdt_a.o (.text:WDT_A_startTimer)
                  00005b28    00000014     empty.obj (.text:heartBeatFxn)
                  00005b3c    00000014     rtsv7M4_T_le_v4SPD16_eabi.lib : _lock.obj (.text)
                  00005b50    00000014                                   : strcpy.obj (.text)
                  00005b64    00000014                                   : strlen.obj (.text)
                  00005b78    00000014     empty_pem4f.oem4f (.text:ti_sysbios_family_arm_m3_Hwi_Object__get__S)
                  00005b8c    00000004     --HOLE-- [fill = 0]
                  00005b90    00000014     sysbios.aem4f : BIOS.obj (.text:ti_sysbios_family_arm_m3_Hwi_switchFromBootStack__E)
                  00005ba4    00000014     empty_pem4f.oem4f (.text:ti_sysbios_heaps_HeapMem_Object__get__S)
                  00005bb8    00000014     empty_pem4f.oem4f (.text:ti_sysbios_knl_Swi_Object__get__S)
                  00005bcc    00000004     --HOLE-- [fill = 0]
                  00005bd0    00000012     sysbios.aem4f : BIOS.obj (.text:ti_sysbios_hal_Hwi_Module_startup__E)
                  00005be2    00000012     empty_pem4f.oem4f (.text:xdc_runtime_Startup_exec__I)
                  00005bf4    00000010     msp432p4xx_driverlib.lib : adc14.o (.text:ADC14_enableModule)
                  00005c04    00000010                              : gpio.o (.text:GPIO_getInterruptStatus)
                  00005c14    00000010                              : pcm.o (.text:PCM_gotoLPM4)
                  00005c24    00000004     --HOLE-- [fill = 0]
                  00005c28    00000010     sysbios.aem4f : BIOS.obj (.text:ti_sysbios_BIOS_setCpuFreq__E)
                  00005c38    00000010                   : BIOS.obj (.text:ti_sysbios_BIOS_setThreadType__E)
                  00005c48    00000010                   : BIOS.obj (.text:ti_sysbios_BIOS_start__E)
                  00005c58    00000010                   : m3_TaskSupport_asm.obj (.text:ti_sysbios_family_arm_m3_TaskSupport_glue)
                  00005c68    00000010                   : BIOS.obj (.text:ti_sysbios_family_arm_msp432_init_Boot_disableWatchdog)
                  00005c78    00000010                   : BIOS.obj (.text:ti_sysbios_gates_GateMutex_Instance_finalize__E)
                  00005c88    00000010                   : BIOS.obj (.text:ti_sysbios_knl_Semaphore_Instance_finalize__E)
                  00005c98    00000010                   : BIOS.obj (.text:ti_sysbios_knl_Swi_disable__E)
                  00005ca8    00000010     empty_pem4f.oem4f (.text:ti_sysbios_knl_Task_Object__get__S)
                  00005cb8    00000010     sysbios.aem4f : BIOS.obj (.text:ti_sysbios_knl_Task_disable__E)
                  00005cc8    00000010     ti.targets.arm.rtsarm.aem4f : Gate.oem4f (.text:xdc_runtime_Gate_leaveSystem__E)
                  00005cd8    00000010                                 : Memory.oem4f (.text:xdc_runtime_Memory_free__E)
                  00005ce8    00000010                                 : SysMin.oem4f (.text:xdc_runtime_SysMin_ready__E)
                  00005cf8    00000010                                 : System.oem4f (.text:xdc_runtime_System_vsnprintf__E)
                  00005d08    00000010     empty_pem4f.oem4f (.text:xdc_runtime_Text_visitRope__I)
                  00005d18    0000000e     tirtosport.aem4f : HwiP_tirtos.oem4f (.text:HwiP_Params_init)
                  00005d26    0000000e     rtsv7M4_T_le_v4SPD16_eabi.lib : copy_decompress_none.obj (.text:decompress:none)
                  00005d34    00000004     --HOLE-- [fill = 0]
                  00005d38    0000000e     sysbios.aem4f : BIOS.obj (.text:ti_sysbios_knl_Idle_loop__E)
                  00005d46    00000002     --HOLE-- [fill = 0]
                  00005d48    0000000e                   : BIOS.obj (.text:ti_sysbios_knl_Queue_empty__E)
                  00005d56    0000000c     empty_pem4f.oem4f (.text:.bootCodeSection:ti_sysbios_family_arm_msp432_init_Boot_init__I)
                  00005d62    0000000c     msp432p4xx_driverlib.lib : cpu.o (.text:CPU_cpsid)
                  00005d6e    0000000c                              : cpu.o (.text:CPU_cpsie)
                  00005d7a    00000002     --HOLE-- [fill = 0]
                  00005d7c    0000000c                              : pcm.o (.text:PCM_getPowerState)
                  00005d88    0000000c     drivers_MSP432P401R.aem4f : PowerMSP432.oem4f (.text:Power_getConstraintMask)
                  00005d94    0000000c     rtsv7M4_T_le_v4SPD16_eabi.lib : copy_zero_init.obj (.text:decompress:ZI)
                  00005da0    0000000c     empty_pem4f.oem4f (.text:ti_sysbios_family_arm_m3_Hwi_Params__init__S)
                  00005dac    00000004     --HOLE-- [fill = 0]
                  00005db0    0000000c     sysbios.aem4f : BIOS.obj (.text:ti_sysbios_family_arm_m3_Hwi_disableFxn__E)
                  00005dbc    00000004     --HOLE-- [fill = 0]
                  00005dc0    0000000c                   : BIOS.obj (.text:ti_sysbios_family_arm_m3_TaskSupport_checkStack__E)
                  00005dcc    00000004     --HOLE-- [fill = 0]
                  00005dd0    0000000c                   : BIOS.obj (.text:ti_sysbios_family_arm_m3_TaskSupport_getStackAlignment__E)
                  00005ddc    00000004     --HOLE-- [fill = 0]
                  00005de0    0000000c                   : BIOS.obj (.text:ti_sysbios_family_arm_msp432_Timer_getMaxTicks__E)
                  00005dec    00000004     --HOLE-- [fill = 0]
                  00005df0    0000000c                   : BIOS.obj (.text:ti_sysbios_gates_GateHwi_enter__E)
                  00005dfc    0000000c     empty_pem4f.oem4f (.text:ti_sysbios_knl_Queue_Object__get__S)
                  00005e08    0000000c     empty_pem4f.oem4f (.text:ti_sysbios_knl_Task_Params__init__S)
                  00005e14    0000000c     ti.targets.arm.rtsarm.aem4f : Error.oem4f (.text:xdc_runtime_Error_init__E)
                  00005e20    0000000c                                 : Gate.oem4f (.text:xdc_runtime_Gate_enterSystem__E)
                  00005e2c    0000000c                                 : Memory.oem4f (.text:xdc_runtime_Memory_calloc__E)
                  00005e38    0000000c                                 : Memory.oem4f (.text:xdc_runtime_Memory_getMaxDefaultTypeAlign__E)
                  00005e44    0000000a     empty_pem4f.oem4f (.text:xdc_runtime_IHeap_alloc)
                  00005e4e    0000000a     empty_pem4f.oem4f (.text:xdc_runtime_IHeap_free)
                  00005e58    00000008     MSP_EXP432P401R.obj (.text:MSP_EXP432P401R_initGPIO)
                  00005e60    00000008     MSP_EXP432P401R.obj (.text:MSP_EXP432P401R_initGeneral)
                  00005e68    00000008     msp432p4xx_driverlib.lib : pcm.o (.text:PCM_setPowerMode)
                  00005e70    00000008                              : pcm.o (.text:PCM_setPowerState)
                  00005e78    00000008     sysbios.aem4f : BIOS.obj (.text:ti_sysbios_family_arm_m3_Hwi_doSwiRestore__I)
                  00005e80    00000008                   : BIOS.obj (.text:ti_sysbios_family_arm_m3_Hwi_startup__E)
                  00005e88    00000006     rtsv7M4_T_le_v4SPD16_eabi.lib : copy_decompress_rle.obj (.text:decompress:rle24)
                  00005e8e    00000002     --HOLE-- [fill = 0]
                  00005e90    00000006     sysbios.aem4f : BIOS.obj (.text:ti_sysbios_family_arm_m3_Hwi_doTaskRestore__I)
                  00005e96    00000002     --HOLE-- [fill = 0]
                  00005e98    00000006                   : BIOS.obj (.text:ti_sysbios_family_arm_m3_Hwi_restoreFxn__E)
                  00005e9e    00000002     --HOLE-- [fill = 0]
                  00005ea0    00000006                   : BIOS.obj (.text:ti_sysbios_gates_GateHwi_leave__E)
                  00005ea6    00000002     --HOLE-- [fill = 0]
                  00005ea8    00000006                   : BIOS.obj (.text:ti_sysbios_heaps_HeapMem_isBlocking__E)
                  00005eae    00000002     --HOLE-- [fill = 0]
                  00005eb0    00000006                   : BIOS.obj (.text:ti_sysbios_knl_Queue_Instance_init__E)
                  00005eb6    00000002     --HOLE-- [fill = 0]
                  00005eb8    00000006                   : BIOS.obj (.text:ti_sysbios_knl_Swi_startup__E)
                  00005ebe    00000006     ti.targets.arm.rtsarm.aem4f : System.oem4f (.text:xdc_runtime_System_Module_startup__E)
                  00005ec4    00000004     --HOLE-- [fill = 0]
                  00005ec8    00000004     sysbios.aem4f : BIOS.obj (.text:ti_sysbios_gates_GateHwi_query__E)
                  00005ecc    00000004     --HOLE-- [fill = 0]
                  00005ed0    00000004                   : BIOS.obj (.text:ti_sysbios_gates_GateMutex_query__E)
                  00005ed4    00000004     --HOLE-- [fill = 0]
                  00005ed8    00000004                   : BIOS.obj (.text:ti_sysbios_knl_Task_startup__E)
                  00005edc    00000004     --HOLE-- [fill = 0]
                  00005ee0    00000002                   : BIOS.obj (.text:ti_sysbios_gates_GateHwi_Instance_init__E)
                  00005ee2    00000006     --HOLE-- [fill = 0]
                  00005ee8    00000002                   : BIOS.obj (.text:ti_sysbios_knl_Clock_logTick__E)

.const     0    00005eec    00001d21     
                  00005eec    0000179e     empty_pem4f.oem4f (.const:xdc_runtime_Text_charTab__A)
                  0000768a    000000b0     empty_pem4f.oem4f (.const:xdc_runtime_Text_nodeTab__A)
                  0000773a    00000002     empty_pem4f.oem4f (.const:ti_sysbios_family_arm_m3_Hwi_Module__id__C)
                  0000773c    00000048     empty_pem4f.oem4f (.const:.string)
                  00007784    0000003c     empty_pem4f.oem4f (.const:ti_sysbios_knl_Task_Object__PARAMS__C)
                  000077c0    00000030     empty_pem4f.oem4f (.const:ti_sysbios_family_arm_m3_Hwi_Object__PARAMS__C)
                  000077f0    00000028     empty_pem4f.oem4f (.const:ti_sysbios_heaps_HeapMem_Module__FXNS__C)
                  00007818    00000024     empty_pem4f.oem4f (.const:ti_sysbios_gates_GateHwi_Module__FXNS__C)
                  0000783c    00000024     empty_pem4f.oem4f (.const:ti_sysbios_gates_GateMutex_Module__FXNS__C)
                  00007860    00000024     empty_pem4f.oem4f (.const:ti_sysbios_heaps_HeapMem_Object__PARAMS__C)
                  00007884    00000024     empty_pem4f.oem4f (.const:ti_sysbios_knl_Semaphore_Object__PARAMS__C)
                  000078a8    00000020     empty_pem4f.oem4f (.const:ti_sysbios_family_arm_m3_Hwi_Object__DESC__C)
                  000078c8    00000020     empty_pem4f.oem4f (.const:ti_sysbios_gates_GateHwi_Object__DESC__C)
                  000078e8    00000020     empty_pem4f.oem4f (.const:ti_sysbios_gates_GateMutex_Object__DESC__C)
                  00007908    00000020     empty_pem4f.oem4f (.const:ti_sysbios_heaps_HeapMem_Object__DESC__C)
                  00007928    00000020     empty_pem4f.oem4f (.const:ti_sysbios_knl_Queue_Object__DESC__C)
                  00007948    00000020     empty_pem4f.oem4f (.const:ti_sysbios_knl_Semaphore_Object__DESC__C)
                  00007968    00000020     empty_pem4f.oem4f (.const:ti_sysbios_knl_Task_Object__DESC__C)
                  00007988    00000020     empty_pem4f.oem4f (.const:xdc_runtime_Startup_sfxnTab__A)
                  000079a8    00000018     empty_pem4f.oem4f (.const:ti_sysbios_gates_GateHwi_Object__PARAMS__C)
                  000079c0    00000018     empty_pem4f.oem4f (.const:ti_sysbios_gates_GateMutex_Object__PARAMS__C)
                  000079d8    00000018     empty_pem4f.oem4f (.const:ti_sysbios_knl_Queue_Object__PARAMS__C)
                  000079f0    00000014     MSP_EXP432P401R.obj (.const:GPIOMSP432_config)
                  00007a04    00000010     MSP_EXP432P401R.obj (.const)
                  00007a14    00000010     empty_pem4f.oem4f (.const:xdc_runtime_Startup_sfxnRts__A)
                  00007a24    0000000c     drivers_MSP432P401R.aem4f : GPIOMSP432.oem4f (.const:.string)
                  00007a30    0000000c     empty_pem4f.oem4f (.const:xdc_runtime_Startup_firstFxns__A)
                  00007a3c    00000008     empty_pem4f.oem4f (.const:ti_sysbios_family_arm_m3_Hwi_excHookFuncs__A)
                  00007a44    00000008     empty_pem4f.oem4f (.const:ti_sysbios_knl_Idle_funcList__A)
                  00007a4c    00000008     empty_pem4f.oem4f (.const:ti_sysbios_knl_Idle_funcList__C)
                  00007a54    00000008     empty_pem4f.oem4f (.const:xdc_runtime_Startup_firstFxns__C)
                  00007a5c    00000008     empty_pem4f.oem4f (.const:xdc_runtime_Startup_lastFxns__C)
                  00007a64    00000004     empty_pem4f.oem4f (.const:ti_sysbios_family_arm_m3_Hwi_E_NMI__C)
                  00007a68    00000004     empty_pem4f.oem4f (.const:ti_sysbios_family_arm_m3_Hwi_E_alreadyDefined__C)
                  00007a6c    00000004     empty_pem4f.oem4f (.const:ti_sysbios_family_arm_m3_Hwi_E_busFault__C)
                  00007a70    00000004     empty_pem4f.oem4f (.const:ti_sysbios_family_arm_m3_Hwi_E_debugMon__C)
                  00007a74    00000004     empty_pem4f.oem4f (.const:ti_sysbios_family_arm_m3_Hwi_E_hardFault__C)
                  00007a78    00000004     empty_pem4f.oem4f (.const:ti_sysbios_family_arm_m3_Hwi_E_memFault__C)
                  00007a7c    00000004     empty_pem4f.oem4f (.const:ti_sysbios_family_arm_m3_Hwi_E_noIsr__C)
                  00007a80    00000004     empty_pem4f.oem4f (.const:ti_sysbios_family_arm_m3_Hwi_E_reserved__C)
                  00007a84    00000004     empty_pem4f.oem4f (.const:ti_sysbios_family_arm_m3_Hwi_E_svCall__C)
                  00007a88    00000004     empty_pem4f.oem4f (.const:ti_sysbios_family_arm_m3_Hwi_E_usageFault__C)
                  00007a8c    00000004     empty_pem4f.oem4f (.const:ti_sysbios_family_arm_m3_Hwi_NUM_INTERRUPTS__C)
                  00007a90    00000004     empty_pem4f.oem4f (.const:ti_sysbios_family_arm_m3_Hwi_Object__count__C)
                  00007a94    00000004     empty_pem4f.oem4f (.const:ti_sysbios_family_arm_m3_Hwi_ccr__C)
                  00007a98    00000004     empty_pem4f.oem4f (.const:ti_sysbios_family_arm_m3_Hwi_excHandlerFunc__C)
                  00007a9c    00000004     empty_pem4f.oem4f (.const:ti_sysbios_family_arm_m3_Hwi_excHookFuncs__C)
                  00007aa0    00000004     empty_pem4f.oem4f (.const:ti_sysbios_family_arm_m3_Hwi_nullIsrFunc__C)
                  00007aa4    00000004     empty_pem4f.oem4f (.const:ti_sysbios_family_arm_m3_Hwi_priGroup__C)
                  00007aa8    00000004     empty_pem4f.oem4f (.const:ti_sysbios_family_arm_m3_TaskSupport_stackAlignment__C)
                  00007aac    00000004     empty_pem4f.oem4f (.const:ti_sysbios_family_arm_msp432_Timer_numTimerDevices__C)
                  00007ab0    00000004     empty_pem4f.oem4f (.const:ti_sysbios_family_arm_msp432_Timer_startupNeeded__C)
                  00007ab4    00000004     empty_pem4f.oem4f (.const:ti_sysbios_gates_GateMutex_A_badContext__C)
                  00007ab8    00000004     empty_pem4f.oem4f (.const:ti_sysbios_gates_GateMutex_Instance_State_sem__O)
                  00007abc    00000004     empty_pem4f.oem4f (.const:ti_sysbios_gates_GateMutex_Module__diagsEnabled__C)
                  00007ac0    00000004     empty_pem4f.oem4f (.const:ti_sysbios_gates_GateMutex_Module__diagsIncluded__C)
                  00007ac4    00000004     empty_pem4f.oem4f (.const:ti_sysbios_gates_GateMutex_Module__diagsMask__C)
                  00007ac8    00000004     empty_pem4f.oem4f (.const:ti_sysbios_hal_Hwi_E_stackOverflow__C)
                  00007acc    00000004     empty_pem4f.oem4f (.const:ti_sysbios_heaps_HeapMem_A_align__C)
                  00007ad0    00000004     empty_pem4f.oem4f (.const:ti_sysbios_heaps_HeapMem_A_heapSize__C)
                  00007ad4    00000004     empty_pem4f.oem4f (.const:ti_sysbios_heaps_HeapMem_A_invalidFree__C)
                  00007ad8    00000004     empty_pem4f.oem4f (.const:ti_sysbios_heaps_HeapMem_A_zeroBlock__C)
                  00007adc    00000004     empty_pem4f.oem4f (.const:ti_sysbios_heaps_HeapMem_E_memory__C)
                  00007ae0    00000004     empty_pem4f.oem4f (.const:ti_sysbios_heaps_HeapMem_Module__diagsEnabled__C)
                  00007ae4    00000004     empty_pem4f.oem4f (.const:ti_sysbios_heaps_HeapMem_Module__diagsIncluded__C)
                  00007ae8    00000004     empty_pem4f.oem4f (.const:ti_sysbios_heaps_HeapMem_Module__diagsMask__C)
                  00007aec    00000004     empty_pem4f.oem4f (.const:ti_sysbios_heaps_HeapMem_Module__gateObj__C)
                  00007af0    00000004     empty_pem4f.oem4f (.const:ti_sysbios_heaps_HeapMem_Object__count__C)
                  00007af4    00000004     empty_pem4f.oem4f (.const:ti_sysbios_heaps_HeapMem_reqAlign__C)
                  00007af8    00000004     empty_pem4f.oem4f (.const:ti_sysbios_knl_Clock_Module_State_clockQ__O)
                  00007afc    00000004     empty_pem4f.oem4f (.const:ti_sysbios_knl_Semaphore_A_badContext__C)
                  00007b00    00000004     empty_pem4f.oem4f (.const:ti_sysbios_knl_Semaphore_A_noEvents__C)
                  00007b04    00000004     empty_pem4f.oem4f (.const:ti_sysbios_knl_Semaphore_A_overflow__C)
                  00007b08    00000004     empty_pem4f.oem4f (.const:ti_sysbios_knl_Semaphore_A_pendTaskDisabled__C)
                  00007b0c    00000004     empty_pem4f.oem4f (.const:ti_sysbios_knl_Semaphore_Instance_State_pendQ__O)
                  00007b10    00000004     empty_pem4f.oem4f (.const:ti_sysbios_knl_Semaphore_Module__diagsEnabled__C)
                  00007b14    00000004     empty_pem4f.oem4f (.const:ti_sysbios_knl_Semaphore_Module__diagsIncluded__C)
                  00007b18    00000004     empty_pem4f.oem4f (.const:ti_sysbios_knl_Semaphore_Module__diagsMask__C)
                  00007b1c    00000004     empty_pem4f.oem4f (.const:ti_sysbios_knl_Swi_Object__count__C)
                  00007b20    00000004     empty_pem4f.oem4f (.const:ti_sysbios_knl_Task_A_badPriority__C)
                  00007b24    00000004     empty_pem4f.oem4f (.const:ti_sysbios_knl_Task_A_badTaskState__C)
                  00007b28    00000004     empty_pem4f.oem4f (.const:ti_sysbios_knl_Task_A_badThreadType__C)
                  00007b2c    00000004     empty_pem4f.oem4f (.const:ti_sysbios_knl_Task_A_badTimeout__C)
                  00007b30    00000004     empty_pem4f.oem4f (.const:ti_sysbios_knl_Task_A_noPendElem__C)
                  00007b34    00000004     empty_pem4f.oem4f (.const:ti_sysbios_knl_Task_A_sleepTaskDisabled__C)
                  00007b38    00000004     empty_pem4f.oem4f (.const:ti_sysbios_knl_Task_E_spOutOfBounds__C)
                  00007b3c    00000004     empty_pem4f.oem4f (.const:ti_sysbios_knl_Task_E_stackOverflow__C)
                  00007b40    00000004     empty_pem4f.oem4f (.const:ti_sysbios_knl_Task_Module_State_inactiveQ__O)
                  00007b44    00000004     empty_pem4f.oem4f (.const:ti_sysbios_knl_Task_Module__diagsEnabled__C)
                  00007b48    00000004     empty_pem4f.oem4f (.const:ti_sysbios_knl_Task_Module__diagsIncluded__C)
                  00007b4c    00000004     empty_pem4f.oem4f (.const:ti_sysbios_knl_Task_Module__diagsMask__C)
                  00007b50    00000004     empty_pem4f.oem4f (.const:ti_sysbios_knl_Task_Object__count__C)
                  00007b54    00000004     empty_pem4f.oem4f (.const:ti_sysbios_knl_Task_allBlockedFunc__C)
                  00007b58    00000004     empty_pem4f.oem4f (.const:ti_sysbios_knl_Task_defaultStackHeap__C)
                  00007b5c    00000004     empty_pem4f.oem4f (.const:ti_sysbios_knl_Task_defaultStackSize__C)
                  00007b60    00000004     empty_pem4f.oem4f (.const:ti_sysbios_knl_Task_numConstructedTasks__C)
                  00007b64    00000004     empty_pem4f.oem4f (.const:xdc_runtime_Assert_E_assertFailed__C)
                  00007b68    00000004     empty_pem4f.oem4f (.const:xdc_runtime_Core_A_initializedParams__C)
                  00007b6c    00000004     empty_pem4f.oem4f (.const:xdc_runtime_Core_Module__diagsEnabled__C)
                  00007b70    00000004     empty_pem4f.oem4f (.const:xdc_runtime_Core_Module__diagsIncluded__C)
                  00007b74    00000004     empty_pem4f.oem4f (.const:xdc_runtime_Core_Module__diagsMask__C)
                  00007b78    00000004     empty_pem4f.oem4f (.const:xdc_runtime_Error_E_memory__C)
                  00007b7c    00000004     empty_pem4f.oem4f (.const:xdc_runtime_Error_Module__diagsEnabled__C)
                  00007b80    00000004     empty_pem4f.oem4f (.const:xdc_runtime_Error_Module__diagsIncluded__C)
                  00007b84    00000004     empty_pem4f.oem4f (.const:xdc_runtime_Error_Module__diagsMask__C)
                  00007b88    00000004     empty_pem4f.oem4f (.const:xdc_runtime_Error_Module__loggerFxn8__C)
                  00007b8c    00000004     empty_pem4f.oem4f (.const:xdc_runtime_Error_Module__loggerObj__C)
                  00007b90    00000004     empty_pem4f.oem4f (.const:xdc_runtime_Error_policyFxn__C)
                  00007b94    00000004     empty_pem4f.oem4f (.const:xdc_runtime_Error_raiseHook__C)
                  00007b98    00000004     empty_pem4f.oem4f (.const:xdc_runtime_IGateProvider_Interface__BASE__C)
                  00007b9c    00000004     empty_pem4f.oem4f (.const:xdc_runtime_IHeap_Interface__BASE__C)
                  00007ba0    00000004     empty_pem4f.oem4f (.const:xdc_runtime_IModule_Interface__BASE__C)
                  00007ba4    00000004     empty_pem4f.oem4f (.const:xdc_runtime_Log_L_error__C)
                  00007ba8    00000004     empty_pem4f.oem4f (.const:xdc_runtime_Memory_defaultHeapInstance__C)
                  00007bac    00000004     empty_pem4f.oem4f (.const:xdc_runtime_Startup_execImpl__C)
                  00007bb0    00000004     empty_pem4f.oem4f (.const:xdc_runtime_Startup_maxPasses__C)
                  00007bb4    00000004     empty_pem4f.oem4f (.const:xdc_runtime_Startup_sfxnRts__C)
                  00007bb8    00000004     empty_pem4f.oem4f (.const:xdc_runtime_Startup_sfxnTab__C)
                  00007bbc    00000004     empty_pem4f.oem4f (.const:xdc_runtime_SysMin_bufSize__C)
                  00007bc0    00000004     empty_pem4f.oem4f (.const:xdc_runtime_SysMin_outputFunc__C)
                  00007bc4    00000004     empty_pem4f.oem4f (.const:xdc_runtime_System_Module__gateObj__C)
                  00007bc8    00000004     empty_pem4f.oem4f (.const:xdc_runtime_System_abortFxn__C)
                  00007bcc    00000004     empty_pem4f.oem4f (.const:xdc_runtime_System_exitFxn__C)
                  00007bd0    00000004     empty_pem4f.oem4f (.const:xdc_runtime_System_extendFxn__C)
                  00007bd4    00000004     empty_pem4f.oem4f (.const:xdc_runtime_System_maxAtexitHandlers__C)
                  00007bd8    00000004     empty_pem4f.oem4f (.const:xdc_runtime_Text_charTab__C)
                  00007bdc    00000004     empty_pem4f.oem4f (.const:xdc_runtime_Text_nameEmpty__C)
                  00007be0    00000004     empty_pem4f.oem4f (.const:xdc_runtime_Text_nameStatic__C)
                  00007be4    00000004     empty_pem4f.oem4f (.const:xdc_runtime_Text_nameUnknown__C)
                  00007be8    00000004     empty_pem4f.oem4f (.const:xdc_runtime_Text_nodeTab__C)
                  00007bec    00000004     empty_pem4f.oem4f (.const:xdc_runtime_Text_visitRopeFxn__C)
                  00007bf0    00000002     empty_pem4f.oem4f (.const:ti_sysbios_gates_GateMutex_Module__id__C)
                  00007bf2    00000002     empty_pem4f.oem4f (.const:ti_sysbios_hal_Hwi_Module__id__C)
                  00007bf4    00000002     empty_pem4f.oem4f (.const:ti_sysbios_heaps_HeapMem_Module__id__C)
                  00007bf6    00000002     empty_pem4f.oem4f (.const:ti_sysbios_knl_Semaphore_Module__id__C)
                  00007bf8    00000002     empty_pem4f.oem4f (.const:ti_sysbios_knl_Task_Module__id__C)
                  00007bfa    00000002     empty_pem4f.oem4f (.const:xdc_runtime_Core_Module__id__C)
                  00007bfc    00000002     empty_pem4f.oem4f (.const:xdc_runtime_Error_Module__loggerDefined__C)
                  00007bfe    00000002     empty_pem4f.oem4f (.const:xdc_runtime_Error_maxDepth__C)
                  00007c00    00000002     empty_pem4f.oem4f (.const:xdc_runtime_Memory_Module__id__C)
                  00007c02    00000002     empty_pem4f.oem4f (.const:xdc_runtime_SysMin_flushAtExit__C)
                  00007c04    00000002     empty_pem4f.oem4f (.const:xdc_runtime_Text_charCnt__C)
                  00007c06    00000002     empty_pem4f.oem4f (.const:xdc_runtime_Text_isLoaded__C)
                  00007c08    00000002     empty_pem4f.oem4f (.const:xdc_runtime_Text_registryModsLastId__C)
                  00007c0a    00000002     empty_pem4f.oem4f (.const:xdc_runtime_Text_unnamedModsLastId__C)
                  00007c0c    00000001     empty_pem4f.oem4f (.const:xdc_runtime_Error_policy__C)

.cinit     0    00007c10    00000458     
                  00007c10    00000423     (.cinit..data.load) [load image, compression = rle]
                  00008033    00000001     --HOLE-- [fill = 0]
                  00008034    0000000c     (__TI_handler_table)
                  00008040    00000008     (.cinit..bss.load) [load image, compression = zero_init]
                  00008048    00000008     (.cinit..vecs.load) [load image, compression = zero_init]
                  00008050    00000018     (__TI_cinit_table)

.resetVecs 
*          0    00000000    0000003c     
                  00000000    0000003c     empty_pem4f.oem4f (.resetVecs)

.vecs      0    20000000    00000140     UNINITIALIZED
                  20000000    00000140     empty_pem4f.oem4f (.vecs)

.bss       0    20000140    00000b68     UNINITIALIZED
                  20000140    00000400     empty_pem4f.oem4f (.bss:ti_sysbios_heaps_HeapMem_Instance_State_0_buf__A)
                  20000540    00000200     empty.obj (.bss:task0Stack)
                  20000740    00000200     empty_pem4f.oem4f (.bss:taskStackSection)
                  20000940    00000140     empty_pem4f.oem4f (.bss:ti_sysbios_family_arm_m3_Hwi_dispatchTable)
                  20000a80    00000120     rtsv7M4_T_le_v4SPD16_eabi.lib : trgmsg.obj (.bss:__CIOBUF_)
                  20000ba0    00000080     empty_pem4f.oem4f (.bss:xdc_runtime_SysMin_Module_State_0_outbuf__A)
                  20000c20    00000050     empty.obj (.bss:task0Struct)
                  20000c70    00000030     drivers_MSP432P401R.aem4f : GPIOMSP432.oem4f (.bss:gpioCallbackInfo)
                  20000ca0    00000008     (.common:parmbuf)

.TI.noinit 
*          0    20000140    00000000     UNINITIALIZED

.data      0    20000ca8    00000599     UNINITIALIZED
                  20000ca8    00000138     empty_pem4f.oem4f (.data)
                  20000de0    0000009c     drivers_MSP432P401R.aem4f : PowerMSP432.oem4f (.data:PowerMSP432_perfLevels)
                  20000e7c    00000080     empty_pem4f.oem4f (.data:ti_sysbios_knl_Swi_Module_State_0_readyQ__A)
                  20000efc    00000080     empty_pem4f.oem4f (.data:ti_sysbios_knl_Task_Module_State_0_readyQ__A)
                  20000f7c    0000004c     empty_pem4f.oem4f (.data:ti_sysbios_family_arm_msp432_Timer_Object__table__V)
                  20000fc8    0000004c     empty_pem4f.oem4f (.data:ti_sysbios_knl_Task_Object__table__V)
                  20001014    00000048     empty_pem4f.oem4f (.data:ti_sysbios_family_arm_m3_Hwi_Object__table__V)
                  2000105c    00000044     empty_pem4f.oem4f (.data:ti_sysbios_knl_Task_Module__state__V)
                  200010a0    00000038     empty_pem4f.oem4f (.data:ti_sysbios_gates_GateMutex_Object__table__V)
                  200010d8    00000034     empty_pem4f.oem4f (.data:ti_sysbios_family_arm_m3_Hwi_Module__state__V)
                  2000110c    00000030     drivers_MSP432P401R.aem4f : GPIOMSP432.oem4f (.data:GPIO_PORT_TO_BASE)
                  2000113c    00000030     msp432p4xx_driverlib.lib : gpio.o (.data:GPIO_PORT_TO_BASE)
                  2000116c    00000030     empty_pem4f.oem4f (.data:ti_sysbios_knl_Swi_Object__table__V)
                  2000119c    0000002c     empty_pem4f.oem4f (.data:ti_sysbios_knl_Clock_Module__state__V)
                  200011c8    00000024     drivers_MSP432P401R.aem4f : PowerMSP432.oem4f (.data:PowerMSP432_module)
                  200011ec    00000024     empty_pem4f.oem4f (.data:ti_sysbios_BIOS_Module__state__V)
                  20001210    0000001c     MSP_EXP432P401R.obj (.data)
                  2000122c    00000008     rtsv7M4_T_le_v4SPD16_eabi.lib : _lock.obj (.data)
                  20001234    00000008                                   : exit.obj (.data)
                  2000123c    00000004                                   : stkdepth_vars.obj (.data)
                  20001240    00000001     drivers_MSP432P401R.aem4f : GPIOMSP432.oem4f (.data)

.TI.persistent 
*          0    20000ca8    00000000     UNINITIALIZED

.stack     0    2000fd00    00000300     UNINITIALIZED
                  2000fd00    00000300     --HOLE--

.bootVecs 
*          0    00000000    00000008     DSECT
                  00000000    00000008     boot.aem4f : boot.oem4f (.bootVecs)

xdc.meta   0    00000000    000000ea     COPY SECTION
                  00000000    000000ea     empty_pem4f.oem4f (xdc.meta)


LINKER GENERATED COPY TABLES

__TI_cinit_table @ 00008050 records: 3, size/record: 8, table size: 24
	.data: load addr=00007c10, load size=00000423 bytes, run addr=20000ca8, run size=00000599 bytes, compression=rle
	.bss: load addr=00008040, load size=00000008 bytes, run addr=20000140, run size=00000b68 bytes, compression=zero_init
	.vecs: load addr=00008048, load size=00000008 bytes, run addr=20000000, run size=00000140 bytes, compression=zero_init


LINKER GENERATED HANDLER TABLE

__TI_handler_table @ 00008034 records: 3, size/record: 4, table size: 12
	index: 0, handler: __TI_decompress_rle24
	index: 1, handler: __TI_decompress_none
	index: 2, handler: __TI_zero_init


GLOBAL SYMBOLS: SORTED ALPHABETICALLY BY Name 

address   name                                                        
-------   ----                                                        
00004b21  ADC14_IRQHandler                                            
00005bf5  ADC14_enableModule                                          
00004c55  ADC14_initModule                                            
00004841  C$$EXIT                                                     
00003b5f  C$$IO$$                                                     
00005d63  CPU_cpsid                                                   
00005d6f  CPU_cpsie                                                   
00000d3d  CPU_wfi                                                     
000029a5  CS_initClockSignal                                          
0000540d  CS_setDCOCenteredFrequency                                  
0000468d  EUSCIA0_IRQHandler                                          
000049e1  FlashCtl_disableReadBuffering                               
00004d71  FlashCtl_enableReadBuffering                                
0000531d  FlashCtl_setWaitState                                       
000079f0  GPIOMSP432_config                                           
00005945  GPIO_clearInterruptFlag                                     
00004eed  GPIO_getEnabledInterruptStatus_WA                           
00005c05  GPIO_getInterruptStatus                                     
000040d1  GPIO_hwiIntFxn                                              
00003d91  GPIO_init                                                   
0000560d  GPIO_interruptEdgeSelect                                    
00005191  GPIO_setAsInputPin                                          
00004f1d  GPIO_setAsInputPinWithPullDownResistor                      
00004f4d  GPIO_setAsInputPinWithPullUpResistor                        
00005431  GPIO_setAsOutputPin                                         
000046d5  GPIO_setAsPeripheralModuleFunctionInputPin                  
00004125  GPIO_setCallback                                            
00001f59  GPIO_setConfig                                              
00005ad9  GPIO_setDriveStrengthHigh                                   
0000595d  GPIO_setDriveStrengthLow                                    
00005aed  GPIO_setOutputHighOnPin                                     
00005975  GPIO_setOutputLowOnPin                                      
00004f7d  GPIO_toggle                                                 
00005b01  GPIO_toggleOutputOnPin                                      
000042cd  GPIO_write                                                  
00000a49  HOSTclock                                                   
00000a11  HOSTclose                                                   
000009d3  HOSTgetenv                                                  
00000977  HOSTlseek                                                   
00000925  HOSTopen                                                    
000008d9  HOSTread                                                    
0000087b  HOSTrename                                                  
00000841  HOSTtime                                                    
00000809  HOSTunlink                                                  
000007bd  HOSTwrite                                                   
00005d19  HwiP_Params_init                                            
00003ccd  HwiP_create                                                 
00000f95  HwiP_disable                                                
00005e99  HwiP_restore                                                
0000140d  List_head                                                   
0000160d  List_next                                                   
00005e59  MSP_EXP432P401R_initGPIO                                    
00005e61  MSP_EXP432P401R_initGeneral                                 
000051bd  PCM_getCoreVoltageLevel                                     
000052c9  PCM_getPowerMode                                            
00005d7d  PCM_getPowerState                                           
00005345  PCM_gotoLPM0                                                
00003735  PCM_gotoLPM3                                                
00005c15  PCM_gotoLPM4                                                
00005e69  PCM_setPowerMode                                            
00005e71  PCM_setPowerState                                           
0000431d  PCM_shutdownDevice                                          
00007a04  PowerMSP432_config                                          
000034f7  PowerMSP432_initPolicy                                      
200011c8  PowerMSP432_module                                          
20000de0  PowerMSP432_perfLevels                                      
0000436d  PowerMSP432_sleepPolicy                                     
000051e9  PowerMSP432_updateFreqs                                     
00005d89  Power_getConstraintMask                                     
0000562d  Power_idleFunc                                              
00004b5d  Power_init                                                  
000025dd  Power_sleep                                                 
00005455  RTC_C_holdClock                                             
00005479  RTC_C_startClock                                            
UNDEFED   SHT$$INIT_ARRAY$$Base                                       
UNDEFED   SHT$$INIT_ARRAY$$Limit                                      
4000480c  WDTCTL_SYM                                                  
0000598d  WDT_A_holdTimer                                             
00005b15  WDT_A_startTimer                                            
00000000  __ASM__                                                     
20000a80  __CIOBUF_                                                   
00000066  __ISA__                                                     
00000079  __PLAT__                                                    
20010000  __STACK_END                                                 
00000300  __STACK_SIZE                                                
0000009c  __TARG__                                                    
00008050  __TI_CINIT_Base                                             
00008068  __TI_CINIT_Limit                                            
00008034  __TI_Handler_Table_Base                                     
00008040  __TI_Handler_Table_Limit                                    
00003141  __TI_auto_init                                              
20001234  __TI_cleanup_ptr                                            
00005d27  __TI_decompress_none                                        
00005e89  __TI_decompress_rle24                                       
20001238  __TI_dtors_ptr                                              
00003b63  __TI_readmsg                                                
00007c10  __TI_static_base__                                          
00003b31  __TI_writemsg                                               
00005d95  __TI_zero_init                                              
000000c2  __TRDR__                                                    
0000382b  __aeabi_idiv0                                               
000037b1  __aeabi_memclr                                              
000037b1  __aeabi_memclr4                                             
000037b1  __aeabi_memclr8                                             
00003281  __aeabi_memcpy                                              
00003281  __aeabi_memcpy4                                             
00003281  __aeabi_memcpy8                                             
000037b3  __aeabi_memset                                              
000037b3  __aeabi_memset4                                             
000037b3  __aeabi_memset8                                             
00004a61  __aeabi_uidiv                                               
00004a61  __aeabi_uidivmod                                            
ffffffff  __binit__                                                   
ffffffff  __c_args__                                                  
2000fd00  __stack                                                     
0000389b  __xdc__init                                                 
20000ddc  __xdc__init__addr                                           
000059a5  _args_main                                                  
00003fc9  _c_int00                                                    
2000122c  _lock                                                       
00005b4b  _nop                                                        
00005b43  _register_lock                                              
00005b3d  _register_unlock                                            
20001230  _unlock                                                     
00004845  abort                                                       
ffffffff  binit                                                       
000044b1  copy_in                                                     
0000484d  exit                                                        
20001224  gpioCallbackFunctions                                       
20001214  gpioPinConfigs                                              
00005b29  heartBeatFxn                                                
00003c01  initADC                                                     
00002c2d  main                                                        
2000123c  main_func_sp                                                
00003281  memcpy                                                      
000037b9  memset                                                      
00005cb9  osi_TaskDisable                                             
00005c49  osi_start                                                   
00005b51  strcpy                                                      
00005b65  strlen                                                      
20000540  task0Stack                                                  
20000c20  task0Struct                                                 
200011ec  ti_sysbios_BIOS_Module__state__V                            
000058a9  ti_sysbios_BIOS_RtsGateProxy_Handle__label__S               
00005555  ti_sysbios_BIOS_RtsGateProxy_Object__delete__S              
00001ca5  ti_sysbios_BIOS_RtsGateProxy_enter__E                       
00001e0d  ti_sysbios_BIOS_RtsGateProxy_leave__E                       
00005ed1  ti_sysbios_BIOS_RtsGateProxy_query__E                       
00004fad  ti_sysbios_BIOS_atExitFunc__I                               
0000549d  ti_sysbios_BIOS_errorRaiseHook__I                           
00005a99  ti_sysbios_BIOS_exitFunc__I                                 
00003b2f  ti_sysbios_BIOS_nullFunc__I                                 
000054c1  ti_sysbios_BIOS_registerRTSLock__I                          
000054e5  ti_sysbios_BIOS_removeRTSLock__I                            
0000564d  ti_sysbios_BIOS_rtsLock__I                                  
000059bd  ti_sysbios_BIOS_rtsUnlock__I                                
00005c29  ti_sysbios_BIOS_setCpuFreq__E                               
00005c39  ti_sysbios_BIOS_setThreadType__E                            
00005509  ti_sysbios_BIOS_startFunc__I                                
00005c49  ti_sysbios_BIOS_start__E                                    
00007a64  ti_sysbios_family_arm_m3_Hwi_E_NMI__C                       
00007a68  ti_sysbios_family_arm_m3_Hwi_E_alreadyDefined__C            
00007a6c  ti_sysbios_family_arm_m3_Hwi_E_busFault__C                  
00007a70  ti_sysbios_family_arm_m3_Hwi_E_debugMon__C                  
00007a74  ti_sysbios_family_arm_m3_Hwi_E_hardFault__C                 
00007a78  ti_sysbios_family_arm_m3_Hwi_E_memFault__C                  
00007a7c  ti_sysbios_family_arm_m3_Hwi_E_noIsr__C                     
00007a80  ti_sysbios_family_arm_m3_Hwi_E_reserved__C                  
00007a84  ti_sysbios_family_arm_m3_Hwi_E_svCall__C                    
00007a88  ti_sysbios_family_arm_m3_Hwi_E_usageFault__C                
00005875  ti_sysbios_family_arm_m3_Hwi_Handle__label__S               
00004da9  ti_sysbios_family_arm_m3_Hwi_Instance_finalize__E           
000034f9  ti_sysbios_family_arm_m3_Hwi_Instance_init__E               
20000cb0  ti_sysbios_family_arm_m3_Hwi_Module_State_0_excActive__A    
20000cb4  ti_sysbios_family_arm_m3_Hwi_Module_State_0_excContext__A   
20000cb8  ti_sysbios_family_arm_m3_Hwi_Module_State_0_excStack__A     
0000773a  ti_sysbios_family_arm_m3_Hwi_Module__id__C                  
20000ca8  ti_sysbios_family_arm_m3_Hwi_Module__root__V                
000059d5  ti_sysbios_family_arm_m3_Hwi_Module__startupDone__F         
000059d5  ti_sysbios_family_arm_m3_Hwi_Module__startupDone__S         
200010d8  ti_sysbios_family_arm_m3_Hwi_Module__state__V               
000043c1  ti_sysbios_family_arm_m3_Hwi_Module_startup__E              
00007a8c  ti_sysbios_family_arm_m3_Hwi_NUM_INTERRUPTS__C              
000078a8  ti_sysbios_family_arm_m3_Hwi_Object__DESC__C                
000077c0  ti_sysbios_family_arm_m3_Hwi_Object__PARAMS__C              
00007a90  ti_sysbios_family_arm_m3_Hwi_Object__count__C               
00005b79  ti_sysbios_family_arm_m3_Hwi_Object__get__S                 
20001014  ti_sysbios_family_arm_m3_Hwi_Object__table__V               
00005da1  ti_sysbios_family_arm_m3_Hwi_Params__init__S                
00007a94  ti_sysbios_family_arm_m3_Hwi_ccr__C                         
00004021  ti_sysbios_family_arm_m3_Hwi_construct                      
00005db1  ti_sysbios_family_arm_m3_Hwi_disableFxn__E                  
00004721  ti_sysbios_family_arm_m3_Hwi_disableInterrupt__E            
00003c69  ti_sysbios_family_arm_m3_Hwi_dispatchC__I                   
20000940  ti_sysbios_family_arm_m3_Hwi_dispatchTable                  
000026d1  ti_sysbios_family_arm_m3_Hwi_dispatch__I                    
00005e79  ti_sysbios_family_arm_m3_Hwi_doSwiRestore__I                
00005e91  ti_sysbios_family_arm_m3_Hwi_doTaskRestore__I               
00004769  ti_sysbios_family_arm_m3_Hwi_enableInterrupt__E             
00001b31  ti_sysbios_family_arm_m3_Hwi_excBusFault__I                 
00002cf9  ti_sysbios_family_arm_m3_Hwi_excDebugMon__I                 
00000041  ti_sysbios_family_arm_m3_Hwi_excDumpRegs__I                 
0000566d  ti_sysbios_family_arm_m3_Hwi_excHandlerAsm__I               
00007a98  ti_sysbios_family_arm_m3_Hwi_excHandlerFunc__C              
00001411  ti_sysbios_family_arm_m3_Hwi_excHandlerMax__I               
00005691  ti_sysbios_family_arm_m3_Hwi_excHandler__I                  
00002db9  ti_sysbios_family_arm_m3_Hwi_excHardFault__I                
00007a3c  ti_sysbios_family_arm_m3_Hwi_excHookFuncs__A                
00007a9c  ti_sysbios_family_arm_m3_Hwi_excHookFuncs__C                
00001e11  ti_sysbios_family_arm_m3_Hwi_excMemFault__I                 
00004de1  ti_sysbios_family_arm_m3_Hwi_excNmi__I                      
00004c91  ti_sysbios_family_arm_m3_Hwi_excNoIsr__I                    
000047b1  ti_sysbios_family_arm_m3_Hwi_excReserved__I                 
00004b99  ti_sysbios_family_arm_m3_Hwi_excSvCall__I                   
00001ca9  ti_sysbios_family_arm_m3_Hwi_excUsageFault__I               
00004889  ti_sysbios_family_arm_m3_Hwi_getStackInfo__E                
00003591  ti_sysbios_family_arm_m3_Hwi_initNVIC__E                    
00004079  ti_sysbios_family_arm_m3_Hwi_initStacks__E                  
00007aa0  ti_sysbios_family_arm_m3_Hwi_nullIsrFunc__C                 
e000e000  ti_sysbios_family_arm_m3_Hwi_nvic                           
000053c1  ti_sysbios_family_arm_m3_Hwi_pendSV__I                      
000036b1  ti_sysbios_family_arm_m3_Hwi_postInit__I                    
00007aa4  ti_sysbios_family_arm_m3_Hwi_priGroup__C                    
20000000  ti_sysbios_family_arm_m3_Hwi_ramVectors                     
00000000  ti_sysbios_family_arm_m3_Hwi_resetVectors                   
00005e99  ti_sysbios_family_arm_m3_Hwi_restoreFxn__E                  
000053e5  ti_sysbios_family_arm_m3_Hwi_return                         
00005e81  ti_sysbios_family_arm_m3_Hwi_startup__E                     
00005b91  ti_sysbios_family_arm_m3_Hwi_switchFromBootStack__E         
000028b5  ti_sysbios_family_arm_m3_TaskSupport_Module__startupDone__S 
00003625  ti_sysbios_family_arm_m3_TaskSupport_buildTaskStack         
00005dc1  ti_sysbios_family_arm_m3_TaskSupport_checkStack__E          
00005dd1  ti_sysbios_family_arm_m3_TaskSupport_getStackAlignment__E   
00005c59  ti_sysbios_family_arm_m3_TaskSupport_glue                   
00007aa8  ti_sysbios_family_arm_m3_TaskSupport_stackAlignment__C      
00004fe1  ti_sysbios_family_arm_m3_TaskSupport_start__E               
000059ed  ti_sysbios_family_arm_m3_TaskSupport_swap__E                
20000cbc  ti_sysbios_family_arm_msp432_ClockFreqs_Module__state__V    
00005531  ti_sysbios_family_arm_msp432_ClockFreqs_setFrequency__E     
20000cd0  ti_sysbios_family_arm_msp432_Timer_Module_State_0_device__A 
20000cf0  ti_sysbios_family_arm_msp432_Timer_Module_State_0_handles__A
20000cc8  ti_sysbios_family_arm_msp432_Timer_Module__root__V          
00005a05  ti_sysbios_family_arm_msp432_Timer_Module__startupDone__F   
00005a05  ti_sysbios_family_arm_msp432_Timer_Module__startupDone__S   
20000d00  ti_sysbios_family_arm_msp432_Timer_Module__state__V         
00004aa1  ti_sysbios_family_arm_msp432_Timer_Module_startup__E        
20000f7c  ti_sysbios_family_arm_msp432_Timer_Object__table__V         
00005de1  ti_sysbios_family_arm_msp432_Timer_getMaxTicks__E           
00004179  ti_sysbios_family_arm_msp432_Timer_initDevice__I            
00007aac  ti_sysbios_family_arm_msp432_Timer_numTimerDevices__C       
00003099  ti_sysbios_family_arm_msp432_Timer_periodicStub__E          
00004501  ti_sysbios_family_arm_msp432_Timer_postInit__I              
00004551  ti_sysbios_family_arm_msp432_Timer_start__E                 
00007ab0  ti_sysbios_family_arm_msp432_Timer_startupNeeded__C         
00004ae1  ti_sysbios_family_arm_msp432_Timer_startup__E               
000041d1  ti_sysbios_family_arm_msp432_init_Boot_configureClocksHigh  
00005c69  ti_sysbios_family_arm_msp432_init_Boot_disableWatchdog      
00005d57  ti_sysbios_family_arm_msp432_init_Boot_init__I              
00005771  ti_sysbios_family_xxx_Hwi_switchAndRunFunc                  
0000588f  ti_sysbios_gates_GateHwi_Handle__label__S                   
00005ee1  ti_sysbios_gates_GateHwi_Instance_init__E                   
00007818  ti_sysbios_gates_GateHwi_Module__FXNS__C                    
20000d0c  ti_sysbios_gates_GateHwi_Module__root__V                    
000078c8  ti_sysbios_gates_GateHwi_Object__DESC__C                    
000079a8  ti_sysbios_gates_GateHwi_Object__PARAMS__C                  
00005011  ti_sysbios_gates_GateHwi_Object__create__S                  
000056b1  ti_sysbios_gates_GateHwi_Object__delete__S                  
[...]
00005cb9  osi_TaskDisable                                             
00005cb9  ti_sysbios_knl_Task_disable__E                              
00005cc9  xdc_runtime_Gate_leaveSystem__E                             
00005cd9  xdc_runtime_Memory_free__E                                  
00005ce9  xdc_runtime_SysMin_ready__E                                 
00005ce9  xdc_runtime_System_SupportProxy_ready__E                    
00005cf9  xdc_runtime_System_vsnprintf__E                             
00005d09  xdc_runtime_Text_visitRope__I                               
00005d19  HwiP_Params_init                                            
00005d27  __TI_decompress_none                                        
00005d39  ti_sysbios_knl_Idle_loop__E                                 
00005d49  ti_sysbios_knl_Queue_empty__E                               
00005d57  ti_sysbios_family_arm_msp432_init_Boot_init__I              
00005d57  xdc_runtime_Startup_reset__I                                
00005d63  CPU_cpsid                                                   
00005d6f  CPU_cpsie                                                   
00005d7d  PCM_getPowerState                                           
00005d89  Power_getConstraintMask                                     
00005d95  __TI_zero_init                                              
00005da1  ti_sysbios_family_arm_m3_Hwi_Params__init__S                
00005da1  ti_sysbios_hal_Hwi_HwiProxy_Params__init__S                 
00005db1  ti_sysbios_family_arm_m3_Hwi_disableFxn__E                  
00005db1  ti_sysbios_hal_Hwi_HwiProxy_disable__E                      
00005dc1  ti_sysbios_family_arm_m3_TaskSupport_checkStack__E          
00005dc1  ti_sysbios_knl_Task_SupportProxy_checkStack__E              
00005dd1  ti_sysbios_family_arm_m3_TaskSupport_getStackAlignment__E   
00005dd1  ti_sysbios_knl_Task_SupportProxy_getStackAlignment__E       
00005de1  ti_sysbios_family_arm_msp432_Timer_getMaxTicks__E           
00005df1  ti_sysbios_gates_GateHwi_enter__E                           
00005dfd  ti_sysbios_knl_Queue_Object__get__S                         
00005e09  ti_sysbios_knl_Task_Params__init__S                         
00005e15  xdc_runtime_Error_init__E                                   
00005e21  xdc_runtime_Gate_enterSystem__E                             
00005e2d  xdc_runtime_Memory_calloc__E                                
00005e39  xdc_runtime_Memory_getMaxDefaultTypeAlign__E                
00005e45  xdc_runtime_Memory_HeapProxy_alloc__E                       
00005e4f  xdc_runtime_Memory_HeapProxy_free__E                        
00005e59  MSP_EXP432P401R_initGPIO                                    
00005e61  MSP_EXP432P401R_initGeneral                                 
00005e69  PCM_setPowerMode                                            
00005e71  PCM_setPowerState                                           
00005e79  ti_sysbios_family_arm_m3_Hwi_doSwiRestore__I                
00005e81  ti_sysbios_family_arm_m3_Hwi_startup__E                     
00005e81  ti_sysbios_hal_Hwi_HwiProxy_startup__E                      
00005e89  __TI_decompress_rle24                                       
00005e91  ti_sysbios_family_arm_m3_Hwi_doTaskRestore__I               
00005e99  HwiP_restore                                                
00005e99  ti_sysbios_family_arm_m3_Hwi_restoreFxn__E                  
00005e99  ti_sysbios_hal_Hwi_HwiProxy_restore__E                      
00005ea1  ti_sysbios_gates_GateHwi_leave__E                           
00005ea9  ti_sysbios_heaps_HeapMem_isBlocking__E                      
00005eb1  ti_sysbios_knl_Queue_Instance_init__E                       
00005eb9  ti_sysbios_knl_Swi_startup__E                               
00005ebf  xdc_runtime_System_Module_startup__E                        
00005ec9  ti_sysbios_gates_GateHwi_query__E                           
00005ec9  xdc_runtime_Main_Module_GateProxy_query__E                  
00005ec9  xdc_runtime_System_Module_GateProxy_query__E                
00005ed1  ti_sysbios_BIOS_RtsGateProxy_query__E                       
00005ed1  ti_sysbios_gates_GateMutex_query__E                         
00005ed1  ti_sysbios_heaps_HeapMem_Module_GateProxy_query__E          
00005ed9  ti_sysbios_knl_Task_startup__E                              
00005ee1  ti_sysbios_gates_GateHwi_Instance_init__E                   
00005ee9  ti_sysbios_knl_Clock_logTick__E                             
00005eec  xdc_runtime_Text_charTab__A                                 
0000768a  xdc_runtime_Text_nodeTab__A                                 
0000773a  ti_sysbios_family_arm_m3_Hwi_Module__id__C                  
00007784  ti_sysbios_knl_Task_Object__PARAMS__C                       
000077c0  ti_sysbios_family_arm_m3_Hwi_Object__PARAMS__C              
000077f0  ti_sysbios_heaps_HeapMem_Module__FXNS__C                    
00007818  ti_sysbios_gates_GateHwi_Module__FXNS__C                    
0000783c  ti_sysbios_gates_GateMutex_Module__FXNS__C                  
00007860  ti_sysbios_heaps_HeapMem_Object__PARAMS__C                  
00007884  ti_sysbios_knl_Semaphore_Object__PARAMS__C                  
000078a8  ti_sysbios_family_arm_m3_Hwi_Object__DESC__C                
000078c8  ti_sysbios_gates_GateHwi_Object__DESC__C                    
000078e8  ti_sysbios_gates_GateMutex_Object__DESC__C                  
00007908  ti_sysbios_heaps_HeapMem_Object__DESC__C                    
00007928  ti_sysbios_knl_Queue_Object__DESC__C                        
00007948  ti_sysbios_knl_Semaphore_Object__DESC__C                    
00007968  ti_sysbios_knl_Task_Object__DESC__C                         
00007988  xdc_runtime_Startup_sfxnTab__A                              
000079a8  ti_sysbios_gates_GateHwi_Object__PARAMS__C                  
000079c0  ti_sysbios_gates_GateMutex_Object__PARAMS__C                
000079d8  ti_sysbios_knl_Queue_Object__PARAMS__C                      
000079f0  GPIOMSP432_config                                           
00007a04  PowerMSP432_config                                          
00007a14  xdc_runtime_Startup_sfxnRts__A                              
00007a30  xdc_runtime_Startup_firstFxns__A                            
00007a3c  ti_sysbios_family_arm_m3_Hwi_excHookFuncs__A                
00007a44  ti_sysbios_knl_Idle_funcList__A                             
00007a4c  ti_sysbios_knl_Idle_funcList__C                             
00007a54  xdc_runtime_Startup_firstFxns__C                            
00007a5c  xdc_runtime_Startup_lastFxns__C                             
00007a64  ti_sysbios_family_arm_m3_Hwi_E_NMI__C                       
00007a68  ti_sysbios_family_arm_m3_Hwi_E_alreadyDefined__C            
00007a6c  ti_sysbios_family_arm_m3_Hwi_E_busFault__C                  
00007a70  ti_sysbios_family_arm_m3_Hwi_E_debugMon__C                  
00007a74  ti_sysbios_family_arm_m3_Hwi_E_hardFault__C                 
00007a78  ti_sysbios_family_arm_m3_Hwi_E_memFault__C                  
00007a7c  ti_sysbios_family_arm_m3_Hwi_E_noIsr__C                     
00007a80  ti_sysbios_family_arm_m3_Hwi_E_reserved__C                  
00007a84  ti_sysbios_family_arm_m3_Hwi_E_svCall__C                    
00007a88  ti_sysbios_family_arm_m3_Hwi_E_usageFault__C                
00007a8c  ti_sysbios_family_arm_m3_Hwi_NUM_INTERRUPTS__C              
00007a90  ti_sysbios_family_arm_m3_Hwi_Object__count__C               
00007a94  ti_sysbios_family_arm_m3_Hwi_ccr__C                         
00007a98  ti_sysbios_family_arm_m3_Hwi_excHandlerFunc__C              
00007a9c  ti_sysbios_family_arm_m3_Hwi_excHookFuncs__C                
00007aa0  ti_sysbios_family_arm_m3_Hwi_nullIsrFunc__C                 
00007aa4  ti_sysbios_family_arm_m3_Hwi_priGroup__C                    
00007aa8  ti_sysbios_family_arm_m3_TaskSupport_stackAlignment__C      
00007aac  ti_sysbios_family_arm_msp432_Timer_numTimerDevices__C       
00007ab0  ti_sysbios_family_arm_msp432_Timer_startupNeeded__C         
00007ab4  ti_sysbios_gates_GateMutex_A_badContext__C                  
00007ab8  ti_sysbios_gates_GateMutex_Instance_State_sem__O            
00007abc  ti_sysbios_gates_GateMutex_Module__diagsEnabled__C          
00007ac0  ti_sysbios_gates_GateMutex_Module__diagsIncluded__C         
00007ac4  ti_sysbios_gates_GateMutex_Module__diagsMask__C             
00007ac8  ti_sysbios_hal_Hwi_E_stackOverflow__C                       
00007acc  ti_sysbios_heaps_HeapMem_A_align__C                         
00007ad0  ti_sysbios_heaps_HeapMem_A_heapSize__C                      
00007ad4  ti_sysbios_heaps_HeapMem_A_invalidFree__C                   
00007ad8  ti_sysbios_heaps_HeapMem_A_zeroBlock__C                     
00007adc  ti_sysbios_heaps_HeapMem_E_memory__C                        
00007ae0  ti_sysbios_heaps_HeapMem_Module__diagsEnabled__C            
00007ae4  ti_sysbios_heaps_HeapMem_Module__diagsIncluded__C           
00007ae8  ti_sysbios_heaps_HeapMem_Module__diagsMask__C               
00007aec  ti_sysbios_heaps_HeapMem_Module__gateObj__C                 
00007af0  ti_sysbios_heaps_HeapMem_Object__count__C                   
00007af4  ti_sysbios_heaps_HeapMem_reqAlign__C                        
00007af8  ti_sysbios_knl_Clock_Module_State_clockQ__O                 
00007afc  ti_sysbios_knl_Semaphore_A_badContext__C                    
00007b00  ti_sysbios_knl_Semaphore_A_noEvents__C                      
00007b04  ti_sysbios_knl_Semaphore_A_overflow__C                      
00007b08  ti_sysbios_knl_Semaphore_A_pendTaskDisabled__C              
00007b0c  ti_sysbios_knl_Semaphore_Instance_State_pendQ__O            
00007b10  ti_sysbios_knl_Semaphore_Module__diagsEnabled__C            
00007b14  ti_sysbios_knl_Semaphore_Module__diagsIncluded__C           
00007b18  ti_sysbios_knl_Semaphore_Module__diagsMask__C               
00007b1c  ti_sysbios_knl_Swi_Object__count__C                         
00007b20  ti_sysbios_knl_Task_A_badPriority__C                        
00007b24  ti_sysbios_knl_Task_A_badTaskState__C                       
00007b28  ti_sysbios_knl_Task_A_badThreadType__C                      
00007b2c  ti_sysbios_knl_Task_A_badTimeout__C                         
00007b30  ti_sysbios_knl_Task_A_noPendElem__C                         
00007b34  ti_sysbios_knl_Task_A_sleepTaskDisabled__C                  
00007b38  ti_sysbios_knl_Task_E_spOutOfBounds__C                      
00007b3c  ti_sysbios_knl_Task_E_stackOverflow__C                      
00007b40  ti_sysbios_knl_Task_Module_State_inactiveQ__O               
00007b44  ti_sysbios_knl_Task_Module__diagsEnabled__C                 
00007b48  ti_sysbios_knl_Task_Module__diagsIncluded__C                
00007b4c  ti_sysbios_knl_Task_Module__diagsMask__C                    
00007b50  ti_sysbios_knl_Task_Object__count__C                        
00007b54  ti_sysbios_knl_Task_allBlockedFunc__C                       
00007b58  ti_sysbios_knl_Task_defaultStackHeap__C                     
00007b5c  ti_sysbios_knl_Task_defaultStackSize__C                     
00007b60  ti_sysbios_knl_Task_numConstructedTasks__C                  
00007b64  xdc_runtime_Assert_E_assertFailed__C                        
00007b68  xdc_runtime_Core_A_initializedParams__C                     
00007b6c  xdc_runtime_Core_Module__diagsEnabled__C                    
00007b70  xdc_runtime_Core_Module__diagsIncluded__C                   
00007b74  xdc_runtime_Core_Module__diagsMask__C                       
00007b78  xdc_runtime_Error_E_memory__C                               
00007b7c  xdc_runtime_Error_Module__diagsEnabled__C                   
00007b80  xdc_runtime_Error_Module__diagsIncluded__C                  
00007b84  xdc_runtime_Error_Module__diagsMask__C                      
00007b88  xdc_runtime_Error_Module__loggerFxn8__C                     
00007b8c  xdc_runtime_Error_Module__loggerObj__C                      
00007b90  xdc_runtime_Error_policyFxn__C                              
00007b94  xdc_runtime_Error_raiseHook__C                              
00007b98  xdc_runtime_IGateProvider_Interface__BASE__C                
00007b9c  xdc_runtime_IHeap_Interface__BASE__C                        
00007ba0  xdc_runtime_IModule_Interface__BASE__C                      
00007ba4  xdc_runtime_Log_L_error__C                                  
00007ba8  xdc_runtime_Memory_defaultHeapInstance__C                   
00007bac  xdc_runtime_Startup_execImpl__C                             
00007bb0  xdc_runtime_Startup_maxPasses__C                            
00007bb4  xdc_runtime_Startup_sfxnRts__C                              
00007bb8  xdc_runtime_Startup_sfxnTab__C                              
00007bbc  xdc_runtime_SysMin_bufSize__C                               
00007bc0  xdc_runtime_SysMin_outputFunc__C                            
00007bc4  xdc_runtime_System_Module__gateObj__C                       
00007bc8  xdc_runtime_System_abortFxn__C                              
00007bcc  xdc_runtime_System_exitFxn__C                               
00007bd0  xdc_runtime_System_extendFxn__C                             
00007bd4  xdc_runtime_System_maxAtexitHandlers__C                     
00007bd8  xdc_runtime_Text_charTab__C                                 
00007bdc  xdc_runtime_Text_nameEmpty__C                               
00007be0  xdc_runtime_Text_nameStatic__C                              
00007be4  xdc_runtime_Text_nameUnknown__C                             
00007be8  xdc_runtime_Text_nodeTab__C                                 
00007bec  xdc_runtime_Text_visitRopeFxn__C                            
00007bf0  ti_sysbios_gates_GateMutex_Module__id__C                    
00007bf2  ti_sysbios_hal_Hwi_Module__id__C                            
00007bf4  ti_sysbios_heaps_HeapMem_Module__id__C                      
00007bf6  ti_sysbios_knl_Semaphore_Module__id__C                      
00007bf8  ti_sysbios_knl_Task_Module__id__C                           
00007bfa  xdc_runtime_Core_Module__id__C                              
00007bfc  xdc_runtime_Error_Module__loggerDefined__C                  
00007bfe  xdc_runtime_Error_maxDepth__C                               
00007c00  xdc_runtime_Memory_Module__id__C                            
00007c02  xdc_runtime_SysMin_flushAtExit__C                           
00007c04  xdc_runtime_Text_charCnt__C                                 
00007c06  xdc_runtime_Text_isLoaded__C                                
00007c08  xdc_runtime_Text_registryModsLastId__C                      
00007c0a  xdc_runtime_Text_unnamedModsLastId__C                       
00007c0c  xdc_runtime_Error_policy__C                                 
00007c10  __TI_static_base__                                          
00008034  __TI_Handler_Table_Base                                     
00008040  __TI_Handler_Table_Limit                                    
00008050  __TI_CINIT_Base                                             
00008068  __TI_CINIT_Limit                                            
20000000  ti_sysbios_family_arm_m3_Hwi_ramVectors                     
20000140  ti_sysbios_heaps_HeapMem_Instance_State_0_buf__A            
20000540  task0Stack                                                  
20000740  ti_sysbios_knl_Task_Instance_State_0_stack__A               
20000940  ti_sysbios_family_arm_m3_Hwi_dispatchTable                  
20000a80  __CIOBUF_                                                   
20000ba0  xdc_runtime_SysMin_Module_State_0_outbuf__A                 
20000c20  task0Struct                                                 
20000ca8  ti_sysbios_family_arm_m3_Hwi_Module__root__V                
20000cb0  ti_sysbios_family_arm_m3_Hwi_Module_State_0_excActive__A    
20000cb4  ti_sysbios_family_arm_m3_Hwi_Module_State_0_excContext__A   
20000cb8  ti_sysbios_family_arm_m3_Hwi_Module_State_0_excStack__A     
20000cbc  ti_sysbios_family_arm_msp432_ClockFreqs_Module__state__V    
20000cc8  ti_sysbios_family_arm_msp432_Timer_Module__root__V          
20000cd0  ti_sysbios_family_arm_msp432_Timer_Module_State_0_device__A 
20000cf0  ti_sysbios_family_arm_msp432_Timer_Module_State_0_handles__A
20000d00  ti_sysbios_family_arm_msp432_Timer_Module__state__V         
20000d0c  ti_sysbios_gates_GateHwi_Module__root__V                    
20000d14  ti_sysbios_gates_GateHwi_Object__table__V                   
20000d18  ti_sysbios_gates_GateMutex_Module__root__V                  
20000d20  ti_sysbios_hal_Hwi_Module__root__V                          
20000d28  ti_sysbios_hal_Hwi_Object__table__V                         
20000d38  ti_sysbios_heaps_HeapMem_Module__root__V                    
20000d40  ti_sysbios_heaps_HeapMem_Object__table__V                   
20000d58  ti_sysbios_knl_Clock_Module__root__V                        
20000d60  ti_sysbios_knl_Queue_Module__root__V                        
20000d68  ti_sysbios_knl_Semaphore_Module__root__V                    
20000d70  ti_sysbios_knl_Swi_Module__root__V                          
20000d78  ti_sysbios_knl_Swi_Module__state__V                         
20000d94  ti_sysbios_knl_Task_Module__root__V                         
20000d9c  ti_sysbios_knl_Task_Module_State_0_idleTask__A              
20000da0  xdc_runtime_Error_Module__state__V                          
20000da4  xdc_runtime_Memory_Module__state__V                         
20000da8  xdc_runtime_Registry_Module__state__V                       
20000db0  xdc_runtime_Startup_Module__state__V                        
20000db8  xdc_runtime_SysMin_Module__state__V                         
20000dc4  xdc_runtime_System_Module_State_0_atexitHandlers__A         
20000dcc  xdc_runtime_System_Module__state__V                         
20000dd4  xdc_runtime_Text_Module__state__V                           
20000ddc  __xdc__init__addr                                           
20000de0  PowerMSP432_perfLevels                                      
20000e7c  ti_sysbios_knl_Swi_Module_State_0_readyQ__A                 
20000efc  ti_sysbios_knl_Task_Module_State_0_readyQ__A                
20000f7c  ti_sysbios_family_arm_msp432_Timer_Object__table__V         
20000fc8  ti_sysbios_knl_Task_Object__table__V                        
20001014  ti_sysbios_family_arm_m3_Hwi_Object__table__V               
2000105c  ti_sysbios_knl_Task_Module__state__V                        
200010a0  ti_sysbios_gates_GateMutex_Object__table__V                 
200010d8  ti_sysbios_family_arm_m3_Hwi_Module__state__V               
2000116c  ti_sysbios_knl_Swi_Object__table__V                         
2000119c  ti_sysbios_knl_Clock_Module__state__V                       
200011c8  PowerMSP432_module                                          
200011ec  ti_sysbios_BIOS_Module__state__V                            
20001214  gpioPinConfigs                                              
20001224  gpioCallbackFunctions                                       
2000122c  _lock                                                       
20001230  _unlock                                                     
20001234  __TI_cleanup_ptr                                            
20001238  __TI_dtors_ptr                                              
2000123c  main_func_sp                                                
2000fd00  __stack                                                     
20010000  __STACK_END                                                 
4000480c  WDTCTL_SYM                                                  
e000e000  ti_sysbios_family_arm_m3_Hwi_nvic                           
ffffffff  __binit__                                                   
ffffffff  __c_args__                                                  
ffffffff  binit                                                       
UNDEFED   SHT$$INIT_ARRAY$$Base                                       
UNDEFED   SHT$$INIT_ARRAY$$Limit                                      

[594 symbols]
