******************************************************************************
                  TI ARM Linker PC v5.2.5                      
******************************************************************************
>> Linked Thu Apr 07 16:25:10 2016

OUTPUT FILE NAME:   <ChallengeAssignmentThree.out>
ENTRY POINT SYMBOL: "_c_int00"  address: 00003f21


MEMORY CONFIGURATION

         name            origin    length      used     unused   attr    fill
----------------------  --------  ---------  --------  --------  ----  --------
  MAIN                  00000000   00040000  00004ad6  0003b52a  R  X
  INFO                  00200000   00004000  00000000  00004000  R  X
  SRAM_CODE             01000000   00010000  00000000  00010000  RW X
  SRAM_DATA             20000000   00010000  000003be  0000fc42  RW  


SEGMENT ALLOCATION MAP

run origin  load origin   length   init length attrs members
----------  ----------- ---------- ----------- ----- -------
00000000    00000000    00004ad8   00004ad8    r-x
  00000000    00000000    00000140   00000140    r-- .intvecs
  00000140    00000140    0000436a   0000436a    r-x .text
  000044ac    000044ac    00000594   00000594    r-- .const
  00004a40    00004a40    00000098   00000098    r-- .cinit
20000000    20000000    000001be   00000000    rw-
  20000000    20000000    00000184   00000000    rw- .data
  20000184    20000184    0000003a   00000000    rw- .bss
2000fe00    2000fe00    00000200   00000000    rw-
  2000fe00    2000fe00    00000200   00000000    rw- .stack


SECTION ALLOCATION MAP

 output                                  attributes/
section   page    origin      length       input sections
--------  ----  ----------  ----------   ----------------
.intvecs   0    00000000    00000140     
                  00000000    00000140     startup_msp432p401r_ccs.obj (.intvecs:retain)

.text      0    00000140    0000436a     
                  00000140    000010ba     rtsv7M4_T_le_v4SPD16_eabi.lib : _printfi.obj (.text)
                  000011fa    00000002     --HOLE-- [fill = 0]
                  000011fc    00000678     Crystalfontz128x128_ST7735.obj (.text)
                  00001874    00000630     string.obj (.text)
                  00001ea4    00000490     line.obj (.text)
                  00002334    00000348     system_msp432p401r.obj (.text)
                  0000267c    000002e8     main.obj (.text)
                  00002964    00000294     functions.obj (.text)
                  00002bf8    00000266     context.obj (.text)
                  00002e5e    000001f4     rtsv7M4_T_le_v4SPD16_eabi.lib : ull_div_t2.obj (.text)
                  00003052    000001b6                                   : fd_add_t2.obj (.text)
                  00003208    00000154     msp432p4xx_driverlib.lib : adc14.o (.text:_getIndexForMemRegister)
                  0000335c    00000136     rtsv7M4_T_le_v4SPD16_eabi.lib : fd_div_t2.obj (.text)
                  00003492    00000134     display.obj (.text)
                  000035c6    00000002     --HOLE-- [fill = 0]
                  000035c8    00000110     rtsv7M4_T_le_v4SPD16_eabi.lib : xdscale.obj (.text)
                  000036d8    000000fc                                   : fd_mul_t2.obj (.text)
                  000037d4    000000e0     msp432p4xx_driverlib.lib : cs.o (.text:CS_initClockSignal)
                  000038b4    000000be     rtsv7M4_T_le_v4SPD16_eabi.lib : xdnorm.obj (.text)
                  00003972    00000002     --HOLE-- [fill = 0]
                  00003974    000000bc     HAL_MSP_EXP432P401R_Crystalfontz128x128_ST7735.obj (.text)
                  00003a30    0000009c     rtsv7M4_T_le_v4SPD16_eabi.lib : memcpy_t2.obj (.text)
                  00003acc    00000088     msp432p4xx_driverlib.lib : spi.o (.text:SPI_initMaster)
                  00003b54    00000086     rtsv7M4_T_le_v4SPD16_eabi.lib : fd_cmp_t2.obj (.text:__aeabi_cdcmple)
                  00003bda    00000086                                   : fd_cmp_t2.obj (.text:__aeabi_cdrcmple)
                  00003c60    0000007a                                   : memset_t2.obj (.text)
                  00003cda    00000002     --HOLE-- [fill = 0]
                  00003cdc    0000006c                                   : autoinit.obj (.text)
                  00003d48    0000006a                                   : copy_decompress_rle.obj (.text)
                  00003db2    00000066                                   : xdunscal.obj (.text)
                  00003e18    00000060                                   : sprintf.obj (.text)
                  00003e78    00000056                                   : ltoa.obj (.text)
                  00003ece    00000052                                   : ldexp.obj (.text)
                  00003f20    00000050                                   : boot.obj (.text)
                  00003f70    0000004c     msp432p4xx_driverlib.lib : gpio.o (.text:GPIO_setAsPeripheralModuleFunctionOutputPin)
                  00003fbc    0000004c     rtsv7M4_T_le_v4SPD16_eabi.lib : atoi.obj (.text)
                  00004008    0000004c                                   : cpy_tbl.obj (.text)
                  00004054    00000048     msp432p4xx_driverlib.lib : gpio.o (.text:GPIO_setAsPeripheralModuleFunctionInputPin)
                  0000409c    00000048     rtsv7M4_T_le_v4SPD16_eabi.lib : fd_toi_t2.obj (.text)
                  000040e4    00000044                                   : exit.obj (.text)
                  00004128    00000040                                   : signal.obj (.text)
                  00004168    00000034                                   : feraiseexcept.obj (.text)
                  0000419c    00000030     msp432p4xx_driverlib.lib : gpio.o (.text:GPIO_setAsInputPinWithPullUpResistor)
                  000041cc    00000030                              : spi.o (.text:is_A_Module)
                  000041fc    00000030     rtsv7M4_T_le_v4SPD16_eabi.lib : xdclass.obj (.text)
                  0000422c    00000030                                   : xferaise.obj (.text)
                  0000425c    0000002e                                   : i_tofd_t2.obj (.text)
                  0000428a    0000002e                                   : raise.obj (.text)
                  000042b8    0000002a                                   : frexp.obj (.text)
                  000042e2    00000002     --HOLE-- [fill = 0]
                  000042e4    00000024     msp432p4xx_driverlib.lib : cs.o (.text:CS_setDCOCenteredFrequency)
                  00004308    00000024                              : gpio.o (.text:GPIO_setAsOutputPin)
                  0000432c    00000020                              : spi.o (.text:SPI_transmitData)
                  0000434c    0000001c     rtsv7M4_T_le_v4SPD16_eabi.lib : memccpy.obj (.text)
                  00004368    0000001a     msp432p4xx_driverlib.lib : spi.o (.text:SPI_enableModule)
                  00004382    00000002     --HOLE-- [fill = 0]
                  00004384    00000018                              : adc14.o (.text:ADC14_getResult)
                  0000439c    00000018                              : gpio.o (.text:GPIO_clearInterruptFlag)
                  000043b4    00000018                              : gpio.o (.text:GPIO_setOutputLowOnPin)
                  000043cc    00000018     rtsv7M4_T_le_v4SPD16_eabi.lib : args_main.obj (.text)
                  000043e4    00000016                                   : strchr.obj (.text)
                  000043fa    00000002     --HOLE-- [fill = 0]
                  000043fc    00000014     msp432p4xx_driverlib.lib : gpio.o (.text:GPIO_enableInterrupt)
                  00004410    00000014                              : gpio.o (.text:GPIO_setOutputHighOnPin)
                  00004424    00000014     rtsv7M4_T_le_v4SPD16_eabi.lib : _lock.obj (.text)
                  00004438    00000014                                   : strlen.obj (.text)
                  0000444c    00000012     startup_msp432p401r_ccs.obj (.text)
                  0000445e    0000000e     rtsv7M4_T_le_v4SPD16_eabi.lib : copy_decompress_none.obj (.text:decompress:none)
                  0000446c    0000000c     msp432p4xx_driverlib.lib : spi.o (.text:EUSCI_A_SPI_enable)
                  00004478    0000000c                              : spi.o (.text:EUSCI_B_SPI_enable)
                  00004484    0000000c     rtsv7M4_T_le_v4SPD16_eabi.lib : copy_zero_init.obj (.text:decompress:ZI)
                  00004490    00000008     msp432p4xx_driverlib.lib : spi.o (.text:EUSCI_B_SPI_getInterruptStatus)
                  00004498    00000006     rtsv7M4_T_le_v4SPD16_eabi.lib : copy_decompress_rle.obj (.text:decompress:rle24)
                  0000449e    00000004     msp432p4xx_driverlib.lib : spi.o (.text:EUSCI_A_SPI_transmitData)
                  000044a2    00000004                              : spi.o (.text:EUSCI_B_SPI_transmitData)
                  000044a6    00000004     rtsv7M4_T_le_v4SPD16_eabi.lib : pre_init.obj (.text)

.const     0    000044ac    00000594     
                  000044ac    000002f8     fontfixed6x8.obj (.const:.string:g_pucFontFixed6x8Data)
                  000047a4    00000101     rtsv7M4_T_le_v4SPD16_eabi.lib : ctype.obj (.const:.string:_ctypes_)
                  000048a5    00000003     --HOLE-- [fill = 0]
                  000048a8    000000c8     fontfixed6x8.obj (.const:g_sFontFixed6x8)
                  00004970    00000080     msp432p4xx_driverlib.lib : adc14.o (.const:_ctlRegs)
                  000049f0    0000002c     Crystalfontz128x128_ST7735.obj (.const:g_sCrystalfontz128x128)
                  00004a1c    0000001c     HAL_MSP_EXP432P401R_Crystalfontz128x128_ST7735.obj (.const)
                  00004a38    00000008     Crystalfontz128x128_ST7735.obj (.const)

.cinit     0    00004a40    00000098     
                  00004a40    00000070     (.cinit..data.load) [load image, compression = rle]
                  00004ab0    0000000c     (__TI_handler_table)
                  00004abc    00000004     --HOLE-- [fill = 0]
                  00004ac0    00000008     (.cinit..bss.load) [load image, compression = zero_init]
                  00004ac8    00000010     (__TI_cinit_table)

.init_array 
*          0    00000000    00000000     UNINITIALIZED

.data      0    20000000    00000184     UNINITIALIZED
                  20000000    000000b0     rtsv7M4_T_le_v4SPD16_eabi.lib : signal.obj (.data:sigtable)
                  200000b0    00000080                                   : xvalues.obj (.data)
                  20000130    00000030     msp432p4xx_driverlib.lib : gpio.o (.data:GPIO_PORT_TO_BASE)
                  20000160    00000008     rtsv7M4_T_le_v4SPD16_eabi.lib : _lock.obj (.data)
                  20000168    00000008                                   : exit.obj (.data)
                  20000170    00000008                                   : feraiseexcept.obj (.data)
                  20000178    00000004                                   : errno.obj (.data)
                  2000017c    00000004                                   : stkdepth_vars.obj (.data)
                  20000180    00000004     system_msp432p401r.obj (.data)

.TI.persistent 
*          0    20000000    00000000     UNINITIALIZED

.bss       0    20000184    0000003a     UNINITIALIZED
                  20000184    0000001c     (.common:g_sContext)
                  200001a0    00000008     (.common:resultsBuffer)
                  200001a8    00000008     (.common:resultsBuffer)
                  200001b0    00000004     (.common:msTicks)
                  200001b4    00000002     (.common:Lcd_ScreenHeigth)
                  200001b6    00000002     (.common:Lcd_ScreenWidth)
                  200001b8    00000002     (.common:Lcd_TouchTrim)
                  200001ba    00000001     (.common:Lcd_FlagRead)
                  200001bb    00000001     (.common:Lcd_FontSolid)
                  200001bc    00000001     (.common:Lcd_Orientation)
                  200001bd    00000001     (.common:Lcd_PenSolid)

.TI.noinit 
*          0    20000184    00000000     UNINITIALIZED

.stack     0    2000fe00    00000200     UNINITIALIZED
                  2000fe00    00000200     --HOLE--


LINKER GENERATED COPY TABLES

__TI_cinit_table @ 00004ac8 records: 2, size/record: 8, table size: 16
	.data: load addr=00004a40, load size=00000070 bytes, run addr=20000000, run size=00000184 bytes, compression=rle
	.bss: load addr=00004ac0, load size=00000008 bytes, run addr=20000184, run size=0000003a bytes, compression=zero_init


LINKER GENERATED HANDLER TABLE

__TI_handler_table @ 00004ab0 records: 3, size/record: 4, table size: 12
	index: 0, handler: __TI_decompress_rle24
	index: 1, handler: __TI_decompress_none
	index: 2, handler: __TI_zero_init


GLOBAL SYMBOLS: SORTED ALPHABETICALLY BY Name 

address   name                                       
-------   ----                                       
00002839  ADC14_IRQHandler                           
00004385  ADC14_getResult                            
000040e5  C$$EXIT                                    
000037d5  CS_initClockSignal                         
000042e5  CS_setDCOCenteredFrequency                 
000011fd  Crystalfontz128x128_Init                   
00001311  Crystalfontz128x128_SetDrawFrame           
0000143f  Crystalfontz128x128_SetOrientation         
0000446d  EUSCI_A_SPI_enable                         
0000449f  EUSCI_A_SPI_transmitData                   
00004479  EUSCI_B_SPI_enable                         
00004491  EUSCI_B_SPI_getInterruptStatus             
000044a3  EUSCI_B_SPI_transmitData                   
0000439d  GPIO_clearInterruptFlag                    
000043fd  GPIO_enableInterrupt                       
0000419d  GPIO_setAsInputPinWithPullUpResistor       
00004309  GPIO_setAsOutputPin                        
00004055  GPIO_setAsPeripheralModuleFunctionInputPin 
00003f71  GPIO_setAsPeripheralModuleFunctionOutputPin
00004411  GPIO_setOutputHighOnPin                    
000043b5  GPIO_setOutputLowOnPin                     
00002de5  Graphics_clearDisplay                      
000035af  Graphics_clearDisplayOnDisplay             
00003501  Graphics_drawHorizontalLineOnDisplay       
000021c1  Graphics_drawLine                          
00001ea5  Graphics_drawLineH                         
00001f41  Graphics_drawLineV                         
000034bd  Graphics_drawMultiplePixelsOnDisplay       
00002df7  Graphics_drawPixel                         
00003493  Graphics_drawPixelOnDisplay                
000019af  Graphics_drawString                        
00001e3d  Graphics_drawStringCentered                
00003535  Graphics_drawVerticalLineOnDisplay         
00003569  Graphics_fillRectangleOnDisplay            
00002dd7  Graphics_flushBuffer                       
0000359d  Graphics_flushOnDisplay                    
00002db9  Graphics_getDisplayHeight                  
00002da9  Graphics_getDisplayWidth                   
00002d57  Graphics_getFontBaseline                   
00002d8d  Graphics_getFontHeight                     
00002d9b  Graphics_getFontMaxWidth                   
00002dc9  Graphics_getHeightOfDisplay                
00001e2d  Graphics_getStringBaseline                 
00001e85  Graphics_getStringHeight                   
00001e95  Graphics_getStringMaxWidth                 
000018b5  Graphics_getStringWidth                    
00002e51  Graphics_getWidthOfDisplay                 
00002bf9  Graphics_initContext                       
00002d0d  Graphics_setBackgroundColor                
00002d27  Graphics_setBackgroundColorTranslated      
00002c43  Graphics_setClipRegion                     
00002d3d  Graphics_setFont                           
00002d65  Graphics_setForegroundColor                
00002d7b  Graphics_setForegroundColorTranslated      
00003587  Graphics_translateColorOnDisplay           
00003975  HAL_LCD_PortInit                           
000039a5  HAL_LCD_SpiInit                            
000039db  HAL_LCD_writeCommand                       
00003a09  HAL_LCD_writeData                          
200001ba  Lcd_FlagRead                               
200001bb  Lcd_FontSolid                              
200001bc  Lcd_Orientation                            
200001bd  Lcd_PenSolid                               
200001b4  Lcd_ScreenHeigth                           
200001b6  Lcd_ScreenWidth                            
200001b8  Lcd_TouchTrim                              
UNDEFED   SHT$$INIT_ARRAY$$Base                      
UNDEFED   SHT$$INIT_ARRAY$$Limit                     
00004369  SPI_enableModule                           
00003acd  SPI_initMaster                             
0000432d  SPI_transmitData                           
20000180  SystemCoreClock                            
00002335  SystemCoreClockUpdate                      
000025a9  SystemInit                                 
4000480c  WDTCTL_SYM                                 
000041fd  _Dclass                                    
200000b0  _Denorm                                    
000038b5  _Dnorm                                     
000035c9  _Dscale                                    
00003db3  _Dunscale                                  
200000c0  _Eps                                       
20000178  _Errno                                     
20000170  _Fenv                                      
0000422d  _Feraise                                   
200000d0  _Hugeval                                   
200000e0  _Inf                                       
200000f0  _Nan                                       
20000110  _Rteps                                     
20000100  _Snan                                      
20000174  _Tls_setup__Fenv                           
20000120  _Xbig                                      
20000128  _Zero                                      
20010000  __STACK_END                                
00000200  __STACK_SIZE                               
00004ac8  __TI_CINIT_Base                            
00004ad8  __TI_CINIT_Limit                           
00004ab0  __TI_Handler_Table_Base                    
00004abc  __TI_Handler_Table_Limit                   
00003cdd  __TI_auto_init                             
20000168  __TI_cleanup_ptr                           
0000445f  __TI_decompress_none                       
00004499  __TI_decompress_rle24                      
2000016c  __TI_dtors_ptr                             
00000ef5  __TI_printfi                               
00000000  __TI_static_base__                         
00004485  __TI_zero_init                             
00003b55  __aeabi_cdcmpeq                            
00003b55  __aeabi_cdcmple                            
00003bdb  __aeabi_cdrcmple                           
0000409d  __aeabi_d2iz                               
0000305d  __aeabi_dadd                               
0000335d  __aeabi_ddiv                               
000036d9  __aeabi_dmul                               
00003053  __aeabi_dsub                               
0000425d  __aeabi_i2d                                
00003c61  __aeabi_memclr                             
00003c61  __aeabi_memclr4                            
00003c61  __aeabi_memclr8                            
00003a31  __aeabi_memcpy                             
00003a31  __aeabi_memcpy4                            
00003a31  __aeabi_memcpy8                            
00003c63  __aeabi_memset                             
00003c63  __aeabi_memset4                            
00003c63  __aeabi_memset8                            
00002e5f  __aeabi_uldivmod                           
ffffffff  __binit__                                  
ffffffff  __c_args__                                 
2000fe00  __stack                                    
000043cd  _args_main                                 
00003f21  _c_int00                                   
000047a4  _ctypes_                                   
20000160  _lock                                      
00004433  _nop                                       
0000442b  _register_lock                             
00004425  _register_unlock                           
000044a7  _system_pre_init                           
20000164  _unlock                                    
000040e9  abort                                      
00003fbd  atoi                                       
ffffffff  binit                                      
00004009  copy_in                                    
00002b8b  delay                                      
00002b21  drawAccelData                              
00002afd  drawTitle                                  
00002ba9  enableWDT                                  
000040f1  exit                                       
00004169  feraiseexcept                              
000042b9  frexp                                      
20000184  g_sContext                                 
000049f0  g_sCrystalfontz128x128                     
000048a8  g_sFontFixed6x8                            
00000000  interruptVectors                           
00003ecf  ldexp                                      
00003e79  ltoa                                       
000026f1  main                                       
2000017c  main_func_sp                               
0000434d  memccpy                                    
00003a31  memcpy                                     
00003c69  memset                                     
200001b0  msTicks                                    
00002965  port_init                                  
0000428b  raise                                      
00002a97  screen_init                                
00004129  signal                                     
00003e19  sprintf                                    
000043e5  strchr                                     
00004439  strlen                                     


GLOBAL SYMBOLS: SORTED BY Symbol Address 

address   name                                       
-------   ----                                       
00000000  __TI_static_base__                         
00000000  interruptVectors                           
00000200  __STACK_SIZE                               
00000ef5  __TI_printfi                               
000011fd  Crystalfontz128x128_Init                   
00001311  Crystalfontz128x128_SetDrawFrame           
0000143f  Crystalfontz128x128_SetOrientation         
000018b5  Graphics_getStringWidth                    
000019af  Graphics_drawString                        
00001e2d  Graphics_getStringBaseline                 
00001e3d  Graphics_drawStringCentered                
00001e85  Graphics_getStringHeight                   
00001e95  Graphics_getStringMaxWidth                 
00001ea5  Graphics_drawLineH                         
00001f41  Graphics_drawLineV                         
000021c1  Graphics_drawLine                          
00002335  SystemCoreClockUpdate                      
000025a9  SystemInit                                 
000026f1  main                                       
00002839  ADC14_IRQHandler                           
00002965  port_init                                  
00002a97  screen_init                                
00002afd  drawTitle                                  
00002b21  drawAccelData                              
00002b8b  delay                                      
00002ba9  enableWDT                                  
00002bf9  Graphics_initContext                       
00002c43  Graphics_setClipRegion                     
00002d0d  Graphics_setBackgroundColor                
00002d27  Graphics_setBackgroundColorTranslated      
00002d3d  Graphics_setFont                           
00002d57  Graphics_getFontBaseline                   
00002d65  Graphics_setForegroundColor                
00002d7b  Graphics_setForegroundColorTranslated      
00002d8d  Graphics_getFontHeight                     
00002d9b  Graphics_getFontMaxWidth                   
00002da9  Graphics_getDisplayWidth                   
00002db9  Graphics_getDisplayHeight                  
00002dc9  Graphics_getHeightOfDisplay                
00002dd7  Graphics_flushBuffer                       
00002de5  Graphics_clearDisplay                      
00002df7  Graphics_drawPixel                         
00002e51  Graphics_getWidthOfDisplay                 
00002e5f  __aeabi_uldivmod                           
00003053  __aeabi_dsub                               
0000305d  __aeabi_dadd                               
0000335d  __aeabi_ddiv                               
00003493  Graphics_drawPixelOnDisplay                
000034bd  Graphics_drawMultiplePixelsOnDisplay       
00003501  Graphics_drawHorizontalLineOnDisplay       
00003535  Graphics_drawVerticalLineOnDisplay         
00003569  Graphics_fillRectangleOnDisplay            
00003587  Graphics_translateColorOnDisplay           
0000359d  Graphics_flushOnDisplay                    
000035af  Graphics_clearDisplayOnDisplay             
000035c9  _Dscale                                    
000036d9  __aeabi_dmul                               
000037d5  CS_initClockSignal                         
000038b5  _Dnorm                                     
00003975  HAL_LCD_PortInit                           
000039a5  HAL_LCD_SpiInit                            
000039db  HAL_LCD_writeCommand                       
00003a09  HAL_LCD_writeData                          
00003a31  __aeabi_memcpy                             
00003a31  __aeabi_memcpy4                            
00003a31  __aeabi_memcpy8                            
00003a31  memcpy                                     
00003acd  SPI_initMaster                             
00003b55  __aeabi_cdcmpeq                            
00003b55  __aeabi_cdcmple                            
00003bdb  __aeabi_cdrcmple                           
00003c61  __aeabi_memclr                             
00003c61  __aeabi_memclr4                            
00003c61  __aeabi_memclr8                            
00003c63  __aeabi_memset                             
00003c63  __aeabi_memset4                            
00003c63  __aeabi_memset8                            
00003c69  memset                                     
00003cdd  __TI_auto_init                             
00003db3  _Dunscale                                  
00003e19  sprintf                                    
00003e79  ltoa                                       
00003ecf  ldexp                                      
00003f21  _c_int00                                   
00003f71  GPIO_setAsPeripheralModuleFunctionOutputPin
00003fbd  atoi                                       
00004009  copy_in                                    
00004055  GPIO_setAsPeripheralModuleFunctionInputPin 
0000409d  __aeabi_d2iz                               
000040e5  C$$EXIT                                    
000040e9  abort                                      
000040f1  exit                                       
00004129  signal                                     
00004169  feraiseexcept                              
0000419d  GPIO_setAsInputPinWithPullUpResistor       
000041fd  _Dclass                                    
0000422d  _Feraise                                   
0000425d  __aeabi_i2d                                
0000428b  raise                                      
000042b9  frexp                                      
000042e5  CS_setDCOCenteredFrequency                 
00004309  GPIO_setAsOutputPin                        
0000432d  SPI_transmitData                           
0000434d  memccpy                                    
00004369  SPI_enableModule                           
00004385  ADC14_getResult                            
0000439d  GPIO_clearInterruptFlag                    
000043b5  GPIO_setOutputLowOnPin                     
000043cd  _args_main                                 
000043e5  strchr                                     
000043fd  GPIO_enableInterrupt                       
00004411  GPIO_setOutputHighOnPin                    
00004425  _register_unlock                           
0000442b  _register_lock                             
00004433  _nop                                       
00004439  strlen                                     
0000445f  __TI_decompress_none                       
0000446d  EUSCI_A_SPI_enable                         
00004479  EUSCI_B_SPI_enable                         
00004485  __TI_zero_init                             
00004491  EUSCI_B_SPI_getInterruptStatus             
00004499  __TI_decompress_rle24                      
0000449f  EUSCI_A_SPI_transmitData                   
000044a3  EUSCI_B_SPI_transmitData                   
000044a7  _system_pre_init                           
000047a4  _ctypes_                                   
000048a8  g_sFontFixed6x8                            
000049f0  g_sCrystalfontz128x128                     
00004ab0  __TI_Handler_Table_Base                    
00004abc  __TI_Handler_Table_Limit                   
00004ac8  __TI_CINIT_Base                            
00004ad8  __TI_CINIT_Limit                           
200000b0  _Denorm                                    
200000c0  _Eps                                       
200000d0  _Hugeval                                   
200000e0  _Inf                                       
200000f0  _Nan                                       
20000100  _Snan                                      
20000110  _Rteps                                     
20000120  _Xbig                                      
20000128  _Zero                                      
20000160  _lock                                      
20000164  _unlock                                    
20000168  __TI_cleanup_ptr                           
2000016c  __TI_dtors_ptr                             
20000170  _Fenv                                      
20000174  _Tls_setup__Fenv                           
20000178  _Errno                                     
2000017c  main_func_sp                               
20000180  SystemCoreClock                            
20000184  g_sContext                                 
200001b0  msTicks                                    
200001b4  Lcd_ScreenHeigth                           
200001b6  Lcd_ScreenWidth                            
200001b8  Lcd_TouchTrim                              
200001ba  Lcd_FlagRead                               
200001bb  Lcd_FontSolid                              
200001bc  Lcd_Orientation                            
200001bd  Lcd_PenSolid                               
2000fe00  __stack                                    
20010000  __STACK_END                                
4000480c  WDTCTL_SYM                                 
ffffffff  __binit__                                  
ffffffff  __c_args__                                 
ffffffff  binit                                      
UNDEFED   SHT$$INIT_ARRAY$$Base                      
UNDEFED   SHT$$INIT_ARRAY$$Limit                     

[167 symbols]
