******************************************************************************
                  TI ARM Linker PC v5.2.5                      
******************************************************************************
>> Linked Thu Apr 07 18:20:00 2016

OUTPUT FILE NAME:   <ChallengeAssignmentThree.out>
ENTRY POINT SYMBOL: "_c_int00"  address: 00003e31


MEMORY CONFIGURATION

         name            origin    length      used     unused   attr    fill
----------------------  --------  ---------  --------  --------  ----  --------
  MAIN                  00000000   00040000  00004a4c  0003b5b4  R  X
  INFO                  00200000   00004000  00000000  00004000  R  X
  SRAM_CODE             01000000   00010000  00000000  00010000  RW X
  SRAM_DATA             20000000   00010000  000003b6  0000fc4a  RW  


SEGMENT ALLOCATION MAP

run origin  load origin   length   init length attrs members
----------  ----------- ---------- ----------- ----- -------
00000000    00000000    00004a50   00004a50    r-x
  00000000    00000000    00000140   00000140    r-- .intvecs
  00000140    00000140    000042e0   000042e0    r-x .text
  00004420    00004420    00000594   00000594    r-- .const
  000049b8    000049b8    00000098   00000098    r-- .cinit
20000000    20000000    000001b6   00000000    rw-
  20000000    20000000    00000184   00000000    rw- .data
  20000184    20000184    00000032   00000000    rw- .bss
2000fe00    2000fe00    00000200   00000000    rw-
  2000fe00    2000fe00    00000200   00000000    rw- .stack


SECTION ALLOCATION MAP

 output                                  attributes/
section   page    origin      length       input sections
--------  ----  ----------  ----------   ----------------
.intvecs   0    00000000    00000140     
                  00000000    00000140     startup_msp432p401r_ccs.obj (.intvecs:retain)

.text      0    00000140    000042e0     
                  00000140    000010ba     rtsv7M4_T_le_v4SPD16_eabi.lib : _printfi.obj (.text)
                  000011fa    00000002     --HOLE-- [fill = 0]
                  000011fc    00000678     Crystalfontz128x128_ST7735.obj (.text)
                  00001874    00000630     string.obj (.text)
                  00001ea4    00000490     line.obj (.text)
                  00002334    00000348     system_msp432p401r.obj (.text)
                  0000267c    00000270     functions.obj (.text)
                  000028ec    00000266     context.obj (.text)
                  00002b52    00000002     --HOLE-- [fill = 0]
                  00002b54    00000218     main.obj (.text)
                  00002d6c    000001f4     rtsv7M4_T_le_v4SPD16_eabi.lib : ull_div_t2.obj (.text)
                  00002f60    000001b6                                   : fd_add_t2.obj (.text)
                  00003116    00000002     --HOLE-- [fill = 0]
                  00003118    00000154     msp432p4xx_driverlib.lib : adc14.o (.text:_getIndexForMemRegister)
                  0000326c    00000136     rtsv7M4_T_le_v4SPD16_eabi.lib : fd_div_t2.obj (.text)
                  000033a2    00000134     display.obj (.text)
                  000034d6    00000002     --HOLE-- [fill = 0]
                  000034d8    00000110     rtsv7M4_T_le_v4SPD16_eabi.lib : xdscale.obj (.text)
                  000035e8    000000fc                                   : fd_mul_t2.obj (.text)
                  000036e4    000000e0     msp432p4xx_driverlib.lib : cs.o (.text:CS_initClockSignal)
                  000037c4    000000be     rtsv7M4_T_le_v4SPD16_eabi.lib : xdnorm.obj (.text)
                  00003882    00000002     --HOLE-- [fill = 0]
                  00003884    000000bc     HAL_MSP_EXP432P401R_Crystalfontz128x128_ST7735.obj (.text)
                  00003940    0000009c     rtsv7M4_T_le_v4SPD16_eabi.lib : memcpy_t2.obj (.text)
                  000039dc    00000088     msp432p4xx_driverlib.lib : spi.o (.text:SPI_initMaster)
                  00003a64    00000086     rtsv7M4_T_le_v4SPD16_eabi.lib : fd_cmp_t2.obj (.text:__aeabi_cdcmple)
                  00003aea    00000086                                   : fd_cmp_t2.obj (.text:__aeabi_cdrcmple)
                  00003b70    0000007a                                   : memset_t2.obj (.text)
                  00003bea    00000002     --HOLE-- [fill = 0]
                  00003bec    0000006c                                   : autoinit.obj (.text)
                  00003c58    0000006a                                   : copy_decompress_rle.obj (.text)
                  00003cc2    00000066                                   : xdunscal.obj (.text)
                  00003d28    00000060                                   : sprintf.obj (.text)
                  00003d88    00000056                                   : ltoa.obj (.text)
                  00003dde    00000052                                   : ldexp.obj (.text)
                  00003e30    00000050                                   : boot.obj (.text)
                  00003e80    0000004c     msp432p4xx_driverlib.lib : gpio.o (.text:GPIO_setAsPeripheralModuleFunctionOutputPin)
                  00003ecc    0000004c     rtsv7M4_T_le_v4SPD16_eabi.lib : atoi.obj (.text)
                  00003f18    0000004c                                   : cpy_tbl.obj (.text)
                  00003f64    00000048     msp432p4xx_driverlib.lib : gpio.o (.text:GPIO_setAsPeripheralModuleFunctionInputPin)
                  00003fac    00000048     rtsv7M4_T_le_v4SPD16_eabi.lib : fd_toi_t2.obj (.text)
                  00003ff4    00000044                                   : exit.obj (.text)
                  00004038    00000040     msp432p4xx_driverlib.lib : gpio.o (.text:GPIO_getEnabledInterruptStatus)
                  00004078    00000040     rtsv7M4_T_le_v4SPD16_eabi.lib : signal.obj (.text)
                  000040b8    00000034                                   : feraiseexcept.obj (.text)
                  000040ec    00000030     msp432p4xx_driverlib.lib : gpio.o (.text:GPIO_setAsInputPinWithPullUpResistor)
                  0000411c    00000030                              : spi.o (.text:is_A_Module)
                  0000414c    00000030     rtsv7M4_T_le_v4SPD16_eabi.lib : xdclass.obj (.text)
                  0000417c    00000030                                   : xferaise.obj (.text)
                  000041ac    0000002e                                   : i_tofd_t2.obj (.text)
                  000041da    0000002e                                   : raise.obj (.text)
                  00004208    0000002a                                   : frexp.obj (.text)
                  00004232    00000002     --HOLE-- [fill = 0]
                  00004234    00000024     msp432p4xx_driverlib.lib : cs.o (.text:CS_setDCOCenteredFrequency)
                  00004258    00000024                              : gpio.o (.text:GPIO_setAsOutputPin)
                  0000427c    00000020                              : spi.o (.text:SPI_transmitData)
                  0000429c    0000001c     rtsv7M4_T_le_v4SPD16_eabi.lib : memccpy.obj (.text)
                  000042b8    0000001a     msp432p4xx_driverlib.lib : spi.o (.text:SPI_enableModule)
                  000042d2    00000002     --HOLE-- [fill = 0]
                  000042d4    00000018                              : adc14.o (.text:ADC14_getResult)
                  000042ec    00000018                              : gpio.o (.text:GPIO_clearInterruptFlag)
                  00004304    00000018                              : gpio.o (.text:GPIO_setOutputLowOnPin)
                  0000431c    00000018     rtsv7M4_T_le_v4SPD16_eabi.lib : args_main.obj (.text)
                  00004334    00000016                                   : strchr.obj (.text)
                  0000434a    00000002     --HOLE-- [fill = 0]
                  0000434c    00000014     msp432p4xx_driverlib.lib : gpio.o (.text:GPIO_enableInterrupt)
                  00004360    00000014                              : gpio.o (.text:GPIO_setOutputHighOnPin)
                  00004374    00000014                              : gpio.o (.text:GPIO_toggleOutputOnPin)
                  00004388    00000014     rtsv7M4_T_le_v4SPD16_eabi.lib : _lock.obj (.text)
                  0000439c    00000014                                   : strlen.obj (.text)
                  000043b0    00000012     startup_msp432p401r_ccs.obj (.text)
                  000043c2    00000002     --HOLE-- [fill = 0]
                  000043c4    00000010     msp432p4xx_driverlib.lib : gpio.o (.text:GPIO_getInterruptStatus)
                  000043d4    0000000e     rtsv7M4_T_le_v4SPD16_eabi.lib : copy_decompress_none.obj (.text:decompress:none)
                  000043e2    0000000c     msp432p4xx_driverlib.lib : spi.o (.text:EUSCI_A_SPI_enable)
                  000043ee    0000000c                              : spi.o (.text:EUSCI_B_SPI_enable)
                  000043fa    0000000c     rtsv7M4_T_le_v4SPD16_eabi.lib : copy_zero_init.obj (.text:decompress:ZI)
                  00004406    00000008     msp432p4xx_driverlib.lib : spi.o (.text:EUSCI_B_SPI_getInterruptStatus)
                  0000440e    00000006     rtsv7M4_T_le_v4SPD16_eabi.lib : copy_decompress_rle.obj (.text:decompress:rle24)
                  00004414    00000004     msp432p4xx_driverlib.lib : spi.o (.text:EUSCI_A_SPI_transmitData)
                  00004418    00000004                              : spi.o (.text:EUSCI_B_SPI_transmitData)
                  0000441c    00000004     rtsv7M4_T_le_v4SPD16_eabi.lib : pre_init.obj (.text)

.const     0    00004420    00000594     
                  00004420    000002f8     fontfixed6x8.obj (.const:.string:g_pucFontFixed6x8Data)
                  00004718    00000101     rtsv7M4_T_le_v4SPD16_eabi.lib : ctype.obj (.const:.string:_ctypes_)
                  00004819    00000003     --HOLE-- [fill = 0]
                  0000481c    000000c8     fontfixed6x8.obj (.const:g_sFontFixed6x8)
                  000048e4    00000080     msp432p4xx_driverlib.lib : adc14.o (.const:_ctlRegs)
                  00004964    0000002c     Crystalfontz128x128_ST7735.obj (.const:g_sCrystalfontz128x128)
                  00004990    0000001c     HAL_MSP_EXP432P401R_Crystalfontz128x128_ST7735.obj (.const)
                  000049ac    00000008     Crystalfontz128x128_ST7735.obj (.const)

.cinit     0    000049b8    00000098     
                  000049b8    00000070     (.cinit..data.load) [load image, compression = rle]
                  00004a28    0000000c     (__TI_handler_table)
                  00004a34    00000004     --HOLE-- [fill = 0]
                  00004a38    00000008     (.cinit..bss.load) [load image, compression = zero_init]
                  00004a40    00000010     (__TI_cinit_table)

.init_array 
*          0    00000000    00000000     UNINITIALIZED

.data      0    20000000    00000184     UNINITIALIZED
                  20000000    000000b0     rtsv7M4_T_le_v4SPD16_eabi.lib : signal.obj (.data:sigtable)
                  200000b0    00000080                                   : xvalues.obj (.data)
                  20000130    00000030     msp432p4xx_driverlib.lib : gpio.o (.data:GPIO_PORT_TO_BASE)
                  20000160    00000008     rtsv7M4_T_le_v4SPD16_eabi.lib : _lock.obj (.data)
                  20000168    00000008                                   : exit.obj (.data)
                  20000170    00000008                                   : feraiseexcept.obj (.data)
                  20000178    00000004                                   : errno.obj (.data)
                  2000017c    00000004                                   : stkdepth_vars.obj (.data)
                  20000180    00000004     system_msp432p401r.obj (.data)

.TI.persistent 
*          0    20000000    00000000     UNINITIALIZED

.bss       0    20000184    00000032     UNINITIALIZED
                  20000184    0000001c     (.common:g_sContext)
                  200001a0    00000008     (.common:resultsBuffer)
                  200001a8    00000004     (.common:msTicks)
                  200001ac    00000002     (.common:Lcd_ScreenHeigth)
                  200001ae    00000002     (.common:Lcd_ScreenWidth)
                  200001b0    00000002     (.common:Lcd_TouchTrim)
                  200001b2    00000001     (.common:Lcd_FlagRead)
                  200001b3    00000001     (.common:Lcd_FontSolid)
                  200001b4    00000001     (.common:Lcd_Orientation)
                  200001b5    00000001     (.common:Lcd_PenSolid)

.TI.noinit 
*          0    20000184    00000000     UNINITIALIZED

.stack     0    2000fe00    00000200     UNINITIALIZED
                  2000fe00    00000200     --HOLE--


LINKER GENERATED COPY TABLES

__TI_cinit_table @ 00004a40 records: 2, size/record: 8, table size: 16
	.data: load addr=000049b8, load size=00000070 bytes, run addr=20000000, run size=00000184 bytes, compression=rle
	.bss: load addr=00004a38, load size=00000008 bytes, run addr=20000184, run size=00000032 bytes, compression=zero_init


LINKER GENERATED HANDLER TABLE

__TI_handler_table @ 00004a28 records: 3, size/record: 4, table size: 12
	index: 0, handler: __TI_decompress_rle24
	index: 1, handler: __TI_decompress_none
	index: 2, handler: __TI_zero_init


GLOBAL SYMBOLS: SORTED ALPHABETICALLY BY Name 

address   name                                       
-------   ----                                       
00002c25  ADC14_IRQHandler                           
000042d5  ADC14_getResult                            
00003ff5  C$$EXIT                                    
000036e5  CS_initClockSignal                         
00004235  CS_setDCOCenteredFrequency                 
000011fd  Crystalfontz128x128_Init                   
00001311  Crystalfontz128x128_SetDrawFrame           
0000143f  Crystalfontz128x128_SetOrientation         
000043e3  EUSCI_A_SPI_enable                         
00004415  EUSCI_A_SPI_transmitData                   
000043ef  EUSCI_B_SPI_enable                         
00004407  EUSCI_B_SPI_getInterruptStatus             
00004419  EUSCI_B_SPI_transmitData                   
000042ed  GPIO_clearInterruptFlag                    
0000434d  GPIO_enableInterrupt                       
00004039  GPIO_getEnabledInterruptStatus             
000043c5  GPIO_getInterruptStatus                    
000040ed  GPIO_setAsInputPinWithPullUpResistor       
00004259  GPIO_setAsOutputPin                        
00003f65  GPIO_setAsPeripheralModuleFunctionInputPin 
00003e81  GPIO_setAsPeripheralModuleFunctionOutputPin
00004361  GPIO_setOutputHighOnPin                    
00004305  GPIO_setOutputLowOnPin                     
00004375  GPIO_toggleOutputOnPin                     
00002ad9  Graphics_clearDisplay                      
000034bf  Graphics_clearDisplayOnDisplay             
00003411  Graphics_drawHorizontalLineOnDisplay       
000021c1  Graphics_drawLine                          
00001ea5  Graphics_drawLineH                         
00001f41  Graphics_drawLineV                         
000033cd  Graphics_drawMultiplePixelsOnDisplay       
00002aeb  Graphics_drawPixel                         
000033a3  Graphics_drawPixelOnDisplay                
000019af  Graphics_drawString                        
00001e3d  Graphics_drawStringCentered                
00003445  Graphics_drawVerticalLineOnDisplay         
00003479  Graphics_fillRectangleOnDisplay            
00002acb  Graphics_flushBuffer                       
000034ad  Graphics_flushOnDisplay                    
00002aad  Graphics_getDisplayHeight                  
00002a9d  Graphics_getDisplayWidth                   
00002a4b  Graphics_getFontBaseline                   
00002a81  Graphics_getFontHeight                     
00002a8f  Graphics_getFontMaxWidth                   
00002abd  Graphics_getHeightOfDisplay                
00001e2d  Graphics_getStringBaseline                 
00001e85  Graphics_getStringHeight                   
00001e95  Graphics_getStringMaxWidth                 
000018b5  Graphics_getStringWidth                    
00002b45  Graphics_getWidthOfDisplay                 
000028ed  Graphics_initContext                       
00002a01  Graphics_setBackgroundColor                
00002a1b  Graphics_setBackgroundColorTranslated      
00002937  Graphics_setClipRegion                     
00002a31  Graphics_setFont                           
00002a59  Graphics_setForegroundColor                
00002a6f  Graphics_setForegroundColorTranslated      
00003497  Graphics_translateColorOnDisplay           
00003885  HAL_LCD_PortInit                           
000038b5  HAL_LCD_SpiInit                            
000038eb  HAL_LCD_writeCommand                       
00003919  HAL_LCD_writeData                          
200001b2  Lcd_FlagRead                               
200001b3  Lcd_FontSolid                              
200001b4  Lcd_Orientation                            
200001b5  Lcd_PenSolid                               
200001ac  Lcd_ScreenHeigth                           
200001ae  Lcd_ScreenWidth                            
200001b0  Lcd_TouchTrim                              
00002d0d  PORT3_IRQHandler                           
UNDEFED   SHT$$INIT_ARRAY$$Base                      
UNDEFED   SHT$$INIT_ARRAY$$Limit                     
000042b9  SPI_enableModule                           
000039dd  SPI_initMaster                             
0000427d  SPI_transmitData                           
00002c09  SysTick_Handler                            
20000180  SystemCoreClock                            
00002335  SystemCoreClockUpdate                      
000025a9  SystemInit                                 
4000480c  WDTCTL_SYM                                 
0000414d  _Dclass                                    
200000b0  _Denorm                                    
000037c5  _Dnorm                                     
000034d9  _Dscale                                    
00003cc3  _Dunscale                                  
200000c0  _Eps                                       
20000178  _Errno                                     
20000170  _Fenv                                      
0000417d  _Feraise                                   
200000d0  _Hugeval                                   
200000e0  _Inf                                       
200000f0  _Nan                                       
20000110  _Rteps                                     
20000100  _Snan                                      
20000174  _Tls_setup__Fenv                           
20000120  _Xbig                                      
20000128  _Zero                                      
20010000  __STACK_END                                
00000200  __STACK_SIZE                               
00004a40  __TI_CINIT_Base                            
00004a50  __TI_CINIT_Limit                           
00004a28  __TI_Handler_Table_Base                    
00004a34  __TI_Handler_Table_Limit                   
00003bed  __TI_auto_init                             
20000168  __TI_cleanup_ptr                           
000043d5  __TI_decompress_none                       
0000440f  __TI_decompress_rle24                      
2000016c  __TI_dtors_ptr                             
00000ef5  __TI_printfi                               
00000000  __TI_static_base__                         
000043fb  __TI_zero_init                             
00003a65  __aeabi_cdcmpeq                            
00003a65  __aeabi_cdcmple                            
00003aeb  __aeabi_cdrcmple                           
00003fad  __aeabi_d2iz                               
00002f6b  __aeabi_dadd                               
0000326d  __aeabi_ddiv                               
000035e9  __aeabi_dmul                               
00002f61  __aeabi_dsub                               
000041ad  __aeabi_i2d                                
00003b71  __aeabi_memclr                             
00003b71  __aeabi_memclr4                            
00003b71  __aeabi_memclr8                            
00003941  __aeabi_memcpy                             
00003941  __aeabi_memcpy4                            
00003941  __aeabi_memcpy8                            
00003b73  __aeabi_memset                             
00003b73  __aeabi_memset4                            
00003b73  __aeabi_memset8                            
00002d6d  __aeabi_uldivmod                           
ffffffff  __binit__                                  
ffffffff  __c_args__                                 
2000fe00  __stack                                    
0000431d  _args_main                                 
00003e31  _c_int00                                   
00004718  _ctypes_                                   
20000160  _lock                                      
00004397  _nop                                       
0000438f  _register_lock                             
00004389  _register_unlock                           
0000441d  _system_pre_init                           
20000164  _unlock                                    
00003ff9  abort                                      
00003ecd  atoi                                       
ffffffff  binit                                      
00003f19  copy_in                                    
0000267d  delay                                      
000026bf  drawAccelData                              
0000269b  drawTitle                                  
0000289d  enableWDT                                  
00004001  exit                                       
000040b9  feraiseexcept                              
00004209  frexp                                      
20000184  g_sContext                                 
00004964  g_sCrystalfontz128x128                     
0000481c  g_sFontFixed6x8                            
00000000  interruptVectors                           
00003ddf  ldexp                                      
00003d89  ltoa                                       
00002bc9  main                                       
2000017c  main_func_sp                               
0000429d  memccpy                                    
00003941  memcpy                                     
00003b79  memset                                     
200001a8  msTicks                                    
0000278f  port_init                                  
000041db  raise                                      
200001a0  resultsBuffer                              
00002729  screen_init                                
00004079  signal                                     
00003d29  sprintf                                    
00004335  strchr                                     
0000439d  strlen                                     


GLOBAL SYMBOLS: SORTED BY Symbol Address 

address   name                                       
-------   ----                                       
00000000  __TI_static_base__                         
00000000  interruptVectors                           
00000200  __STACK_SIZE                               
00000ef5  __TI_printfi                               
000011fd  Crystalfontz128x128_Init                   
00001311  Crystalfontz128x128_SetDrawFrame           
0000143f  Crystalfontz128x128_SetOrientation         
000018b5  Graphics_getStringWidth                    
000019af  Graphics_drawString                        
00001e2d  Graphics_getStringBaseline                 
00001e3d  Graphics_drawStringCentered                
00001e85  Graphics_getStringHeight                   
00001e95  Graphics_getStringMaxWidth                 
00001ea5  Graphics_drawLineH                         
00001f41  Graphics_drawLineV                         
000021c1  Graphics_drawLine                          
00002335  SystemCoreClockUpdate                      
000025a9  SystemInit                                 
0000267d  delay                                      
0000269b  drawTitle                                  
000026bf  drawAccelData                              
00002729  screen_init                                
0000278f  port_init                                  
0000289d  enableWDT                                  
000028ed  Graphics_initContext                       
00002937  Graphics_setClipRegion                     
00002a01  Graphics_setBackgroundColor                
00002a1b  Graphics_setBackgroundColorTranslated      
00002a31  Graphics_setFont                           
00002a4b  Graphics_getFontBaseline                   
00002a59  Graphics_setForegroundColor                
00002a6f  Graphics_setForegroundColorTranslated      
00002a81  Graphics_getFontHeight                     
00002a8f  Graphics_getFontMaxWidth                   
00002a9d  Graphics_getDisplayWidth                   
00002aad  Graphics_getDisplayHeight                  
00002abd  Graphics_getHeightOfDisplay                
00002acb  Graphics_flushBuffer                       
00002ad9  Graphics_clearDisplay                      
00002aeb  Graphics_drawPixel                         
00002b45  Graphics_getWidthOfDisplay                 
00002bc9  main                                       
00002c09  SysTick_Handler                            
00002c25  ADC14_IRQHandler                           
00002d0d  PORT3_IRQHandler                           
00002d6d  __aeabi_uldivmod                           
00002f61  __aeabi_dsub                               
00002f6b  __aeabi_dadd                               
0000326d  __aeabi_ddiv                               
000033a3  Graphics_drawPixelOnDisplay                
000033cd  Graphics_drawMultiplePixelsOnDisplay       
00003411  Graphics_drawHorizontalLineOnDisplay       
00003445  Graphics_drawVerticalLineOnDisplay         
00003479  Graphics_fillRectangleOnDisplay            
00003497  Graphics_translateColorOnDisplay           
000034ad  Graphics_flushOnDisplay                    
000034bf  Graphics_clearDisplayOnDisplay             
000034d9  _Dscale                                    
000035e9  __aeabi_dmul                               
000036e5  CS_initClockSignal                         
000037c5  _Dnorm                                     
00003885  HAL_LCD_PortInit                           
000038b5  HAL_LCD_SpiInit                            
000038eb  HAL_LCD_writeCommand                       
00003919  HAL_LCD_writeData                          
00003941  __aeabi_memcpy                             
00003941  __aeabi_memcpy4                            
00003941  __aeabi_memcpy8                            
00003941  memcpy                                     
000039dd  SPI_initMaster                             
00003a65  __aeabi_cdcmpeq                            
00003a65  __aeabi_cdcmple                            
00003aeb  __aeabi_cdrcmple                           
00003b71  __aeabi_memclr                             
00003b71  __aeabi_memclr4                            
00003b71  __aeabi_memclr8                            
00003b73  __aeabi_memset                             
00003b73  __aeabi_memset4                            
00003b73  __aeabi_memset8                            
00003b79  memset                                     
00003bed  __TI_auto_init                             
00003cc3  _Dunscale                                  
00003d29  sprintf                                    
00003d89  ltoa                                       
00003ddf  ldexp                                      
00003e31  _c_int00                                   
00003e81  GPIO_setAsPeripheralModuleFunctionOutputPin
00003ecd  atoi                                       
00003f19  copy_in                                    
00003f65  GPIO_setAsPeripheralModuleFunctionInputPin 
00003fad  __aeabi_d2iz                               
00003ff5  C$$EXIT                                    
00003ff9  abort                                      
00004001  exit                                       
00004039  GPIO_getEnabledInterruptStatus             
00004079  signal                                     
000040b9  feraiseexcept                              
000040ed  GPIO_setAsInputPinWithPullUpResistor       
0000414d  _Dclass                                    
0000417d  _Feraise                                   
000041ad  __aeabi_i2d                                
000041db  raise                                      
00004209  frexp                                      
00004235  CS_setDCOCenteredFrequency                 
00004259  GPIO_setAsOutputPin                        
0000427d  SPI_transmitData                           
0000429d  memccpy                                    
000042b9  SPI_enableModule                           
000042d5  ADC14_getResult                            
000042ed  GPIO_clearInterruptFlag                    
00004305  GPIO_setOutputLowOnPin                     
0000431d  _args_main                                 
00004335  strchr                                     
0000434d  GPIO_enableInterrupt                       
00004361  GPIO_setOutputHighOnPin                    
00004375  GPIO_toggleOutputOnPin                     
00004389  _register_unlock                           
0000438f  _register_lock                             
00004397  _nop                                       
0000439d  strlen                                     
000043c5  GPIO_getInterruptStatus                    
000043d5  __TI_decompress_none                       
000043e3  EUSCI_A_SPI_enable                         
000043ef  EUSCI_B_SPI_enable                         
000043fb  __TI_zero_init                             
00004407  EUSCI_B_SPI_getInterruptStatus             
0000440f  __TI_decompress_rle24                      
00004415  EUSCI_A_SPI_transmitData                   
00004419  EUSCI_B_SPI_transmitData                   
0000441d  _system_pre_init                           
00004718  _ctypes_                                   
0000481c  g_sFontFixed6x8                            
00004964  g_sCrystalfontz128x128                     
00004a28  __TI_Handler_Table_Base                    
00004a34  __TI_Handler_Table_Limit                   
00004a40  __TI_CINIT_Base                            
00004a50  __TI_CINIT_Limit                           
200000b0  _Denorm                                    
200000c0  _Eps                                       
200000d0  _Hugeval                                   
200000e0  _Inf                                       
200000f0  _Nan                                       
20000100  _Snan                                      
20000110  _Rteps                                     
20000120  _Xbig                                      
20000128  _Zero                                      
20000160  _lock                                      
20000164  _unlock                                    
20000168  __TI_cleanup_ptr                           
2000016c  __TI_dtors_ptr                             
20000170  _Fenv                                      
20000174  _Tls_setup__Fenv                           
20000178  _Errno                                     
2000017c  main_func_sp                               
20000180  SystemCoreClock                            
20000184  g_sContext                                 
200001a0  resultsBuffer                              
200001a8  msTicks                                    
200001ac  Lcd_ScreenHeigth                           
200001ae  Lcd_ScreenWidth                            
200001b0  Lcd_TouchTrim                              
200001b2  Lcd_FlagRead                               
200001b3  Lcd_FontSolid                              
200001b4  Lcd_Orientation                            
200001b5  Lcd_PenSolid                               
2000fe00  __stack                                    
20010000  __STACK_END                                
4000480c  WDTCTL_SYM                                 
ffffffff  __binit__                                  
ffffffff  __c_args__                                 
ffffffff  binit                                      
UNDEFED   SHT$$INIT_ARRAY$$Base                      
UNDEFED   SHT$$INIT_ARRAY$$Limit                     

[173 symbols]
