******************************************************************************
                  TI ARM Linker PC v5.2.5                      
******************************************************************************
>> Linked Thu Apr 07 17:35:41 2016

OUTPUT FILE NAME:   <ChallengeAssignmentThree.out>
ENTRY POINT SYMBOL: "_c_int00"  address: 00003da1


MEMORY CONFIGURATION

         name            origin    length      used     unused   attr    fill
----------------------  --------  ---------  --------  --------  ----  --------
  MAIN                  00000000   00040000  000048fa  0003b706  R  X
  INFO                  00200000   00004000  00000000  00004000  R  X
  SRAM_CODE             01000000   00010000  00000000  00010000  RW X
  SRAM_DATA             20000000   00010000  000003b6  0000fc4a  RW  


SEGMENT ALLOCATION MAP

run origin  load origin   length   init length attrs members
----------  ----------- ---------- ----------- ----- -------
00000000    00000000    00004900   00004900    r-x
  00000000    00000000    00000140   00000140    r-- .intvecs
  00000140    00000140    0000418e   0000418e    r-x .text
  000042d0    000042d0    00000594   00000594    r-- .const
  00004868    00004868    00000098   00000098    r-- .cinit
20000000    20000000    000001b6   00000000    rw-
  20000000    20000000    00000184   00000000    rw- .data
  20000184    20000184    00000032   00000000    rw- .bss
2000fe00    2000fe00    00000200   00000000    rw-
  2000fe00    2000fe00    00000200   00000000    rw- .stack


SECTION ALLOCATION MAP

 output                                  attributes/
section   page    origin      length       input sections
--------  ----  ----------  ----------   ----------------
.intvecs   0    00000000    00000140     
                  00000000    00000140     startup_msp432p401r_ccs.obj (.intvecs:retain)

.text      0    00000140    0000418e     
                  00000140    000010ba     rtsv7M4_T_le_v4SPD16_eabi.lib : _printfi.obj (.text)
                  000011fa    00000002     --HOLE-- [fill = 0]
                  000011fc    00000678     Crystalfontz128x128_ST7735.obj (.text)
                  00001874    00000630     string.obj (.text)
                  00001ea4    00000490     line.obj (.text)
                  00002334    00000348     system_msp432p401r.obj (.text)
                  0000267c    00000266     context.obj (.text)
                  000028e2    00000002     --HOLE-- [fill = 0]
                  000028e4    0000021c     functions.obj (.text)
                  00002b00    000001f4     rtsv7M4_T_le_v4SPD16_eabi.lib : ull_div_t2.obj (.text)
                  00002cf4    000001dc     main.obj (.text)
                  00002ed0    000001b6     rtsv7M4_T_le_v4SPD16_eabi.lib : fd_add_t2.obj (.text)
                  00003086    00000002     --HOLE-- [fill = 0]
                  00003088    00000154     msp432p4xx_driverlib.lib : adc14.o (.text:_getIndexForMemRegister)
                  000031dc    00000136     rtsv7M4_T_le_v4SPD16_eabi.lib : fd_div_t2.obj (.text)
                  00003312    00000134     display.obj (.text)
                  00003446    00000002     --HOLE-- [fill = 0]
                  00003448    00000110     rtsv7M4_T_le_v4SPD16_eabi.lib : xdscale.obj (.text)
                  00003558    000000fc                                   : fd_mul_t2.obj (.text)
                  00003654    000000e0     msp432p4xx_driverlib.lib : cs.o (.text:CS_initClockSignal)
                  00003734    000000be     rtsv7M4_T_le_v4SPD16_eabi.lib : xdnorm.obj (.text)
                  000037f2    00000002     --HOLE-- [fill = 0]
                  000037f4    000000bc     HAL_MSP_EXP432P401R_Crystalfontz128x128_ST7735.obj (.text)
                  000038b0    0000009c     rtsv7M4_T_le_v4SPD16_eabi.lib : memcpy_t2.obj (.text)
                  0000394c    00000088     msp432p4xx_driverlib.lib : spi.o (.text:SPI_initMaster)
                  000039d4    00000086     rtsv7M4_T_le_v4SPD16_eabi.lib : fd_cmp_t2.obj (.text:__aeabi_cdcmple)
                  00003a5a    00000086                                   : fd_cmp_t2.obj (.text:__aeabi_cdrcmple)
                  00003ae0    0000007a                                   : memset_t2.obj (.text)
                  00003b5a    00000002     --HOLE-- [fill = 0]
                  00003b5c    0000006c                                   : autoinit.obj (.text)
                  00003bc8    0000006a                                   : copy_decompress_rle.obj (.text)
                  00003c32    00000066                                   : xdunscal.obj (.text)
                  00003c98    00000060                                   : sprintf.obj (.text)
                  00003cf8    00000056                                   : ltoa.obj (.text)
                  00003d4e    00000052                                   : ldexp.obj (.text)
                  00003da0    00000050                                   : boot.obj (.text)
                  00003df0    0000004c     msp432p4xx_driverlib.lib : gpio.o (.text:GPIO_setAsPeripheralModuleFunctionOutputPin)
                  00003e3c    0000004c     rtsv7M4_T_le_v4SPD16_eabi.lib : atoi.obj (.text)
                  00003e88    0000004c                                   : cpy_tbl.obj (.text)
                  00003ed4    00000048     msp432p4xx_driverlib.lib : gpio.o (.text:GPIO_setAsPeripheralModuleFunctionInputPin)
                  00003f1c    00000048     rtsv7M4_T_le_v4SPD16_eabi.lib : fd_toi_t2.obj (.text)
                  00003f64    00000044                                   : exit.obj (.text)
                  00003fa8    00000040                                   : signal.obj (.text)
                  00003fe8    00000034                                   : feraiseexcept.obj (.text)
                  0000401c    00000030     msp432p4xx_driverlib.lib : spi.o (.text:is_A_Module)
                  0000404c    00000030     rtsv7M4_T_le_v4SPD16_eabi.lib : xdclass.obj (.text)
                  0000407c    00000030                                   : xferaise.obj (.text)
                  000040ac    0000002e                                   : i_tofd_t2.obj (.text)
                  000040da    0000002e                                   : raise.obj (.text)
                  00004108    0000002a                                   : frexp.obj (.text)
                  00004132    00000002     --HOLE-- [fill = 0]
                  00004134    00000024     msp432p4xx_driverlib.lib : cs.o (.text:CS_setDCOCenteredFrequency)
                  00004158    00000024                              : gpio.o (.text:GPIO_setAsOutputPin)
                  0000417c    00000020                              : spi.o (.text:SPI_transmitData)
                  0000419c    0000001c     rtsv7M4_T_le_v4SPD16_eabi.lib : memccpy.obj (.text)
                  000041b8    0000001a     msp432p4xx_driverlib.lib : spi.o (.text:SPI_enableModule)
                  000041d2    00000002     --HOLE-- [fill = 0]
                  000041d4    00000018                              : adc14.o (.text:ADC14_getResult)
                  000041ec    00000018                              : gpio.o (.text:GPIO_setOutputLowOnPin)
                  00004204    00000018     rtsv7M4_T_le_v4SPD16_eabi.lib : args_main.obj (.text)
                  0000421c    00000016                                   : strchr.obj (.text)
                  00004232    00000002     --HOLE-- [fill = 0]
                  00004234    00000014     msp432p4xx_driverlib.lib : gpio.o (.text:GPIO_setOutputHighOnPin)
                  00004248    00000014     rtsv7M4_T_le_v4SPD16_eabi.lib : _lock.obj (.text)
                  0000425c    00000014                                   : strlen.obj (.text)
                  00004270    00000012     startup_msp432p401r_ccs.obj (.text)
                  00004282    0000000e     rtsv7M4_T_le_v4SPD16_eabi.lib : copy_decompress_none.obj (.text:decompress:none)
                  00004290    0000000c     msp432p4xx_driverlib.lib : spi.o (.text:EUSCI_A_SPI_enable)
                  0000429c    0000000c                              : spi.o (.text:EUSCI_B_SPI_enable)
                  000042a8    0000000c     rtsv7M4_T_le_v4SPD16_eabi.lib : copy_zero_init.obj (.text:decompress:ZI)
                  000042b4    00000008     msp432p4xx_driverlib.lib : spi.o (.text:EUSCI_B_SPI_getInterruptStatus)
                  000042bc    00000006     rtsv7M4_T_le_v4SPD16_eabi.lib : copy_decompress_rle.obj (.text:decompress:rle24)
                  000042c2    00000004     msp432p4xx_driverlib.lib : spi.o (.text:EUSCI_A_SPI_transmitData)
                  000042c6    00000004                              : spi.o (.text:EUSCI_B_SPI_transmitData)
                  000042ca    00000004     rtsv7M4_T_le_v4SPD16_eabi.lib : pre_init.obj (.text)

.const     0    000042d0    00000594     
                  000042d0    000002f8     fontfixed6x8.obj (.const:.string:g_pucFontFixed6x8Data)
                  000045c8    00000101     rtsv7M4_T_le_v4SPD16_eabi.lib : ctype.obj (.const:.string:_ctypes_)
                  000046c9    00000003     --HOLE-- [fill = 0]
                  000046cc    000000c8     fontfixed6x8.obj (.const:g_sFontFixed6x8)
                  00004794    00000080     msp432p4xx_driverlib.lib : adc14.o (.const:_ctlRegs)
                  00004814    0000002c     Crystalfontz128x128_ST7735.obj (.const:g_sCrystalfontz128x128)
                  00004840    0000001c     HAL_MSP_EXP432P401R_Crystalfontz128x128_ST7735.obj (.const)
                  0000485c    00000008     Crystalfontz128x128_ST7735.obj (.const)

.cinit     0    00004868    00000098     
                  00004868    00000070     (.cinit..data.load) [load image, compression = rle]
                  000048d8    0000000c     (__TI_handler_table)
                  000048e4    00000004     --HOLE-- [fill = 0]
                  000048e8    00000008     (.cinit..bss.load) [load image, compression = zero_init]
                  000048f0    00000010     (__TI_cinit_table)

.init_array 
*          0    00000000    00000000     UNINITIALIZED

.data      0    20000000    00000184     UNINITIALIZED
                  20000000    000000b0     rtsv7M4_T_le_v4SPD16_eabi.lib : signal.obj (.data:sigtable)
                  200000b0    00000080                                   : xvalues.obj (.data)
                  20000130    00000030     msp432p4xx_driverlib.lib : gpio.o (.data:GPIO_PORT_TO_BASE)
                  20000160    00000008     rtsv7M4_T_le_v4SPD16_eabi.lib : _lock.obj (.data)
                  20000168    00000008                                   : exit.obj (.data)
                  20000170    00000008                                   : feraiseexcept.obj (.data)
                  20000178    00000004                                   : errno.obj (.data)
                  2000017c    00000004                                   : stkdepth_vars.obj (.data)
                  20000180    00000004     system_msp432p401r.obj (.data)

.TI.persistent 
*          0    20000000    00000000     UNINITIALIZED

.bss       0    20000184    00000032     UNINITIALIZED
                  20000184    0000001c     (.common:g_sContext)
                  200001a0    00000008     (.common:resultsBuffer)
                  200001a8    00000004     (.common:msTicks)
                  200001ac    00000002     (.common:Lcd_ScreenHeigth)
                  200001ae    00000002     (.common:Lcd_ScreenWidth)
                  200001b0    00000002     (.common:Lcd_TouchTrim)
                  200001b2    00000001     (.common:Lcd_FlagRead)
                  200001b3    00000001     (.common:Lcd_FontSolid)
                  200001b4    00000001     (.common:Lcd_Orientation)
                  200001b5    00000001     (.common:Lcd_PenSolid)

.TI.noinit 
*          0    20000184    00000000     UNINITIALIZED

.stack     0    2000fe00    00000200     UNINITIALIZED
                  2000fe00    00000200     --HOLE--


LINKER GENERATED COPY TABLES

__TI_cinit_table @ 000048f0 records: 2, size/record: 8, table size: 16
	.data: load addr=00004868, load size=00000070 bytes, run addr=20000000, run size=00000184 bytes, compression=rle
	.bss: load addr=000048e8, load size=00000008 bytes, run addr=20000184, run size=00000032 bytes, compression=zero_init


LINKER GENERATED HANDLER TABLE

__TI_handler_table @ 000048d8 records: 3, size/record: 4, table size: 12
	index: 0, handler: __TI_decompress_rle24
	index: 1, handler: __TI_decompress_none
	index: 2, handler: __TI_zero_init


GLOBAL SYMBOLS: SORTED ALPHABETICALLY BY Name 

address   name                                       
-------   ----                                       
00002dab  ADC14_IRQHandler                           
000041d5  ADC14_getResult                            
00003f65  C$$EXIT                                    
00003655  CS_initClockSignal                         
00004135  CS_setDCOCenteredFrequency                 
000011fd  Crystalfontz128x128_Init                   
00001311  Crystalfontz128x128_SetDrawFrame           
0000143f  Crystalfontz128x128_SetOrientation         
00004291  EUSCI_A_SPI_enable                         
000042c3  EUSCI_A_SPI_transmitData                   
0000429d  EUSCI_B_SPI_enable                         
000042b5  EUSCI_B_SPI_getInterruptStatus             
000042c7  EUSCI_B_SPI_transmitData                   
00004159  GPIO_setAsOutputPin                        
00003ed5  GPIO_setAsPeripheralModuleFunctionInputPin 
00003df1  GPIO_setAsPeripheralModuleFunctionOutputPin
00004235  GPIO_setOutputHighOnPin                    
000041ed  GPIO_setOutputLowOnPin                     
00002869  Graphics_clearDisplay                      
0000342f  Graphics_clearDisplayOnDisplay             
00003381  Graphics_drawHorizontalLineOnDisplay       
000021c1  Graphics_drawLine                          
00001ea5  Graphics_drawLineH                         
00001f41  Graphics_drawLineV                         
0000333d  Graphics_drawMultiplePixelsOnDisplay       
0000287b  Graphics_drawPixel                         
00003313  Graphics_drawPixelOnDisplay                
000019af  Graphics_drawString                        
00001e3d  Graphics_drawStringCentered                
000033b5  Graphics_drawVerticalLineOnDisplay         
000033e9  Graphics_fillRectangleOnDisplay            
0000285b  Graphics_flushBuffer                       
0000341d  Graphics_flushOnDisplay                    
0000283d  Graphics_getDisplayHeight                  
0000282d  Graphics_getDisplayWidth                   
000027db  Graphics_getFontBaseline                   
00002811  Graphics_getFontHeight                     
0000281f  Graphics_getFontMaxWidth                   
0000284d  Graphics_getHeightOfDisplay                
00001e2d  Graphics_getStringBaseline                 
00001e85  Graphics_getStringHeight                   
00001e95  Graphics_getStringMaxWidth                 
000018b5  Graphics_getStringWidth                    
000028d5  Graphics_getWidthOfDisplay                 
0000267d  Graphics_initContext                       
00002791  Graphics_setBackgroundColor                
000027ab  Graphics_setBackgroundColorTranslated      
000026c7  Graphics_setClipRegion                     
000027c1  Graphics_setFont                           
000027e9  Graphics_setForegroundColor                
000027ff  Graphics_setForegroundColorTranslated      
00003407  Graphics_translateColorOnDisplay           
000037f5  HAL_LCD_PortInit                           
00003825  HAL_LCD_SpiInit                            
0000385b  HAL_LCD_writeCommand                       
00003889  HAL_LCD_writeData                          
200001b2  Lcd_FlagRead                               
200001b3  Lcd_FontSolid                              
200001b4  Lcd_Orientation                            
200001b5  Lcd_PenSolid                               
200001ac  Lcd_ScreenHeigth                           
200001ae  Lcd_ScreenWidth                            
200001b0  Lcd_TouchTrim                              
UNDEFED   SHT$$INIT_ARRAY$$Base                      
UNDEFED   SHT$$INIT_ARRAY$$Limit                     
000041b9  SPI_enableModule                           
0000394d  SPI_initMaster                             
0000417d  SPI_transmitData                           
00002da1  SysTick_Handler                            
20000180  SystemCoreClock                            
00002335  SystemCoreClockUpdate                      
000025a9  SystemInit                                 
4000480c  WDTCTL_SYM                                 
0000404d  _Dclass                                    
200000b0  _Denorm                                    
00003735  _Dnorm                                     
00003449  _Dscale                                    
00003c33  _Dunscale                                  
200000c0  _Eps                                       
20000178  _Errno                                     
20000170  _Fenv                                      
0000407d  _Feraise                                   
200000d0  _Hugeval                                   
200000e0  _Inf                                       
200000f0  _Nan                                       
20000110  _Rteps                                     
20000100  _Snan                                      
20000174  _Tls_setup__Fenv                           
20000120  _Xbig                                      
20000128  _Zero                                      
20010000  __STACK_END                                
00000200  __STACK_SIZE                               
000048f0  __TI_CINIT_Base                            
00004900  __TI_CINIT_Limit                           
000048d8  __TI_Handler_Table_Base                    
000048e4  __TI_Handler_Table_Limit                   
00003b5d  __TI_auto_init                             
20000168  __TI_cleanup_ptr                           
00004283  __TI_decompress_none                       
000042bd  __TI_decompress_rle24                      
2000016c  __TI_dtors_ptr                             
00000ef5  __TI_printfi                               
00000000  __TI_static_base__                         
000042a9  __TI_zero_init                             
000039d5  __aeabi_cdcmpeq                            
000039d5  __aeabi_cdcmple                            
00003a5b  __aeabi_cdrcmple                           
00003f1d  __aeabi_d2iz                               
00002edb  __aeabi_dadd                               
000031dd  __aeabi_ddiv                               
00003559  __aeabi_dmul                               
00002ed1  __aeabi_dsub                               
000040ad  __aeabi_i2d                                
00003ae1  __aeabi_memclr                             
00003ae1  __aeabi_memclr4                            
00003ae1  __aeabi_memclr8                            
000038b1  __aeabi_memcpy                             
000038b1  __aeabi_memcpy4                            
000038b1  __aeabi_memcpy8                            
00003ae3  __aeabi_memset                             
00003ae3  __aeabi_memset4                            
00003ae3  __aeabi_memset8                            
00002b01  __aeabi_uldivmod                           
ffffffff  __binit__                                  
ffffffff  __c_args__                                 
2000fe00  __stack                                    
00004205  _args_main                                 
00003da1  _c_int00                                   
000045c8  _ctypes_                                   
20000160  _lock                                      
00004257  _nop                                       
0000424f  _register_lock                             
00004249  _register_unlock                           
000042cb  _system_pre_init                           
20000164  _unlock                                    
00003f69  abort                                      
00003e3d  atoi                                       
ffffffff  binit                                      
00003e89  copy_in                                    
000028e5  delay                                      
00002927  drawAccelData                              
00002903  drawTitle                                  
00002ab1  enableWDT                                  
00003f71  exit                                       
00003fe9  feraiseexcept                              
00004109  frexp                                      
20000184  g_sContext                                 
00004814  g_sCrystalfontz128x128                     
000046cc  g_sFontFixed6x8                            
00000000  interruptVectors                           
00003d4f  ldexp                                      
00003cf9  ltoa                                       
00002d69  main                                       
2000017c  main_func_sp                               
0000419d  memccpy                                    
000038b1  memcpy                                     
00003ae9  memset                                     
200001a8  msTicks                                    
000029f7  port_init                                  
000040db  raise                                      
200001a0  resultsBuffer                              
00002991  screen_init                                
00003fa9  signal                                     
00003c99  sprintf                                    
0000421d  strchr                                     
0000425d  strlen                                     


GLOBAL SYMBOLS: SORTED BY Symbol Address 

address   name                                       
-------   ----                                       
00000000  __TI_static_base__                         
00000000  interruptVectors                           
00000200  __STACK_SIZE                               
00000ef5  __TI_printfi                               
000011fd  Crystalfontz128x128_Init                   
00001311  Crystalfontz128x128_SetDrawFrame           
0000143f  Crystalfontz128x128_SetOrientation         
000018b5  Graphics_getStringWidth                    
000019af  Graphics_drawString                        
00001e2d  Graphics_getStringBaseline                 
00001e3d  Graphics_drawStringCentered                
00001e85  Graphics_getStringHeight                   
00001e95  Graphics_getStringMaxWidth                 
00001ea5  Graphics_drawLineH                         
00001f41  Graphics_drawLineV                         
000021c1  Graphics_drawLine                          
00002335  SystemCoreClockUpdate                      
000025a9  SystemInit                                 
0000267d  Graphics_initContext                       
000026c7  Graphics_setClipRegion                     
00002791  Graphics_setBackgroundColor                
000027ab  Graphics_setBackgroundColorTranslated      
000027c1  Graphics_setFont                           
000027db  Graphics_getFontBaseline                   
000027e9  Graphics_setForegroundColor                
000027ff  Graphics_setForegroundColorTranslated      
00002811  Graphics_getFontHeight                     
0000281f  Graphics_getFontMaxWidth                   
0000282d  Graphics_getDisplayWidth                   
0000283d  Graphics_getDisplayHeight                  
0000284d  Graphics_getHeightOfDisplay                
0000285b  Graphics_flushBuffer                       
00002869  Graphics_clearDisplay                      
0000287b  Graphics_drawPixel                         
000028d5  Graphics_getWidthOfDisplay                 
000028e5  delay                                      
00002903  drawTitle                                  
00002927  drawAccelData                              
00002991  screen_init                                
000029f7  port_init                                  
00002ab1  enableWDT                                  
00002b01  __aeabi_uldivmod                           
00002d69  main                                       
00002da1  SysTick_Handler                            
00002dab  ADC14_IRQHandler                           
00002ed1  __aeabi_dsub                               
00002edb  __aeabi_dadd                               
000031dd  __aeabi_ddiv                               
00003313  Graphics_drawPixelOnDisplay                
0000333d  Graphics_drawMultiplePixelsOnDisplay       
00003381  Graphics_drawHorizontalLineOnDisplay       
000033b5  Graphics_drawVerticalLineOnDisplay         
000033e9  Graphics_fillRectangleOnDisplay            
00003407  Graphics_translateColorOnDisplay           
0000341d  Graphics_flushOnDisplay                    
0000342f  Graphics_clearDisplayOnDisplay             
00003449  _Dscale                                    
00003559  __aeabi_dmul                               
00003655  CS_initClockSignal                         
00003735  _Dnorm                                     
000037f5  HAL_LCD_PortInit                           
00003825  HAL_LCD_SpiInit                            
0000385b  HAL_LCD_writeCommand                       
00003889  HAL_LCD_writeData                          
000038b1  __aeabi_memcpy                             
000038b1  __aeabi_memcpy4                            
000038b1  __aeabi_memcpy8                            
000038b1  memcpy                                     
0000394d  SPI_initMaster                             
000039d5  __aeabi_cdcmpeq                            
000039d5  __aeabi_cdcmple                            
00003a5b  __aeabi_cdrcmple                           
00003ae1  __aeabi_memclr                             
00003ae1  __aeabi_memclr4                            
00003ae1  __aeabi_memclr8                            
00003ae3  __aeabi_memset                             
00003ae3  __aeabi_memset4                            
00003ae3  __aeabi_memset8                            
00003ae9  memset                                     
00003b5d  __TI_auto_init                             
00003c33  _Dunscale                                  
00003c99  sprintf                                    
00003cf9  ltoa                                       
00003d4f  ldexp                                      
00003da1  _c_int00                                   
00003df1  GPIO_setAsPeripheralModuleFunctionOutputPin
00003e3d  atoi                                       
00003e89  copy_in                                    
00003ed5  GPIO_setAsPeripheralModuleFunctionInputPin 
00003f1d  __aeabi_d2iz                               
00003f65  C$$EXIT                                    
00003f69  abort                                      
00003f71  exit                                       
00003fa9  signal                                     
00003fe9  feraiseexcept                              
0000404d  _Dclass                                    
0000407d  _Feraise                                   
000040ad  __aeabi_i2d                                
000040db  raise                                      
00004109  frexp                                      
00004135  CS_setDCOCenteredFrequency                 
00004159  GPIO_setAsOutputPin                        
0000417d  SPI_transmitData                           
0000419d  memccpy                                    
000041b9  SPI_enableModule                           
000041d5  ADC14_getResult                            
000041ed  GPIO_setOutputLowOnPin                     
00004205  _args_main                                 
0000421d  strchr                                     
00004235  GPIO_setOutputHighOnPin                    
00004249  _register_unlock                           
0000424f  _register_lock                             
00004257  _nop                                       
0000425d  strlen                                     
00004283  __TI_decompress_none                       
00004291  EUSCI_A_SPI_enable                         
0000429d  EUSCI_B_SPI_enable                         
000042a9  __TI_zero_init                             
000042b5  EUSCI_B_SPI_getInterruptStatus             
000042bd  __TI_decompress_rle24                      
000042c3  EUSCI_A_SPI_transmitData                   
000042c7  EUSCI_B_SPI_transmitData                   
000042cb  _system_pre_init                           
000045c8  _ctypes_                                   
000046cc  g_sFontFixed6x8                            
00004814  g_sCrystalfontz128x128                     
000048d8  __TI_Handler_Table_Base                    
000048e4  __TI_Handler_Table_Limit                   
000048f0  __TI_CINIT_Base                            
00004900  __TI_CINIT_Limit                           
200000b0  _Denorm                                    
200000c0  _Eps                                       
200000d0  _Hugeval                                   
200000e0  _Inf                                       
200000f0  _Nan                                       
20000100  _Snan                                      
20000110  _Rteps                                     
20000120  _Xbig                                      
20000128  _Zero                                      
20000160  _lock                                      
20000164  _unlock                                    
20000168  __TI_cleanup_ptr                           
2000016c  __TI_dtors_ptr                             
20000170  _Fenv                                      
20000174  _Tls_setup__Fenv                           
20000178  _Errno                                     
2000017c  main_func_sp                               
20000180  SystemCoreClock                            
20000184  g_sContext                                 
200001a0  resultsBuffer                              
200001a8  msTicks                                    
200001ac  Lcd_ScreenHeigth                           
200001ae  Lcd_ScreenWidth                            
200001b0  Lcd_TouchTrim                              
200001b2  Lcd_FlagRead                               
200001b3  Lcd_FontSolid                              
200001b4  Lcd_Orientation                            
200001b5  Lcd_PenSolid                               
2000fe00  __stack                                    
20010000  __STACK_END                                
4000480c  WDTCTL_SYM                                 
ffffffff  __binit__                                  
ffffffff  __c_args__                                 
ffffffff  binit                                      
UNDEFED   SHT$$INIT_ARRAY$$Base                      
UNDEFED   SHT$$INIT_ARRAY$$Limit                     

[166 symbols]
