<?xml version="1.0"?>
<link_info>
   <banner>TI ARM Linker PC v5.2.5</banner>
   <copyright>Copyright (c) 1996-2015 Texas Instruments Incorporated</copyright>
   <link_time>0x5706d3b2</link_time>
   <link_errors>0x0</link_errors>
   <output_file>ChallengeAssignmentThree.out</output_file>
   <entry_point>
      <name>_c_int00</name>
      <address>0x3ce1</address>
   </entry_point>
   <input_file_list>
      <input_file id="fl-2">
         <path>.\</path>
         <kind>object</kind>
         <file>functions.obj</file>
         <name>functions.obj</name>
      </input_file>
      <input_file id="fl-3">
         <path>.\</path>
         <kind>object</kind>
         <file>main.obj</file>
         <name>main.obj</name>
      </input_file>
      <input_file id="fl-4">
         <path>.\</path>
         <kind>object</kind>
         <file>startup_msp432p401r_ccs.obj</file>
         <name>startup_msp432p401r_ccs.obj</name>
      </input_file>
      <input_file id="fl-5">
         <path>.\</path>
         <kind>object</kind>
         <file>system_msp432p401r.obj</file>
         <name>system_msp432p401r.obj</name>
      </input_file>
      <input_file id="fl-6">
         <path>.\LcdDriver\</path>
         <kind>object</kind>
         <file>Crystalfontz128x128_ST7735.obj</file>
         <name>Crystalfontz128x128_ST7735.obj</name>
      </input_file>
      <input_file id="fl-7">
         <path>.\LcdDriver\</path>
         <kind>object</kind>
         <file>HAL_MSP_EXP432P401R_Crystalfontz128x128_ST7735.obj</file>
         <name>HAL_MSP_EXP432P401R_Crystalfontz128x128_ST7735.obj</name>
      </input_file>
      <input_file id="fl-8">
         <path>.\GrLib\grlib\</path>
         <kind>object</kind>
         <file>button.obj</file>
         <name>button.obj</name>
      </input_file>
      <input_file id="fl-9">
         <path>.\GrLib\grlib\</path>
         <kind>object</kind>
         <file>checkbox.obj</file>
         <name>checkbox.obj</name>
      </input_file>
      <input_file id="fl-a">
         <path>.\GrLib\grlib\</path>
         <kind>object</kind>
         <file>circle.obj</file>
         <name>circle.obj</name>
      </input_file>
      <input_file id="fl-b">
         <path>.\GrLib\grlib\</path>
         <kind>object</kind>
         <file>context.obj</file>
         <name>context.obj</name>
      </input_file>
      <input_file id="fl-c">
         <path>.\GrLib\grlib\</path>
         <kind>object</kind>
         <file>display.obj</file>
         <name>display.obj</name>
      </input_file>
      <input_file id="fl-d">
         <path>.\GrLib\grlib\</path>
         <kind>object</kind>
         <file>image.obj</file>
         <name>image.obj</name>
      </input_file>
      <input_file id="fl-e">
         <path>.\GrLib\grlib\</path>
         <kind>object</kind>
         <file>imageButton.obj</file>
         <name>imageButton.obj</name>
      </input_file>
      <input_file id="fl-f">
         <path>.\GrLib\grlib\</path>
         <kind>object</kind>
         <file>line.obj</file>
         <name>line.obj</name>
      </input_file>
      <input_file id="fl-10">
         <path>.\GrLib\grlib\</path>
         <kind>object</kind>
         <file>radioButton.obj</file>
         <name>radioButton.obj</name>
      </input_file>
      <input_file id="fl-11">
         <path>.\GrLib\grlib\</path>
         <kind>object</kind>
         <file>rectangle.obj</file>
         <name>rectangle.obj</name>
      </input_file>
      <input_file id="fl-12">
         <path>.\GrLib\grlib\</path>
         <kind>object</kind>
         <file>string.obj</file>
         <name>string.obj</name>
      </input_file>
      <input_file id="fl-13">
         <path>.\GrLib\fonts\</path>
         <kind>object</kind>
         <file>fontfixed6x8.obj</file>
         <name>fontfixed6x8.obj</name>
      </input_file>
      <input_file id="fl-19">
         <path>..\</path>
         <kind>archive</kind>
         <file>msp432p4xx_driverlib.lib</file>
         <name>adc14.o</name>
      </input_file>
      <input_file id="fl-1a">
         <path>..\</path>
         <kind>archive</kind>
         <file>msp432p4xx_driverlib.lib</file>
         <name>cs.o</name>
      </input_file>
      <input_file id="fl-1b">
         <path>..\</path>
         <kind>archive</kind>
         <file>msp432p4xx_driverlib.lib</file>
         <name>gpio.o</name>
      </input_file>
      <input_file id="fl-1c">
         <path>..\</path>
         <kind>archive</kind>
         <file>msp432p4xx_driverlib.lib</file>
         <name>interrupt.o</name>
      </input_file>
      <input_file id="fl-1d">
         <path>..\</path>
         <kind>archive</kind>
         <file>msp432p4xx_driverlib.lib</file>
         <name>spi.o</name>
      </input_file>
      <input_file id="fl-1e">
         <path>..\</path>
         <kind>archive</kind>
         <file>msp432p4xx_driverlib.lib</file>
         <name>sysctl.o</name>
      </input_file>
      <input_file id="fl-1f">
         <path>..\</path>
         <kind>archive</kind>
         <file>msp432p4xx_driverlib.lib</file>
         <name>cpu.o</name>
      </input_file>
      <input_file id="fl-141">
         <path>C:\ti\ccsv6\tools\compiler\ti-cgt-arm_5.2.5\lib\</path>
         <kind>archive</kind>
         <file>rtsv7M4_T_le_v4SPD16_eabi.lib</file>
         <name>boot.obj</name>
      </input_file>
      <input_file id="fl-142">
         <path>C:\ti\ccsv6\tools\compiler\ti-cgt-arm_5.2.5\lib\</path>
         <kind>archive</kind>
         <file>rtsv7M4_T_le_v4SPD16_eabi.lib</file>
         <name>copy_decompress_none.obj</name>
      </input_file>
      <input_file id="fl-143">
         <path>C:\ti\ccsv6\tools\compiler\ti-cgt-arm_5.2.5\lib\</path>
         <kind>archive</kind>
         <file>rtsv7M4_T_le_v4SPD16_eabi.lib</file>
         <name>copy_decompress_rle.obj</name>
      </input_file>
      <input_file id="fl-144">
         <path>C:\ti\ccsv6\tools\compiler\ti-cgt-arm_5.2.5\lib\</path>
         <kind>archive</kind>
         <file>rtsv7M4_T_le_v4SPD16_eabi.lib</file>
         <name>copy_zero_init.obj</name>
      </input_file>
      <input_file id="fl-145">
         <path>C:\ti\ccsv6\tools\compiler\ti-cgt-arm_5.2.5\lib\</path>
         <kind>archive</kind>
         <file>rtsv7M4_T_le_v4SPD16_eabi.lib</file>
         <name>exit.obj</name>
      </input_file>
      <input_file id="fl-146">
         <path>C:\ti\ccsv6\tools\compiler\ti-cgt-arm_5.2.5\lib\</path>
         <kind>archive</kind>
         <file>rtsv7M4_T_le_v4SPD16_eabi.lib</file>
         <name>memcpy_t2.obj</name>
      </input_file>
      <input_file id="fl-147">
         <path>C:\ti\ccsv6\tools\compiler\ti-cgt-arm_5.2.5\lib\</path>
         <kind>archive</kind>
         <file>rtsv7M4_T_le_v4SPD16_eabi.lib</file>
         <name>memset_t2.obj</name>
      </input_file>
      <input_file id="fl-148">
         <path>C:\ti\ccsv6\tools\compiler\ti-cgt-arm_5.2.5\lib\</path>
         <kind>archive</kind>
         <file>rtsv7M4_T_le_v4SPD16_eabi.lib</file>
         <name>pre_init.obj</name>
      </input_file>
      <input_file id="fl-149">
         <path>C:\ti\ccsv6\tools\compiler\ti-cgt-arm_5.2.5\lib\</path>
         <kind>archive</kind>
         <file>rtsv7M4_T_le_v4SPD16_eabi.lib</file>
         <name>sprintf.obj</name>
      </input_file>
      <input_file id="fl-14a">
         <path>C:\ti\ccsv6\tools\compiler\ti-cgt-arm_5.2.5\lib\</path>
         <kind>archive</kind>
         <file>rtsv7M4_T_le_v4SPD16_eabi.lib</file>
         <name>stkdepth_vars.obj</name>
      </input_file>
      <input_file id="fl-14b">
         <path>C:\ti\ccsv6\tools\compiler\ti-cgt-arm_5.2.5\lib\</path>
         <kind>archive</kind>
         <file>rtsv7M4_T_le_v4SPD16_eabi.lib</file>
         <name>_lock.obj</name>
      </input_file>
      <input_file id="fl-14c">
         <path>C:\ti\ccsv6\tools\compiler\ti-cgt-arm_5.2.5\lib\</path>
         <kind>archive</kind>
         <file>rtsv7M4_T_le_v4SPD16_eabi.lib</file>
         <name>_printfi.obj</name>
      </input_file>
      <input_file id="fl-14d">
         <path>C:\ti\ccsv6\tools\compiler\ti-cgt-arm_5.2.5\lib\</path>
         <kind>archive</kind>
         <file>rtsv7M4_T_le_v4SPD16_eabi.lib</file>
         <name>args_main.obj</name>
      </input_file>
      <input_file id="fl-14e">
         <path>C:\ti\ccsv6\tools\compiler\ti-cgt-arm_5.2.5\lib\</path>
         <kind>archive</kind>
         <file>rtsv7M4_T_le_v4SPD16_eabi.lib</file>
         <name>atoi.obj</name>
      </input_file>
      <input_file id="fl-14f">
         <path>C:\ti\ccsv6\tools\compiler\ti-cgt-arm_5.2.5\lib\</path>
         <kind>archive</kind>
         <file>rtsv7M4_T_le_v4SPD16_eabi.lib</file>
         <name>autoinit.obj</name>
      </input_file>
      <input_file id="fl-150">
         <path>C:\ti\ccsv6\tools\compiler\ti-cgt-arm_5.2.5\lib\</path>
         <kind>archive</kind>
         <file>rtsv7M4_T_le_v4SPD16_eabi.lib</file>
         <name>cpy_tbl.obj</name>
      </input_file>
      <input_file id="fl-151">
         <path>C:\ti\ccsv6\tools\compiler\ti-cgt-arm_5.2.5\lib\</path>
         <kind>archive</kind>
         <file>rtsv7M4_T_le_v4SPD16_eabi.lib</file>
         <name>ctype.obj</name>
      </input_file>
      <input_file id="fl-152">
         <path>C:\ti\ccsv6\tools\compiler\ti-cgt-arm_5.2.5\lib\</path>
         <kind>archive</kind>
         <file>rtsv7M4_T_le_v4SPD16_eabi.lib</file>
         <name>fd_add_t2.obj</name>
      </input_file>
      <input_file id="fl-153">
         <path>C:\ti\ccsv6\tools\compiler\ti-cgt-arm_5.2.5\lib\</path>
         <kind>archive</kind>
         <file>rtsv7M4_T_le_v4SPD16_eabi.lib</file>
         <name>fd_cmp_t2.obj</name>
      </input_file>
      <input_file id="fl-154">
         <path>C:\ti\ccsv6\tools\compiler\ti-cgt-arm_5.2.5\lib\</path>
         <kind>archive</kind>
         <file>rtsv7M4_T_le_v4SPD16_eabi.lib</file>
         <name>fd_div_t2.obj</name>
      </input_file>
      <input_file id="fl-155">
         <path>C:\ti\ccsv6\tools\compiler\ti-cgt-arm_5.2.5\lib\</path>
         <kind>archive</kind>
         <file>rtsv7M4_T_le_v4SPD16_eabi.lib</file>
         <name>fd_mul_t2.obj</name>
      </input_file>
      <input_file id="fl-156">
         <path>C:\ti\ccsv6\tools\compiler\ti-cgt-arm_5.2.5\lib\</path>
         <kind>archive</kind>
         <file>rtsv7M4_T_le_v4SPD16_eabi.lib</file>
         <name>fd_toi_t2.obj</name>
      </input_file>
      <input_file id="fl-157">
         <path>C:\ti\ccsv6\tools\compiler\ti-cgt-arm_5.2.5\lib\</path>
         <kind>archive</kind>
         <file>rtsv7M4_T_le_v4SPD16_eabi.lib</file>
         <name>frexp.obj</name>
      </input_file>
      <input_file id="fl-158">
         <path>C:\ti\ccsv6\tools\compiler\ti-cgt-arm_5.2.5\lib\</path>
         <kind>archive</kind>
         <file>rtsv7M4_T_le_v4SPD16_eabi.lib</file>
         <name>i_tofd_t2.obj</name>
      </input_file>
      <input_file id="fl-159">
         <path>C:\ti\ccsv6\tools\compiler\ti-cgt-arm_5.2.5\lib\</path>
         <kind>archive</kind>
         <file>rtsv7M4_T_le_v4SPD16_eabi.lib</file>
         <name>ldexp.obj</name>
      </input_file>
      <input_file id="fl-15a">
         <path>C:\ti\ccsv6\tools\compiler\ti-cgt-arm_5.2.5\lib\</path>
         <kind>archive</kind>
         <file>rtsv7M4_T_le_v4SPD16_eabi.lib</file>
         <name>ltoa.obj</name>
      </input_file>
      <input_file id="fl-15b">
         <path>C:\ti\ccsv6\tools\compiler\ti-cgt-arm_5.2.5\lib\</path>
         <kind>archive</kind>
         <file>rtsv7M4_T_le_v4SPD16_eabi.lib</file>
         <name>memccpy.obj</name>
      </input_file>
      <input_file id="fl-15c">
         <path>C:\ti\ccsv6\tools\compiler\ti-cgt-arm_5.2.5\lib\</path>
         <kind>archive</kind>
         <file>rtsv7M4_T_le_v4SPD16_eabi.lib</file>
         <name>strchr.obj</name>
      </input_file>
      <input_file id="fl-15d">
         <path>C:\ti\ccsv6\tools\compiler\ti-cgt-arm_5.2.5\lib\</path>
         <kind>archive</kind>
         <file>rtsv7M4_T_le_v4SPD16_eabi.lib</file>
         <name>strlen.obj</name>
      </input_file>
      <input_file id="fl-15e">
         <path>C:\ti\ccsv6\tools\compiler\ti-cgt-arm_5.2.5\lib\</path>
         <kind>archive</kind>
         <file>rtsv7M4_T_le_v4SPD16_eabi.lib</file>
         <name>ull_div_t2.obj</name>
      </input_file>
      <input_file id="fl-15f">
         <path>C:\ti\ccsv6\tools\compiler\ti-cgt-arm_5.2.5\lib\</path>
         <kind>archive</kind>
         <file>rtsv7M4_T_le_v4SPD16_eabi.lib</file>
         <name>xdclass.obj</name>
      </input_file>
      <input_file id="fl-160">
         <path>C:\ti\ccsv6\tools\compiler\ti-cgt-arm_5.2.5\lib\</path>
         <kind>archive</kind>
         <file>rtsv7M4_T_le_v4SPD16_eabi.lib</file>
         <name>xdscale.obj</name>
      </input_file>
      <input_file id="fl-161">
         <path>C:\ti\ccsv6\tools\compiler\ti-cgt-arm_5.2.5\lib\</path>
         <kind>archive</kind>
         <file>rtsv7M4_T_le_v4SPD16_eabi.lib</file>
         <name>xdunscal.obj</name>
      </input_file>
      <input_file id="fl-162">
         <path>C:\ti\ccsv6\tools\compiler\ti-cgt-arm_5.2.5\lib\</path>
         <kind>archive</kind>
         <file>rtsv7M4_T_le_v4SPD16_eabi.lib</file>
         <name>xferaise.obj</name>
      </input_file>
      <input_file id="fl-163">
         <path>C:\ti\ccsv6\tools\compiler\ti-cgt-arm_5.2.5\lib\</path>
         <kind>archive</kind>
         <file>rtsv7M4_T_le_v4SPD16_eabi.lib</file>
         <name>xvalues.obj</name>
      </input_file>
      <input_file id="fl-164">
         <path>C:\ti\ccsv6\tools\compiler\ti-cgt-arm_5.2.5\lib\</path>
         <kind>archive</kind>
         <file>rtsv7M4_T_le_v4SPD16_eabi.lib</file>
         <name>errno.obj</name>
      </input_file>
      <input_file id="fl-165">
         <path>C:\ti\ccsv6\tools\compiler\ti-cgt-arm_5.2.5\lib\</path>
         <kind>archive</kind>
         <file>rtsv7M4_T_le_v4SPD16_eabi.lib</file>
         <name>feraiseexcept.obj</name>
      </input_file>
      <input_file id="fl-166">
         <path>C:\ti\ccsv6\tools\compiler\ti-cgt-arm_5.2.5\lib\</path>
         <kind>archive</kind>
         <file>rtsv7M4_T_le_v4SPD16_eabi.lib</file>
         <name>raise.obj</name>
      </input_file>
      <input_file id="fl-167">
         <path>C:\ti\ccsv6\tools\compiler\ti-cgt-arm_5.2.5\lib\</path>
         <kind>archive</kind>
         <file>rtsv7M4_T_le_v4SPD16_eabi.lib</file>
         <name>signal.obj</name>
      </input_file>
      <input_file id="fl-168">
         <path>C:\ti\ccsv6\tools\compiler\ti-cgt-arm_5.2.5\lib\</path>
         <kind>archive</kind>
         <file>rtsv7M4_T_le_v4SPD16_eabi.lib</file>
         <name>xdnorm.obj</name>
      </input_file>
   </input_file_list>
   <object_component_list>
      <object_component id="oc-27">
         <name>.intvecs:retain</name>
         <load_address>0x0</load_address>
         <run_address>0x0</run_address>
         <size>0x140</size>
         <input_file_ref idref="fl-4"/>
      </object_component>
      <object_component id="oc-1da">
         <name>.text</name>
         <load_address>0x140</load_address>
         <run_address>0x140</run_address>
         <size>0x10ba</size>
         <input_file_ref idref="fl-14c"/>
      </object_component>
      <object_component id="oc-bd">
         <name>.text</name>
         <load_address>0x11fc</load_address>
         <run_address>0x11fc</run_address>
         <size>0x678</size>
         <input_file_ref idref="fl-6"/>
      </object_component>
      <object_component id="oc-150">
         <name>.text</name>
         <load_address>0x1874</load_address>
         <run_address>0x1874</run_address>
         <size>0x630</size>
         <input_file_ref idref="fl-12"/>
      </object_component>
      <object_component id="oc-1d2">
         <name>.text</name>
         <load_address>0x1ea4</load_address>
         <run_address>0x1ea4</run_address>
         <size>0x490</size>
         <input_file_ref idref="fl-f"/>
      </object_component>
      <object_component id="oc-aa">
         <name>.text</name>
         <load_address>0x2334</load_address>
         <run_address>0x2334</run_address>
         <size>0x348</size>
         <input_file_ref idref="fl-5"/>
      </object_component>
      <object_component id="oc-c3">
         <name>.text</name>
         <load_address>0x267c</load_address>
         <run_address>0x267c</run_address>
         <size>0x266</size>
         <input_file_ref idref="fl-b"/>
      </object_component>
      <object_component id="oc-72">
         <name>.text</name>
         <load_address>0x28e4</load_address>
         <run_address>0x28e4</run_address>
         <size>0x248</size>
         <input_file_ref idref="fl-3"/>
      </object_component>
      <object_component id="oc-221">
         <name>.text</name>
         <load_address>0x2b2c</load_address>
         <run_address>0x2b2c</run_address>
         <size>0x1f4</size>
         <input_file_ref idref="fl-15e"/>
      </object_component>
      <object_component id="oc-250">
         <name>.text</name>
         <load_address>0x2d20</load_address>
         <run_address>0x2d20</run_address>
         <size>0x1b6</size>
         <input_file_ref idref="fl-152"/>
      </object_component>
      <object_component id="oc-163">
         <name>.text:_getIndexForMemRegister</name>
         <load_address>0x2ed8</load_address>
         <run_address>0x2ed8</run_address>
         <size>0x154</size>
         <input_file_ref idref="fl-19"/>
      </object_component>
      <object_component id="oc-236">
         <name>.text</name>
         <load_address>0x302c</load_address>
         <run_address>0x302c</run_address>
         <size>0x136</size>
         <input_file_ref idref="fl-154"/>
      </object_component>
      <object_component id="oc-148">
         <name>.text</name>
         <load_address>0x3162</load_address>
         <run_address>0x3162</run_address>
         <size>0x134</size>
         <input_file_ref idref="fl-c"/>
      </object_component>
      <object_component id="oc-2ad">
         <name>.text</name>
         <load_address>0x3298</load_address>
         <run_address>0x3298</run_address>
         <size>0x110</size>
         <input_file_ref idref="fl-160"/>
      </object_component>
      <object_component id="oc-231">
         <name>.text</name>
         <load_address>0x33a8</load_address>
         <run_address>0x33a8</run_address>
         <size>0xfc</size>
         <input_file_ref idref="fl-155"/>
      </object_component>
      <object_component id="oc-c9">
         <name>.text</name>
         <load_address>0x34a4</load_address>
         <run_address>0x34a4</run_address>
         <size>0xf0</size>
         <input_file_ref idref="fl-2"/>
      </object_component>
      <object_component id="oc-b7">
         <name>.text:CS_initClockSignal</name>
         <load_address>0x3594</load_address>
         <run_address>0x3594</run_address>
         <size>0xe0</size>
         <input_file_ref idref="fl-1a"/>
      </object_component>
      <object_component id="oc-2d1">
         <name>.text</name>
         <load_address>0x3674</load_address>
         <run_address>0x3674</run_address>
         <size>0xbe</size>
         <input_file_ref idref="fl-168"/>
      </object_component>
      <object_component id="oc-12c">
         <name>.text</name>
         <load_address>0x3734</load_address>
         <run_address>0x3734</run_address>
         <size>0xbc</size>
         <input_file_ref idref="fl-7"/>
      </object_component>
      <object_component id="oc-2b">
         <name>.text</name>
         <load_address>0x37f0</load_address>
         <run_address>0x37f0</run_address>
         <size>0x9c</size>
         <input_file_ref idref="fl-146"/>
      </object_component>
      <object_component id="oc-1a9">
         <name>.text:SPI_initMaster</name>
         <load_address>0x388c</load_address>
         <run_address>0x388c</run_address>
         <size>0x88</size>
         <input_file_ref idref="fl-1d"/>
      </object_component>
      <object_component id="oc-22c">
         <name>.text:__aeabi_cdcmple</name>
         <load_address>0x3914</load_address>
         <run_address>0x3914</run_address>
         <size>0x86</size>
         <input_file_ref idref="fl-153"/>
      </object_component>
      <object_component id="oc-23b">
         <name>.text:__aeabi_cdrcmple</name>
         <load_address>0x399a</load_address>
         <run_address>0x399a</run_address>
         <size>0x86</size>
         <input_file_ref idref="fl-153"/>
      </object_component>
      <object_component id="oc-44">
         <name>.text</name>
         <load_address>0x3a20</load_address>
         <run_address>0x3a20</run_address>
         <size>0x7a</size>
         <input_file_ref idref="fl-147"/>
      </object_component>
      <object_component id="oc-56">
         <name>.text</name>
         <load_address>0x3a9c</load_address>
         <run_address>0x3a9c</run_address>
         <size>0x6c</size>
         <input_file_ref idref="fl-14f"/>
      </object_component>
      <object_component id="oc-37">
         <name>.text</name>
         <load_address>0x3b08</load_address>
         <run_address>0x3b08</run_address>
         <size>0x6a</size>
         <input_file_ref idref="fl-143"/>
      </object_component>
      <object_component id="oc-2a5">
         <name>.text</name>
         <load_address>0x3b72</load_address>
         <run_address>0x3b72</run_address>
         <size>0x66</size>
         <input_file_ref idref="fl-161"/>
      </object_component>
      <object_component id="oc-156">
         <name>.text</name>
         <load_address>0x3bd8</load_address>
         <run_address>0x3bd8</run_address>
         <size>0x60</size>
         <input_file_ref idref="fl-149"/>
      </object_component>
      <object_component id="oc-245">
         <name>.text</name>
         <load_address>0x3c38</load_address>
         <run_address>0x3c38</run_address>
         <size>0x56</size>
         <input_file_ref idref="fl-15a"/>
      </object_component>
      <object_component id="oc-25b">
         <name>.text</name>
         <load_address>0x3c8e</load_address>
         <run_address>0x3c8e</run_address>
         <size>0x52</size>
         <input_file_ref idref="fl-159"/>
      </object_component>
      <object_component id="oc-22">
         <name>.text</name>
         <load_address>0x3ce0</load_address>
         <run_address>0x3ce0</run_address>
         <size>0x50</size>
         <input_file_ref idref="fl-141"/>
      </object_component>
      <object_component id="oc-19d">
         <name>.text:GPIO_setAsPeripheralModuleFunctionOutputPin</name>
         <load_address>0x3d30</load_address>
         <run_address>0x3d30</run_address>
         <size>0x4c</size>
         <input_file_ref idref="fl-1b"/>
      </object_component>
      <object_component id="oc-273">
         <name>.text</name>
         <load_address>0x3d7c</load_address>
         <run_address>0x3d7c</run_address>
         <size>0x4c</size>
         <input_file_ref idref="fl-14e"/>
      </object_component>
      <object_component id="oc-95">
         <name>.text</name>
         <load_address>0x3dc8</load_address>
         <run_address>0x3dc8</run_address>
         <size>0x4c</size>
         <input_file_ref idref="fl-150"/>
      </object_component>
      <object_component id="oc-cf">
         <name>.text:GPIO_setAsPeripheralModuleFunctionInputPin</name>
         <load_address>0x3e14</load_address>
         <run_address>0x3e14</run_address>
         <size>0x48</size>
         <input_file_ref idref="fl-1b"/>
      </object_component>
      <object_component id="oc-240">
         <name>.text</name>
         <load_address>0x3e5c</load_address>
         <run_address>0x3e5c</run_address>
         <size>0x48</size>
         <input_file_ref idref="fl-156"/>
      </object_component>
      <object_component id="oc-62">
         <name>.text</name>
         <load_address>0x3ea4</load_address>
         <run_address>0x3ea4</run_address>
         <size>0x44</size>
         <input_file_ref idref="fl-145"/>
      </object_component>
      <object_component id="oc-314">
         <name>.text</name>
         <load_address>0x3ee8</load_address>
         <run_address>0x3ee8</run_address>
         <size>0x40</size>
         <input_file_ref idref="fl-167"/>
      </object_component>
      <object_component id="oc-6c">
         <name>.text</name>
         <load_address>0x3f28</load_address>
         <run_address>0x3f28</run_address>
         <size>0x38</size>
         <input_file_ref idref="fl-4"/>
      </object_component>
      <object_component id="oc-2e0">
         <name>.text</name>
         <load_address>0x3f60</load_address>
         <run_address>0x3f60</run_address>
         <size>0x34</size>
         <input_file_ref idref="fl-165"/>
      </object_component>
      <object_component id="oc-1f5">
         <name>.text:is_A_Module</name>
         <load_address>0x3f94</load_address>
         <run_address>0x3f94</run_address>
         <size>0x30</size>
         <input_file_ref idref="fl-1d"/>
      </object_component>
      <object_component id="oc-267">
         <name>.text</name>
         <load_address>0x3fc4</load_address>
         <run_address>0x3fc4</run_address>
         <size>0x30</size>
         <input_file_ref idref="fl-15f"/>
      </object_component>
      <object_component id="oc-2b3">
         <name>.text</name>
         <load_address>0x3ff4</load_address>
         <run_address>0x3ff4</run_address>
         <size>0x30</size>
         <input_file_ref idref="fl-162"/>
      </object_component>
      <object_component id="oc-24b">
         <name>.text</name>
         <load_address>0x4024</load_address>
         <run_address>0x4024</run_address>
         <size>0x2e</size>
         <input_file_ref idref="fl-158"/>
      </object_component>
      <object_component id="oc-304">
         <name>.text</name>
         <load_address>0x4052</load_address>
         <run_address>0x4052</run_address>
         <size>0x2e</size>
         <input_file_ref idref="fl-166"/>
      </object_component>
      <object_component id="oc-255">
         <name>.text</name>
         <load_address>0x4080</load_address>
         <run_address>0x4080</run_address>
         <size>0x2a</size>
         <input_file_ref idref="fl-157"/>
      </object_component>
      <object_component id="oc-b1">
         <name>.text:CS_setDCOCenteredFrequency</name>
         <load_address>0x40ac</load_address>
         <run_address>0x40ac</run_address>
         <size>0x24</size>
         <input_file_ref idref="fl-1a"/>
      </object_component>
      <object_component id="oc-1a3">
         <name>.text:GPIO_setAsOutputPin</name>
         <load_address>0x40d0</load_address>
         <run_address>0x40d0</run_address>
         <size>0x24</size>
         <input_file_ref idref="fl-1b"/>
      </object_component>
      <object_component id="oc-1bb">
         <name>.text:SPI_transmitData</name>
         <load_address>0x40f4</load_address>
         <run_address>0x40f4</run_address>
         <size>0x20</size>
         <input_file_ref idref="fl-1d"/>
      </object_component>
      <object_component id="oc-26d">
         <name>.text</name>
         <load_address>0x4114</load_address>
         <run_address>0x4114</run_address>
         <size>0x1c</size>
         <input_file_ref idref="fl-15b"/>
      </object_component>
      <object_component id="oc-1af">
         <name>.text:SPI_enableModule</name>
         <load_address>0x4130</load_address>
         <run_address>0x4130</run_address>
         <size>0x1a</size>
         <input_file_ref idref="fl-1d"/>
      </object_component>
      <object_component id="oc-d5">
         <name>.text:ADC14_getResult</name>
         <load_address>0x414c</load_address>
         <run_address>0x414c</run_address>
         <size>0x18</size>
         <input_file_ref idref="fl-19"/>
      </object_component>
      <object_component id="oc-132">
         <name>.text:GPIO_setOutputLowOnPin</name>
         <load_address>0x4164</load_address>
         <run_address>0x4164</run_address>
         <size>0x18</size>
         <input_file_ref idref="fl-1b"/>
      </object_component>
      <object_component id="oc-5c">
         <name>.text</name>
         <load_address>0x417c</load_address>
         <run_address>0x417c</run_address>
         <size>0x18</size>
         <input_file_ref idref="fl-14d"/>
      </object_component>
      <object_component id="oc-261">
         <name>.text</name>
         <load_address>0x4194</load_address>
         <run_address>0x4194</run_address>
         <size>0x16</size>
         <input_file_ref idref="fl-15c"/>
      </object_component>
      <object_component id="oc-138">
         <name>.text:GPIO_setOutputHighOnPin</name>
         <load_address>0x41ac</load_address>
         <run_address>0x41ac</run_address>
         <size>0x14</size>
         <input_file_ref idref="fl-1b"/>
      </object_component>
      <object_component id="oc-116">
         <name>.text</name>
         <load_address>0x41c0</load_address>
         <run_address>0x41c0</run_address>
         <size>0x14</size>
         <input_file_ref idref="fl-14b"/>
      </object_component>
      <object_component id="oc-226">
         <name>.text</name>
         <load_address>0x41d4</load_address>
         <run_address>0x41d4</run_address>
         <size>0x14</size>
         <input_file_ref idref="fl-15d"/>
      </object_component>
      <object_component id="oc-10">
         <name>.text:decompress:none</name>
         <load_address>0x41e8</load_address>
         <run_address>0x41e8</run_address>
         <size>0xe</size>
         <input_file_ref idref="fl-142"/>
      </object_component>
      <object_component id="oc-203">
         <name>.text:EUSCI_A_SPI_enable</name>
         <load_address>0x41f6</load_address>
         <run_address>0x41f6</run_address>
         <size>0xc</size>
         <input_file_ref idref="fl-1d"/>
      </object_component>
      <object_component id="oc-1fd">
         <name>.text:EUSCI_B_SPI_enable</name>
         <load_address>0x4202</load_address>
         <run_address>0x4202</run_address>
         <size>0xc</size>
         <input_file_ref idref="fl-1d"/>
      </object_component>
      <object_component id="oc-1c">
         <name>.text:decompress:ZI</name>
         <load_address>0x420e</load_address>
         <run_address>0x420e</run_address>
         <size>0xc</size>
         <input_file_ref idref="fl-144"/>
      </object_component>
      <object_component id="oc-1b5">
         <name>.text:EUSCI_B_SPI_getInterruptStatus</name>
         <load_address>0x421a</load_address>
         <run_address>0x421a</run_address>
         <size>0x8</size>
         <input_file_ref idref="fl-1d"/>
      </object_component>
      <object_component id="oc-16">
         <name>.text:decompress:rle24</name>
         <load_address>0x4222</load_address>
         <run_address>0x4222</run_address>
         <size>0x6</size>
         <input_file_ref idref="fl-143"/>
      </object_component>
      <object_component id="oc-211">
         <name>.text:EUSCI_A_SPI_transmitData</name>
         <load_address>0x4228</load_address>
         <run_address>0x4228</run_address>
         <size>0x4</size>
         <input_file_ref idref="fl-1d"/>
      </object_component>
      <object_component id="oc-20b">
         <name>.text:EUSCI_B_SPI_transmitData</name>
         <load_address>0x422c</load_address>
         <run_address>0x422c</run_address>
         <size>0x4</size>
         <input_file_ref idref="fl-1d"/>
      </object_component>
      <object_component id="oc-50">
         <name>.text</name>
         <load_address>0x4230</load_address>
         <run_address>0x4230</run_address>
         <size>0x4</size>
         <input_file_ref idref="fl-148"/>
      </object_component>
      <object_component id="oc-178">
         <name>.const:.string:g_pucFontFixed6x8Data</name>
         <load_address>0x4234</load_address>
         <run_address>0x4234</run_address>
         <size>0x2f8</size>
         <input_file_ref idref="fl-13"/>
      </object_component>
      <object_component id="oc-2c1">
         <name>.const:.string:_ctypes_</name>
         <load_address>0x452c</load_address>
         <run_address>0x452c</run_address>
         <size>0x101</size>
         <input_file_ref idref="fl-151"/>
      </object_component>
      <object_component id="oc-e3">
         <name>.const:g_sFontFixed6x8</name>
         <load_address>0x4630</load_address>
         <run_address>0x4630</run_address>
         <size>0xc8</size>
         <input_file_ref idref="fl-13"/>
      </object_component>
      <object_component id="oc-169">
         <name>.const:_ctlRegs</name>
         <load_address>0x46f8</load_address>
         <run_address>0x46f8</run_address>
         <size>0x80</size>
         <input_file_ref idref="fl-19"/>
      </object_component>
      <object_component id="oc-e0">
         <name>.const:g_sCrystalfontz128x128</name>
         <load_address>0x4778</load_address>
         <run_address>0x4778</run_address>
         <size>0x2c</size>
         <input_file_ref idref="fl-6"/>
      </object_component>
      <object_component id="oc-1c1">
         <name>.const</name>
         <load_address>0x47a4</load_address>
         <run_address>0x47a4</run_address>
         <size>0x1c</size>
         <input_file_ref idref="fl-7"/>
      </object_component>
      <object_component id="oc-144">
         <name>.const</name>
         <load_address>0x47c0</load_address>
         <run_address>0x47c0</run_address>
         <size>0x8</size>
         <input_file_ref idref="fl-6"/>
      </object_component>
      <object_component id="oc-35b">
         <name>.cinit..data.load</name>
         <load_address>0x47c8</load_address>
         <run_address>0x47c8</run_address>
         <size>0x70</size>
      </object_component>
      <object_component id="oc-359">
         <name>__TI_handler_table</name>
         <load_address>0x4838</load_address>
         <run_address>0x4838</run_address>
         <size>0xc</size>
      </object_component>
      <object_component id="oc-35c">
         <name>.cinit..bss.load</name>
         <load_address>0x4848</load_address>
         <run_address>0x4848</run_address>
         <size>0x8</size>
      </object_component>
      <object_component id="oc-35a">
         <name>__TI_cinit_table</name>
         <load_address>0x4850</load_address>
         <run_address>0x4850</run_address>
         <size>0x10</size>
      </object_component>
      <object_component id="oc-2a">
         <name>.stack</name>
         <uninitialized>true</uninitialized>
         <run_address>0x2000fe00</run_address>
         <size>0x0</size>
         <input_file_ref idref="fl-141"/>
      </object_component>
      <object_component id="oc-35d">
         <name>.stack</name>
         <uninitialized>true</uninitialized>
         <run_address>0x2000fe00</run_address>
         <size>0x0</size>
      </object_component>
      <object_component id="oc-db">
         <name>.common:g_sContext</name>
         <uninitialized>true</uninitialized>
         <run_address>0x20000184</run_address>
         <size>0x1c</size>
      </object_component>
      <object_component id="oc-e6">
         <name>.common:resultsBuffer</name>
         <uninitialized>true</uninitialized>
         <run_address>0x200001a0</run_address>
         <size>0x8</size>
      </object_component>
      <object_component id="oc-15c">
         <name>.common:msTicks</name>
         <uninitialized>true</uninitialized>
         <run_address>0x200001a8</run_address>
         <size>0x4</size>
      </object_component>
      <object_component id="oc-e7">
         <name>.common:Lcd_Orientation</name>
         <uninitialized>true</uninitialized>
         <run_address>0x200001b4</run_address>
         <size>0x1</size>
      </object_component>
      <object_component id="oc-13e">
         <name>.common:Lcd_ScreenWidth</name>
         <uninitialized>true</uninitialized>
         <run_address>0x200001ae</run_address>
         <size>0x2</size>
      </object_component>
      <object_component id="oc-13f">
         <name>.common:Lcd_ScreenHeigth</name>
         <uninitialized>true</uninitialized>
         <run_address>0x200001ac</run_address>
         <size>0x2</size>
      </object_component>
      <object_component id="oc-140">
         <name>.common:Lcd_PenSolid</name>
         <uninitialized>true</uninitialized>
         <run_address>0x200001b5</run_address>
         <size>0x1</size>
      </object_component>
      <object_component id="oc-141">
         <name>.common:Lcd_FontSolid</name>
         <uninitialized>true</uninitialized>
         <run_address>0x200001b3</run_address>
         <size>0x1</size>
      </object_component>
      <object_component id="oc-142">
         <name>.common:Lcd_FlagRead</name>
         <uninitialized>true</uninitialized>
         <run_address>0x200001b2</run_address>
         <size>0x1</size>
      </object_component>
      <object_component id="oc-143">
         <name>.common:Lcd_TouchTrim</name>
         <uninitialized>true</uninitialized>
         <run_address>0x200001b0</run_address>
         <size>0x2</size>
      </object_component>
      <object_component id="oc-124">
         <name>.data</name>
         <load_address>0x20000180</load_address>
         <run_address>0x20000180</run_address>
         <size>0x4</size>
         <input_file_ref idref="fl-5"/>
      </object_component>
      <object_component id="oc-15e">
         <name>.data:GPIO_PORT_TO_BASE</name>
         <load_address>0x20000130</load_address>
         <run_address>0x20000130</run_address>
         <size>0x30</size>
         <input_file_ref idref="fl-1b"/>
      </object_component>
      <object_component id="oc-a2">
         <name>.data</name>
         <load_address>0x20000168</load_address>
         <run_address>0x20000168</run_address>
         <size>0x8</size>
         <input_file_ref idref="fl-145"/>
      </object_component>
      <object_component id="oc-68">
         <name>.data</name>
         <load_address>0x2000017c</load_address>
         <run_address>0x2000017c</run_address>
         <size>0x4</size>
         <input_file_ref idref="fl-14a"/>
      </object_component>
      <object_component id="oc-9f">
         <name>.data</name>
         <load_address>0x20000160</load_address>
         <run_address>0x20000160</run_address>
         <size>0x8</size>
         <input_file_ref idref="fl-14b"/>
      </object_component>
      <object_component id="oc-2db">
         <name>.data</name>
         <load_address>0x200000b0</load_address>
         <run_address>0x200000b0</run_address>
         <size>0x80</size>
         <input_file_ref idref="fl-163"/>
      </object_component>
      <object_component id="oc-2e6">
         <name>.data</name>
         <load_address>0x20000178</load_address>
         <run_address>0x20000178</run_address>
         <size>0x4</size>
         <input_file_ref idref="fl-164"/>
      </object_component>
      <object_component id="oc-30a">
         <name>.data</name>
         <load_address>0x20000170</load_address>
         <run_address>0x20000170</run_address>
         <size>0x8</size>
         <input_file_ref idref="fl-165"/>
      </object_component>
      <object_component id="oc-325">
         <name>.data:sigtable</name>
         <load_address>0x20000000</load_address>
         <run_address>0x20000000</run_address>
         <size>0xb0</size>
         <input_file_ref idref="fl-167"/>
      </object_component>
      <object_component id="oc-dc">
         <name>.debug_info</name>
         <load_address>0x0</load_address>
         <run_address>0x0</run_address>
         <size>0x628</size>
         <input_file_ref idref="fl-2"/>
      </object_component>
      <object_component id="oc-ca">
         <name>.debug_info</name>
         <load_address>0x628</load_address>
         <run_address>0x628</run_address>
         <size>0x3dc</size>
         <input_file_ref idref="fl-2"/>
      </object_component>
      <object_component id="oc-f7">
         <name>.debug_info</name>
         <load_address>0xa04</load_address>
         <run_address>0xa04</run_address>
         <size>0x103e</size>
         <input_file_ref idref="fl-2"/>
      </object_component>
      <object_component id="oc-f2">
         <name>.debug_info</name>
         <load_address>0x1a42</load_address>
         <run_address>0x1a42</run_address>
         <size>0x36f2</size>
         <input_file_ref idref="fl-2"/>
      </object_component>
      <object_component id="oc-193">
         <name>.debug_info</name>
         <load_address>0x5134</load_address>
         <run_address>0x5134</run_address>
         <size>0x1b5</size>
         <input_file_ref idref="fl-2"/>
      </object_component>
      <object_component id="oc-fc">
         <name>.debug_info</name>
         <load_address>0x52e9</load_address>
         <run_address>0x52e9</run_address>
         <size>0x40a</size>
         <input_file_ref idref="fl-2"/>
      </object_component>
      <object_component id="oc-16f">
         <name>.debug_info</name>
         <load_address>0x56f3</load_address>
         <run_address>0x56f3</run_address>
         <size>0x8b</size>
         <input_file_ref idref="fl-2"/>
      </object_component>
      <object_component id="oc-eb">
         <name>.debug_info</name>
         <load_address>0x577e</load_address>
         <run_address>0x577e</run_address>
         <size>0x18b</size>
         <input_file_ref idref="fl-2"/>
      </object_component>
      <object_component id="oc-1e2">
         <name>.debug_info</name>
         <load_address>0x5909</load_address>
         <run_address>0x5909</run_address>
         <size>0x4e</size>
         <input_file_ref idref="fl-2"/>
      </object_component>
      <object_component id="oc-1c5">
         <name>.debug_info</name>
         <load_address>0x5957</load_address>
         <run_address>0x5957</run_address>
         <size>0x131</size>
         <input_file_ref idref="fl-2"/>
      </object_component>
      <object_component id="oc-de">
         <name>.debug_info</name>
         <load_address>0x5a88</load_address>
         <run_address>0x5a88</run_address>
         <size>0x8ce</size>
         <input_file_ref idref="fl-3"/>
      </object_component>
      <object_component id="oc-73">
         <name>.debug_info</name>
         <load_address>0x6356</load_address>
         <run_address>0x6356</run_address>
         <size>0x508</size>
         <input_file_ref idref="fl-3"/>
      </object_component>
      <object_component id="oc-7a">
         <name>.debug_info</name>
         <load_address>0x685e</load_address>
         <run_address>0x685e</run_address>
         <size>0x5f0</size>
         <input_file_ref idref="fl-4"/>
      </object_component>
      <object_component id="oc-28">
         <name>.debug_info</name>
         <load_address>0x6e4e</load_address>
         <run_address>0x6e4e</run_address>
         <size>0xf0</size>
         <input_file_ref idref="fl-4"/>
      </object_component>
      <object_component id="oc-6d">
         <name>.debug_info</name>
         <load_address>0x6f3e</load_address>
         <run_address>0x6f3e</run_address>
         <size>0x2c5</size>
         <input_file_ref idref="fl-4"/>
      </object_component>
      <object_component id="oc-84">
         <name>.debug_info</name>
         <load_address>0x7203</load_address>
         <run_address>0x7203</run_address>
         <size>0x84</size>
         <input_file_ref idref="fl-4"/>
      </object_component>
      <object_component id="oc-125">
         <name>.debug_info</name>
         <load_address>0x7287</load_address>
         <run_address>0x7287</run_address>
         <size>0xe9</size>
         <input_file_ref idref="fl-5"/>
      </object_component>
      <object_component id="oc-ab">
         <name>.debug_info</name>
         <load_address>0x7370</load_address>
         <run_address>0x7370</run_address>
         <size>0x25b</size>
         <input_file_ref idref="fl-5"/>
      </object_component>
      <object_component id="oc-e8">
         <name>.debug_info</name>
         <load_address>0x75cb</load_address>
         <run_address>0x75cb</run_address>
         <size>0x783</size>
         <input_file_ref idref="fl-6"/>
      </object_component>
      <object_component id="oc-e1">
         <name>.debug_info</name>
         <load_address>0x7d4e</load_address>
         <run_address>0x7d4e</run_address>
         <size>0x10a</size>
         <input_file_ref idref="fl-6"/>
      </object_component>
      <object_component id="oc-145">
         <name>.debug_info</name>
         <load_address>0x7e58</load_address>
         <run_address>0x7e58</run_address>
         <size>0xeb</size>
         <input_file_ref idref="fl-6"/>
      </object_component>
      <object_component id="oc-be">
         <name>.debug_info</name>
         <load_address>0x7f43</load_address>
         <run_address>0x7f43</run_address>
         <size>0x15ab</size>
         <input_file_ref idref="fl-6"/>
      </object_component>
      <object_component id="oc-180">
         <name>.debug_info</name>
         <load_address>0x94ee</load_address>
         <run_address>0x94ee</run_address>
         <size>0x36f2</size>
         <input_file_ref idref="fl-6"/>
      </object_component>
      <object_component id="oc-21a">
         <name>.debug_info</name>
         <load_address>0xcbe0</load_address>
         <run_address>0xcbe0</run_address>
         <size>0x72e</size>
         <input_file_ref idref="fl-7"/>
      </object_component>
      <object_component id="oc-1c2">
         <name>.debug_info</name>
         <load_address>0xd30e</load_address>
         <run_address>0xd30e</run_address>
         <size>0xfe</size>
         <input_file_ref idref="fl-7"/>
      </object_component>
      <object_component id="oc-12d">
         <name>.debug_info</name>
         <load_address>0xd40c</load_address>
         <run_address>0xd40c</run_address>
         <size>0x610</size>
         <input_file_ref idref="fl-7"/>
      </object_component>
      <object_component id="oc-14f">
         <name>.debug_info</name>
         <load_address>0xda1c</load_address>
         <run_address>0xda1c</run_address>
         <size>0x353</size>
         <input_file_ref idref="fl-b"/>
      </object_component>
      <object_component id="oc-c4">
         <name>.debug_info</name>
         <load_address>0xdd6f</load_address>
         <run_address>0xdd6f</run_address>
         <size>0xf1a</size>
         <input_file_ref idref="fl-b"/>
      </object_component>
      <object_component id="oc-1cf">
         <name>.debug_info</name>
         <load_address>0xec89</load_address>
         <run_address>0xec89</run_address>
         <size>0x1f3</size>
         <input_file_ref idref="fl-c"/>
      </object_component>
      <object_component id="oc-149">
         <name>.debug_info</name>
         <load_address>0xee7c</load_address>
         <run_address>0xee7c</run_address>
         <size>0x937</size>
         <input_file_ref idref="fl-c"/>
      </object_component>
      <object_component id="oc-21e">
         <name>.debug_info</name>
         <load_address>0xf7b3</load_address>
         <run_address>0xf7b3</run_address>
         <size>0x333</size>
         <input_file_ref idref="fl-f"/>
      </object_component>
      <object_component id="oc-1d3">
         <name>.debug_info</name>
         <load_address>0xfae6</load_address>
         <run_address>0xfae6</run_address>
         <size>0x7a6</size>
         <input_file_ref idref="fl-f"/>
      </object_component>
      <object_component id="oc-1d9">
         <name>.debug_info</name>
         <load_address>0x1028c</load_address>
         <run_address>0x1028c</run_address>
         <size>0x2b2</size>
         <input_file_ref idref="fl-12"/>
      </object_component>
      <object_component id="oc-151">
         <name>.debug_info</name>
         <load_address>0x1053e</load_address>
         <run_address>0x1053e</run_address>
         <size>0xa0c</size>
         <input_file_ref idref="fl-12"/>
      </object_component>
      <object_component id="oc-17d">
         <name>.debug_info</name>
         <load_address>0x10f4a</load_address>
         <run_address>0x10f4a</run_address>
         <size>0x208</size>
         <input_file_ref idref="fl-13"/>
      </object_component>
      <object_component id="oc-179">
         <name>.debug_info</name>
         <load_address>0x11152</load_address>
         <run_address>0x11152</run_address>
         <size>0xfa</size>
         <input_file_ref idref="fl-13"/>
      </object_component>
      <object_component id="oc-e4">
         <name>.debug_info</name>
         <load_address>0x1124c</load_address>
         <run_address>0x1124c</run_address>
         <size>0xef</size>
         <input_file_ref idref="fl-13"/>
      </object_component>
      <object_component id="oc-1ee">
         <name>.debug_info</name>
         <load_address>0x1133b</load_address>
         <run_address>0x1133b</run_address>
         <size>0x4ad</size>
         <input_file_ref idref="fl-19"/>
      </object_component>
      <object_component id="oc-16a">
         <name>.debug_info</name>
         <load_address>0x117e8</load_address>
         <run_address>0x117e8</run_address>
         <size>0xb9</size>
         <input_file_ref idref="fl-19"/>
      </object_component>
      <object_component id="oc-166">
         <name>.debug_info</name>
         <load_address>0x118a1</load_address>
         <run_address>0x118a1</run_address>
         <size>0x1d0</size>
         <input_file_ref idref="fl-19"/>
      </object_component>
      <object_component id="oc-d9">
         <name>.debug_info</name>
         <load_address>0x11a71</load_address>
         <run_address>0x11a71</run_address>
         <size>0x134</size>
         <input_file_ref idref="fl-19"/>
      </object_component>
      <object_component id="oc-198">
         <name>.debug_info</name>
         <load_address>0x11ba5</load_address>
         <run_address>0x11ba5</run_address>
         <size>0x103e</size>
         <input_file_ref idref="fl-19"/>
      </object_component>
      <object_component id="oc-129">
         <name>.debug_info</name>
         <load_address>0x12be3</load_address>
         <run_address>0x12be3</run_address>
         <size>0x5e9</size>
         <input_file_ref idref="fl-1a"/>
      </object_component>
      <object_component id="oc-b5">
         <name>.debug_info</name>
         <load_address>0x131cc</load_address>
         <run_address>0x131cc</run_address>
         <size>0x12c</size>
         <input_file_ref idref="fl-1a"/>
      </object_component>
      <object_component id="oc-bb">
         <name>.debug_info</name>
         <load_address>0x132f8</load_address>
         <run_address>0x132f8</run_address>
         <size>0x1b3</size>
         <input_file_ref idref="fl-1a"/>
      </object_component>
      <object_component id="oc-162">
         <name>.debug_info</name>
         <load_address>0x134ab</load_address>
         <run_address>0x134ab</run_address>
         <size>0x49e</size>
         <input_file_ref idref="fl-1b"/>
      </object_component>
      <object_component id="oc-15f">
         <name>.debug_info</name>
         <load_address>0x13949</load_address>
         <run_address>0x13949</run_address>
         <size>0xca</size>
         <input_file_ref idref="fl-1b"/>
      </object_component>
      <object_component id="oc-133">
         <name>.debug_info</name>
         <load_address>0x13a13</load_address>
         <run_address>0x13a13</run_address>
         <size>0x17d</size>
         <input_file_ref idref="fl-1b"/>
      </object_component>
      <object_component id="oc-139">
         <name>.debug_info</name>
         <load_address>0x13b90</load_address>
         <run_address>0x13b90</run_address>
         <size>0x17f</size>
         <input_file_ref idref="fl-1b"/>
      </object_component>
      <object_component id="oc-19e">
         <name>.debug_info</name>
         <load_address>0x13d0f</load_address>
         <run_address>0x13d0f</run_address>
         <size>0x1d7</size>
         <input_file_ref idref="fl-1b"/>
      </object_component>
      <object_component id="oc-d0">
         <name>.debug_info</name>
         <load_address>0x13ee6</load_address>
         <run_address>0x13ee6</run_address>
         <size>0x1d5</size>
         <input_file_ref idref="fl-1b"/>
      </object_component>
      <object_component id="oc-1a4">
         <name>.debug_info</name>
         <load_address>0x140bb</load_address>
         <run_address>0x140bb</run_address>
         <size>0x196</size>
         <input_file_ref idref="fl-1b"/>
      </object_component>
      <object_component id="oc-1fc">
         <name>.debug_info</name>
         <load_address>0x14251</load_address>
         <run_address>0x14251</run_address>
         <size>0x4ab</size>
         <input_file_ref idref="fl-1d"/>
      </object_component>
      <object_component id="oc-1f6">
         <name>.debug_info</name>
         <load_address>0x146fc</load_address>
         <run_address>0x146fc</run_address>
         <size>0x10d</size>
         <input_file_ref idref="fl-1d"/>
      </object_component>
      <object_component id="oc-20c">
         <name>.debug_info</name>
         <load_address>0x14809</load_address>
         <run_address>0x14809</run_address>
         <size>0x17d</size>
         <input_file_ref idref="fl-1d"/>
      </object_component>
      <object_component id="oc-212">
         <name>.debug_info</name>
         <load_address>0x14986</load_address>
         <run_address>0x14986</run_address>
         <size>0x17d</size>
         <input_file_ref idref="fl-1d"/>
      </object_component>
      <object_component id="oc-1bc">
         <name>.debug_info</name>
         <load_address>0x14b03</load_address>
         <run_address>0x14b03</run_address>
         <size>0x1cf</size>
         <input_file_ref idref="fl-1d"/>
      </object_component>
      <object_component id="oc-1aa">
         <name>.debug_info</name>
         <load_address>0x14cd2</load_address>
         <run_address>0x14cd2</run_address>
         <size>0x176</size>
         <input_file_ref idref="fl-1d"/>
      </object_component>
      <object_component id="oc-1b6">
         <name>.debug_info</name>
         <load_address>0x14e48</load_address>
         <run_address>0x14e48</run_address>
         <size>0x16d</size>
         <input_file_ref idref="fl-1d"/>
      </object_component>
      <object_component id="oc-1fe">
         <name>.debug_info</name>
         <load_address>0x14fb5</load_address>
         <run_address>0x14fb5</run_address>
         <size>0x12f</size>
         <input_file_ref idref="fl-1d"/>
      </object_component>
      <object_component id="oc-204">
         <name>.debug_info</name>
         <load_address>0x150e4</load_address>
         <run_address>0x150e4</run_address>
         <size>0x12f</size>
         <input_file_ref idref="fl-1d"/>
      </object_component>
      <object_component id="oc-1b0">
         <name>.debug_info</name>
         <load_address>0x15213</load_address>
         <run_address>0x15213</run_address>
         <size>0x181</size>
         <input_file_ref idref="fl-1d"/>
      </object_component>
      <object_component id="oc-25">
         <name>.debug_info</name>
         <load_address>0x15394</load_address>
         <run_address>0x15394</run_address>
         <size>0x134</size>
         <input_file_ref idref="fl-141"/>
      </object_component>
      <object_component id="oc-36">
         <name>.debug_info</name>
         <load_address>0x154c8</load_address>
         <run_address>0x154c8</run_address>
         <size>0x121</size>
         <input_file_ref idref="fl-142"/>
      </object_component>
      <object_component id="oc-14">
         <name>.debug_info</name>
         <load_address>0x155e9</load_address>
         <run_address>0x155e9</run_address>
         <size>0x1c0</size>
         <input_file_ref idref="fl-142"/>
      </object_component>
      <object_component id="oc-31">
         <name>.debug_info</name>
         <load_address>0x157a9</load_address>
         <run_address>0x157a9</run_address>
         <size>0x46</size>
         <input_file_ref idref="fl-142"/>
      </object_component>
      <object_component id="oc-7d">
         <name>.debug_info</name>
         <load_address>0x157ef</load_address>
         <run_address>0x157ef</run_address>
         <size>0x2c</size>
         <input_file_ref idref="fl-142"/>
      </object_component>
      <object_component id="oc-3e">
         <name>.debug_info</name>
         <load_address>0x1581b</load_address>
         <run_address>0x1581b</run_address>
         <size>0x115</size>
         <input_file_ref idref="fl-143"/>
      </object_component>
      <object_component id="oc-38">
         <name>.debug_info</name>
         <load_address>0x15930</load_address>
         <run_address>0x15930</run_address>
         <size>0x228</size>
         <input_file_ref idref="fl-143"/>
      </object_component>
      <object_component id="oc-17">
         <name>.debug_info</name>
         <load_address>0x15b58</load_address>
         <run_address>0x15b58</run_address>
         <size>0x192</size>
         <input_file_ref idref="fl-143"/>
      </object_component>
      <object_component id="oc-3f">
         <name>.debug_info</name>
         <load_address>0x15cea</load_address>
         <run_address>0x15cea</run_address>
         <size>0x39</size>
         <input_file_ref idref="fl-143"/>
      </object_component>
      <object_component id="oc-8c">
         <name>.debug_info</name>
         <load_address>0x15d23</load_address>
         <run_address>0x15d23</run_address>
         <size>0x2c</size>
         <input_file_ref idref="fl-143"/>
      </object_component>
      <object_component id="oc-4f">
         <name>.debug_info</name>
         <load_address>0x15d4f</load_address>
         <run_address>0x15d4f</run_address>
         <size>0x110</size>
         <input_file_ref idref="fl-144"/>
      </object_component>
      <object_component id="oc-1d">
         <name>.debug_info</name>
         <load_address>0x15e5f</load_address>
         <run_address>0x15e5f</run_address>
         <size>0x18b</size>
         <input_file_ref idref="fl-144"/>
      </object_component>
      <object_component id="oc-4a">
         <name>.debug_info</name>
         <load_address>0x15fea</load_address>
         <run_address>0x15fea</run_address>
         <size>0x46</size>
         <input_file_ref idref="fl-144"/>
      </object_component>
      <object_component id="oc-a6">
         <name>.debug_info</name>
         <load_address>0x16030</load_address>
         <run_address>0x16030</run_address>
         <size>0x172</size>
         <input_file_ref idref="fl-145"/>
      </object_component>
      <object_component id="oc-a3">
         <name>.debug_info</name>
         <load_address>0x161a2</load_address>
         <run_address>0x161a2</run_address>
         <size>0x117</size>
         <input_file_ref idref="fl-145"/>
      </object_component>
      <object_component id="oc-65">
         <name>.debug_info</name>
         <load_address>0x162b9</load_address>
         <run_address>0x162b9</run_address>
         <size>0x1ee</size>
         <input_file_ref idref="fl-145"/>
      </object_component>
      <object_component id="oc-2d">
         <name>.debug_info</name>
         <load_address>0x164a7</load_address>
         <run_address>0x164a7</run_address>
         <size>0xf6</size>
         <input_file_ref idref="fl-146"/>
      </object_component>
      <object_component id="oc-45">
         <name>.debug_info</name>
         <load_address>0x1659d</load_address>
         <run_address>0x1659d</run_address>
         <size>0x124</size>
         <input_file_ref idref="fl-147"/>
      </object_component>
      <object_component id="oc-51">
         <name>.debug_info</name>
         <load_address>0x166c1</load_address>
         <run_address>0x166c1</run_address>
         <size>0x129</size>
         <input_file_ref idref="fl-148"/>
      </object_component>
      <object_component id="oc-1e1">
         <name>.debug_info</name>
         <load_address>0x167ea</load_address>
         <run_address>0x167ea</run_address>
         <size>0x19c</size>
         <input_file_ref idref="fl-149"/>
      </object_component>
      <object_component id="oc-159">
         <name>.debug_info</name>
         <load_address>0x16986</load_address>
         <run_address>0x16986</run_address>
         <size>0x2c5</size>
         <input_file_ref idref="fl-149"/>
      </object_component>
      <object_component id="oc-280">
         <name>.debug_info</name>
         <load_address>0x16c4b</load_address>
         <run_address>0x16c4b</run_address>
         <size>0x2c</size>
         <input_file_ref idref="fl-149"/>
      </object_component>
      <object_component id="oc-69">
         <name>.debug_info</name>
         <load_address>0x16c77</load_address>
         <run_address>0x16c77</run_address>
         <size>0xea</size>
         <input_file_ref idref="fl-14a"/>
      </object_component>
      <object_component id="oc-11e">
         <name>.debug_info</name>
         <load_address>0x16d61</load_address>
         <run_address>0x16d61</run_address>
         <size>0x105</size>
         <input_file_ref idref="fl-14b"/>
      </object_component>
      <object_component id="oc-a0">
         <name>.debug_info</name>
         <load_address>0x16e66</load_address>
         <run_address>0x16e66</run_address>
         <size>0xf4</size>
         <input_file_ref idref="fl-14b"/>
      </object_component>
      <object_component id="oc-117">
         <name>.debug_info</name>
         <load_address>0x16f5a</load_address>
         <run_address>0x16f5a</run_address>
         <size>0x200</size>
         <input_file_ref idref="fl-14b"/>
      </object_component>
      <object_component id="oc-27a">
         <name>.debug_info</name>
         <load_address>0x1715a</load_address>
         <run_address>0x1715a</run_address>
         <size>0x338</size>
         <input_file_ref idref="fl-14c"/>
      </object_component>
      <object_component id="oc-1db">
         <name>.debug_info</name>
         <load_address>0x17492</load_address>
         <run_address>0x17492</run_address>
         <size>0x17ea</size>
         <input_file_ref idref="fl-14c"/>
      </object_component>
      <object_component id="oc-27b">
         <name>.debug_info</name>
         <load_address>0x18c7c</load_address>
         <run_address>0x18c7c</run_address>
         <size>0x86</size>
         <input_file_ref idref="fl-14c"/>
      </object_component>
      <object_component id="oc-2c8">
         <name>.debug_info</name>
         <load_address>0x18d02</load_address>
         <run_address>0x18d02</run_address>
         <size>0x46</size>
         <input_file_ref idref="fl-14c"/>
      </object_component>
      <object_component id="oc-285">
         <name>.debug_info</name>
         <load_address>0x18d48</load_address>
         <run_address>0x18d48</run_address>
         <size>0x39</size>
         <input_file_ref idref="fl-14c"/>
      </object_component>
      <object_component id="oc-9e">
         <name>.debug_info</name>
         <load_address>0x18d81</load_address>
         <run_address>0x18d81</run_address>
         <size>0x147</size>
         <input_file_ref idref="fl-14d"/>
      </object_component>
      <object_component id="oc-5d">
         <name>.debug_info</name>
         <load_address>0x18ec8</load_address>
         <run_address>0x18ec8</run_address>
         <size>0x148</size>
         <input_file_ref idref="fl-14d"/>
      </object_component>
      <object_component id="oc-111">
         <name>.debug_info</name>
         <load_address>0x19010</load_address>
         <run_address>0x19010</run_address>
         <size>0x5e</size>
         <input_file_ref idref="fl-14d"/>
      </object_component>
      <object_component id="oc-2c5">
         <name>.debug_info</name>
         <load_address>0x1906e</load_address>
         <run_address>0x1906e</run_address>
         <size>0xf5</size>
         <input_file_ref idref="fl-14e"/>
      </object_component>
      <object_component id="oc-274">
         <name>.debug_info</name>
         <load_address>0x19163</load_address>
         <run_address>0x19163</run_address>
         <size>0x152</size>
         <input_file_ref idref="fl-14e"/>
      </object_component>
      <object_component id="oc-9c">
         <name>.debug_info</name>
         <load_address>0x192b5</load_address>
         <run_address>0x192b5</run_address>
         <size>0x29e</size>
         <input_file_ref idref="fl-14f"/>
      </object_component>
      <object_component id="oc-57">
         <name>.debug_info</name>
         <load_address>0x19553</load_address>
         <run_address>0x19553</run_address>
         <size>0x158</size>
         <input_file_ref idref="fl-14f"/>
      </object_component>
      <object_component id="oc-105">
         <name>.debug_info</name>
         <load_address>0x196ab</load_address>
         <run_address>0x196ab</run_address>
         <size>0x39</size>
         <input_file_ref idref="fl-14f"/>
      </object_component>
      <object_component id="oc-10a">
         <name>.debug_info</name>
         <load_address>0x196e4</load_address>
         <run_address>0x196e4</run_address>
         <size>0xcd</size>
         <input_file_ref idref="fl-14f"/>
      </object_component>
      <object_component id="oc-102">
         <name>.debug_info</name>
         <load_address>0x197b1</load_address>
         <run_address>0x197b1</run_address>
         <size>0x1c1</size>
         <input_file_ref idref="fl-150"/>
      </object_component>
      <object_component id="oc-96">
         <name>.debug_info</name>
         <load_address>0x19972</load_address>
         <run_address>0x19972</run_address>
         <size>0x164</size>
         <input_file_ref idref="fl-150"/>
      </object_component>
      <object_component id="oc-187">
         <name>.debug_info</name>
         <load_address>0x19ad6</load_address>
         <run_address>0x19ad6</run_address>
         <size>0x2c</size>
         <input_file_ref idref="fl-150"/>
      </object_component>
      <object_component id="oc-2f4">
         <name>.debug_info</name>
         <load_address>0x19b02</load_address>
         <run_address>0x19b02</run_address>
         <size>0xcf</size>
         <input_file_ref idref="fl-151"/>
      </object_component>
      <object_component id="oc-2c2">
         <name>.debug_info</name>
         <load_address>0x19bd1</load_address>
         <run_address>0x19bd1</run_address>
         <size>0xdb</size>
         <input_file_ref idref="fl-151"/>
      </object_component>
      <object_component id="oc-252">
         <name>.debug_info</name>
         <load_address>0x19cac</load_address>
         <run_address>0x19cac</run_address>
         <size>0x129</size>
         <input_file_ref idref="fl-152"/>
      </object_component>
      <object_component id="oc-22d">
         <name>.debug_info</name>
         <load_address>0x19dd5</load_address>
         <run_address>0x19dd5</run_address>
         <size>0x105</size>
         <input_file_ref idref="fl-153"/>
      </object_component>
      <object_component id="oc-23c">
         <name>.debug_info</name>
         <load_address>0x19eda</load_address>
         <run_address>0x19eda</run_address>
         <size>0x107</size>
         <input_file_ref idref="fl-153"/>
      </object_component>
      <object_component id="oc-237">
         <name>.debug_info</name>
         <load_address>0x19fe1</load_address>
         <run_address>0x19fe1</run_address>
         <size>0x117</size>
         <input_file_ref idref="fl-154"/>
      </object_component>
      <object_component id="oc-232">
         <name>.debug_info</name>
         <load_address>0x1a0f8</load_address>
         <run_address>0x1a0f8</run_address>
         <size>0x117</size>
         <input_file_ref idref="fl-155"/>
      </object_component>
      <object_component id="oc-242">
         <name>.debug_info</name>
         <load_address>0x1a20f</load_address>
         <run_address>0x1a20f</run_address>
         <size>0x10b</size>
         <input_file_ref idref="fl-156"/>
      </object_component>
      <object_component id="oc-2ac">
         <name>.debug_info</name>
         <load_address>0x1a31a</load_address>
         <run_address>0x1a31a</run_address>
         <size>0xfe</size>
         <input_file_ref idref="fl-157"/>
      </object_component>
      <object_component id="oc-256">
         <name>.debug_info</name>
         <load_address>0x1a418</load_address>
         <run_address>0x1a418</run_address>
         <size>0x16e</size>
         <input_file_ref idref="fl-157"/>
      </object_component>
      <object_component id="oc-24d">
         <name>.debug_info</name>
         <load_address>0x1a586</load_address>
         <run_address>0x1a586</run_address>
         <size>0x109</size>
         <input_file_ref idref="fl-158"/>
      </object_component>
      <object_component id="oc-2ba">
         <name>.debug_info</name>
         <load_address>0x1a68f</load_address>
         <run_address>0x1a68f</run_address>
         <size>0x142</size>
         <input_file_ref idref="fl-159"/>
      </object_component>
      <object_component id="oc-25c">
         <name>.debug_info</name>
         <load_address>0x1a7d1</load_address>
         <run_address>0x1a7d1</run_address>
         <size>0x165</size>
         <input_file_ref idref="fl-159"/>
      </object_component>
      <object_component id="oc-2a2">
         <name>.debug_info</name>
         <load_address>0x1a936</load_address>
         <run_address>0x1a936</run_address>
         <size>0x12d</size>
         <input_file_ref idref="fl-15a"/>
      </object_component>
      <object_component id="oc-246">
         <name>.debug_info</name>
         <load_address>0x1aa63</load_address>
         <run_address>0x1aa63</run_address>
         <size>0x1a3</size>
         <input_file_ref idref="fl-15a"/>
      </object_component>
      <object_component id="oc-2c0">
         <name>.debug_info</name>
         <load_address>0x1ac06</load_address>
         <run_address>0x1ac06</run_address>
         <size>0xd2</size>
         <input_file_ref idref="fl-15b"/>
      </object_component>
      <object_component id="oc-26f">
         <name>.debug_info</name>
         <load_address>0x1acd8</load_address>
         <run_address>0x1acd8</run_address>
         <size>0x18c</size>
         <input_file_ref idref="fl-15b"/>
      </object_component>
      <object_component id="oc-2bc">
         <name>.debug_info</name>
         <load_address>0x1ae64</load_address>
         <run_address>0x1ae64</run_address>
         <size>0xd6</size>
         <input_file_ref idref="fl-15c"/>
      </object_component>
      <object_component id="oc-262">
         <name>.debug_info</name>
         <load_address>0x1af3a</load_address>
         <run_address>0x1af3a</run_address>
         <size>0x211</size>
         <input_file_ref idref="fl-15c"/>
      </object_component>
      <object_component id="oc-29b">
         <name>.debug_info</name>
         <load_address>0x1b14b</load_address>
         <run_address>0x1b14b</run_address>
         <size>0xcb</size>
         <input_file_ref idref="fl-15d"/>
      </object_component>
      <object_component id="oc-227">
         <name>.debug_info</name>
         <load_address>0x1b216</load_address>
         <run_address>0x1b216</run_address>
         <size>0x1f7</size>
         <input_file_ref idref="fl-15d"/>
      </object_component>
      <object_component id="oc-223">
         <name>.debug_info</name>
         <load_address>0x1b40d</load_address>
         <run_address>0x1b40d</run_address>
         <size>0x162</size>
         <input_file_ref idref="fl-15e"/>
      </object_component>
      <object_component id="oc-2be">
         <name>.debug_info</name>
         <load_address>0x1b56f</load_address>
         <run_address>0x1b56f</run_address>
         <size>0xf3</size>
         <input_file_ref idref="fl-15f"/>
      </object_component>
      <object_component id="oc-268">
         <name>.debug_info</name>
         <load_address>0x1b662</load_address>
         <run_address>0x1b662</run_address>
         <size>0x13a</size>
         <input_file_ref idref="fl-15f"/>
      </object_component>
      <object_component id="oc-2df">
         <name>.debug_info</name>
         <load_address>0x1b79c</load_address>
         <run_address>0x1b79c</run_address>
         <size>0x111</size>
         <input_file_ref idref="fl-160"/>
      </object_component>
      <object_component id="oc-2ae">
         <name>.debug_info</name>
         <load_address>0x1b8ad</load_address>
         <run_address>0x1b8ad</run_address>
         <size>0x192</size>
         <input_file_ref idref="fl-160"/>
      </object_component>
      <object_component id="oc-2fd">
         <name>.debug_info</name>
         <load_address>0x1ba3f</load_address>
         <run_address>0x1ba3f</run_address>
         <size>0x86</size>
         <input_file_ref idref="fl-160"/>
      </object_component>
      <object_component id="oc-2d8">
         <name>.debug_info</name>
         <load_address>0x1bac5</load_address>
         <run_address>0x1bac5</run_address>
         <size>0xfb</size>
         <input_file_ref idref="fl-161"/>
      </object_component>
      <object_component id="oc-2a6">
         <name>.debug_info</name>
         <load_address>0x1bbc0</load_address>
         <run_address>0x1bbc0</run_address>
         <size>0x173</size>
         <input_file_ref idref="fl-161"/>
      </object_component>
      <object_component id="oc-2b4">
         <name>.debug_info</name>
         <load_address>0x1bd33</load_address>
         <run_address>0x1bd33</run_address>
         <size>0x153</size>
         <input_file_ref idref="fl-162"/>
      </object_component>
      <object_component id="oc-2dc">
         <name>.debug_info</name>
         <load_address>0x1be86</load_address>
         <run_address>0x1be86</run_address>
         <size>0x1b5</size>
         <input_file_ref idref="fl-163"/>
      </object_component>
      <object_component id="oc-2e7">
         <name>.debug_info</name>
         <load_address>0x1c03b</load_address>
         <run_address>0x1c03b</run_address>
         <size>0xd6</size>
         <input_file_ref idref="fl-164"/>
      </object_component>
      <object_component id="oc-323">
         <name>.debug_info</name>
         <load_address>0x1c111</load_address>
         <run_address>0x1c111</run_address>
         <size>0x13e</size>
         <input_file_ref idref="fl-165"/>
      </object_component>
      <object_component id="oc-30b">
         <name>.debug_info</name>
         <load_address>0x1c24f</load_address>
         <run_address>0x1c24f</run_address>
         <size>0x10e</size>
         <input_file_ref idref="fl-165"/>
      </object_component>
      <object_component id="oc-2e1">
         <name>.debug_info</name>
         <load_address>0x1c35d</load_address>
         <run_address>0x1c35d</run_address>
         <size>0x16f</size>
         <input_file_ref idref="fl-165"/>
      </object_component>
      <object_component id="oc-31e">
         <name>.debug_info</name>
         <load_address>0x1c4cc</load_address>
         <run_address>0x1c4cc</run_address>
         <size>0x6f</size>
         <input_file_ref idref="fl-165"/>
      </object_component>
      <object_component id="oc-31b">
         <name>.debug_info</name>
         <load_address>0x1c53b</load_address>
         <run_address>0x1c53b</run_address>
         <size>0xfd</size>
         <input_file_ref idref="fl-166"/>
      </object_component>
      <object_component id="oc-305">
         <name>.debug_info</name>
         <load_address>0x1c638</load_address>
         <run_address>0x1c638</run_address>
         <size>0x154</size>
         <input_file_ref idref="fl-166"/>
      </object_component>
      <object_component id="oc-32c">
         <name>.debug_info</name>
         <load_address>0x1c78c</load_address>
         <run_address>0x1c78c</run_address>
         <size>0x2c</size>
         <input_file_ref idref="fl-166"/>
      </object_component>
      <object_component id="oc-329">
         <name>.debug_info</name>
         <load_address>0x1c7b8</load_address>
         <run_address>0x1c7b8</run_address>
         <size>0x11d</size>
         <input_file_ref idref="fl-167"/>
      </object_component>
      <object_component id="oc-326">
         <name>.debug_info</name>
         <load_address>0x1c8d5</load_address>
         <run_address>0x1c8d5</run_address>
         <size>0xdb</size>
         <input_file_ref idref="fl-167"/>
      </object_component>
      <object_component id="oc-315">
         <name>.debug_info</name>
         <load_address>0x1c9b0</load_address>
         <run_address>0x1c9b0</run_address>
         <size>0x16a</size>
         <input_file_ref idref="fl-167"/>
      </object_component>
      <object_component id="oc-2f8">
         <name>.debug_info</name>
         <load_address>0x1cb1a</load_address>
         <run_address>0x1cb1a</run_address>
         <size>0xc6</size>
         <input_file_ref idref="fl-168"/>
      </object_component>
      <object_component id="oc-2d3">
         <name>.debug_info</name>
         <load_address>0x1cbe0</load_address>
         <run_address>0x1cbe0</run_address>
         <size>0x14d</size>
         <input_file_ref idref="fl-168"/>
      </object_component>
      <object_component id="oc-35e">
         <name>.debug_info</name>
         <load_address>0x1cd2d</load_address>
         <run_address>0x1cd2d</run_address>
         <size>0xa3</size>
      </object_component>
      <object_component id="oc-16e">
         <name>.debug_line</name>
         <load_address>0x0</load_address>
         <run_address>0x0</run_address>
         <size>0xb8</size>
         <input_file_ref idref="fl-2"/>
      </object_component>
      <object_component id="oc-cd">
         <name>.debug_line</name>
         <load_address>0xb8</load_address>
         <run_address>0xb8</run_address>
         <size>0xc8</size>
         <input_file_ref idref="fl-2"/>
      </object_component>
      <object_component id="oc-fa">
         <name>.debug_line</name>
         <load_address>0x180</load_address>
         <run_address>0x180</run_address>
         <size>0x55</size>
         <input_file_ref idref="fl-2"/>
      </object_component>
      <object_component id="oc-f5">
         <name>.debug_line</name>
         <load_address>0x1d5</load_address>
         <run_address>0x1d5</run_address>
         <size>0x52</size>
         <input_file_ref idref="fl-2"/>
      </object_component>
      <object_component id="oc-196">
         <name>.debug_line</name>
         <load_address>0x227</load_address>
         <run_address>0x227</run_address>
         <size>0x71</size>
         <input_file_ref idref="fl-2"/>
      </object_component>
      <object_component id="oc-ff">
         <name>.debug_line</name>
         <load_address>0x298</load_address>
         <run_address>0x298</run_address>
         <size>0x67</size>
         <input_file_ref idref="fl-2"/>
      </object_component>
      <object_component id="oc-172">
         <name>.debug_line</name>
         <load_address>0x2ff</load_address>
         <run_address>0x2ff</run_address>
         <size>0x20</size>
         <input_file_ref idref="fl-2"/>
      </object_component>
      <object_component id="oc-ee">
         <name>.debug_line</name>
         <load_address>0x31f</load_address>
         <run_address>0x31f</run_address>
         <size>0x60</size>
         <input_file_ref idref="fl-2"/>
      </object_component>
      <object_component id="oc-1e5">
         <name>.debug_line</name>
         <load_address>0x37f</load_address>
         <run_address>0x37f</run_address>
         <size>0x60</size>
         <input_file_ref idref="fl-2"/>
      </object_component>
[...]
         <value>0x282d</value>
         <object_component_ref idref="oc-c3"/>
      </symbol>
      <symbol id="sm-1c9">
         <name>Graphics_getFontMaxWidth</name>
         <value>0x281f</value>
         <object_component_ref idref="oc-c3"/>
      </symbol>
      <symbol id="sm-1ca">
         <name>Graphics_setForegroundColorTranslated</name>
         <value>0x27ff</value>
         <object_component_ref idref="oc-c3"/>
      </symbol>
      <symbol id="sm-1cb">
         <name>Graphics_getDisplayHeight</name>
         <value>0x283d</value>
         <object_component_ref idref="oc-c3"/>
      </symbol>
      <symbol id="sm-1cc">
         <name>Graphics_getWidthOfDisplay</name>
         <value>0x28d5</value>
         <object_component_ref idref="oc-c3"/>
      </symbol>
      <symbol id="sm-1cd">
         <name>Graphics_getFontHeight</name>
         <value>0x2811</value>
         <object_component_ref idref="oc-c3"/>
      </symbol>
      <symbol id="sm-1ce">
         <name>Graphics_getHeightOfDisplay</name>
         <value>0x284d</value>
         <object_component_ref idref="oc-c3"/>
      </symbol>
      <symbol id="sm-1cf">
         <name>Graphics_setBackgroundColor</name>
         <value>0x2791</value>
         <object_component_ref idref="oc-c3"/>
      </symbol>
      <symbol id="sm-1d0">
         <name>Graphics_setFont</name>
         <value>0x27c1</value>
         <object_component_ref idref="oc-c3"/>
      </symbol>
      <symbol id="sm-1d1">
         <name>Graphics_initContext</name>
         <value>0x267d</value>
         <object_component_ref idref="oc-c3"/>
      </symbol>
      <symbol id="sm-1d2">
         <name>Graphics_drawPixel</name>
         <value>0x287b</value>
         <object_component_ref idref="oc-c3"/>
      </symbol>
      <symbol id="sm-1d3">
         <name>Graphics_getFontBaseline</name>
         <value>0x27db</value>
         <object_component_ref idref="oc-c3"/>
      </symbol>
      <symbol id="sm-1d4">
         <name>Graphics_setForegroundColor</name>
         <value>0x27e9</value>
         <object_component_ref idref="oc-c3"/>
      </symbol>
      <symbol id="sm-1d5">
         <name>Graphics_setBackgroundColorTranslated</name>
         <value>0x27ab</value>
         <object_component_ref idref="oc-c3"/>
      </symbol>
      <symbol id="sm-1d6">
         <name>Graphics_flushBuffer</name>
         <value>0x285b</value>
         <object_component_ref idref="oc-c3"/>
      </symbol>
      <symbol id="sm-1d7">
         <name>Graphics_clearDisplay</name>
         <value>0x2869</value>
         <object_component_ref idref="oc-c3"/>
      </symbol>
      <symbol id="sm-1d8">
         <name>Graphics_setClipRegion</name>
         <value>0x26c7</value>
         <object_component_ref idref="oc-c3"/>
      </symbol>
      <symbol id="sm-1ec">
         <name>Graphics_clearDisplayOnDisplay</name>
         <value>0x327f</value>
         <object_component_ref idref="oc-148"/>
      </symbol>
      <symbol id="sm-1ed">
         <name>Graphics_flushOnDisplay</name>
         <value>0x326d</value>
         <object_component_ref idref="oc-148"/>
      </symbol>
      <symbol id="sm-1ee">
         <name>Graphics_drawPixelOnDisplay</name>
         <value>0x3163</value>
         <object_component_ref idref="oc-148"/>
      </symbol>
      <symbol id="sm-1ef">
         <name>Graphics_translateColorOnDisplay</name>
         <value>0x3257</value>
         <object_component_ref idref="oc-148"/>
      </symbol>
      <symbol id="sm-1f0">
         <name>Graphics_drawHorizontalLineOnDisplay</name>
         <value>0x31d1</value>
         <object_component_ref idref="oc-148"/>
      </symbol>
      <symbol id="sm-1f1">
         <name>Graphics_drawVerticalLineOnDisplay</name>
         <value>0x3205</value>
         <object_component_ref idref="oc-148"/>
      </symbol>
      <symbol id="sm-1f2">
         <name>Graphics_drawMultiplePixelsOnDisplay</name>
         <value>0x318d</value>
         <object_component_ref idref="oc-148"/>
      </symbol>
      <symbol id="sm-1f3">
         <name>Graphics_fillRectangleOnDisplay</name>
         <value>0x3239</value>
         <object_component_ref idref="oc-148"/>
      </symbol>
      <symbol id="sm-236">
         <name>Graphics_drawLineH</name>
         <value>0x1ea5</value>
         <object_component_ref idref="oc-1d2"/>
      </symbol>
      <symbol id="sm-237">
         <name>Graphics_drawLineV</name>
         <value>0x1f41</value>
         <object_component_ref idref="oc-1d2"/>
      </symbol>
      <symbol id="sm-238">
         <name>Graphics_drawLine</name>
         <value>0x21c1</value>
         <object_component_ref idref="oc-1d2"/>
      </symbol>
      <symbol id="sm-280">
         <name>Graphics_drawStringCentered</name>
         <value>0x1e3d</value>
         <object_component_ref idref="oc-150"/>
      </symbol>
      <symbol id="sm-281">
         <name>Graphics_getStringMaxWidth</name>
         <value>0x1e95</value>
         <object_component_ref idref="oc-150"/>
      </symbol>
      <symbol id="sm-282">
         <name>Graphics_getStringHeight</name>
         <value>0x1e85</value>
         <object_component_ref idref="oc-150"/>
      </symbol>
      <symbol id="sm-283">
         <name>Graphics_drawString</name>
         <value>0x19af</value>
         <object_component_ref idref="oc-150"/>
      </symbol>
      <symbol id="sm-284">
         <name>Graphics_getStringBaseline</name>
         <value>0x1e2d</value>
         <object_component_ref idref="oc-150"/>
      </symbol>
      <symbol id="sm-285">
         <name>Graphics_getStringWidth</name>
         <value>0x18b5</value>
         <object_component_ref idref="oc-150"/>
      </symbol>
      <symbol id="sm-297">
         <name>g_sFontFixed6x8</name>
         <value>0x4630</value>
         <object_component_ref idref="oc-e3"/>
      </symbol>
      <symbol id="sm-2e1">
         <name>ADC14_getResult</name>
         <value>0x414d</value>
         <object_component_ref idref="oc-d5"/>
      </symbol>
      <symbol id="sm-311">
         <name>CS_setDCOCenteredFrequency</name>
         <value>0x40ad</value>
         <object_component_ref idref="oc-b1"/>
      </symbol>
      <symbol id="sm-312">
         <name>CS_initClockSignal</name>
         <value>0x3595</value>
         <object_component_ref idref="oc-b7"/>
      </symbol>
      <symbol id="sm-35a">
         <name>GPIO_setOutputHighOnPin</name>
         <value>0x41ad</value>
         <object_component_ref idref="oc-138"/>
      </symbol>
      <symbol id="sm-35b">
         <name>GPIO_setAsOutputPin</name>
         <value>0x40d1</value>
         <object_component_ref idref="oc-1a3"/>
      </symbol>
      <symbol id="sm-35c">
         <name>GPIO_setOutputLowOnPin</name>
         <value>0x4165</value>
         <object_component_ref idref="oc-132"/>
      </symbol>
      <symbol id="sm-35d">
         <name>GPIO_setAsPeripheralModuleFunctionOutputPin</name>
         <value>0x3d31</value>
         <object_component_ref idref="oc-19d"/>
      </symbol>
      <symbol id="sm-35e">
         <name>GPIO_setAsPeripheralModuleFunctionInputPin</name>
         <value>0x3e15</value>
         <object_component_ref idref="oc-cf"/>
      </symbol>
      <symbol id="sm-3b7">
         <name>EUSCI_B_SPI_getInterruptStatus</name>
         <value>0x421b</value>
         <object_component_ref idref="oc-1b5"/>
      </symbol>
      <symbol id="sm-3b8">
         <name>EUSCI_B_SPI_enable</name>
         <value>0x4203</value>
         <object_component_ref idref="oc-1fd"/>
      </symbol>
      <symbol id="sm-3b9">
         <name>SPI_enableModule</name>
         <value>0x4131</value>
         <object_component_ref idref="oc-1af"/>
      </symbol>
      <symbol id="sm-3ba">
         <name>EUSCI_A_SPI_transmitData</name>
         <value>0x4229</value>
         <object_component_ref idref="oc-211"/>
      </symbol>
      <symbol id="sm-3bb">
         <name>EUSCI_B_SPI_transmitData</name>
         <value>0x422d</value>
         <object_component_ref idref="oc-20b"/>
      </symbol>
      <symbol id="sm-3bc">
         <name>SPI_transmitData</name>
         <value>0x40f5</value>
         <object_component_ref idref="oc-1bb"/>
      </symbol>
      <symbol id="sm-3bd">
         <name>EUSCI_A_SPI_enable</name>
         <value>0x41f7</value>
         <object_component_ref idref="oc-203"/>
      </symbol>
      <symbol id="sm-3be">
         <name>SPI_initMaster</name>
         <value>0x388d</value>
         <object_component_ref idref="oc-1a9"/>
      </symbol>
      <symbol id="sm-3d2">
         <name>_c_int00</name>
         <value>0x3ce1</value>
         <object_component_ref idref="oc-22"/>
      </symbol>
      <symbol id="sm-3d3">
         <name>__stack</name>
         <value>0x2000fe00</value>
         <object_component_ref idref="oc-2a"/>
      </symbol>
      <symbol id="sm-3ea">
         <name>__TI_decompress_none</name>
         <value>0x41e9</value>
         <object_component_ref idref="oc-10"/>
      </symbol>
      <symbol id="sm-412">
         <name>__TI_decompress_rle24</name>
         <value>0x4223</value>
         <object_component_ref idref="oc-16"/>
      </symbol>
      <symbol id="sm-424">
         <name>__TI_zero_init</name>
         <value>0x420f</value>
         <object_component_ref idref="oc-1c"/>
      </symbol>
      <symbol id="sm-443">
         <name>C$$EXIT</name>
         <value>0x3ea5</value>
         <object_component_ref idref="oc-62"/>
      </symbol>
      <symbol id="sm-444">
         <name>abort</name>
         <value>0x3ea9</value>
         <object_component_ref idref="oc-62"/>
      </symbol>
      <symbol id="sm-445">
         <name>exit</name>
         <value>0x3eb1</value>
         <object_component_ref idref="oc-62"/>
      </symbol>
      <symbol id="sm-446">
         <name>__TI_dtors_ptr</name>
         <value>0x2000016c</value>
         <object_component_ref idref="oc-a2"/>
      </symbol>
      <symbol id="sm-447">
         <name>__TI_cleanup_ptr</name>
         <value>0x20000168</value>
         <object_component_ref idref="oc-a2"/>
      </symbol>
      <symbol id="sm-462">
         <name>memcpy</name>
         <value>0x37f1</value>
         <object_component_ref idref="oc-2b"/>
      </symbol>
      <symbol id="sm-463">
         <name>__aeabi_memcpy</name>
         <value>0x37f1</value>
         <object_component_ref idref="oc-2b"/>
      </symbol>
      <symbol id="sm-464">
         <name>__aeabi_memcpy8</name>
         <value>0x37f1</value>
         <object_component_ref idref="oc-2b"/>
      </symbol>
      <symbol id="sm-465">
         <name>__aeabi_memcpy4</name>
         <value>0x37f1</value>
         <object_component_ref idref="oc-2b"/>
      </symbol>
      <symbol id="sm-474">
         <name>__aeabi_memset</name>
         <value>0x3a23</value>
         <object_component_ref idref="oc-44"/>
      </symbol>
      <symbol id="sm-475">
         <name>memset</name>
         <value>0x3a29</value>
         <object_component_ref idref="oc-44"/>
      </symbol>
      <symbol id="sm-476">
         <name>__aeabi_memset8</name>
         <value>0x3a23</value>
         <object_component_ref idref="oc-44"/>
      </symbol>
      <symbol id="sm-477">
         <name>__aeabi_memset4</name>
         <value>0x3a23</value>
         <object_component_ref idref="oc-44"/>
      </symbol>
      <symbol id="sm-478">
         <name>__aeabi_memclr8</name>
         <value>0x3a21</value>
         <object_component_ref idref="oc-44"/>
      </symbol>
      <symbol id="sm-479">
         <name>__aeabi_memclr4</name>
         <value>0x3a21</value>
         <object_component_ref idref="oc-44"/>
      </symbol>
      <symbol id="sm-47a">
         <name>__aeabi_memclr</name>
         <value>0x3a21</value>
         <object_component_ref idref="oc-44"/>
      </symbol>
      <symbol id="sm-484">
         <name>_system_pre_init</name>
         <value>0x4231</value>
         <object_component_ref idref="oc-50"/>
      </symbol>
      <symbol id="sm-49d">
         <name>sprintf</name>
         <value>0x3bd9</value>
         <object_component_ref idref="oc-156"/>
      </symbol>
      <symbol id="sm-4a5">
         <name>main_func_sp</name>
         <value>0x2000017c</value>
         <object_component_ref idref="oc-68"/>
      </symbol>
      <symbol id="sm-4be">
         <name>_nop</name>
         <value>0x41cf</value>
         <object_component_ref idref="oc-116"/>
      </symbol>
      <symbol id="sm-4bf">
         <name>_lock</name>
         <value>0x20000160</value>
         <object_component_ref idref="oc-9f"/>
      </symbol>
      <symbol id="sm-4c0">
         <name>_unlock</name>
         <value>0x20000164</value>
         <object_component_ref idref="oc-9f"/>
      </symbol>
      <symbol id="sm-4c1">
         <name>_register_lock</name>
         <value>0x41c7</value>
         <object_component_ref idref="oc-116"/>
      </symbol>
      <symbol id="sm-4c2">
         <name>_register_unlock</name>
         <value>0x41c1</value>
         <object_component_ref idref="oc-116"/>
      </symbol>
      <symbol id="sm-5c7">
         <name>__TI_printfi</name>
         <value>0xef5</value>
         <object_component_ref idref="oc-1da"/>
      </symbol>
      <symbol id="sm-5dc">
         <name>_args_main</name>
         <value>0x417d</value>
         <object_component_ref idref="oc-5c"/>
      </symbol>
      <symbol id="sm-5f2">
         <name>atoi</name>
         <value>0x3d7d</value>
         <object_component_ref idref="oc-273"/>
      </symbol>
      <symbol id="sm-618">
         <name>__TI_auto_init</name>
         <value>0x3a9d</value>
         <object_component_ref idref="oc-56"/>
      </symbol>
      <symbol id="sm-632">
         <name>copy_in</name>
         <value>0x3dc9</value>
         <object_component_ref idref="oc-95"/>
      </symbol>
      <symbol id="sm-63d">
         <name>_ctypes_</name>
         <value>0x452c</value>
         <object_component_ref idref="oc-2c1"/>
      </symbol>
      <symbol id="sm-661">
         <name>__aeabi_dsub</name>
         <value>0x2d21</value>
         <object_component_ref idref="oc-250"/>
      </symbol>
      <symbol id="sm-662">
         <name>__aeabi_dadd</name>
         <value>0x2d2b</value>
         <object_component_ref idref="oc-250"/>
      </symbol>
      <symbol id="sm-689">
         <name>__aeabi_cdcmpeq</name>
         <value>0x3915</value>
         <object_component_ref idref="oc-22c"/>
      </symbol>
      <symbol id="sm-68a">
         <name>__aeabi_cdcmple</name>
         <value>0x3915</value>
         <object_component_ref idref="oc-22c"/>
      </symbol>
      <symbol id="sm-68b">
         <name>__aeabi_cdrcmple</name>
         <value>0x399b</value>
         <object_component_ref idref="oc-23b"/>
      </symbol>
      <symbol id="sm-6ab">
         <name>__aeabi_ddiv</name>
         <value>0x302d</value>
         <object_component_ref idref="oc-236"/>
      </symbol>
      <symbol id="sm-6c2">
         <name>__aeabi_dmul</name>
         <value>0x33a9</value>
         <object_component_ref idref="oc-231"/>
      </symbol>
      <symbol id="sm-6d0">
         <name>__aeabi_d2iz</name>
         <value>0x3e5d</value>
         <object_component_ref idref="oc-240"/>
      </symbol>
      <symbol id="sm-6dd">
         <name>frexp</name>
         <value>0x4081</value>
         <object_component_ref idref="oc-255"/>
      </symbol>
      <symbol id="sm-6e9">
         <name>__aeabi_i2d</name>
         <value>0x4025</value>
         <object_component_ref idref="oc-24b"/>
      </symbol>
      <symbol id="sm-6fa">
         <name>ldexp</name>
         <value>0x3c8f</value>
         <object_component_ref idref="oc-25b"/>
      </symbol>
      <symbol id="sm-709">
         <name>ltoa</name>
         <value>0x3c39</value>
         <object_component_ref idref="oc-245"/>
      </symbol>
      <symbol id="sm-719">
         <name>memccpy</name>
         <value>0x4115</value>
         <object_component_ref idref="oc-26d"/>
      </symbol>
      <symbol id="sm-729">
         <name>strchr</name>
         <value>0x4195</value>
         <object_component_ref idref="oc-261"/>
      </symbol>
      <symbol id="sm-737">
         <name>strlen</name>
         <value>0x41d5</value>
         <object_component_ref idref="oc-226"/>
      </symbol>
      <symbol id="sm-761">
         <name>__aeabi_uldivmod</name>
         <value>0x2b2d</value>
         <object_component_ref idref="oc-221"/>
      </symbol>
      <symbol id="sm-76f">
         <name>_Dclass</name>
         <value>0x3fc5</value>
         <object_component_ref idref="oc-267"/>
      </symbol>
      <symbol id="sm-790">
         <name>_Dscale</name>
         <value>0x3299</value>
         <object_component_ref idref="oc-2ad"/>
      </symbol>
      <symbol id="sm-7a4">
         <name>_Dunscale</name>
         <value>0x3b73</value>
         <object_component_ref idref="oc-2a5"/>
      </symbol>
      <symbol id="sm-7b3">
         <name>_Feraise</name>
         <value>0x3ff5</value>
         <object_component_ref idref="oc-2b3"/>
      </symbol>
      <symbol id="sm-7c3">
         <name>_Rteps</name>
         <value>0x20000110</value>
         <object_component_ref idref="oc-2db"/>
      </symbol>
      <symbol id="sm-7c4">
         <name>_Zero</name>
         <value>0x20000128</value>
         <object_component_ref idref="oc-2db"/>
      </symbol>
      <symbol id="sm-7c5">
         <name>_Hugeval</name>
         <value>0x200000d0</value>
         <object_component_ref idref="oc-2db"/>
      </symbol>
      <symbol id="sm-7c6">
         <name>_Snan</name>
         <value>0x20000100</value>
         <object_component_ref idref="oc-2db"/>
      </symbol>
      <symbol id="sm-7c7">
         <name>_Nan</name>
         <value>0x200000f0</value>
         <object_component_ref idref="oc-2db"/>
      </symbol>
      <symbol id="sm-7c8">
         <name>_Inf</name>
         <value>0x200000e0</value>
         <object_component_ref idref="oc-2db"/>
      </symbol>
      <symbol id="sm-7c9">
         <name>_Xbig</name>
         <value>0x20000120</value>
         <object_component_ref idref="oc-2db"/>
      </symbol>
      <symbol id="sm-7ca">
         <name>_Eps</name>
         <value>0x200000c0</value>
         <object_component_ref idref="oc-2db"/>
      </symbol>
      <symbol id="sm-7cb">
         <name>_Denorm</name>
         <value>0x200000b0</value>
         <object_component_ref idref="oc-2db"/>
      </symbol>
      <symbol id="sm-7d3">
         <name>_Errno</name>
         <value>0x20000178</value>
         <object_component_ref idref="oc-2e6"/>
      </symbol>
      <symbol id="sm-7f1">
         <name>feraiseexcept</name>
         <value>0x3f61</value>
         <object_component_ref idref="oc-2e0"/>
      </symbol>
      <symbol id="sm-7f2">
         <name>_Tls_setup__Fenv</name>
         <value>0x20000174</value>
         <object_component_ref idref="oc-30a"/>
      </symbol>
      <symbol id="sm-7f3">
         <name>_Fenv</name>
         <value>0x20000170</value>
         <object_component_ref idref="oc-30a"/>
      </symbol>
      <symbol id="sm-807">
         <name>raise</name>
         <value>0x4053</value>
         <object_component_ref idref="oc-304"/>
      </symbol>
      <symbol id="sm-821">
         <name>signal</name>
         <value>0x3ee9</value>
         <object_component_ref idref="oc-314"/>
      </symbol>
      <symbol id="sm-836">
         <name>_Dnorm</name>
         <value>0x3675</value>
         <object_component_ref idref="oc-2d1"/>
      </symbol>
      <symbol id="sm-837">
         <name>__TI_static_base__</name>
         <value>0x0</value>
      </symbol>
      <symbol id="sm-83a">
         <name>SHT$$INIT_ARRAY$$Limit</name>
         <value>0x0</value>
      </symbol>
      <symbol id="sm-83b">
         <name>SHT$$INIT_ARRAY$$Base</name>
         <value>0x0</value>
      </symbol>
   </symbol_table>
   <title>Link successful</title>
</link_info>
