******************************************************************************
                  TI ARM Linker PC v5.2.5                      
******************************************************************************
>> Linked Fri Apr 15 00:44:21 2016

OUTPUT FILE NAME:   <ChallengeAssignmentThree.out>
ENTRY POINT SYMBOL: "_c_int00"  address: 00004331


MEMORY CONFIGURATION

         name            origin    length      used     unused   attr    fill
----------------------  --------  ---------  --------  --------  ----  --------
  MAIN                  00000000   00040000  000085bf  00037a41  R  X
  INFO                  00200000   00004000  00000000  00004000  R  X
  SRAM_CODE             01000000   00010000  00000000  00010000  RW X
  SRAM_DATA             20000000   00010000  00001575  0000ea8b  RW  


SEGMENT ALLOCATION MAP

run origin  load origin   length   init length attrs members
----------  ----------- ---------- ----------- ----- -------
00000000    00000000    000085c8   000085c8    r-x
  00000000    00000000    0000003c   0000003c    r-- .resetVecs
  00000040    00000040    000062d2   000062d2    r-x .text
  00006314    00006314    00001e31   00001e31    r-- .const
  00008148    00008148    00000480   00000480    r-- .cinit
20000000    20000000    00001275   00000000    rw-
  20000000    20000000    00000140   00000000    rw- .vecs
  20000140    20000140    00000b68   00000000    rw- .bss
  20000ca8    20000ca8    000005cd   00000000    rw- .data
2000fd00    2000fd00    00000300   00000000    rw-
  2000fd00    2000fd00    00000300   00000000    rw- .stack


SECTION ALLOCATION MAP

 output                                  attributes/
section   page    origin      length       input sections
--------  ----  ----------  ----------   ----------------
.text      0    00000040    000062d2     
                  00000040    00000430     sysbios.aem4f : BIOS.obj (.text:ti_sysbios_family_arm_m3_Hwi_excDumpRegs__I)
                  00000470    0000034c     ti.targets.arm.rtsarm.aem4f : System.oem4f (.text:xdc_runtime_System_doPrint__I)
                  000007bc    000002d4     rtsv7M4_T_le_v4SPD16_eabi.lib : trgdrv.obj (.text)
                  00000a90    000002ac     sysbios.aem4f : BIOS.obj (.text:ti_sysbios_knl_Semaphore_pend__E)
                  00000d3c    00000004     msp432p4xx_driverlib.lib : cpu.o (.text:CPU_wfi)
                  00000d40    00000254     sysbios.aem4f : BIOS.obj (.text:ti_sysbios_heaps_HeapMem_free__E)
                  00000f94    00000004     tirtosport.aem4f : HwiP_tirtos.oem4f (.text:HwiP_disable)
                  00000f98    00000248     sysbios.aem4f : BIOS.obj (.text:ti_sysbios_heaps_HeapMem_alloc__E)
                  000011e0    0000022c                   : BIOS.obj (.text:ti_sysbios_knl_Task_Instance_finalize__E)
                  0000140c    00000004     drivers_MSP432P401R.aem4f : List.oem4f (.text:List_head)
                  00001410    000001fc     sysbios.aem4f : BIOS.obj (.text:ti_sysbios_family_arm_m3_Hwi_excHandlerMax__I)
                  0000160c    00000004     drivers_MSP432P401R.aem4f : List.oem4f (.text:List_next)
                  00001610    000001c8     sysbios.aem4f : BIOS.obj (.text:ti_sysbios_knl_Task_Instance_init__E)
                  000017d8    000001b8                   : BIOS.obj (.text:ti_sysbios_knl_Task_sleep__E)
                  00001990    000001a0     msp432p4xx_driverlib.lib : pcm.o (.text:__PCM_setPowerStateAdvanced)
                  00001b30    00000174     sysbios.aem4f : BIOS.obj (.text:ti_sysbios_family_arm_m3_Hwi_excBusFault__I)
                  00001ca4    00000004     empty_pem4f.oem4f (.text:ti_sysbios_BIOS_RtsGateProxy_enter__E)
                  00001ca8    00000164     sysbios.aem4f : BIOS.obj (.text:ti_sysbios_family_arm_m3_Hwi_excUsageFault__I)
                  00001e0c    00000154     msp432p4xx_driverlib.lib : adc14.o (.text:_getIndexForMemRegister)
                  00001f60    00000148     sysbios.aem4f : BIOS.obj (.text:ti_sysbios_family_arm_m3_Hwi_excMemFault__I)
                  000020a8    00000140     drivers_MSP432P401R.aem4f : GPIOMSP432.oem4f (.text:GPIO_setConfig)
                  000021e8    0000013c     sysbios.aem4f : BIOS.obj (.text:ti_sysbios_heaps_HeapMem_Instance_init__E)
                  00002324    00000118     ti.targets.arm.rtsarm.aem4f : Error.oem4f (.text:xdc_runtime_Error_policyDefault__E)
                  0000243c    00000100                                 : Core-mem.oem4f (.text:xdc_runtime_Core_createObject__I)
                  0000253c    000000f8                                 : Startup.oem4f (.text:xdc_runtime_Startup_startMods__I)
                  00002634    000000f8     empty_pem4f.oem4f (.text:xdc_runtime_System_printfExtend__I)
                  0000272c    000000f4     drivers_MSP432P401R.aem4f : PowerMSP432.oem4f (.text:Power_sleep)
                  00002820    000000f4     sysbios.aem4f : m3_Hwi_asm.obj (.text:ti_sysbios_family_arm_m3_Hwi_dispatch__I)
                  00002914    000000f0     drivers_MSP432P401R.aem4f : PowerMSP432.oem4f (.text:initPerfControl)
                  00002a04    00000004     empty_pem4f.oem4f (.text:ti_sysbios_BIOS_RtsGateProxy_leave__E)
                  00002a08    000000ec     sysbios.aem4f : BIOS.obj (.text:ti_sysbios_knl_Semaphore_post__E)
                  00002af4    000000e0     msp432p4xx_driverlib.lib : cs.o (.text:CS_initClockSignal)
                  00002bd4    000000e0     adc14.obj (.text:initADC)
                  00002cb4    000000dc     msp432p4xx_driverlib.lib : pcm.o (.text:__PCM_setPowerModeAdvanced)
                  00002d90    000000d8     empty.obj (.text:main)
                  00002e68    000000cc     ti.targets.arm.rtsarm.aem4f : Core-smem.oem4f (.text:xdc_runtime_Core_constructObject__I)
                  00002f34    00000004     empty_pem4f.oem4f (.text:ti_sysbios_family_arm_m3_TaskSupport_Module__startupDone__S)
                  00002f38    000000bc     sysbios.aem4f : BIOS.obj (.text:ti_sysbios_family_arm_m3_Hwi_excDebugMon__I)
                  00002ff4    00000004     empty_pem4f.oem4f (.text:ti_sysbios_heaps_HeapMem_Module_GateProxy_enter__E)
                  00002ff8    000000bc     sysbios.aem4f : BIOS.obj (.text:ti_sysbios_family_arm_m3_Hwi_excHardFault__I)
                  000030b4    00000004     empty_pem4f.oem4f (.text:ti_sysbios_heaps_HeapMem_Module_GateProxy_leave__E)
                  000030b8    000000b4     sysbios.aem4f : BIOS.obj (.text:ti_sysbios_gates_GateMutex_enter__E)
                  0000316c    00000004     empty_pem4f.oem4f (.text:ti_sysbios_knl_Clock_TimerProxy_getMaxTicks__E)
                  00003170    000000b4     sysbios.aem4f : BIOS.obj (.text:ti_sysbios_knl_Task_checkStacks__E)
                  00003224    000000b0     msp432p4xx_driverlib.lib : pcm.o (.text:__PCM_setCoreVoltageLevelAdvanced)
                  000032d4    00000004     empty_pem4f.oem4f (.text:ti_sysbios_knl_Queue_destruct)
                  000032d8    000000a8     sysbios.aem4f : BIOS.obj (.text:ti_sysbios_family_arm_msp432_Timer_periodicStub__E)
                  00003380    000000a0     auto_init.aem4f : auto_init.oem4f (.text)
                  00003420    000000a0     ti.targets.arm.rtsarm.aem4f : Text.oem4f (.text:xdc_runtime_Text_putMod__E)
                  000034c0    0000009c     rtsv7M4_T_le_v4SPD16_eabi.lib : memcpy_t2.obj (.text)
                  0000355c    00000004     empty_pem4f.oem4f (.text:ti_sysbios_knl_Semaphore_destruct)
                  00003560    0000009c     sysbios.aem4f : BIOS.obj (.text:ti_sysbios_knl_Semaphore_Instance_init__E)
                  000035fc    00000004     ti.targets.arm.rtsarm.aem4f : Error.oem4f (.text:xdc_runtime_Error_getSite__E)
                  00003600    0000009c     sysbios.aem4f : BIOS.obj (.text:ti_sysbios_knl_Task_postInit__I)
                  0000369c    0000009a     ti.targets.arm.rtsarm.aem4f : Text.oem4f (.text:xdc_runtime_Text_putSite__E)
                  00003736    00000002     power_tirtos_MSP432P401R.aem4f : PowerMSP432_tirtos.oem4f (.text:PowerMSP432_initPolicy)
                  00003738    00000094     sysbios.aem4f : BIOS.obj (.text:ti_sysbios_family_arm_m3_Hwi_Instance_init__E)
                  000037cc    00000004     empty_pem4f.oem4f (.text:xdc_runtime_System_Module_GateProxy_enter__E)
                  000037d0    00000094     sysbios.aem4f : BIOS.obj (.text:ti_sysbios_family_arm_m3_Hwi_initNVIC__E)
                  00003864    0000008c                   : m3_TaskSupport_asm.obj (.text:ti_sysbios_family_arm_m3_TaskSupport_buildTaskStack)
                  000038f0    00000084                   : BIOS.obj (.text:ti_sysbios_family_arm_m3_Hwi_postInit__I)
                  00003974    0000007c     msp432p4xx_driverlib.lib : pcm.o (.text:PCM_gotoLPM3)
                  000039f0    0000007a     rtsv7M4_T_le_v4SPD16_eabi.lib : memset_t2.obj (.text)
                  00003a6a    00000002                                   : i_div0.obj (.text)
                  00003a6c    00000074     button.obj (.text:buttonInit)
                  00003ae0    0000006d     ti.targets.arm.rtsarm.aem4f : System.oem4f (.text:xdc_runtime_System_formatNum__I)
                  00003b4d    00000001     --HOLE-- [fill = 0]
                  00003b4e    00000002     empty_pem4f.oem4f (.text:ti_sysbios_BIOS_nullFunc__I)
                  00003b50    0000006c     sysbios.aem4f : BIOS.obj (.text:ti_sysbios_knl_Clock_workFunc__E)
                  00003bbc    00000004     empty_pem4f.oem4f (.text:xdc_runtime_System_Module_GateProxy_leave__E)
                  00003bc0    0000006c     sysbios.aem4f : BIOS.obj (.text:ti_sysbios_knl_Swi_restoreHwi__E)
                  00003c2c    00000004     ti.targets.arm.rtsarm.aem4f : System.oem4f (.text:xdc_runtime_System_aprintf_va__F)
                  00003c30    0000006c     sysbios.aem4f : BIOS.obj (.text:ti_sysbios_knl_Task_exit__E)
                  00003c9c    0000006c     ti.targets.arm.rtsarm.aem4f : Error.oem4f (.text:xdc_runtime_Error_print__E)
                  00003d08    0000006c                                 : Memory.oem4f (.text:xdc_runtime_Memory_alloc__E)
                  00003d74    0000006a     rtsv7M4_T_le_v4SPD16_eabi.lib : copy_decompress_rle.obj (.text)
                  00003dde    00000002     --HOLE-- [fill = 0]
                  00003de0    00000068                                   : trgmsg.obj (.text)
                  00003e48    00000066     ti.targets.arm.rtsarm.aem4f : Core-mem.oem4f (.text:xdc_runtime_Core_deleteObject__I)
                  00003eae    00000002     --HOLE-- [fill = 0]
                  00003eb0    00000064     msp432p4xx_driverlib.lib : interrupt.o (.text:Interrupt_enableInterrupt)
                  00003f14    00000064     uartTransmission.obj (.text:initUart)
                  00003f78    00000064     sysbios.aem4f : BIOS.obj (.text:ti_sysbios_family_arm_m3_Hwi_dispatchC__I)
                  00003fdc    00000062     tirtosport.aem4f : HwiP_tirtos.oem4f (.text:HwiP_create)
                  0000403e    00000002     --HOLE-- [fill = 0]
                  00004040    00000060     sysbios.aem4f : BIOS.obj (.text:ti_sysbios_knl_Task_schedule__I)
                  000040a0    0000005c     drivers_MSP432P401R.aem4f : GPIOMSP432.oem4f (.text:GPIO_init)
                  000040fc    00000004     ti.targets.arm.rtsarm.aem4f : System.oem4f (.text:xdc_runtime_System_printf_va__F)
                  00004100    0000005c     sysbios.aem4f : BIOS.obj (.text:ti_sysbios_knl_Swi_run__I)
                  0000415c    00000004     --HOLE-- [fill = 0]
                  00004160    0000005c                   : BIOS.obj (.text:ti_sysbios_knl_Swi_schedule__I)
                  000041bc    00000004     --HOLE-- [fill = 0]
                  000041c0    0000005c                   : BIOS.obj (.text:ti_sysbios_knl_Task_Module_startup__E)
                  0000421c    00000004     --HOLE-- [fill = 0]
                  00004220    0000005c                   : BIOS.obj (.text:ti_sysbios_knl_Task_startCore__E)
                  0000427c    0000005b     ti.targets.arm.rtsarm.aem4f : Text.oem4f (.text:xdc_runtime_Text_putLab__E)
                  000042d7    00000001     --HOLE-- [fill = 0]
                  000042d8    00000058     adc14.obj (.text:ADC14_IRQHandler)
                  00004330    00000058     boot.aem4f : boot.oem4f (.text)
                  00004388    00000058     empty_pem4f.oem4f (.text:ti_sysbios_family_arm_m3_Hwi_construct)
                  000043e0    00000058     sysbios.aem4f : m3_Hwi_asm_switch.obj (.text:ti_sysbios_family_arm_m3_Hwi_initStacks__E)
                  00004438    00000054     drivers_MSP432P401R.aem4f : GPIOMSP432.oem4f (.text:GPIO_hwiIntFxn)
                  0000448c    00000054                               : GPIOMSP432.oem4f (.text:GPIO_setCallback)
                  000044e0    00000054     sysbios.aem4f : BIOS.obj (.text:ti_sysbios_family_arm_msp432_Timer_initDevice__I)
                  00004534    00000004     --HOLE-- [fill = 0]
                  00004538    00000054                   : BIOS.obj (.text:ti_sysbios_family_arm_msp432_init_Boot_configureClocksHigh)
                  0000458c    00000054     empty_pem4f.oem4f (.text:ti_sysbios_knl_Task_construct)
                  000045e0    00000054     ti.targets.arm.rtsarm.aem4f : Assert.oem4f (.text:xdc_runtime_Assert_raise__I)
                  00004634    00000050     drivers_MSP432P401R.aem4f : GPIOMSP432.oem4f (.text:GPIO_write)
                  00004684    00000050     msp432p4xx_driverlib.lib : pcm.o (.text:PCM_shutdownDevice)
                  000046d4    00000050     power_tirtos_MSP432P401R.aem4f : PowerMSP432_tirtos.oem4f (.text:PowerMSP432_sleepPolicy)
                  00004724    00000004     --HOLE-- [fill = 0]
                  00004728    00000050     sysbios.aem4f : BIOS.obj (.text:ti_sysbios_family_arm_m3_Hwi_Module_startup__E)
                  00004778    00000050     ti.targets.arm.rtsarm.aem4f : Startup.oem4f (.text:xdc_runtime_Startup_exec__E)
                  000047c8    00000050                                 : Text.oem4f (.text:xdc_runtime_Text_visitRope2__I)
                  00004818    0000004c     rtsv7M4_T_le_v4SPD16_eabi.lib : cpy_tbl.obj (.text)
                  00004864    00000004     --HOLE-- [fill = 0]
                  00004868    0000004c     sysbios.aem4f : BIOS.obj (.text:ti_sysbios_family_arm_msp432_Timer_postInit__I)
                  000048b4    00000004     --HOLE-- [fill = 0]
                  000048b8    0000004c                   : BIOS.obj (.text:ti_sysbios_family_arm_msp432_Timer_start__E)
                  00004904    00000004     --HOLE-- [fill = 0]
                  00004908    0000004c                   : BIOS.obj (.text:ti_sysbios_heaps_HeapMem_getStats__E)
                  00004954    00000004     --HOLE-- [fill = 0]
                  00004958    0000004c                   : BIOS.obj (.text:ti_sysbios_knl_Swi_runLoop__I)
                  000049a4    00000004     --HOLE-- [fill = 0]
                  000049a8    0000004c                   : BIOS.obj (.text:ti_sysbios_knl_Task_allBlockedFunction__I)
                  000049f4    00000048     uartTransmission.obj (.text:EUSCIA0_IRQHandler)
                  00004a3c    00000048     msp432p4xx_driverlib.lib : gpio.o (.text:GPIO_setAsPeripheralModuleFunctionInputPin)
                  00004a84    00000048                              : timer32.o (.text:Timer32_initModule)
                  00004acc    00000004     --HOLE-- [fill = 0]
                  00004ad0    00000048     sysbios.aem4f : BIOS.obj (.text:ti_sysbios_family_arm_m3_Hwi_disableInterrupt__E)
                  00004b18    00000048                   : BIOS.obj (.text:ti_sysbios_family_arm_m3_Hwi_enableInterrupt__E)
                  00004b60    00000048                   : BIOS.obj (.text:ti_sysbios_family_arm_m3_Hwi_excReserved__I)
                  00004ba8    00000046     ti.targets.arm.rtsarm.aem4f : Core-params.oem4f (.text:xdc_runtime_Core_assignParams__I)
                  00004bee    00000002     --HOLE-- [fill = 0]
                  00004bf0    00000044     rtsv7M4_T_le_v4SPD16_eabi.lib : exit.obj (.text)
                  00004c34    00000004     --HOLE-- [fill = 0]
                  00004c38    00000044     sysbios.aem4f : BIOS.obj (.text:ti_sysbios_family_arm_m3_Hwi_getStackInfo__E)
                  00004c7c    00000004     --HOLE-- [fill = 0]
                  00004c80    00000044                   : BIOS.obj (.text:ti_sysbios_knl_Swi_post__E)
                  00004cc4    00000044     ti.targets.arm.rtsarm.aem4f : Error.oem4f (.text:xdc_runtime_Error_setX__E)
                  00004d08    00000044                                 : SysMin.oem4f (.text:xdc_runtime_SysMin_flush__E)
                  00004d4c    00000044                                 : Text.oem4f (.text:xdc_runtime_Text_xprintf__I)
                  00004d90    00000040     msp432p4xx_driverlib.lib : flash.o (.text:FlashCtl_disableReadBuffering)
                  00004dd0    00000040                              : gpio.o (.text:GPIO_getEnabledInterruptStatus)
                  00004e10    00000040     drivers_MSP432P401R.aem4f : PowerMSP432.oem4f (.text:notify)
                  00004e50    00000040     rtsv7M4_T_le_v4SPD16_eabi.lib : u_divt2.obj (.text)
                  00004e90    00000040     sysbios.aem4f : BIOS.obj (.text:ti_sysbios_family_arm_msp432_Timer_Module_startup__E)
                  00004ed0    00000040                   : BIOS.obj (.text:ti_sysbios_family_arm_msp432_Timer_startup__E)
                  00004f10    0000003c     drivers_MSP432P401R.aem4f : PowerMSP432.oem4f (.text:Power_init)
                  00004f4c    00000004     --HOLE-- [fill = 0]
                  00004f50    0000003c     sysbios.aem4f : BIOS.obj (.text:ti_sysbios_family_arm_m3_Hwi_excSvCall__I)
                  00004f8c    00000004     --HOLE-- [fill = 0]
                  00004f90    0000003c                   : BIOS.obj (.text:ti_sysbios_heaps_HeapMem_init__I)
                  00004fcc    00000004     --HOLE-- [fill = 0]
                  00004fd0    0000003c                   : BIOS.obj (.text:ti_sysbios_knl_Swi_restore__E)
                  0000500c    00000004     --HOLE-- [fill = 0]
                  00005010    00000038                   : BIOS.obj (.text:ti_sysbios_family_arm_m3_Hwi_excNoIsr__I)
                  00005048    00000038                   : BIOS.obj (.text:ti_sysbios_knl_Task_processVitalTaskFlag__I)
                  00005080    00000038     ti.targets.arm.rtsarm.aem4f : SysMin.oem4f (.text:xdc_runtime_SysMin_putch__E)
                  000050b8    00000038                                 : System.oem4f (.text:xdc_runtime_System_atexit__E)
                  000050f0    00000034     msp432p4xx_driverlib.lib : flash.o (.text:FlashCtl_enableReadBuffering)
                  00005124    00000034     clock.obj (.text:initClocks)
                  00005158    00000034     sysbios.aem4f : BIOS.obj (.text:ti_sysbios_family_arm_m3_Hwi_Instance_finalize__E)
                  0000518c    00000004     --HOLE-- [fill = 0]
                  00005190    00000034                   : BIOS.obj (.text:ti_sysbios_family_arm_m3_Hwi_excNmi__I)
                  000051c4    00000004     --HOLE-- [fill = 0]
                  000051c8    00000034                   : BIOS.obj (.text:ti_sysbios_hal_Hwi_checkStack)
                  000051fc    00000034     ti.targets.arm.rtsarm.aem4f : Core-label.oem4f (.text:xdc_runtime_Core_assignLabel__I)
                  00005230    00000033                                 : Text.oem4f (.text:xdc_runtime_Text_printVisFxn__I)
                  00005263    00000005     --HOLE-- [fill = 0]
                  00005268    00000032     sysbios.aem4f : BIOS.obj (.text:ti_sysbios_hal_Hwi_initStack)
                  0000529a    00000002     --HOLE-- [fill = 0]
                  0000529c    00000030     drivers_MSP432P401R.aem4f : GPIOMSP432.oem4f (.text:GPIO_getEnabledInterruptStatus_WA)
                  000052cc    00000030     msp432p4xx_driverlib.lib : gpio.o (.text:GPIO_setAsInputPinWithPullDownResistor)
                  000052fc    00000030                              : gpio.o (.text:GPIO_setAsInputPinWithPullUpResistor)
                  0000532c    00000030     button.obj (.text:SW1_IRQHandler)
                  0000535c    00000030     empty_pem4f.oem4f (.text:ti_sysbios_BIOS_atExitFunc__I)
                  0000538c    00000004     --HOLE-- [fill = 0]
                  00005390    00000030     sysbios.aem4f : BIOS.obj (.text:ti_sysbios_family_arm_m3_TaskSupport_start__E)
                  000053c0    00000030     empty_pem4f.oem4f (.text:ti_sysbios_gates_GateHwi_Object__create__S)
                  000053f0    00000030     empty_pem4f.oem4f (.text:ti_sysbios_gates_GateMutex_Object__create__S)
                  00005420    00000030     empty_pem4f.oem4f (.text:ti_sysbios_heaps_HeapMem_Object__create__S)
                  00005450    00000030     empty_pem4f.oem4f (.text:ti_sysbios_knl_Semaphore_construct)
                  00005480    00000030     sysbios.aem4f : BIOS.obj (.text:ti_sysbios_knl_Semaphore_pendTimeout__I)
                  000054b0    00000030                   : BIOS.obj (.text:ti_sysbios_knl_Task_unblockI__E)
                  000054e0    00000030     ti.targets.arm.rtsarm.aem4f : SysMin.oem4f (.text:xdc_runtime_SysMin_abort__E)
                  00005510    00000030                                 : System.oem4f (.text:xdc_runtime_System_processAtExit__E)
                  00005540    0000002c     msp432p4xx_driverlib.lib : gpio.o (.text:GPIO_setAsInputPin)
                  0000556c    0000002c                              : pcm.o (.text:PCM_getCoreVoltageLevel)
                  00005598    0000002c     power_tirtos_MSP432P401R.aem4f : PowerMSP432_tirtos.oem4f (.text:PowerMSP432_updateFreqs)
                  000055c4    0000002c     empty_pem4f.oem4f (.text:ti_sysbios_knl_Clock_doTick__I)
                  000055f0    0000002c     empty_pem4f.oem4f (.text:ti_sysbios_knl_Queue_construct)
                  0000561c    00000004     --HOLE-- [fill = 0]
                  00005620    0000002c     sysbios.aem4f : BIOS.obj (.text:ti_sysbios_knl_Task_restore__E)
                  0000564c    0000002c     ti.targets.arm.rtsarm.aem4f : Text.oem4f (.text:xdc_runtime_Text_cordText__E)
                  00005678    0000002a     msp432p4xx_driverlib.lib : pcm.o (.text:PCM_getPowerMode)
                  000056a2    0000002a     ti.targets.arm.rtsarm.aem4f : System.oem4f (.text:xdc_runtime_System_putchar__I)
                  000056cc    00000028     msp432p4xx_driverlib.lib : flash.o (.text:FlashCtl_setWaitState)
                  000056f4    00000028     drivers_MSP432P401R.aem4f : GPIOMSP432.oem4f (.text:GPIO_enableInt)
                  0000571c    00000028     msp432p4xx_driverlib.lib : pcm.o (.text:PCM_gotoLPM0)
                  00005744    00000004     --HOLE-- [fill = 0]
                  00005748    00000028     sysbios.aem4f : BIOS.obj (.text:ti_sysbios_knl_Clock_addI__E)
                  00005770    00000028                   : BIOS.obj (.text:ti_sysbios_knl_Swi_Module_startup__E)
                  00005798    00000026                   : m3_Hwi_asm.obj (.text:ti_sysbios_family_arm_m3_Hwi_pendSV__I)
                  000057be    00000026     ti.targets.arm.rtsarm.aem4f : System.oem4f (.text:xdc_runtime_System_avprintf__E)
                  000057e4    00000024     msp432p4xx_driverlib.lib : cs.o (.text:CS_setDCOCenteredFrequency)
                  00005808    00000024                              : gpio.o (.text:GPIO_setAsOutputPin)
                  0000582c    00000024                              : rtc_c.o (.text:RTC_C_holdClock)
                  00005850    00000024                              : rtc_c.o (.text:RTC_C_startClock)
                  00005874    00000024                              : timer32.o (.text:Timer32_setCount)
                  00005898    00000024     empty_pem4f.oem4f (.text:ti_sysbios_BIOS_errorRaiseHook__I)
                  000058bc    00000024     empty_pem4f.oem4f (.text:ti_sysbios_BIOS_registerRTSLock__I)
                  000058e0    00000024     empty_pem4f.oem4f (.text:ti_sysbios_BIOS_removeRTSLock__I)
                  00005904    00000024     empty_pem4f.oem4f (.text:ti_sysbios_BIOS_startFunc__I)
                  00005928    00000024     sysbios.aem4f : BIOS.obj (.text:ti_sysbios_family_arm_msp432_ClockFreqs_setFrequency__E)
                  0000594c    00000024     empty_pem4f.oem4f (.text:ti_sysbios_gates_GateMutex_Object__delete__S)
                  00005970    00000024     sysbios.aem4f : BIOS.obj (.text:ti_sysbios_knl_Clock_Module_startup__E)
                  00005994    00000004     --HOLE-- [fill = 0]
                  00005998    00000024                   : BIOS.obj (.text:ti_sysbios_knl_Task_restoreHwi__E)
                  000059bc    00000024     ti.targets.arm.rtsarm.aem4f : System.oem4f (.text:xdc_runtime_System_vprintf__E)
                  000059e0    00000022     empty_pem4f.oem4f (.text:xdc_runtime_SysMin_output__I)
                  00005a02    00000002     --HOLE-- [fill = 0]
                  00005a04    00000020     msp432p4xx_driverlib.lib : gpio.o (.text:GPIO_interruptEdgeSelect)
                  00005a24    00000020     drivers_MSP432P401R.aem4f : PowerMSP432.oem4f (.text:Power_idleFunc)
                  00005a44    00000020     empty_pem4f.oem4f (.text:ti_sysbios_BIOS_rtsLock__I)
                  00005a64    00000020     sysbios.aem4f : m3_Hwi_asm.obj (.text:ti_sysbios_family_arm_m3_Hwi_excHandlerAsm__I)
                  00005a84    00000004     --HOLE-- [fill = 0]
                  00005a88    00000020                   : BIOS.obj (.text:ti_sysbios_family_arm_m3_Hwi_excHandler__I)
                  00005aa8    00000020     empty_pem4f.oem4f (.text:ti_sysbios_gates_GateHwi_Object__delete__S)
                  00005ac8    00000020     empty_pem4f.oem4f (.text:ti_sysbios_heaps_HeapMem_Object__delete__S)
                  00005ae8    00000020     sysbios.aem4f : BIOS.obj (.text:ti_sysbios_knl_Idle_run__E)
                  00005b08    00000020     empty_pem4f.oem4f (.text:ti_sysbios_knl_Semaphore_Object__destruct__S)
                  00005b28    00000020     ti.targets.arm.rtsarm.aem4f : Registry.oem4f (.text:xdc_runtime_Registry_findById__E)
                  00005b48    00000020                                 : SysMin.oem4f (.text:xdc_runtime_SysMin_Module_startup__E)
                  00005b68    0000001e     sysbios.aem4f : m3_Hwi_asm_switch.obj (.text:ti_sysbios_family_xxx_Hwi_switchAndRunFunc)
                  00005b86    00000002     --HOLE-- [fill = 0]
                  00005b88    0000001c                   : BIOS.obj (.text:ti_sysbios_gates_GateMutex_Instance_init__E)
                  00005ba4    0000001c     empty_pem4f.oem4f (.text:ti_sysbios_knl_Queue_Object__destruct__S)
                  00005bc0    0000001c     sysbios.aem4f : BIOS.obj (.text:ti_sysbios_knl_Queue_put__E)
                  00005bdc    00000004     --HOLE-- [fill = 0]
                  00005be0    0000001c                   : BIOS.obj (.text:ti_sysbios_knl_Task_enter__I)
                  00005bfc    0000001c     ti.targets.arm.rtsarm.aem4f : Error.oem4f (.text:xdc_runtime_Error_raiseX__E)
                  00005c18    0000001c                                 : Memory.oem4f (.text:xdc_runtime_Memory_valloc__E)
                  00005c34    0000001c                                 : SysMin.oem4f (.text:xdc_runtime_SysMin_exit__E)
                  00005c50    0000001c                                 : System.oem4f (.text:xdc_runtime_System_abort__E)
                  00005c6c    0000001a     empty_pem4f.oem4f (.text:ti_sysbios_family_arm_m3_Hwi_Handle__label__S)
                  00005c86    0000001a     empty_pem4f.oem4f (.text:ti_sysbios_gates_GateHwi_Handle__label__S)
                  00005ca0    0000001a     empty_pem4f.oem4f (.text:ti_sysbios_gates_GateMutex_Handle__label__S)
                  00005cba    0000001a     empty_pem4f.oem4f (.text:ti_sysbios_heaps_HeapMem_Handle__label__S)
                  00005cd4    0000001a     empty_pem4f.oem4f (.text:ti_sysbios_knl_Swi_Handle__label__S)
                  00005cee    0000001a     empty_pem4f.oem4f (.text:ti_sysbios_knl_Task_Handle__label__S)
                  00005d08    0000001a     empty_pem4f.oem4f (.text:xdc_runtime_System_aprintf__E)
                  00005d22    0000001a     empty_pem4f.oem4f (.text:xdc_runtime_System_printf__E)
                  00005d3c    00000018     msp432p4xx_driverlib.lib : adc14.o (.text:ADC14_getResult)
                  00005d54    00000018                              : gpio.o (.text:GPIO_clearInterruptFlag)
                  00005d6c    00000018                              : gpio.o (.text:GPIO_setDriveStrengthLow)
                  00005d84    00000018                              : gpio.o (.text:GPIO_setOutputLowOnPin)
                  00005d9c    00000018                              : wdt_a.o (.text:WDT_A_holdTimer)
                  00005db4    00000018     rtsv7M4_T_le_v4SPD16_eabi.lib : args_main.obj (.text)
                  00005dcc    00000018     empty_pem4f.oem4f (.text:ti_sysbios_BIOS_rtsUnlock__I)
                  00005de4    00000018     empty_pem4f.oem4f (.text:ti_sysbios_family_arm_m3_Hwi_Module__startupDone__F)
                  00005dfc    00000018     sysbios.aem4f : m3_TaskSupport_asm.obj (.text:ti_sysbios_family_arm_m3_TaskSupport_swap__E)
                  00005e14    00000018     empty_pem4f.oem4f (.text:ti_sysbios_family_arm_msp432_Timer_Module__startupDone__F)
                  00005e2c    00000004     --HOLE-- [fill = 0]
                  00005e30    00000018     sysbios.aem4f : BIOS.obj (.text:ti_sysbios_gates_GateMutex_leave__E)
                  00005e48    00000018                   : BIOS.obj (.text:ti_sysbios_knl_Task_sleepTimeout__I)
                  00005e60    00000018     ti.targets.arm.rtsarm.aem4f : Error.oem4f (.text:xdc_runtime_Error_check__E)
                  00005e78    00000018                                 : System.oem4f (.text:xdc_runtime_System_exit__E)
                  00005e90    00000018                                 : Text.oem4f (.text:xdc_runtime_Text_ropeText__E)
                  00005ea8    00000016     empty_pem4f.oem4f (.text:ti_sysbios_BIOS_exitFunc__I)
                  00005ebe    00000016     empty.obj (.text:ti_sysbios_knl_Task_Params_init)
                  00005ed4    00000014     msp432p4xx_driverlib.lib : gpio.o (.text:GPIO_enableInterrupt)
                  00005ee8    00000014                              : gpio.o (.text:GPIO_setDriveStrengthHigh)
                  00005efc    00000014                              : gpio.o (.text:GPIO_setOutputHighOnPin)
                  00005f10    00000014                              : gpio.o (.text:GPIO_toggleOutputOnPin)
                  00005f24    00000014                              : wdt_a.o (.text:WDT_A_startTimer)
                  00005f38    00000014     rtsv7M4_T_le_v4SPD16_eabi.lib : _lock.obj (.text)
                  00005f4c    00000014                                   : strcpy.obj (.text)
                  00005f60    00000014                                   : strlen.obj (.text)
                  00005f74    00000014     empty_pem4f.oem4f (.text:ti_sysbios_family_arm_m3_Hwi_Object__get__S)
                  00005f88    00000014     sysbios.aem4f : BIOS.obj (.text:ti_sysbios_family_arm_m3_Hwi_switchFromBootStack__E)
                  00005f9c    00000014     empty_pem4f.oem4f (.text:ti_sysbios_heaps_HeapMem_Object__get__S)
                  00005fb0    00000014     empty_pem4f.oem4f (.text:ti_sysbios_knl_Swi_Object__get__S)
                  00005fc4    00000004     --HOLE-- [fill = 0]
                  00005fc8    00000012     sysbios.aem4f : BIOS.obj (.text:ti_sysbios_hal_Hwi_Module_startup__E)
                  00005fda    00000012     empty_pem4f.oem4f (.text:xdc_runtime_Startup_exec__I)
                  00005fec    00000010     msp432p4xx_driverlib.lib : adc14.o (.text:ADC14_enableModule)
                  00005ffc    00000010                              : gpio.o (.text:GPIO_getInterruptStatus)
                  0000600c    00000010                              : interrupt.o (.text:Interrupt_disableMaster)
                  0000601c    00000010                              : pcm.o (.text:PCM_gotoLPM4)
                  0000602c    00000004     --HOLE-- [fill = 0]
                  00006030    00000010     sysbios.aem4f : BIOS.obj (.text:ti_sysbios_BIOS_setCpuFreq__E)
                  00006040    00000010                   : BIOS.obj (.text:ti_sysbios_BIOS_setThreadType__E)
                  00006050    00000010                   : BIOS.obj (.text:ti_sysbios_BIOS_start__E)
                  00006060    00000010                   : m3_TaskSupport_asm.obj (.text:ti_sysbios_family_arm_m3_TaskSupport_glue)
                  00006070    00000010                   : BIOS.obj (.text:ti_sysbios_family_arm_msp432_init_Boot_disableWatchdog)
                  00006080    00000010                   : BIOS.obj (.text:ti_sysbios_gates_GateMutex_Instance_finalize__E)
                  00006090    00000010                   : BIOS.obj (.text:ti_sysbios_knl_Semaphore_Instance_finalize__E)
                  000060a0    00000010                   : BIOS.obj (.text:ti_sysbios_knl_Swi_disable__E)
                  000060b0    00000010     empty_pem4f.oem4f (.text:ti_sysbios_knl_Task_Object__get__S)
                  000060c0    00000010     sysbios.aem4f : BIOS.obj (.text:ti_sysbios_knl_Task_disable__E)
                  000060d0    00000010     ti.targets.arm.rtsarm.aem4f : Gate.oem4f (.text:xdc_runtime_Gate_leaveSystem__E)
                  000060e0    00000010                                 : Memory.oem4f (.text:xdc_runtime_Memory_free__E)
                  000060f0    00000010                                 : SysMin.oem4f (.text:xdc_runtime_SysMin_ready__E)
                  00006100    00000010                                 : System.oem4f (.text:xdc_runtime_System_vsnprintf__E)
                  00006110    00000010     empty_pem4f.oem4f (.text:xdc_runtime_Text_visitRope__I)
                  00006120    0000000e     tirtosport.aem4f : HwiP_tirtos.oem4f (.text:HwiP_Params_init)
                  0000612e    0000000e     rtsv7M4_T_le_v4SPD16_eabi.lib : copy_decompress_none.obj (.text:decompress:none)
                  0000613c    0000000e     empty.obj (.text:heartBeatFxn)
                  0000614a    00000006     ti.targets.arm.rtsarm.aem4f : xdc_noinit.oem4f (.text:__xdc__init)
                  00006150    0000000e     sysbios.aem4f : BIOS.obj (.text:ti_sysbios_knl_Idle_loop__E)
                  0000615e    00000002     --HOLE-- [fill = 0]
                  00006160    0000000e                   : BIOS.obj (.text:ti_sysbios_knl_Queue_empty__E)
                  0000616e    0000000c     empty_pem4f.oem4f (.text:.bootCodeSection:ti_sysbios_family_arm_msp432_init_Boot_init__I)
                  0000617a    0000000c     msp432p4xx_driverlib.lib : cpu.o (.text:CPU_cpsid)
                  00006186    0000000c                              : cpu.o (.text:CPU_cpsie)
                  00006192    00000002     --HOLE-- [fill = 0]
                  00006194    0000000c                              : pcm.o (.text:PCM_getPowerState)
                  000061a0    0000000c     drivers_MSP432P401R.aem4f : PowerMSP432.oem4f (.text:Power_getConstraintMask)
                  000061ac    0000000c     rtsv7M4_T_le_v4SPD16_eabi.lib : copy_zero_init.obj (.text:decompress:ZI)
                  000061b8    0000000c     empty_pem4f.oem4f (.text:ti_sysbios_family_arm_m3_Hwi_Params__init__S)
                  000061c4    00000004     --HOLE-- [fill = 0]
                  000061c8    0000000c     sysbios.aem4f : BIOS.obj (.text:ti_sysbios_family_arm_m3_Hwi_disableFxn__E)
                  000061d4    00000004     --HOLE-- [fill = 0]
                  000061d8    0000000c                   : BIOS.obj (.text:ti_sysbios_family_arm_m3_TaskSupport_checkStack__E)
                  000061e4    00000004     --HOLE-- [fill = 0]
                  000061e8    0000000c                   : BIOS.obj (.text:ti_sysbios_family_arm_m3_TaskSupport_getStackAlignment__E)
                  000061f4    00000004     --HOLE-- [fill = 0]
                  000061f8    0000000c                   : BIOS.obj (.text:ti_sysbios_family_arm_msp432_Timer_getMaxTicks__E)
                  00006204    00000004     --HOLE-- [fill = 0]
                  00006208    0000000c                   : BIOS.obj (.text:ti_sysbios_gates_GateHwi_enter__E)
                  00006214    0000000c     empty_pem4f.oem4f (.text:ti_sysbios_knl_Queue_Object__get__S)
                  00006220    0000000c     empty_pem4f.oem4f (.text:ti_sysbios_knl_Task_Params__init__S)
                  0000622c    0000000c     ti.targets.arm.rtsarm.aem4f : Error.oem4f (.text:xdc_runtime_Error_init__E)
                  00006238    0000000c                                 : Gate.oem4f (.text:xdc_runtime_Gate_enterSystem__E)
                  00006244    0000000c                                 : Memory.oem4f (.text:xdc_runtime_Memory_calloc__E)
                  00006250    0000000c                                 : Memory.oem4f (.text:xdc_runtime_Memory_getMaxDefaultTypeAlign__E)
                  0000625c    0000000a     msp432p4xx_driverlib.lib : timer32.o (.text:Timer32_enableInterrupt)
                  00006266    0000000a     empty_pem4f.oem4f (.text:xdc_runtime_IHeap_alloc)
                  00006270    0000000a     empty_pem4f.oem4f (.text:xdc_runtime_IHeap_free)
                  0000627a    00000008     MSP_EXP432P401R.obj (.text:MSP_EXP432P401R_initGPIO)
                  00006282    00000008     MSP_EXP432P401R.obj (.text:MSP_EXP432P401R_initGeneral)
                  0000628a    00000008     msp432p4xx_driverlib.lib : pcm.o (.text:PCM_setPowerMode)
                  00006292    00000008                              : pcm.o (.text:PCM_setPowerState)
                  0000629a    00000008     button.obj (.text:gpioButton0)
                  000062a2    00000006     rtsv7M4_T_le_v4SPD16_eabi.lib : copy_decompress_rle.obj (.text:decompress:rle24)
                  000062a8    00000008     sysbios.aem4f : BIOS.obj (.text:ti_sysbios_family_arm_m3_Hwi_doSwiRestore__I)
                  000062b0    00000008                   : BIOS.obj (.text:ti_sysbios_family_arm_m3_Hwi_startup__E)
                  000062b8    00000006                   : BIOS.obj (.text:ti_sysbios_family_arm_m3_Hwi_doTaskRestore__I)
                  000062be    00000002     --HOLE-- [fill = 0]
                  000062c0    00000006                   : BIOS.obj (.text:ti_sysbios_family_arm_m3_Hwi_restoreFxn__E)
                  000062c6    00000002     --HOLE-- [fill = 0]
                  000062c8    00000006                   : BIOS.obj (.text:ti_sysbios_gates_GateHwi_leave__E)
                  000062ce    00000002     --HOLE-- [fill = 0]
                  000062d0    00000006                   : BIOS.obj (.text:ti_sysbios_heaps_HeapMem_isBlocking__E)
                  000062d6    00000002     --HOLE-- [fill = 0]
                  000062d8    00000006                   : BIOS.obj (.text:ti_sysbios_knl_Queue_Instance_init__E)
                  000062de    00000002     --HOLE-- [fill = 0]
                  000062e0    00000006                   : BIOS.obj (.text:ti_sysbios_knl_Swi_startup__E)
                  000062e6    00000006     ti.targets.arm.rtsarm.aem4f : System.oem4f (.text:xdc_runtime_System_Module_startup__E)
                  000062ec    00000004     --HOLE-- [fill = 0]
                  000062f0    00000004     sysbios.aem4f : BIOS.obj (.text:ti_sysbios_gates_GateHwi_query__E)
                  000062f4    00000004     --HOLE-- [fill = 0]
                  000062f8    00000004                   : BIOS.obj (.text:ti_sysbios_gates_GateMutex_query__E)
                  000062fc    00000004     --HOLE-- [fill = 0]
                  00006300    00000004                   : BIOS.obj (.text:ti_sysbios_knl_Task_startup__E)
                  00006304    00000004     --HOLE-- [fill = 0]
                  00006308    00000002                   : BIOS.obj (.text:ti_sysbios_gates_GateHwi_Instance_init__E)
                  0000630a    00000006     --HOLE-- [fill = 0]
                  00006310    00000002                   : BIOS.obj (.text:ti_sysbios_knl_Clock_logTick__E)

.const     0    00006314    00001e31     
                  00006314    000017ba     empty_pem4f.oem4f (.const:xdc_runtime_Text_charTab__A)
                  00007ace    000000b0     empty_pem4f.oem4f (.const:xdc_runtime_Text_nodeTab__A)
                  00007b7e    00000002     empty_pem4f.oem4f (.const:ti_sysbios_family_arm_m3_Hwi_Module__id__C)
                  00007b80    00000080     msp432p4xx_driverlib.lib : adc14.o (.const:_ctlRegs)
                  00007c00    00000048     empty_pem4f.oem4f (.const:.string)
                  00007c48    00000040     msp432p4xx_driverlib.lib : interrupt.o (.const)
                  00007c88    0000003c     empty_pem4f.oem4f (.const:ti_sysbios_knl_Task_Object__PARAMS__C)
                  00007cc4    00000030     empty_pem4f.oem4f (.const:ti_sysbios_family_arm_m3_Hwi_Object__PARAMS__C)
                  00007cf4    00000028     empty_pem4f.oem4f (.const:ti_sysbios_heaps_HeapMem_Module__FXNS__C)
                  00007d1c    00000024     empty_pem4f.oem4f (.const:ti_sysbios_gates_GateHwi_Module__FXNS__C)
                  00007d40    00000024     empty_pem4f.oem4f (.const:ti_sysbios_gates_GateMutex_Module__FXNS__C)
                  00007d64    00000024     empty_pem4f.oem4f (.const:ti_sysbios_heaps_HeapMem_Object__PARAMS__C)
                  00007d88    00000024     empty_pem4f.oem4f (.const:ti_sysbios_knl_Semaphore_Object__PARAMS__C)
                  00007dac    00000024     uartTransmission.obj (.const:uartConfig)
                  00007dd0    00000020     empty_pem4f.oem4f (.const:ti_sysbios_family_arm_m3_Hwi_Object__DESC__C)
                  00007df0    00000020     empty_pem4f.oem4f (.const:ti_sysbios_gates_GateHwi_Object__DESC__C)
                  00007e10    00000020     empty_pem4f.oem4f (.const:ti_sysbios_gates_GateMutex_Object__DESC__C)
                  00007e30    00000020     empty_pem4f.oem4f (.const:ti_sysbios_heaps_HeapMem_Object__DESC__C)
                  00007e50    00000020     empty_pem4f.oem4f (.const:ti_sysbios_knl_Queue_Object__DESC__C)
                  00007e70    00000020     empty_pem4f.oem4f (.const:ti_sysbios_knl_Semaphore_Object__DESC__C)
                  00007e90    00000020     empty_pem4f.oem4f (.const:ti_sysbios_knl_Task_Object__DESC__C)
                  00007eb0    00000020     empty_pem4f.oem4f (.const:xdc_runtime_Startup_sfxnTab__A)
                  00007ed0    00000018     empty_pem4f.oem4f (.const:ti_sysbios_gates_GateHwi_Object__PARAMS__C)
                  00007ee8    00000018     empty_pem4f.oem4f (.const:ti_sysbios_gates_GateMutex_Object__PARAMS__C)
                  00007f00    00000018     empty_pem4f.oem4f (.const:ti_sysbios_knl_Queue_Object__PARAMS__C)
                  00007f18    00000014     MSP_EXP432P401R.obj (.const:GPIOMSP432_config)
                  00007f2c    00000010     MSP_EXP432P401R.obj (.const)
                  00007f3c    00000010     empty_pem4f.oem4f (.const)
                  00007f4c    00000010     empty_pem4f.oem4f (.const:xdc_runtime_Startup_sfxnRts__A)
                  00007f5c    0000000c     drivers_MSP432P401R.aem4f : GPIOMSP432.oem4f (.const:.string)
                  00007f68    0000000c     empty_pem4f.oem4f (.const:xdc_runtime_Startup_firstFxns__A)
                  00007f74    00000008     empty_pem4f.oem4f (.const:ti_sysbios_family_arm_m3_Hwi_excHookFuncs__A)
                  00007f7c    00000008     empty_pem4f.oem4f (.const:ti_sysbios_knl_Idle_funcList__A)
                  00007f84    00000008     empty_pem4f.oem4f (.const:ti_sysbios_knl_Idle_funcList__C)
                  00007f8c    00000008     empty_pem4f.oem4f (.const:xdc_runtime_Startup_firstFxns__C)
                  00007f94    00000008     empty_pem4f.oem4f (.const:xdc_runtime_Startup_lastFxns__C)
                  00007f9c    00000004     empty_pem4f.oem4f (.const:ti_sysbios_family_arm_m3_Hwi_E_NMI__C)
                  00007fa0    00000004     empty_pem4f.oem4f (.const:ti_sysbios_family_arm_m3_Hwi_E_alreadyDefined__C)
                  00007fa4    00000004     empty_pem4f.oem4f (.const:ti_sysbios_family_arm_m3_Hwi_E_busFault__C)
                  00007fa8    00000004     empty_pem4f.oem4f (.const:ti_sysbios_family_arm_m3_Hwi_E_debugMon__C)
                  00007fac    00000004     empty_pem4f.oem4f (.const:ti_sysbios_family_arm_m3_Hwi_E_hardFault__C)
                  00007fb0    00000004     empty_pem4f.oem4f (.const:ti_sysbios_family_arm_m3_Hwi_E_memFault__C)
                  00007fb4    00000004     empty_pem4f.oem4f (.const:ti_sysbios_family_arm_m3_Hwi_E_noIsr__C)
                  00007fb8    00000004     empty_pem4f.oem4f (.const:ti_sysbios_family_arm_m3_Hwi_E_reserved__C)
                  00007fbc    00000004     empty_pem4f.oem4f (.const:ti_sysbios_family_arm_m3_Hwi_E_svCall__C)
                  00007fc0    00000004     empty_pem4f.oem4f (.const:ti_sysbios_family_arm_m3_Hwi_E_usageFault__C)
                  00007fc4    00000004     empty_pem4f.oem4f (.const:ti_sysbios_family_arm_m3_Hwi_NUM_INTERRUPTS__C)
                  00007fc8    00000004     empty_pem4f.oem4f (.const:ti_sysbios_family_arm_m3_Hwi_Object__count__C)
                  00007fcc    00000004     empty_pem4f.oem4f (.const:ti_sysbios_family_arm_m3_Hwi_ccr__C)
                  00007fd0    00000004     empty_pem4f.oem4f (.const:ti_sysbios_family_arm_m3_Hwi_excHandlerFunc__C)
                  00007fd4    00000004     empty_pem4f.oem4f (.const:ti_sysbios_family_arm_m3_Hwi_excHookFuncs__C)
                  00007fd8    00000004     empty_pem4f.oem4f (.const:ti_sysbios_family_arm_m3_Hwi_nullIsrFunc__C)
                  00007fdc    00000004     empty_pem4f.oem4f (.const:ti_sysbios_family_arm_m3_Hwi_priGroup__C)
                  00007fe0    00000004     empty_pem4f.oem4f (.const:ti_sysbios_family_arm_m3_TaskSupport_stackAlignment__C)
                  00007fe4    00000004     empty_pem4f.oem4f (.const:ti_sysbios_family_arm_msp432_Timer_numTimerDevices__C)
                  00007fe8    00000004     empty_pem4f.oem4f (.const:ti_sysbios_family_arm_msp432_Timer_startupNeeded__C)
                  00007fec    00000004     empty_pem4f.oem4f (.const:ti_sysbios_gates_GateMutex_A_badContext__C)
                  00007ff0    00000004     empty_pem4f.oem4f (.const:ti_sysbios_gates_GateMutex_Instance_State_sem__O)
                  00007ff4    00000004     empty_pem4f.oem4f (.const:ti_sysbios_gates_GateMutex_Module__diagsEnabled__C)
                  00007ff8    00000004     empty_pem4f.oem4f (.const:ti_sysbios_gates_GateMutex_Module__diagsIncluded__C)
                  00007ffc    00000004     empty_pem4f.oem4f (.const:ti_sysbios_gates_GateMutex_Module__diagsMask__C)
                  00008000    00000004     empty_pem4f.oem4f (.const:ti_sysbios_hal_Hwi_E_stackOverflow__C)
                  00008004    00000004     empty_pem4f.oem4f (.const:ti_sysbios_heaps_HeapMem_A_align__C)
                  00008008    00000004     empty_pem4f.oem4f (.const:ti_sysbios_heaps_HeapMem_A_heapSize__C)
                  0000800c    00000004     empty_pem4f.oem4f (.const:ti_sysbios_heaps_HeapMem_A_invalidFree__C)
                  00008010    00000004     empty_pem4f.oem4f (.const:ti_sysbios_heaps_HeapMem_A_zeroBlock__C)
                  00008014    00000004     empty_pem4f.oem4f (.const:ti_sysbios_heaps_HeapMem_E_memory__C)
                  00008018    00000004     empty_pem4f.oem4f (.const:ti_sysbios_heaps_HeapMem_Module__diagsEnabled__C)
                  0000801c    00000004     empty_pem4f.oem4f (.const:ti_sysbios_heaps_HeapMem_Module__diagsIncluded__C)
                  00008020    00000004     empty_pem4f.oem4f (.const:ti_sysbios_heaps_HeapMem_Module__diagsMask__C)
                  00008024    00000004     empty_pem4f.oem4f (.const:ti_sysbios_heaps_HeapMem_Module__gateObj__C)
                  00008028    00000004     empty_pem4f.oem4f (.const:ti_sysbios_heaps_HeapMem_Object__count__C)
                  0000802c    00000004     empty_pem4f.oem4f (.const:ti_sysbios_heaps_HeapMem_reqAlign__C)
                  00008030    00000004     empty_pem4f.oem4f (.const:ti_sysbios_knl_Clock_Module_State_clockQ__O)
                  00008034    00000004     empty_pem4f.oem4f (.const:ti_sysbios_knl_Semaphore_A_badContext__C)
                  00008038    00000004     empty_pem4f.oem4f (.const:ti_sysbios_knl_Semaphore_A_noEvents__C)
                  0000803c    00000004     empty_pem4f.oem4f (.const:ti_sysbios_knl_Semaphore_A_overflow__C)
                  00008040    00000004     empty_pem4f.oem4f (.const:ti_sysbios_knl_Semaphore_A_pendTaskDisabled__C)
                  00008044    00000004     empty_pem4f.oem4f (.const:ti_sysbios_knl_Semaphore_Instance_State_pendQ__O)
                  00008048    00000004     empty_pem4f.oem4f (.const:ti_sysbios_knl_Semaphore_Module__diagsEnabled__C)
                  0000804c    00000004     empty_pem4f.oem4f (.const:ti_sysbios_knl_Semaphore_Module__diagsIncluded__C)
                  00008050    00000004     empty_pem4f.oem4f (.const:ti_sysbios_knl_Semaphore_Module__diagsMask__C)
                  00008054    00000004     empty_pem4f.oem4f (.const:ti_sysbios_knl_Swi_Object__count__C)
                  00008058    00000004     empty_pem4f.oem4f (.const:ti_sysbios_knl_Task_A_badPriority__C)
                  0000805c    00000004     empty_pem4f.oem4f (.const:ti_sysbios_knl_Task_A_badTaskState__C)
                  00008060    00000004     empty_pem4f.oem4f (.const:ti_sysbios_knl_Task_A_badThreadType__C)
                  00008064    00000004     empty_pem4f.oem4f (.const:ti_sysbios_knl_Task_A_badTimeout__C)
                  00008068    00000004     empty_pem4f.oem4f (.const:ti_sysbios_knl_Task_A_noPendElem__C)
                  0000806c    00000004     empty_pem4f.oem4f (.const:ti_sysbios_knl_Task_A_sleepTaskDisabled__C)
                  00008070    00000004     empty_pem4f.oem4f (.const:ti_sysbios_knl_Task_E_spOutOfBounds__C)
                  00008074    00000004     empty_pem4f.oem4f (.const:ti_sysbios_knl_Task_E_stackOverflow__C)
                  00008078    00000004     empty_pem4f.oem4f (.const:ti_sysbios_knl_Task_Module_State_inactiveQ__O)
                  0000807c    00000004     empty_pem4f.oem4f (.const:ti_sysbios_knl_Task_Module__diagsEnabled__C)
                  00008080    00000004     empty_pem4f.oem4f (.const:ti_sysbios_knl_Task_Module__diagsIncluded__C)
                  00008084    00000004     empty_pem4f.oem4f (.const:ti_sysbios_knl_Task_Module__diagsMask__C)
                  00008088    00000004     empty_pem4f.oem4f (.const:ti_sysbios_knl_Task_Object__count__C)
                  0000808c    00000004     empty_pem4f.oem4f (.const:ti_sysbios_knl_Task_allBlockedFunc__C)
                  00008090    00000004     empty_pem4f.oem4f (.const:ti_sysbios_knl_Task_defaultStackHeap__C)
                  00008094    00000004     empty_pem4f.oem4f (.const:ti_sysbios_knl_Task_defaultStackSize__C)
                  00008098    00000004     empty_pem4f.oem4f (.const:ti_sysbios_knl_Task_numConstructedTasks__C)
                  0000809c    00000004     empty_pem4f.oem4f (.const:xdc_runtime_Assert_E_assertFailed__C)
                  000080a0    00000004     empty_pem4f.oem4f (.const:xdc_runtime_Core_A_initializedParams__C)
                  000080a4    00000004     empty_pem4f.oem4f (.const:xdc_runtime_Core_Module__diagsEnabled__C)
                  000080a8    00000004     empty_pem4f.oem4f (.const:xdc_runtime_Core_Module__diagsIncluded__C)
                  000080ac    00000004     empty_pem4f.oem4f (.const:xdc_runtime_Core_Module__diagsMask__C)
                  000080b0    00000004     empty_pem4f.oem4f (.const:xdc_runtime_Error_E_memory__C)
                  000080b4    00000004     empty_pem4f.oem4f (.const:xdc_runtime_Error_Module__diagsEnabled__C)
                  000080b8    00000004     empty_pem4f.oem4f (.const:xdc_runtime_Error_Module__diagsIncluded__C)
                  000080bc    00000004     empty_pem4f.oem4f (.const:xdc_runtime_Error_Module__diagsMask__C)
                  000080c0    00000004     empty_pem4f.oem4f (.const:xdc_runtime_Error_Module__loggerFxn8__C)
                  000080c4    00000004     empty_pem4f.oem4f (.const:xdc_runtime_Error_Module__loggerObj__C)
                  000080c8    00000004     empty_pem4f.oem4f (.const:xdc_runtime_Error_policyFxn__C)
                  000080cc    00000004     empty_pem4f.oem4f (.const:xdc_runtime_Error_raiseHook__C)
                  000080d0    00000004     empty_pem4f.oem4f (.const:xdc_runtime_IGateProvider_Interface__BASE__C)
                  000080d4    00000004     empty_pem4f.oem4f (.const:xdc_runtime_IHeap_Interface__BASE__C)
                  000080d8    00000004     empty_pem4f.oem4f (.const:xdc_runtime_IModule_Interface__BASE__C)
                  000080dc    00000004     empty_pem4f.oem4f (.const:xdc_runtime_Log_L_error__C)
                  000080e0    00000004     empty_pem4f.oem4f (.const:xdc_runtime_Memory_defaultHeapInstance__C)
                  000080e4    00000004     empty_pem4f.oem4f (.const:xdc_runtime_Startup_execImpl__C)
                  000080e8    00000004     empty_pem4f.oem4f (.const:xdc_runtime_Startup_maxPasses__C)
                  000080ec    00000004     empty_pem4f.oem4f (.const:xdc_runtime_Startup_sfxnRts__C)
                  000080f0    00000004     empty_pem4f.oem4f (.const:xdc_runtime_Startup_sfxnTab__C)
                  000080f4    00000004     empty_pem4f.oem4f (.const:xdc_runtime_SysMin_bufSize__C)
                  000080f8    00000004     empty_pem4f.oem4f (.const:xdc_runtime_SysMin_outputFunc__C)
                  000080fc    00000004     empty_pem4f.oem4f (.const:xdc_runtime_System_Module__gateObj__C)
                  00008100    00000004     empty_pem4f.oem4f (.const:xdc_runtime_System_abortFxn__C)
                  00008104    00000004     empty_pem4f.oem4f (.const:xdc_runtime_System_exitFxn__C)
                  00008108    00000004     empty_pem4f.oem4f (.const:xdc_runtime_System_extendFxn__C)
                  0000810c    00000004     empty_pem4f.oem4f (.const:xdc_runtime_System_maxAtexitHandlers__C)
                  00008110    00000004     empty_pem4f.oem4f (.const:xdc_runtime_Text_charTab__C)
                  00008114    00000004     empty_pem4f.oem4f (.const:xdc_runtime_Text_nameEmpty__C)
                  00008118    00000004     empty_pem4f.oem4f (.const:xdc_runtime_Text_nameStatic__C)
                  0000811c    00000004     empty_pem4f.oem4f (.const:xdc_runtime_Text_nameUnknown__C)
                  00008120    00000004     empty_pem4f.oem4f (.const:xdc_runtime_Text_nodeTab__C)
                  00008124    00000004     empty_pem4f.oem4f (.const:xdc_runtime_Text_visitRopeFxn__C)
                  00008128    00000002     empty_pem4f.oem4f (.const:ti_sysbios_gates_GateMutex_Module__id__C)
                  0000812a    00000002     empty_pem4f.oem4f (.const:ti_sysbios_hal_Hwi_Module__id__C)
                  0000812c    00000002     empty_pem4f.oem4f (.const:ti_sysbios_heaps_HeapMem_Module__id__C)
                  0000812e    00000002     empty_pem4f.oem4f (.const:ti_sysbios_knl_Semaphore_Module__id__C)
                  00008130    00000002     empty_pem4f.oem4f (.const:ti_sysbios_knl_Task_Module__id__C)
                  00008132    00000002     empty_pem4f.oem4f (.const:xdc_runtime_Core_Module__id__C)
                  00008134    00000002     empty_pem4f.oem4f (.const:xdc_runtime_Error_Module__loggerDefined__C)
                  00008136    00000002     empty_pem4f.oem4f (.const:xdc_runtime_Error_maxDepth__C)
                  00008138    00000002     empty_pem4f.oem4f (.const:xdc_runtime_Memory_Module__id__C)
                  0000813a    00000002     empty_pem4f.oem4f (.const:xdc_runtime_SysMin_flushAtExit__C)
                  0000813c    00000002     empty_pem4f.oem4f (.const:xdc_runtime_Text_charCnt__C)
                  0000813e    00000002     empty_pem4f.oem4f (.const:xdc_runtime_Text_isLoaded__C)
                  00008140    00000002     empty_pem4f.oem4f (.const:xdc_runtime_Text_registryModsLastId__C)
                  00008142    00000002     empty_pem4f.oem4f (.const:xdc_runtime_Text_unnamedModsLastId__C)
                  00008144    00000001     empty_pem4f.oem4f (.const:xdc_runtime_Error_policy__C)

.cinit     0    00008148    00000480     
                  00008148    0000044b     (.cinit..data.load) [load image, compression = rle]
                  00008593    00000001     --HOLE-- [fill = 0]
                  00008594    0000000c     (__TI_handler_table)
                  000085a0    00000008     (.cinit..bss.load) [load image, compression = zero_init]
                  000085a8    00000008     (.cinit..vecs.load) [load image, compression = zero_init]
                  000085b0    00000018     (__TI_cinit_table)

.resetVecs 
*          0    00000000    0000003c     
                  00000000    0000003c     empty_pem4f.oem4f (.resetVecs)

.vecs      0    20000000    00000140     UNINITIALIZED
                  20000000    00000140     empty_pem4f.oem4f (.vecs)

.bss       0    20000140    00000b68     UNINITIALIZED
                  20000140    00000400     empty_pem4f.oem4f (.bss:ti_sysbios_heaps_HeapMem_Instance_State_0_buf__A)
                  20000540    00000200     empty.obj (.bss:task0Stack)
                  20000740    00000200     empty_pem4f.oem4f (.bss:taskStackSection)
                  20000940    00000140     empty_pem4f.oem4f (.bss:ti_sysbios_family_arm_m3_Hwi_dispatchTable)
                  20000a80    00000120     rtsv7M4_T_le_v4SPD16_eabi.lib : trgmsg.obj (.bss:__CIOBUF_)
                  20000ba0    00000080     empty_pem4f.oem4f (.bss:xdc_runtime_SysMin_Module_State_0_outbuf__A)
                  20000c20    00000050     empty.obj (.bss:task0Struct)
                  20000c70    00000030     drivers_MSP432P401R.aem4f : GPIOMSP432.oem4f (.bss:gpioCallbackInfo)
                  20000ca0    00000008     (.common:parmbuf)

.TI.noinit 
*          0    20000140    00000000     UNINITIALIZED

.data      0    20000ca8    000005cd     UNINITIALIZED
                  20000ca8    00000154     empty_pem4f.oem4f (.data)
                  20000dfc    0000009c     drivers_MSP432P401R.aem4f : PowerMSP432.oem4f (.data:PowerMSP432_perfLevels)
                  20000e98    00000080     empty_pem4f.oem4f (.data:ti_sysbios_knl_Swi_Module_State_0_readyQ__A)
                  20000f18    00000080     empty_pem4f.oem4f (.data:ti_sysbios_knl_Task_Module_State_0_readyQ__A)
                  20000f98    00000060     empty_pem4f.oem4f (.data:ti_sysbios_family_arm_m3_Hwi_Object__table__V)
                  20000ff8    0000004c     empty_pem4f.oem4f (.data:ti_sysbios_family_arm_msp432_Timer_Object__table__V)
                  20001044    0000004c     empty_pem4f.oem4f (.data:ti_sysbios_knl_Task_Object__table__V)
                  20001090    00000044     empty_pem4f.oem4f (.data:ti_sysbios_knl_Task_Module__state__V)
                  200010d4    00000038     empty_pem4f.oem4f (.data:ti_sysbios_gates_GateMutex_Object__table__V)
                  2000110c    00000034     empty_pem4f.oem4f (.data:ti_sysbios_family_arm_m3_Hwi_Module__state__V)
                  20001140    00000030     drivers_MSP432P401R.aem4f : GPIOMSP432.oem4f (.data:GPIO_PORT_TO_BASE)
                  20001170    00000030     msp432p4xx_driverlib.lib : gpio.o (.data:GPIO_PORT_TO_BASE)
                  200011a0    00000030     empty_pem4f.oem4f (.data:ti_sysbios_knl_Swi_Object__table__V)
                  200011d0    0000002c     empty_pem4f.oem4f (.data:ti_sysbios_knl_Clock_Module__state__V)
                  200011fc    00000024     drivers_MSP432P401R.aem4f : PowerMSP432.oem4f (.data:PowerMSP432_module)
                  20001220    00000024     empty_pem4f.oem4f (.data:ti_sysbios_BIOS_Module__state__V)
                  20001244    0000001c     MSP_EXP432P401R.obj (.data)
                  20001260    00000008     rtsv7M4_T_le_v4SPD16_eabi.lib : _lock.obj (.data)
                  20001268    00000008                                   : exit.obj (.data)
                  20001270    00000004                                   : stkdepth_vars.obj (.data)
                  20001274    00000001     drivers_MSP432P401R.aem4f : GPIOMSP432.oem4f (.data)

.TI.persistent 
*          0    20000ca8    00000000     UNINITIALIZED

.stack     0    2000fd00    00000300     UNINITIALIZED
                  2000fd00    00000300     --HOLE--

.bootVecs 
*          0    00000000    00000008     DSECT
                  00000000    00000008     boot.aem4f : boot.oem4f (.bootVecs)

xdc.meta   0    00000000    000000ea     COPY SECTION
                  00000000    000000ea     empty_pem4f.oem4f (xdc.meta)


LINKER GENERATED COPY TABLES

__TI_cinit_table @ 000085b0 records: 3, size/record: 8, table size: 24
	.data: load addr=00008148, load size=0000044b bytes, run addr=20000ca8, run size=000005cd bytes, compression=rle
	.bss: load addr=000085a0, load size=00000008 bytes, run addr=20000140, run size=00000b68 bytes, compression=zero_init
	.vecs: load addr=000085a8, load size=00000008 bytes, run addr=20000000, run size=00000140 bytes, compression=zero_init


LINKER GENERATED HANDLER TABLE

__TI_handler_table @ 00008594 records: 3, size/record: 4, table size: 12
	index: 0, handler: __TI_decompress_rle24
	index: 1, handler: __TI_decompress_none
	index: 2, handler: __TI_zero_init


GLOBAL SYMBOLS: SORTED ALPHABETICALLY BY Name 

address   name                                                        
-------   ----                                                        
000042d9  ADC14_IRQHandler                                            
00005fed  ADC14_enableModule                                          
00005d3d  ADC14_getResult                                             
00007f48  Button_Semaphore                                            
00004bf1  C$$EXIT                                                     
00003e0f  C$$IO$$                                                     
0000617b  CPU_cpsid                                                   
00006187  CPU_cpsie                                                   
00000d3d  CPU_wfi                                                     
00002af5  CS_initClockSignal                                          
000057e5  CS_setDCOCenteredFrequency                                  
000049f5  EUSCIA0_IRQHandler                                          
00004d91  FlashCtl_disableReadBuffering                               
000050f1  FlashCtl_enableReadBuffering                                
000056cd  FlashCtl_setWaitState                                       
00007f18  GPIOMSP432_config                                           
00005d55  GPIO_clearInterruptFlag                                     
000056f5  GPIO_enableInt                                              
00005ed5  GPIO_enableInterrupt                                        
00004dd1  GPIO_getEnabledInterruptStatus                              
0000529d  GPIO_getEnabledInterruptStatus_WA                           
00005ffd  GPIO_getInterruptStatus                                     
00004439  GPIO_hwiIntFxn                                              
000040a1  GPIO_init                                                   
00005a05  GPIO_interruptEdgeSelect                                    
00005541  GPIO_setAsInputPin                                          
000052cd  GPIO_setAsInputPinWithPullDownResistor                      
000052fd  GPIO_setAsInputPinWithPullUpResistor                        
00005809  GPIO_setAsOutputPin                                         
00004a3d  GPIO_setAsPeripheralModuleFunctionInputPin                  
0000448d  GPIO_setCallback                                            
000020a9  GPIO_setConfig                                              
00005ee9  GPIO_setDriveStrengthHigh                                   
00005d6d  GPIO_setDriveStrengthLow                                    
00005efd  GPIO_setOutputHighOnPin                                     
00005d85  GPIO_setOutputLowOnPin                                      
00005f11  GPIO_toggleOutputOnPin                                      
00004635  GPIO_write                                                  
00000a49  HOSTclock                                                   
00000a11  HOSTclose                                                   
000009d3  HOSTgetenv                                                  
00000977  HOSTlseek                                                   
00000925  HOSTopen                                                    
000008d9  HOSTread                                                    
0000087b  HOSTrename                                                  
00000841  HOSTtime                                                    
00000809  HOSTunlink                                                  
000007bd  HOSTwrite                                                   
00006121  HwiP_Params_init                                            
00003fdd  HwiP_create                                                 
00000f95  HwiP_disable                                                
000062c1  HwiP_restore                                                
0000600d  Interrupt_disableMaster                                     
00003eb1  Interrupt_enableInterrupt                                   
0000140d  List_head                                                   
0000160d  List_next                                                   
0000627b  MSP_EXP432P401R_initGPIO                                    
00006283  MSP_EXP432P401R_initGeneral                                 
0000556d  PCM_getCoreVoltageLevel                                     
00005679  PCM_getPowerMode                                            
00006195  PCM_getPowerState                                           
0000571d  PCM_gotoLPM0                                                
00003975  PCM_gotoLPM3                                                
0000601d  PCM_gotoLPM4                                                
0000628b  PCM_setPowerMode                                            
00006293  PCM_setPowerState                                           
00004685  PCM_shutdownDevice                                          
00007f2c  PowerMSP432_config                                          
00003737  PowerMSP432_initPolicy                                      
200011fc  PowerMSP432_module                                          
20000dfc  PowerMSP432_perfLevels                                      
000046d5  PowerMSP432_sleepPolicy                                     
00005599  PowerMSP432_updateFreqs                                     
000061a1  Power_getConstraintMask                                     
00005a25  Power_idleFunc                                              
00004f11  Power_init                                                  
0000272d  Power_sleep                                                 
0000582d  RTC_C_holdClock                                             
00005851  RTC_C_startClock                                            
UNDEFED   SHT$$INIT_ARRAY$$Base                                       
UNDEFED   SHT$$INIT_ARRAY$$Limit                                      
00007f44  SW1_Button                                                  
0000532d  SW1_IRQHandler                                              
0000625d  Timer32_enableInterrupt                                     
00004a85  Timer32_initModule                                          
00005875  Timer32_setCount                                            
00007f3c  UartHwi                                                     
4000480c  WDTCTL_SYM                                                  
00005d9d  WDT_A_holdTimer                                             
00005f25  WDT_A_startTimer                                            
00000000  __ASM__                                                     
20000a80  __CIOBUF_                                                   
00000066  __ISA__                                                     
00000079  __PLAT__                                                    
20010000  __STACK_END                                                 
00000300  __STACK_SIZE                                                
0000009c  __TARG__                                                    
000085b0  __TI_CINIT_Base                                             
000085c8  __TI_CINIT_Limit                                            
00008594  __TI_Handler_Table_Base                                     
000085a0  __TI_Handler_Table_Limit                                    
00003381  __TI_auto_init                                              
20001268  __TI_cleanup_ptr                                            
0000612f  __TI_decompress_none                                        
000062a3  __TI_decompress_rle24                                       
2000126c  __TI_dtors_ptr                                              
00003e13  __TI_readmsg                                                
00008148  __TI_static_base__                                          
00003de1  __TI_writemsg                                               
000061ad  __TI_zero_init                                              
000000c2  __TRDR__                                                    
00003a6b  __aeabi_idiv0                                               
000039f1  __aeabi_memclr                                              
000039f1  __aeabi_memclr4                                             
000039f1  __aeabi_memclr8                                             
000034c1  __aeabi_memcpy                                              
000034c1  __aeabi_memcpy4                                             
000034c1  __aeabi_memcpy8                                             
000039f3  __aeabi_memset                                              
000039f3  __aeabi_memset4                                             
000039f3  __aeabi_memset8                                             
00004e51  __aeabi_uidiv                                               
00004e51  __aeabi_uidivmod                                            
ffffffff  __binit__                                                   
ffffffff  __c_args__                                                  
2000fd00  __stack                                                     
0000614b  __xdc__init                                                 
20000df8  __xdc__init__addr                                           
00005db5  _args_main                                                  
00004331  _c_int00                                                    
20001260  _lock                                                       
00005f47  _nop                                                        
00005f3f  _register_lock                                              
00005f39  _register_unlock                                            
20001264  _unlock                                                     
00004bf5  abort                                                       
00007f40  adcHwi                                                      
ffffffff  binit                                                       
00003a6d  buttonInit                                                  
00004819  copy_in                                                     
00004bfd  exit                                                        
0000629b  gpioButton0                                                 
20001258  gpioCallbackFunctions                                       
20001248  gpioPinConfigs                                              
0000613d  heartBeatFxn                                                
00002bd5  initADC                                                     
00005125  initClocks                                                  
00003f15  initUart                                                    
00002d91  main                                                        
20001270  main_func_sp                                                
000034c1  memcpy                                                      
000039f9  memset                                                      
000060c1  osi_TaskDisable                                             
00006051  osi_start                                                   
00005f4d  strcpy                                                      
00005f61  strlen                                                      
20000540  task0Stack                                                  
20000c20  task0Struct                                                 
20001220  ti_sysbios_BIOS_Module__state__V                            
00005ca1  ti_sysbios_BIOS_RtsGateProxy_Handle__label__S               
0000594d  ti_sysbios_BIOS_RtsGateProxy_Object__delete__S              
00001ca5  ti_sysbios_BIOS_RtsGateProxy_enter__E                       
00002a05  ti_sysbios_BIOS_RtsGateProxy_leave__E                       
000062f9  ti_sysbios_BIOS_RtsGateProxy_query__E                       
0000535d  ti_sysbios_BIOS_atExitFunc__I                               
00005899  ti_sysbios_BIOS_errorRaiseHook__I                           
00005ea9  ti_sysbios_BIOS_exitFunc__I                                 
00003b4f  ti_sysbios_BIOS_nullFunc__I                                 
000058bd  ti_sysbios_BIOS_registerRTSLock__I                          
000058e1  ti_sysbios_BIOS_removeRTSLock__I                            
00005a45  ti_sysbios_BIOS_rtsLock__I                                  
00005dcd  ti_sysbios_BIOS_rtsUnlock__I                                
00006031  ti_sysbios_BIOS_setCpuFreq__E                               
00006041  ti_sysbios_BIOS_setThreadType__E                            
00005905  ti_sysbios_BIOS_startFunc__I                                
00006051  ti_sysbios_BIOS_start__E                                    
00007f9c  ti_sysbios_family_arm_m3_Hwi_E_NMI__C                       
00007fa0  ti_sysbios_family_arm_m3_Hwi_E_alreadyDefined__C            
00007fa4  ti_sysbios_family_arm_m3_Hwi_E_busFault__C                  
00007fa8  ti_sysbios_family_arm_m3_Hwi_E_debugMon__C                  
00007fac  ti_sysbios_family_arm_m3_Hwi_E_hardFault__C                 
00007fb0  ti_sysbios_family_arm_m3_Hwi_E_memFault__C                  
00007fb4  ti_sysbios_family_arm_m3_Hwi_E_noIsr__C                     
00007fb8  ti_sysbios_family_arm_m3_Hwi_E_reserved__C                  
00007fbc  ti_sysbios_family_arm_m3_Hwi_E_svCall__C                    
00007fc0  ti_sysbios_family_arm_m3_Hwi_E_usageFault__C                
00005c6d  ti_sysbios_family_arm_m3_Hwi_Handle__label__S               
00005159  ti_sysbios_family_arm_m3_Hwi_Instance_finalize__E           
00003739  ti_sysbios_family_arm_m3_Hwi_Instance_init__E               
20000cb0  ti_sysbios_family_arm_m3_Hwi_Module_State_0_excActive__A    
20000cb4  ti_sysbios_family_arm_m3_Hwi_Module_State_0_excContext__A   
20000cb8  ti_sysbios_family_arm_m3_Hwi_Module_State_0_excStack__A     
00007b7e  ti_sysbios_family_arm_m3_Hwi_Module__id__C                  
20000ca8  ti_sysbios_family_arm_m3_Hwi_Module__root__V                
00005de5  ti_sysbios_family_arm_m3_Hwi_Module__startupDone__F         
00005de5  ti_sysbios_family_arm_m3_Hwi_Module__startupDone__S         
2000110c  ti_sysbios_family_arm_m3_Hwi_Module__state__V               
00004729  ti_sysbios_family_arm_m3_Hwi_Module_startup__E              
00007fc4  ti_sysbios_family_arm_m3_Hwi_NUM_INTERRUPTS__C              
00007dd0  ti_sysbios_family_arm_m3_Hwi_Object__DESC__C                
00007cc4  ti_sysbios_family_arm_m3_Hwi_Object__PARAMS__C              
00007fc8  ti_sysbios_family_arm_m3_Hwi_Object__count__C               
00005f75  ti_sysbios_family_arm_m3_Hwi_Object__get__S                 
20000f98  ti_sysbios_family_arm_m3_Hwi_Object__table__V               
000061b9  ti_sysbios_family_arm_m3_Hwi_Params__init__S                
00007fcc  ti_sysbios_family_arm_m3_Hwi_ccr__C                         
00004389  ti_sysbios_family_arm_m3_Hwi_construct                      
000061c9  ti_sysbios_family_arm_m3_Hwi_disableFxn__E                  
00004ad1  ti_sysbios_family_arm_m3_Hwi_disableInterrupt__E            
00003f79  ti_sysbios_family_arm_m3_Hwi_dispatchC__I                   
20000940  ti_sysbios_family_arm_m3_Hwi_dispatchTable                  
00002821  ti_sysbios_family_arm_m3_Hwi_dispatch__I                    
000062a9  ti_sysbios_family_arm_m3_Hwi_doSwiRestore__I                
000062b9  ti_sysbios_family_arm_m3_Hwi_doTaskRestore__I               
00004b19  ti_sysbios_family_arm_m3_Hwi_enableInterrupt__E             
00001b31  ti_sysbios_family_arm_m3_Hwi_excBusFault__I                 
00002f39  ti_sysbios_family_arm_m3_Hwi_excDebugMon__I                 
00000041  ti_sysbios_family_arm_m3_Hwi_excDumpRegs__I                 
00005a65  ti_sysbios_family_arm_m3_Hwi_excHandlerAsm__I               
00007fd0  ti_sysbios_family_arm_m3_Hwi_excHandlerFunc__C              
00001411  ti_sysbios_family_arm_m3_Hwi_excHandlerMax__I               
00005a89  ti_sysbios_family_arm_m3_Hwi_excHandler__I                  
00002ff9  ti_sysbios_family_arm_m3_Hwi_excHardFault__I                
00007f74  ti_sysbios_family_arm_m3_Hwi_excHookFuncs__A                
00007fd4  ti_sysbios_family_arm_m3_Hwi_excHookFuncs__C                
00001f61  ti_sysbios_family_arm_m3_Hwi_excMemFault__I                 
00005191  ti_sysbios_family_arm_m3_Hwi_excNmi__I                      
00005011  ti_sysbios_family_arm_m3_Hwi_excNoIsr__I                    
00004b61  ti_sysbios_family_arm_m3_Hwi_excReserved__I                 
00004f51  ti_sysbios_family_arm_m3_Hwi_excSvCall__I                   
00001ca9  ti_sysbios_family_arm_m3_Hwi_excUsageFault__I               
00004c39  ti_sysbios_family_arm_m3_Hwi_getStackInfo__E                
000037d1  ti_sysbios_family_arm_m3_Hwi_initNVIC__E                    
000043e1  ti_sysbios_family_arm_m3_Hwi_initStacks__E                  
00007fd8  ti_sysbios_family_arm_m3_Hwi_nullIsrFunc__C                 
e000e000  ti_sysbios_family_arm_m3_Hwi_nvic                           
00005799  ti_sysbios_family_arm_m3_Hwi_pendSV__I                      
000038f1  ti_sysbios_family_arm_m3_Hwi_postInit__I                    
00007fdc  ti_sysbios_family_arm_m3_Hwi_priGroup__C                    
20000000  ti_sysbios_family_arm_m3_Hwi_ramVectors                     
00000000  ti_sysbios_family_arm_m3_Hwi_resetVectors                   
000062c1  ti_sysbios_family_arm_m3_Hwi_restoreFxn__E                  
000057bd  ti_sysbios_family_arm_m3_Hwi_return                         
000062b1  ti_sysbios_family_arm_m3_Hwi_startup__E                     
00005f89  ti_sysbios_family_arm_m3_Hwi_switchFromBootStack__E         
00002f35  ti_sysbios_family_arm_m3_TaskSupport_Module__startupDone__S 
00003865  ti_sysbios_family_arm_m3_TaskSupport_buildTaskStack         
000061d9  ti_sysbios_family_arm_m3_TaskSupport_checkStack__E          
000061e9  ti_sysbios_family_arm_m3_TaskSupport_getStackAlignment__E   
00006061  ti_sysbios_family_arm_m3_TaskSupport_glue                   
[...]
0000613d  heartBeatFxn                                                
0000614b  __xdc__init                                                 
00006151  ti_sysbios_knl_Idle_loop__E                                 
00006161  ti_sysbios_knl_Queue_empty__E                               
0000616f  ti_sysbios_family_arm_msp432_init_Boot_init__I              
0000616f  xdc_runtime_Startup_reset__I                                
0000617b  CPU_cpsid                                                   
00006187  CPU_cpsie                                                   
00006195  PCM_getPowerState                                           
000061a1  Power_getConstraintMask                                     
000061ad  __TI_zero_init                                              
000061b9  ti_sysbios_family_arm_m3_Hwi_Params__init__S                
000061b9  ti_sysbios_hal_Hwi_HwiProxy_Params__init__S                 
000061c9  ti_sysbios_family_arm_m3_Hwi_disableFxn__E                  
000061c9  ti_sysbios_hal_Hwi_HwiProxy_disable__E                      
000061d9  ti_sysbios_family_arm_m3_TaskSupport_checkStack__E          
000061d9  ti_sysbios_knl_Task_SupportProxy_checkStack__E              
000061e9  ti_sysbios_family_arm_m3_TaskSupport_getStackAlignment__E   
000061e9  ti_sysbios_knl_Task_SupportProxy_getStackAlignment__E       
000061f9  ti_sysbios_family_arm_msp432_Timer_getMaxTicks__E           
00006209  ti_sysbios_gates_GateHwi_enter__E                           
00006215  ti_sysbios_knl_Queue_Object__get__S                         
00006221  ti_sysbios_knl_Task_Params__init__S                         
0000622d  xdc_runtime_Error_init__E                                   
00006239  xdc_runtime_Gate_enterSystem__E                             
00006245  xdc_runtime_Memory_calloc__E                                
00006251  xdc_runtime_Memory_getMaxDefaultTypeAlign__E                
0000625d  Timer32_enableInterrupt                                     
00006267  xdc_runtime_Memory_HeapProxy_alloc__E                       
00006271  xdc_runtime_Memory_HeapProxy_free__E                        
0000627b  MSP_EXP432P401R_initGPIO                                    
00006283  MSP_EXP432P401R_initGeneral                                 
0000628b  PCM_setPowerMode                                            
00006293  PCM_setPowerState                                           
0000629b  gpioButton0                                                 
000062a3  __TI_decompress_rle24                                       
000062a9  ti_sysbios_family_arm_m3_Hwi_doSwiRestore__I                
000062b1  ti_sysbios_family_arm_m3_Hwi_startup__E                     
000062b1  ti_sysbios_hal_Hwi_HwiProxy_startup__E                      
000062b9  ti_sysbios_family_arm_m3_Hwi_doTaskRestore__I               
000062c1  HwiP_restore                                                
000062c1  ti_sysbios_family_arm_m3_Hwi_restoreFxn__E                  
000062c1  ti_sysbios_hal_Hwi_HwiProxy_restore__E                      
000062c9  ti_sysbios_gates_GateHwi_leave__E                           
000062d1  ti_sysbios_heaps_HeapMem_isBlocking__E                      
000062d9  ti_sysbios_knl_Queue_Instance_init__E                       
000062e1  ti_sysbios_knl_Swi_startup__E                               
000062e7  xdc_runtime_System_Module_startup__E                        
000062f1  ti_sysbios_gates_GateHwi_query__E                           
000062f1  xdc_runtime_Main_Module_GateProxy_query__E                  
000062f1  xdc_runtime_System_Module_GateProxy_query__E                
000062f9  ti_sysbios_BIOS_RtsGateProxy_query__E                       
000062f9  ti_sysbios_gates_GateMutex_query__E                         
000062f9  ti_sysbios_heaps_HeapMem_Module_GateProxy_query__E          
00006301  ti_sysbios_knl_Task_startup__E                              
00006309  ti_sysbios_gates_GateHwi_Instance_init__E                   
00006311  ti_sysbios_knl_Clock_logTick__E                             
00006314  xdc_runtime_Text_charTab__A                                 
00007ace  xdc_runtime_Text_nodeTab__A                                 
00007b7e  ti_sysbios_family_arm_m3_Hwi_Module__id__C                  
00007c88  ti_sysbios_knl_Task_Object__PARAMS__C                       
00007cc4  ti_sysbios_family_arm_m3_Hwi_Object__PARAMS__C              
00007cf4  ti_sysbios_heaps_HeapMem_Module__FXNS__C                    
00007d1c  ti_sysbios_gates_GateHwi_Module__FXNS__C                    
00007d40  ti_sysbios_gates_GateMutex_Module__FXNS__C                  
00007d64  ti_sysbios_heaps_HeapMem_Object__PARAMS__C                  
00007d88  ti_sysbios_knl_Semaphore_Object__PARAMS__C                  
00007dac  uartConfig                                                  
00007dd0  ti_sysbios_family_arm_m3_Hwi_Object__DESC__C                
00007df0  ti_sysbios_gates_GateHwi_Object__DESC__C                    
00007e10  ti_sysbios_gates_GateMutex_Object__DESC__C                  
00007e30  ti_sysbios_heaps_HeapMem_Object__DESC__C                    
00007e50  ti_sysbios_knl_Queue_Object__DESC__C                        
00007e70  ti_sysbios_knl_Semaphore_Object__DESC__C                    
00007e90  ti_sysbios_knl_Task_Object__DESC__C                         
00007eb0  xdc_runtime_Startup_sfxnTab__A                              
00007ed0  ti_sysbios_gates_GateHwi_Object__PARAMS__C                  
00007ee8  ti_sysbios_gates_GateMutex_Object__PARAMS__C                
00007f00  ti_sysbios_knl_Queue_Object__PARAMS__C                      
00007f18  GPIOMSP432_config                                           
00007f2c  PowerMSP432_config                                          
00007f3c  UartHwi                                                     
00007f40  adcHwi                                                      
00007f44  SW1_Button                                                  
00007f48  Button_Semaphore                                            
00007f4c  xdc_runtime_Startup_sfxnRts__A                              
00007f68  xdc_runtime_Startup_firstFxns__A                            
00007f74  ti_sysbios_family_arm_m3_Hwi_excHookFuncs__A                
00007f7c  ti_sysbios_knl_Idle_funcList__A                             
00007f84  ti_sysbios_knl_Idle_funcList__C                             
00007f8c  xdc_runtime_Startup_firstFxns__C                            
00007f94  xdc_runtime_Startup_lastFxns__C                             
00007f9c  ti_sysbios_family_arm_m3_Hwi_E_NMI__C                       
00007fa0  ti_sysbios_family_arm_m3_Hwi_E_alreadyDefined__C            
00007fa4  ti_sysbios_family_arm_m3_Hwi_E_busFault__C                  
00007fa8  ti_sysbios_family_arm_m3_Hwi_E_debugMon__C                  
00007fac  ti_sysbios_family_arm_m3_Hwi_E_hardFault__C                 
00007fb0  ti_sysbios_family_arm_m3_Hwi_E_memFault__C                  
00007fb4  ti_sysbios_family_arm_m3_Hwi_E_noIsr__C                     
00007fb8  ti_sysbios_family_arm_m3_Hwi_E_reserved__C                  
00007fbc  ti_sysbios_family_arm_m3_Hwi_E_svCall__C                    
00007fc0  ti_sysbios_family_arm_m3_Hwi_E_usageFault__C                
00007fc4  ti_sysbios_family_arm_m3_Hwi_NUM_INTERRUPTS__C              
00007fc8  ti_sysbios_family_arm_m3_Hwi_Object__count__C               
00007fcc  ti_sysbios_family_arm_m3_Hwi_ccr__C                         
00007fd0  ti_sysbios_family_arm_m3_Hwi_excHandlerFunc__C              
00007fd4  ti_sysbios_family_arm_m3_Hwi_excHookFuncs__C                
00007fd8  ti_sysbios_family_arm_m3_Hwi_nullIsrFunc__C                 
00007fdc  ti_sysbios_family_arm_m3_Hwi_priGroup__C                    
00007fe0  ti_sysbios_family_arm_m3_TaskSupport_stackAlignment__C      
00007fe4  ti_sysbios_family_arm_msp432_Timer_numTimerDevices__C       
00007fe8  ti_sysbios_family_arm_msp432_Timer_startupNeeded__C         
00007fec  ti_sysbios_gates_GateMutex_A_badContext__C                  
00007ff0  ti_sysbios_gates_GateMutex_Instance_State_sem__O            
00007ff4  ti_sysbios_gates_GateMutex_Module__diagsEnabled__C          
00007ff8  ti_sysbios_gates_GateMutex_Module__diagsIncluded__C         
00007ffc  ti_sysbios_gates_GateMutex_Module__diagsMask__C             
00008000  ti_sysbios_hal_Hwi_E_stackOverflow__C                       
00008004  ti_sysbios_heaps_HeapMem_A_align__C                         
00008008  ti_sysbios_heaps_HeapMem_A_heapSize__C                      
0000800c  ti_sysbios_heaps_HeapMem_A_invalidFree__C                   
00008010  ti_sysbios_heaps_HeapMem_A_zeroBlock__C                     
00008014  ti_sysbios_heaps_HeapMem_E_memory__C                        
00008018  ti_sysbios_heaps_HeapMem_Module__diagsEnabled__C            
0000801c  ti_sysbios_heaps_HeapMem_Module__diagsIncluded__C           
00008020  ti_sysbios_heaps_HeapMem_Module__diagsMask__C               
00008024  ti_sysbios_heaps_HeapMem_Module__gateObj__C                 
00008028  ti_sysbios_heaps_HeapMem_Object__count__C                   
0000802c  ti_sysbios_heaps_HeapMem_reqAlign__C                        
00008030  ti_sysbios_knl_Clock_Module_State_clockQ__O                 
00008034  ti_sysbios_knl_Semaphore_A_badContext__C                    
00008038  ti_sysbios_knl_Semaphore_A_noEvents__C                      
0000803c  ti_sysbios_knl_Semaphore_A_overflow__C                      
00008040  ti_sysbios_knl_Semaphore_A_pendTaskDisabled__C              
00008044  ti_sysbios_knl_Semaphore_Instance_State_pendQ__O            
00008048  ti_sysbios_knl_Semaphore_Module__diagsEnabled__C            
0000804c  ti_sysbios_knl_Semaphore_Module__diagsIncluded__C           
00008050  ti_sysbios_knl_Semaphore_Module__diagsMask__C               
00008054  ti_sysbios_knl_Swi_Object__count__C                         
00008058  ti_sysbios_knl_Task_A_badPriority__C                        
0000805c  ti_sysbios_knl_Task_A_badTaskState__C                       
00008060  ti_sysbios_knl_Task_A_badThreadType__C                      
00008064  ti_sysbios_knl_Task_A_badTimeout__C                         
00008068  ti_sysbios_knl_Task_A_noPendElem__C                         
0000806c  ti_sysbios_knl_Task_A_sleepTaskDisabled__C                  
00008070  ti_sysbios_knl_Task_E_spOutOfBounds__C                      
00008074  ti_sysbios_knl_Task_E_stackOverflow__C                      
00008078  ti_sysbios_knl_Task_Module_State_inactiveQ__O               
0000807c  ti_sysbios_knl_Task_Module__diagsEnabled__C                 
00008080  ti_sysbios_knl_Task_Module__diagsIncluded__C                
00008084  ti_sysbios_knl_Task_Module__diagsMask__C                    
00008088  ti_sysbios_knl_Task_Object__count__C                        
0000808c  ti_sysbios_knl_Task_allBlockedFunc__C                       
00008090  ti_sysbios_knl_Task_defaultStackHeap__C                     
00008094  ti_sysbios_knl_Task_defaultStackSize__C                     
00008098  ti_sysbios_knl_Task_numConstructedTasks__C                  
0000809c  xdc_runtime_Assert_E_assertFailed__C                        
000080a0  xdc_runtime_Core_A_initializedParams__C                     
000080a4  xdc_runtime_Core_Module__diagsEnabled__C                    
000080a8  xdc_runtime_Core_Module__diagsIncluded__C                   
000080ac  xdc_runtime_Core_Module__diagsMask__C                       
000080b0  xdc_runtime_Error_E_memory__C                               
000080b4  xdc_runtime_Error_Module__diagsEnabled__C                   
000080b8  xdc_runtime_Error_Module__diagsIncluded__C                  
000080bc  xdc_runtime_Error_Module__diagsMask__C                      
000080c0  xdc_runtime_Error_Module__loggerFxn8__C                     
000080c4  xdc_runtime_Error_Module__loggerObj__C                      
000080c8  xdc_runtime_Error_policyFxn__C                              
000080cc  xdc_runtime_Error_raiseHook__C                              
000080d0  xdc_runtime_IGateProvider_Interface__BASE__C                
000080d4  xdc_runtime_IHeap_Interface__BASE__C                        
000080d8  xdc_runtime_IModule_Interface__BASE__C                      
000080dc  xdc_runtime_Log_L_error__C                                  
000080e0  xdc_runtime_Memory_defaultHeapInstance__C                   
000080e4  xdc_runtime_Startup_execImpl__C                             
000080e8  xdc_runtime_Startup_maxPasses__C                            
000080ec  xdc_runtime_Startup_sfxnRts__C                              
000080f0  xdc_runtime_Startup_sfxnTab__C                              
000080f4  xdc_runtime_SysMin_bufSize__C                               
000080f8  xdc_runtime_SysMin_outputFunc__C                            
000080fc  xdc_runtime_System_Module__gateObj__C                       
00008100  xdc_runtime_System_abortFxn__C                              
00008104  xdc_runtime_System_exitFxn__C                               
00008108  xdc_runtime_System_extendFxn__C                             
0000810c  xdc_runtime_System_maxAtexitHandlers__C                     
00008110  xdc_runtime_Text_charTab__C                                 
00008114  xdc_runtime_Text_nameEmpty__C                               
00008118  xdc_runtime_Text_nameStatic__C                              
0000811c  xdc_runtime_Text_nameUnknown__C                             
00008120  xdc_runtime_Text_nodeTab__C                                 
00008124  xdc_runtime_Text_visitRopeFxn__C                            
00008128  ti_sysbios_gates_GateMutex_Module__id__C                    
0000812a  ti_sysbios_hal_Hwi_Module__id__C                            
0000812c  ti_sysbios_heaps_HeapMem_Module__id__C                      
0000812e  ti_sysbios_knl_Semaphore_Module__id__C                      
00008130  ti_sysbios_knl_Task_Module__id__C                           
00008132  xdc_runtime_Core_Module__id__C                              
00008134  xdc_runtime_Error_Module__loggerDefined__C                  
00008136  xdc_runtime_Error_maxDepth__C                               
00008138  xdc_runtime_Memory_Module__id__C                            
0000813a  xdc_runtime_SysMin_flushAtExit__C                           
0000813c  xdc_runtime_Text_charCnt__C                                 
0000813e  xdc_runtime_Text_isLoaded__C                                
00008140  xdc_runtime_Text_registryModsLastId__C                      
00008142  xdc_runtime_Text_unnamedModsLastId__C                       
00008144  xdc_runtime_Error_policy__C                                 
00008148  __TI_static_base__                                          
00008594  __TI_Handler_Table_Base                                     
000085a0  __TI_Handler_Table_Limit                                    
000085b0  __TI_CINIT_Base                                             
000085c8  __TI_CINIT_Limit                                            
20000000  ti_sysbios_family_arm_m3_Hwi_ramVectors                     
20000140  ti_sysbios_heaps_HeapMem_Instance_State_0_buf__A            
20000540  task0Stack                                                  
20000740  ti_sysbios_knl_Task_Instance_State_0_stack__A               
20000940  ti_sysbios_family_arm_m3_Hwi_dispatchTable                  
20000a80  __CIOBUF_                                                   
20000ba0  xdc_runtime_SysMin_Module_State_0_outbuf__A                 
20000c20  task0Struct                                                 
20000ca8  ti_sysbios_family_arm_m3_Hwi_Module__root__V                
20000cb0  ti_sysbios_family_arm_m3_Hwi_Module_State_0_excActive__A    
20000cb4  ti_sysbios_family_arm_m3_Hwi_Module_State_0_excContext__A   
20000cb8  ti_sysbios_family_arm_m3_Hwi_Module_State_0_excStack__A     
20000cbc  ti_sysbios_family_arm_msp432_ClockFreqs_Module__state__V    
20000cc8  ti_sysbios_family_arm_msp432_Timer_Module__root__V          
20000cd0  ti_sysbios_family_arm_msp432_Timer_Module_State_0_device__A 
20000cf0  ti_sysbios_family_arm_msp432_Timer_Module_State_0_handles__A
20000d00  ti_sysbios_family_arm_msp432_Timer_Module__state__V         
20000d0c  ti_sysbios_gates_GateHwi_Module__root__V                    
20000d14  ti_sysbios_gates_GateHwi_Object__table__V                   
20000d18  ti_sysbios_gates_GateMutex_Module__root__V                  
20000d20  ti_sysbios_hal_Hwi_Module__root__V                          
20000d28  ti_sysbios_hal_Hwi_Object__table__V                         
20000d40  ti_sysbios_heaps_HeapMem_Module__root__V                    
20000d48  ti_sysbios_heaps_HeapMem_Object__table__V                   
20000d60  ti_sysbios_knl_Clock_Module__root__V                        
20000d68  ti_sysbios_knl_Queue_Module__root__V                        
20000d70  ti_sysbios_knl_Semaphore_Module__root__V                    
20000d78  ti_sysbios_knl_Semaphore_Object__table__V                   
20000d8c  ti_sysbios_knl_Swi_Module__root__V                          
20000d94  ti_sysbios_knl_Swi_Module__state__V                         
20000db0  ti_sysbios_knl_Task_Module__root__V                         
20000db8  ti_sysbios_knl_Task_Module_State_0_idleTask__A              
20000dbc  xdc_runtime_Error_Module__state__V                          
20000dc0  xdc_runtime_Memory_Module__state__V                         
20000dc4  xdc_runtime_Registry_Module__state__V                       
20000dcc  xdc_runtime_Startup_Module__state__V                        
20000dd4  xdc_runtime_SysMin_Module__state__V                         
20000de0  xdc_runtime_System_Module_State_0_atexitHandlers__A         
20000de8  xdc_runtime_System_Module__state__V                         
20000df0  xdc_runtime_Text_Module__state__V                           
20000df8  __xdc__init__addr                                           
20000dfc  PowerMSP432_perfLevels                                      
20000e98  ti_sysbios_knl_Swi_Module_State_0_readyQ__A                 
20000f18  ti_sysbios_knl_Task_Module_State_0_readyQ__A                
20000f98  ti_sysbios_family_arm_m3_Hwi_Object__table__V               
20000ff8  ti_sysbios_family_arm_msp432_Timer_Object__table__V         
20001044  ti_sysbios_knl_Task_Object__table__V                        
20001090  ti_sysbios_knl_Task_Module__state__V                        
200010d4  ti_sysbios_gates_GateMutex_Object__table__V                 
2000110c  ti_sysbios_family_arm_m3_Hwi_Module__state__V               
200011a0  ti_sysbios_knl_Swi_Object__table__V                         
200011d0  ti_sysbios_knl_Clock_Module__state__V                       
200011fc  PowerMSP432_module                                          
20001220  ti_sysbios_BIOS_Module__state__V                            
20001248  gpioPinConfigs                                              
20001258  gpioCallbackFunctions                                       
20001260  _lock                                                       
20001264  _unlock                                                     
20001268  __TI_cleanup_ptr                                            
2000126c  __TI_dtors_ptr                                              
20001270  main_func_sp                                                
2000fd00  __stack                                                     
20010000  __STACK_END                                                 
4000480c  WDTCTL_SYM                                                  
e000e000  ti_sysbios_family_arm_m3_Hwi_nvic                           
ffffffff  __binit__                                                   
ffffffff  __c_args__                                                  
ffffffff  binit                                                       
UNDEFED   SHT$$INIT_ARRAY$$Base                                       
UNDEFED   SHT$$INIT_ARRAY$$Limit                                      

[612 symbols]
