******************************************************************************
                  TI ARM Linker PC v5.2.5                      
******************************************************************************
>> Linked Fri Apr 08 18:46:16 2016

OUTPUT FILE NAME:   <ChallengeAssignment3.out>
ENTRY POINT SYMBOL: "_c_int00"  address: 00003f59


MEMORY CONFIGURATION

         name            origin    length      used     unused   attr    fill
----------------------  --------  ---------  --------  --------  ----  --------
  MAIN                  00000000   00040000  00007ef8  00038108  R  X
  INFO                  00200000   00004000  00000000  00004000  R  X
  SRAM_CODE             01000000   00010000  00000000  00010000  RW X
  SRAM_DATA             20000000   00010000  00001521  0000eadf  RW  


SEGMENT ALLOCATION MAP

run origin  load origin   length   init length attrs members
----------  ----------- ---------- ----------- ----- -------
00000000    00000000    00007f00   00007f00    r-x
  00000000    00000000    0000003c   0000003c    r-- .resetVecs
  00000040    00000040    00005d5a   00005d5a    r-x .text
  00005d9c    00005d9c    00001d1a   00001d1a    r-- .const
  00007ab8    00007ab8    00000448   00000448    r-- .cinit
20000000    20000000    00001221   00000000    rw-
  20000000    20000000    00000140   00000000    rw- .vecs
  20000140    20000140    00000b68   00000000    rw- .bss
  20000ca8    20000ca8    00000579   00000000    rw- .data
2000fd00    2000fd00    00000300   00000000    rw-
  2000fd00    2000fd00    00000300   00000000    rw- .stack


SECTION ALLOCATION MAP

 output                                  attributes/
section   page    origin      length       input sections
--------  ----  ----------  ----------   ----------------
.text      0    00000040    00005d5a     
                  00000040    00000430     sysbios.aem4f : BIOS.obj (.text:ti_sysbios_family_arm_m3_Hwi_excDumpRegs__I)
                  00000470    0000034c     ti.targets.arm.rtsarm.aem4f : System.oem4f (.text:xdc_runtime_System_doPrint__I)
                  000007bc    000002d4     rtsv7M4_T_le_v4SPD16_eabi.lib : trgdrv.obj (.text)
                  00000a90    000002ac     sysbios.aem4f : BIOS.obj (.text:ti_sysbios_knl_Semaphore_pend__E)
                  00000d3c    00000004     msp432p4xx_driverlib.lib : cpu.o (.text:CPU_wfi)
                  00000d40    00000254     sysbios.aem4f : BIOS.obj (.text:ti_sysbios_heaps_HeapMem_free__E)
                  00000f94    00000004     tirtosport.aem4f : HwiP_tirtos.oem4f (.text:HwiP_disable)
                  00000f98    00000248     sysbios.aem4f : BIOS.obj (.text:ti_sysbios_heaps_HeapMem_alloc__E)
                  000011e0    0000022c                   : BIOS.obj (.text:ti_sysbios_knl_Task_Instance_finalize__E)
                  0000140c    00000004     drivers_MSP432P401R.aem4f : List.oem4f (.text:List_head)
                  00001410    000001fc     sysbios.aem4f : BIOS.obj (.text:ti_sysbios_family_arm_m3_Hwi_excHandlerMax__I)
                  0000160c    00000004     drivers_MSP432P401R.aem4f : List.oem4f (.text:List_next)
                  00001610    000001c8     sysbios.aem4f : BIOS.obj (.text:ti_sysbios_knl_Task_Instance_init__E)
                  000017d8    000001b8                   : BIOS.obj (.text:ti_sysbios_knl_Task_sleep__E)
                  00001990    000001a0     msp432p4xx_driverlib.lib : pcm.o (.text:__PCM_setPowerStateAdvanced)
                  00001b30    00000174     sysbios.aem4f : BIOS.obj (.text:ti_sysbios_family_arm_m3_Hwi_excBusFault__I)
                  00001ca4    00000004     empty_pem4f.oem4f (.text:ti_sysbios_BIOS_RtsGateProxy_enter__E)
                  00001ca8    00000164     sysbios.aem4f : BIOS.obj (.text:ti_sysbios_family_arm_m3_Hwi_excUsageFault__I)
                  00001e0c    00000004     empty_pem4f.oem4f (.text:ti_sysbios_BIOS_RtsGateProxy_leave__E)
                  00001e10    00000148     sysbios.aem4f : BIOS.obj (.text:ti_sysbios_family_arm_m3_Hwi_excMemFault__I)
                  00001f58    00000140     drivers_MSP432P401R.aem4f : GPIOMSP432.oem4f (.text:GPIO_setConfig)
                  00002098    0000013c     sysbios.aem4f : BIOS.obj (.text:ti_sysbios_heaps_HeapMem_Instance_init__E)
                  000021d4    00000118     ti.targets.arm.rtsarm.aem4f : Error.oem4f (.text:xdc_runtime_Error_policyDefault__E)
                  000022ec    00000100                                 : Core-mem.oem4f (.text:xdc_runtime_Core_createObject__I)
                  000023ec    000000f8                                 : Startup.oem4f (.text:xdc_runtime_Startup_startMods__I)
                  000024e4    000000f8     empty_pem4f.oem4f (.text:xdc_runtime_System_printfExtend__I)
                  000025dc    000000f4     drivers_MSP432P401R.aem4f : PowerMSP432.oem4f (.text:Power_sleep)
                  000026d0    000000f4     sysbios.aem4f : m3_Hwi_asm.obj (.text:ti_sysbios_family_arm_m3_Hwi_dispatch__I)
                  000027c4    000000f0     drivers_MSP432P401R.aem4f : PowerMSP432.oem4f (.text:initPerfControl)
                  000028b4    00000004     empty_pem4f.oem4f (.text:ti_sysbios_family_arm_m3_TaskSupport_Module__startupDone__S)
                  000028b8    000000ec     sysbios.aem4f : BIOS.obj (.text:ti_sysbios_knl_Semaphore_post__E)
                  000029a4    000000e0     msp432p4xx_driverlib.lib : cs.o (.text:CS_initClockSignal)
                  00002a84    000000dc                              : pcm.o (.text:__PCM_setPowerModeAdvanced)
                  00002b60    000000cc     ti.targets.arm.rtsarm.aem4f : Core-smem.oem4f (.text:xdc_runtime_Core_constructObject__I)
                  00002c2c    000000c4     empty.obj (.text:main)
                  00002cf0    000000bc     sysbios.aem4f : BIOS.obj (.text:ti_sysbios_family_arm_m3_Hwi_excDebugMon__I)
                  00002dac    00000004     empty_pem4f.oem4f (.text:ti_sysbios_heaps_HeapMem_Module_GateProxy_enter__E)
                  00002db0    000000bc     sysbios.aem4f : BIOS.obj (.text:ti_sysbios_family_arm_m3_Hwi_excHardFault__I)
                  00002e6c    00000004     empty_pem4f.oem4f (.text:ti_sysbios_heaps_HeapMem_Module_GateProxy_leave__E)
                  00002e70    000000b4     sysbios.aem4f : BIOS.obj (.text:ti_sysbios_gates_GateMutex_enter__E)
                  00002f24    00000004     empty_pem4f.oem4f (.text:ti_sysbios_knl_Clock_TimerProxy_getMaxTicks__E)
                  00002f28    000000b4     sysbios.aem4f : BIOS.obj (.text:ti_sysbios_knl_Task_checkStacks__E)
                  00002fdc    000000b0     msp432p4xx_driverlib.lib : pcm.o (.text:__PCM_setCoreVoltageLevelAdvanced)
                  0000308c    00000004     empty_pem4f.oem4f (.text:ti_sysbios_knl_Queue_destruct)
                  00003090    000000a8     sysbios.aem4f : BIOS.obj (.text:ti_sysbios_family_arm_msp432_Timer_periodicStub__E)
                  00003138    000000a0     auto_init.aem4f : auto_init.oem4f (.text)
                  000031d8    000000a0     ti.targets.arm.rtsarm.aem4f : Text.oem4f (.text:xdc_runtime_Text_putMod__E)
                  00003278    0000009c     rtsv7M4_T_le_v4SPD16_eabi.lib : memcpy_t2.obj (.text)
                  00003314    00000004     empty_pem4f.oem4f (.text:ti_sysbios_knl_Semaphore_destruct)
                  00003318    0000009c     sysbios.aem4f : BIOS.obj (.text:ti_sysbios_knl_Semaphore_Instance_init__E)
                  000033b4    00000004     ti.targets.arm.rtsarm.aem4f : Error.oem4f (.text:xdc_runtime_Error_getSite__E)
                  000033b8    0000009c     sysbios.aem4f : BIOS.obj (.text:ti_sysbios_knl_Task_postInit__I)
                  00003454    0000009a     ti.targets.arm.rtsarm.aem4f : Text.oem4f (.text:xdc_runtime_Text_putSite__E)
                  000034ee    00000002     power_tirtos_MSP432P401R.aem4f : PowerMSP432_tirtos.oem4f (.text:PowerMSP432_initPolicy)
                  000034f0    00000094     sysbios.aem4f : BIOS.obj (.text:ti_sysbios_family_arm_m3_Hwi_Instance_init__E)
                  00003584    00000004     empty_pem4f.oem4f (.text:xdc_runtime_System_Module_GateProxy_enter__E)
                  00003588    00000094     sysbios.aem4f : BIOS.obj (.text:ti_sysbios_family_arm_m3_Hwi_initNVIC__E)
                  0000361c    0000008c                   : m3_TaskSupport_asm.obj (.text:ti_sysbios_family_arm_m3_TaskSupport_buildTaskStack)
                  000036a8    00000084                   : BIOS.obj (.text:ti_sysbios_family_arm_m3_Hwi_postInit__I)
                  0000372c    0000007c     msp432p4xx_driverlib.lib : pcm.o (.text:PCM_gotoLPM3)
                  000037a8    0000007a     rtsv7M4_T_le_v4SPD16_eabi.lib : memset_t2.obj (.text)
                  00003822    00000002                                   : i_div0.obj (.text)
                  00003824    0000006d     ti.targets.arm.rtsarm.aem4f : System.oem4f (.text:xdc_runtime_System_formatNum__I)
                  00003891    00000001     --HOLE-- [fill = 0]
                  00003892    00000006                                 : xdc_noinit.oem4f (.text:__xdc__init)
                  00003898    0000006c     sysbios.aem4f : BIOS.obj (.text:ti_sysbios_knl_Clock_workFunc__E)
                  00003904    00000004     empty_pem4f.oem4f (.text:xdc_runtime_System_Module_GateProxy_leave__E)
                  00003908    0000006c     sysbios.aem4f : BIOS.obj (.text:ti_sysbios_knl_Swi_restoreHwi__E)
                  00003974    00000004     ti.targets.arm.rtsarm.aem4f : System.oem4f (.text:xdc_runtime_System_aprintf_va__F)
                  00003978    0000006c     sysbios.aem4f : BIOS.obj (.text:ti_sysbios_knl_Task_exit__E)
                  000039e4    0000006c     ti.targets.arm.rtsarm.aem4f : Error.oem4f (.text:xdc_runtime_Error_print__E)
                  00003a50    0000006c                                 : Memory.oem4f (.text:xdc_runtime_Memory_alloc__E)
                  00003abc    0000006a     rtsv7M4_T_le_v4SPD16_eabi.lib : copy_decompress_rle.obj (.text)
                  00003b26    00000002     empty_pem4f.oem4f (.text:ti_sysbios_BIOS_nullFunc__I)
                  00003b28    00000068     rtsv7M4_T_le_v4SPD16_eabi.lib : trgmsg.obj (.text)
                  00003b90    00000066     ti.targets.arm.rtsarm.aem4f : Core-mem.oem4f (.text:xdc_runtime_Core_deleteObject__I)
                  00003bf6    00000002     --HOLE-- [fill = 0]
                  00003bf8    00000064     sysbios.aem4f : BIOS.obj (.text:ti_sysbios_family_arm_m3_Hwi_dispatchC__I)
                  00003c5c    00000062     tirtosport.aem4f : HwiP_tirtos.oem4f (.text:HwiP_create)
                  00003cbe    00000002     --HOLE-- [fill = 0]
                  00003cc0    00000060     sysbios.aem4f : BIOS.obj (.text:ti_sysbios_knl_Task_schedule__I)
                  00003d20    0000005c     drivers_MSP432P401R.aem4f : GPIOMSP432.oem4f (.text:GPIO_init)
                  00003d7c    00000004     ti.targets.arm.rtsarm.aem4f : System.oem4f (.text:xdc_runtime_System_printf_va__F)
                  00003d80    0000005c     sysbios.aem4f : BIOS.obj (.text:ti_sysbios_knl_Swi_run__I)
                  00003ddc    00000004     --HOLE-- [fill = 0]
                  00003de0    0000005c                   : BIOS.obj (.text:ti_sysbios_knl_Swi_schedule__I)
                  00003e3c    00000004     --HOLE-- [fill = 0]
                  00003e40    0000005c                   : BIOS.obj (.text:ti_sysbios_knl_Task_Module_startup__E)
                  00003e9c    00000004     --HOLE-- [fill = 0]
                  00003ea0    0000005c                   : BIOS.obj (.text:ti_sysbios_knl_Task_startCore__E)
                  00003efc    0000005b     ti.targets.arm.rtsarm.aem4f : Text.oem4f (.text:xdc_runtime_Text_putLab__E)
                  00003f57    00000001     --HOLE-- [fill = 0]
                  00003f58    00000058     boot.aem4f : boot.oem4f (.text)
                  00003fb0    00000058     empty_pem4f.oem4f (.text:ti_sysbios_family_arm_m3_Hwi_construct)
                  00004008    00000058     sysbios.aem4f : m3_Hwi_asm_switch.obj (.text:ti_sysbios_family_arm_m3_Hwi_initStacks__E)
                  00004060    00000054     drivers_MSP432P401R.aem4f : GPIOMSP432.oem4f (.text:GPIO_hwiIntFxn)
                  000040b4    00000054                               : GPIOMSP432.oem4f (.text:GPIO_setCallback)
                  00004108    00000054     sysbios.aem4f : BIOS.obj (.text:ti_sysbios_family_arm_msp432_Timer_initDevice__I)
                  0000415c    00000004     --HOLE-- [fill = 0]
                  00004160    00000054                   : BIOS.obj (.text:ti_sysbios_family_arm_msp432_init_Boot_configureClocksHigh)
                  000041b4    00000054     empty_pem4f.oem4f (.text:ti_sysbios_knl_Task_construct)
                  00004208    00000054     ti.targets.arm.rtsarm.aem4f : Assert.oem4f (.text:xdc_runtime_Assert_raise__I)
                  0000425c    00000050     drivers_MSP432P401R.aem4f : GPIOMSP432.oem4f (.text:GPIO_write)
                  000042ac    00000050     msp432p4xx_driverlib.lib : pcm.o (.text:PCM_shutdownDevice)
                  000042fc    00000050     power_tirtos_MSP432P401R.aem4f : PowerMSP432_tirtos.oem4f (.text:PowerMSP432_sleepPolicy)
                  0000434c    00000004     --HOLE-- [fill = 0]
                  00004350    00000050     sysbios.aem4f : BIOS.obj (.text:ti_sysbios_family_arm_m3_Hwi_Module_startup__E)
                  000043a0    00000050     ti.targets.arm.rtsarm.aem4f : Startup.oem4f (.text:xdc_runtime_Startup_exec__E)
                  000043f0    00000050                                 : Text.oem4f (.text:xdc_runtime_Text_visitRope2__I)
                  00004440    0000004c     rtsv7M4_T_le_v4SPD16_eabi.lib : cpy_tbl.obj (.text)
                  0000448c    00000004     --HOLE-- [fill = 0]
                  00004490    0000004c     sysbios.aem4f : BIOS.obj (.text:ti_sysbios_family_arm_msp432_Timer_postInit__I)
                  000044dc    00000004     --HOLE-- [fill = 0]
                  000044e0    0000004c                   : BIOS.obj (.text:ti_sysbios_family_arm_msp432_Timer_start__E)
                  0000452c    00000004     --HOLE-- [fill = 0]
                  00004530    0000004c                   : BIOS.obj (.text:ti_sysbios_heaps_HeapMem_getStats__E)
                  0000457c    00000004     --HOLE-- [fill = 0]
                  00004580    0000004c                   : BIOS.obj (.text:ti_sysbios_knl_Swi_runLoop__I)
                  000045cc    00000004     --HOLE-- [fill = 0]
                  000045d0    0000004c                   : BIOS.obj (.text:ti_sysbios_knl_Task_allBlockedFunction__I)
                  0000461c    00000048     uartTransmission.obj (.text:EUSCIA0_IRQHandler)
                  00004664    00000004     --HOLE-- [fill = 0]
                  00004668    00000048     sysbios.aem4f : BIOS.obj (.text:ti_sysbios_family_arm_m3_Hwi_disableInterrupt__E)
                  000046b0    00000048                   : BIOS.obj (.text:ti_sysbios_family_arm_m3_Hwi_enableInterrupt__E)
                  000046f8    00000048                   : BIOS.obj (.text:ti_sysbios_family_arm_m3_Hwi_excReserved__I)
                  00004740    00000046     ti.targets.arm.rtsarm.aem4f : Core-params.oem4f (.text:xdc_runtime_Core_assignParams__I)
                  00004786    00000002     --HOLE-- [fill = 0]
                  00004788    00000044     rtsv7M4_T_le_v4SPD16_eabi.lib : exit.obj (.text)
                  000047cc    00000004     --HOLE-- [fill = 0]
                  000047d0    00000044     sysbios.aem4f : BIOS.obj (.text:ti_sysbios_family_arm_m3_Hwi_getStackInfo__E)
                  00004814    00000004     --HOLE-- [fill = 0]
                  00004818    00000044                   : BIOS.obj (.text:ti_sysbios_knl_Swi_post__E)
                  0000485c    00000044     ti.targets.arm.rtsarm.aem4f : Error.oem4f (.text:xdc_runtime_Error_setX__E)
                  000048a0    00000044                                 : SysMin.oem4f (.text:xdc_runtime_SysMin_flush__E)
                  000048e4    00000044                                 : Text.oem4f (.text:xdc_runtime_Text_xprintf__I)
                  00004928    00000040     msp432p4xx_driverlib.lib : flash.o (.text:FlashCtl_disableReadBuffering)
                  00004968    00000040     drivers_MSP432P401R.aem4f : PowerMSP432.oem4f (.text:notify)
                  000049a8    00000040     rtsv7M4_T_le_v4SPD16_eabi.lib : u_divt2.obj (.text)
                  000049e8    00000040     sysbios.aem4f : BIOS.obj (.text:ti_sysbios_family_arm_msp432_Timer_Module_startup__E)
                  00004a28    00000040                   : BIOS.obj (.text:ti_sysbios_family_arm_msp432_Timer_startup__E)
                  00004a68    0000003c     drivers_MSP432P401R.aem4f : PowerMSP432.oem4f (.text:Power_init)
                  00004aa4    00000004     --HOLE-- [fill = 0]
                  00004aa8    0000003c     sysbios.aem4f : BIOS.obj (.text:ti_sysbios_family_arm_m3_Hwi_excSvCall__I)
                  00004ae4    00000004     --HOLE-- [fill = 0]
                  00004ae8    0000003c                   : BIOS.obj (.text:ti_sysbios_heaps_HeapMem_init__I)
                  00004b24    00000004     --HOLE-- [fill = 0]
                  00004b28    0000003c                   : BIOS.obj (.text:ti_sysbios_knl_Swi_restore__E)
                  00004b64    00000004     --HOLE-- [fill = 0]
                  00004b68    00000038                   : BIOS.obj (.text:ti_sysbios_family_arm_m3_Hwi_excNoIsr__I)
                  00004ba0    00000038                   : BIOS.obj (.text:ti_sysbios_knl_Task_processVitalTaskFlag__I)
                  00004bd8    00000038     ti.targets.arm.rtsarm.aem4f : SysMin.oem4f (.text:xdc_runtime_SysMin_putch__E)
                  00004c10    00000038                                 : System.oem4f (.text:xdc_runtime_System_atexit__E)
                  00004c48    00000034     msp432p4xx_driverlib.lib : flash.o (.text:FlashCtl_enableReadBuffering)
                  00004c7c    00000004     --HOLE-- [fill = 0]
                  00004c80    00000034     sysbios.aem4f : BIOS.obj (.text:ti_sysbios_family_arm_m3_Hwi_Instance_finalize__E)
                  00004cb4    00000004     --HOLE-- [fill = 0]
                  00004cb8    00000034                   : BIOS.obj (.text:ti_sysbios_family_arm_m3_Hwi_excNmi__I)
                  00004cec    00000004     --HOLE-- [fill = 0]
                  00004cf0    00000034                   : BIOS.obj (.text:ti_sysbios_hal_Hwi_checkStack)
                  00004d24    00000034     ti.targets.arm.rtsarm.aem4f : Core-label.oem4f (.text:xdc_runtime_Core_assignLabel__I)
                  00004d58    00000033                                 : Text.oem4f (.text:xdc_runtime_Text_printVisFxn__I)
                  00004d8b    00000005     --HOLE-- [fill = 0]
                  00004d90    00000032     sysbios.aem4f : BIOS.obj (.text:ti_sysbios_hal_Hwi_initStack)
                  00004dc2    00000002     --HOLE-- [fill = 0]
                  00004dc4    00000030     drivers_MSP432P401R.aem4f : GPIOMSP432.oem4f (.text:GPIO_getEnabledInterruptStatus_WA)
                  00004df4    00000030     msp432p4xx_driverlib.lib : gpio.o (.text:GPIO_setAsInputPinWithPullDownResistor)
                  00004e24    00000030                              : gpio.o (.text:GPIO_setAsInputPinWithPullUpResistor)
                  00004e54    00000030     drivers_MSP432P401R.aem4f : GPIOMSP432.oem4f (.text:GPIO_toggle)
                  00004e84    00000030     empty_pem4f.oem4f (.text:ti_sysbios_BIOS_atExitFunc__I)
                  00004eb4    00000004     --HOLE-- [fill = 0]
                  00004eb8    00000030     sysbios.aem4f : BIOS.obj (.text:ti_sysbios_family_arm_m3_TaskSupport_start__E)
                  00004ee8    00000030     empty_pem4f.oem4f (.text:ti_sysbios_gates_GateHwi_Object__create__S)
                  00004f18    00000030     empty_pem4f.oem4f (.text:ti_sysbios_gates_GateMutex_Object__create__S)
                  00004f48    00000030     empty_pem4f.oem4f (.text:ti_sysbios_heaps_HeapMem_Object__create__S)
                  00004f78    00000030     empty_pem4f.oem4f (.text:ti_sysbios_knl_Semaphore_construct)
                  00004fa8    00000030     sysbios.aem4f : BIOS.obj (.text:ti_sysbios_knl_Semaphore_pendTimeout__I)
                  00004fd8    00000030                   : BIOS.obj (.text:ti_sysbios_knl_Task_unblockI__E)
                  00005008    00000030     ti.targets.arm.rtsarm.aem4f : SysMin.oem4f (.text:xdc_runtime_SysMin_abort__E)
                  00005038    00000030                                 : System.oem4f (.text:xdc_runtime_System_processAtExit__E)
                  00005068    0000002c     msp432p4xx_driverlib.lib : gpio.o (.text:GPIO_setAsInputPin)
                  00005094    0000002c                              : pcm.o (.text:PCM_getCoreVoltageLevel)
                  000050c0    0000002c     power_tirtos_MSP432P401R.aem4f : PowerMSP432_tirtos.oem4f (.text:PowerMSP432_updateFreqs)
                  000050ec    0000002c     empty_pem4f.oem4f (.text:ti_sysbios_knl_Clock_doTick__I)
                  00005118    0000002c     empty_pem4f.oem4f (.text:ti_sysbios_knl_Queue_construct)
                  00005144    00000004     --HOLE-- [fill = 0]
                  00005148    0000002c     sysbios.aem4f : BIOS.obj (.text:ti_sysbios_knl_Task_restore__E)
                  00005174    0000002c     ti.targets.arm.rtsarm.aem4f : Text.oem4f (.text:xdc_runtime_Text_cordText__E)
                  000051a0    0000002a     msp432p4xx_driverlib.lib : pcm.o (.text:PCM_getPowerMode)
                  000051ca    0000002a     ti.targets.arm.rtsarm.aem4f : System.oem4f (.text:xdc_runtime_System_putchar__I)
                  000051f4    00000028     msp432p4xx_driverlib.lib : flash.o (.text:FlashCtl_setWaitState)
                  0000521c    00000028                              : pcm.o (.text:PCM_gotoLPM0)
                  00005244    00000004     --HOLE-- [fill = 0]
                  00005248    00000028     sysbios.aem4f : BIOS.obj (.text:ti_sysbios_knl_Clock_addI__E)
                  00005270    00000028                   : BIOS.obj (.text:ti_sysbios_knl_Swi_Module_startup__E)
                  00005298    00000026                   : m3_Hwi_asm.obj (.text:ti_sysbios_family_arm_m3_Hwi_pendSV__I)
                  000052be    00000026     ti.targets.arm.rtsarm.aem4f : System.oem4f (.text:xdc_runtime_System_avprintf__E)
                  000052e4    00000024     msp432p4xx_driverlib.lib : cs.o (.text:CS_setDCOCenteredFrequency)
                  00005308    00000024                              : gpio.o (.text:GPIO_setAsOutputPin)
                  0000532c    00000024                              : rtc_c.o (.text:RTC_C_holdClock)
                  00005350    00000024                              : rtc_c.o (.text:RTC_C_startClock)
                  00005374    00000024     empty_pem4f.oem4f (.text:ti_sysbios_BIOS_errorRaiseHook__I)
                  00005398    00000024     empty_pem4f.oem4f (.text:ti_sysbios_BIOS_registerRTSLock__I)
                  000053bc    00000024     empty_pem4f.oem4f (.text:ti_sysbios_BIOS_removeRTSLock__I)
                  000053e0    00000024     empty_pem4f.oem4f (.text:ti_sysbios_BIOS_startFunc__I)
                  00005404    00000004     --HOLE-- [fill = 0]
                  00005408    00000024     sysbios.aem4f : BIOS.obj (.text:ti_sysbios_family_arm_msp432_ClockFreqs_setFrequency__E)
                  0000542c    00000024     empty_pem4f.oem4f (.text:ti_sysbios_gates_GateMutex_Object__delete__S)
                  00005450    00000024     sysbios.aem4f : BIOS.obj (.text:ti_sysbios_knl_Clock_Module_startup__E)
                  00005474    00000004     --HOLE-- [fill = 0]
                  00005478    00000024                   : BIOS.obj (.text:ti_sysbios_knl_Task_restoreHwi__E)
                  0000549c    00000024     ti.targets.arm.rtsarm.aem4f : System.oem4f (.text:xdc_runtime_System_vprintf__E)
                  000054c0    00000022     empty_pem4f.oem4f (.text:xdc_runtime_SysMin_output__I)
                  000054e2    00000002     --HOLE-- [fill = 0]
                  000054e4    00000020     msp432p4xx_driverlib.lib : gpio.o (.text:GPIO_interruptEdgeSelect)
                  00005504    00000020     drivers_MSP432P401R.aem4f : PowerMSP432.oem4f (.text:Power_idleFunc)
                  00005524    00000020     empty_pem4f.oem4f (.text:ti_sysbios_BIOS_rtsLock__I)
                  00005544    00000020     sysbios.aem4f : m3_Hwi_asm.obj (.text:ti_sysbios_family_arm_m3_Hwi_excHandlerAsm__I)
                  00005564    00000004     --HOLE-- [fill = 0]
                  00005568    00000020                   : BIOS.obj (.text:ti_sysbios_family_arm_m3_Hwi_excHandler__I)
                  00005588    00000020     empty_pem4f.oem4f (.text:ti_sysbios_gates_GateHwi_Object__delete__S)
                  000055a8    00000020     empty_pem4f.oem4f (.text:ti_sysbios_heaps_HeapMem_Object__delete__S)
                  000055c8    00000020     sysbios.aem4f : BIOS.obj (.text:ti_sysbios_knl_Idle_run__E)
                  000055e8    00000020     empty_pem4f.oem4f (.text:ti_sysbios_knl_Semaphore_Object__destruct__S)
                  00005608    00000020     ti.targets.arm.rtsarm.aem4f : Registry.oem4f (.text:xdc_runtime_Registry_findById__E)
                  00005628    00000020                                 : SysMin.oem4f (.text:xdc_runtime_SysMin_Module_startup__E)
                  00005648    0000001e     sysbios.aem4f : m3_Hwi_asm_switch.obj (.text:ti_sysbios_family_xxx_Hwi_switchAndRunFunc)
                  00005666    00000002     --HOLE-- [fill = 0]
                  00005668    0000001c                   : BIOS.obj (.text:ti_sysbios_gates_GateMutex_Instance_init__E)
                  00005684    0000001c     empty_pem4f.oem4f (.text:ti_sysbios_knl_Queue_Object__destruct__S)
                  000056a0    0000001c     sysbios.aem4f : BIOS.obj (.text:ti_sysbios_knl_Queue_put__E)
                  000056bc    00000004     --HOLE-- [fill = 0]
                  000056c0    0000001c                   : BIOS.obj (.text:ti_sysbios_knl_Task_enter__I)
                  000056dc    0000001c     ti.targets.arm.rtsarm.aem4f : Error.oem4f (.text:xdc_runtime_Error_raiseX__E)
                  000056f8    0000001c                                 : Memory.oem4f (.text:xdc_runtime_Memory_valloc__E)
                  00005714    0000001c                                 : SysMin.oem4f (.text:xdc_runtime_SysMin_exit__E)
                  00005730    0000001c                                 : System.oem4f (.text:xdc_runtime_System_abort__E)
                  0000574c    0000001a     empty_pem4f.oem4f (.text:ti_sysbios_family_arm_m3_Hwi_Handle__label__S)
                  00005766    0000001a     empty_pem4f.oem4f (.text:ti_sysbios_gates_GateHwi_Handle__label__S)
                  00005780    0000001a     empty_pem4f.oem4f (.text:ti_sysbios_gates_GateMutex_Handle__label__S)
                  0000579a    0000001a     empty_pem4f.oem4f (.text:ti_sysbios_heaps_HeapMem_Handle__label__S)
                  000057b4    0000001a     empty_pem4f.oem4f (.text:ti_sysbios_knl_Swi_Handle__label__S)
                  000057ce    0000001a     empty_pem4f.oem4f (.text:ti_sysbios_knl_Task_Handle__label__S)
                  000057e8    0000001a     empty_pem4f.oem4f (.text:xdc_runtime_System_aprintf__E)
                  00005802    0000001a     empty_pem4f.oem4f (.text:xdc_runtime_System_printf__E)
                  0000581c    00000018     msp432p4xx_driverlib.lib : gpio.o (.text:GPIO_clearInterruptFlag)
                  00005834    00000018                              : gpio.o (.text:GPIO_setDriveStrengthLow)
                  0000584c    00000018                              : gpio.o (.text:GPIO_setOutputLowOnPin)
                  00005864    00000018                              : wdt_a.o (.text:WDT_A_holdTimer)
                  0000587c    00000018     rtsv7M4_T_le_v4SPD16_eabi.lib : args_main.obj (.text)
                  00005894    00000018     empty_pem4f.oem4f (.text:ti_sysbios_BIOS_rtsUnlock__I)
                  000058ac    00000018     empty_pem4f.oem4f (.text:ti_sysbios_family_arm_m3_Hwi_Module__startupDone__F)
                  000058c4    00000018     sysbios.aem4f : m3_TaskSupport_asm.obj (.text:ti_sysbios_family_arm_m3_TaskSupport_swap__E)
                  000058dc    00000018     empty_pem4f.oem4f (.text:ti_sysbios_family_arm_msp432_Timer_Module__startupDone__F)
                  000058f4    00000004     --HOLE-- [fill = 0]
                  000058f8    00000018     sysbios.aem4f : BIOS.obj (.text:ti_sysbios_gates_GateMutex_leave__E)
                  00005910    00000018                   : BIOS.obj (.text:ti_sysbios_knl_Task_sleepTimeout__I)
                  00005928    00000018     ti.targets.arm.rtsarm.aem4f : Error.oem4f (.text:xdc_runtime_Error_check__E)
                  00005940    00000018                                 : System.oem4f (.text:xdc_runtime_System_exit__E)
                  00005958    00000018                                 : Text.oem4f (.text:xdc_runtime_Text_ropeText__E)
                  00005970    00000016     empty_pem4f.oem4f (.text:ti_sysbios_BIOS_exitFunc__I)
                  00005986    00000016     empty.obj (.text:ti_sysbios_knl_Task_Params_init)
                  0000599c    00000014     msp432p4xx_driverlib.lib : gpio.o (.text:GPIO_setDriveStrengthHigh)
                  000059b0    00000014                              : gpio.o (.text:GPIO_setOutputHighOnPin)
                  000059c4    00000014                              : gpio.o (.text:GPIO_toggleOutputOnPin)
                  000059d8    00000014                              : wdt_a.o (.text:WDT_A_startTimer)
                  000059ec    00000014     empty.obj (.text:heartBeatFxn)
                  00005a00    00000014     rtsv7M4_T_le_v4SPD16_eabi.lib : _lock.obj (.text)
                  00005a14    00000014                                   : strcpy.obj (.text)
                  00005a28    00000014                                   : strlen.obj (.text)
                  00005a3c    00000014     empty_pem4f.oem4f (.text:ti_sysbios_family_arm_m3_Hwi_Object__get__S)
                  00005a50    00000014     sysbios.aem4f : BIOS.obj (.text:ti_sysbios_family_arm_m3_Hwi_switchFromBootStack__E)
                  00005a64    00000014     empty_pem4f.oem4f (.text:ti_sysbios_heaps_HeapMem_Object__get__S)
                  00005a78    00000014     empty_pem4f.oem4f (.text:ti_sysbios_knl_Swi_Object__get__S)
                  00005a8c    00000004     --HOLE-- [fill = 0]
                  00005a90    00000012     sysbios.aem4f : BIOS.obj (.text:ti_sysbios_hal_Hwi_Module_startup__E)
                  00005aa2    00000012     empty_pem4f.oem4f (.text:xdc_runtime_Startup_exec__I)
                  00005ab4    00000010     msp432p4xx_driverlib.lib : gpio.o (.text:GPIO_getInterruptStatus)
                  00005ac4    00000010                              : pcm.o (.text:PCM_gotoLPM4)
                  00005ad4    00000004     --HOLE-- [fill = 0]
                  00005ad8    00000010     sysbios.aem4f : BIOS.obj (.text:ti_sysbios_BIOS_setCpuFreq__E)
                  00005ae8    00000010                   : BIOS.obj (.text:ti_sysbios_BIOS_setThreadType__E)
                  00005af8    00000010                   : BIOS.obj (.text:ti_sysbios_BIOS_start__E)
                  00005b08    00000010                   : m3_TaskSupport_asm.obj (.text:ti_sysbios_family_arm_m3_TaskSupport_glue)
                  00005b18    00000010                   : BIOS.obj (.text:ti_sysbios_family_arm_msp432_init_Boot_disableWatchdog)
                  00005b28    00000010                   : BIOS.obj (.text:ti_sysbios_gates_GateMutex_Instance_finalize__E)
                  00005b38    00000010                   : BIOS.obj (.text:ti_sysbios_knl_Semaphore_Instance_finalize__E)
                  00005b48    00000010                   : BIOS.obj (.text:ti_sysbios_knl_Swi_disable__E)
                  00005b58    00000010     empty_pem4f.oem4f (.text:ti_sysbios_knl_Task_Object__get__S)
                  00005b68    00000010     sysbios.aem4f : BIOS.obj (.text:ti_sysbios_knl_Task_disable__E)
                  00005b78    00000010     ti.targets.arm.rtsarm.aem4f : Gate.oem4f (.text:xdc_runtime_Gate_leaveSystem__E)
                  00005b88    00000010                                 : Memory.oem4f (.text:xdc_runtime_Memory_free__E)
                  00005b98    00000010                                 : SysMin.oem4f (.text:xdc_runtime_SysMin_ready__E)
                  00005ba8    00000010                                 : System.oem4f (.text:xdc_runtime_System_vsnprintf__E)
                  00005bb8    00000010     empty_pem4f.oem4f (.text:xdc_runtime_Text_visitRope__I)
                  00005bc8    0000000e     tirtosport.aem4f : HwiP_tirtos.oem4f (.text:HwiP_Params_init)
                  00005bd6    0000000e     rtsv7M4_T_le_v4SPD16_eabi.lib : copy_decompress_none.obj (.text:decompress:none)
                  00005be4    00000004     --HOLE-- [fill = 0]
                  00005be8    0000000e     sysbios.aem4f : BIOS.obj (.text:ti_sysbios_knl_Idle_loop__E)
                  00005bf6    00000002     --HOLE-- [fill = 0]
                  00005bf8    0000000e                   : BIOS.obj (.text:ti_sysbios_knl_Queue_empty__E)
                  00005c06    0000000c     empty_pem4f.oem4f (.text:.bootCodeSection:ti_sysbios_family_arm_msp432_init_Boot_init__I)
                  00005c12    0000000c     msp432p4xx_driverlib.lib : cpu.o (.text:CPU_cpsid)
                  00005c1e    0000000c                              : cpu.o (.text:CPU_cpsie)
                  00005c2a    00000002     --HOLE-- [fill = 0]
                  00005c2c    0000000c                              : pcm.o (.text:PCM_getPowerState)
                  00005c38    0000000c     drivers_MSP432P401R.aem4f : PowerMSP432.oem4f (.text:Power_getConstraintMask)
                  00005c44    0000000c     rtsv7M4_T_le_v4SPD16_eabi.lib : copy_zero_init.obj (.text:decompress:ZI)
                  00005c50    0000000c     empty_pem4f.oem4f (.text:ti_sysbios_family_arm_m3_Hwi_Params__init__S)
                  00005c5c    00000004     --HOLE-- [fill = 0]
                  00005c60    0000000c     sysbios.aem4f : BIOS.obj (.text:ti_sysbios_family_arm_m3_Hwi_disableFxn__E)
                  00005c6c    00000004     --HOLE-- [fill = 0]
                  00005c70    0000000c                   : BIOS.obj (.text:ti_sysbios_family_arm_m3_TaskSupport_checkStack__E)
                  00005c7c    00000004     --HOLE-- [fill = 0]
                  00005c80    0000000c                   : BIOS.obj (.text:ti_sysbios_family_arm_m3_TaskSupport_getStackAlignment__E)
                  00005c8c    00000004     --HOLE-- [fill = 0]
                  00005c90    0000000c                   : BIOS.obj (.text:ti_sysbios_family_arm_msp432_Timer_getMaxTicks__E)
                  00005c9c    00000004     --HOLE-- [fill = 0]
                  00005ca0    0000000c                   : BIOS.obj (.text:ti_sysbios_gates_GateHwi_enter__E)
                  00005cac    0000000c     empty_pem4f.oem4f (.text:ti_sysbios_knl_Queue_Object__get__S)
                  00005cb8    0000000c     empty_pem4f.oem4f (.text:ti_sysbios_knl_Task_Params__init__S)
                  00005cc4    0000000c     ti.targets.arm.rtsarm.aem4f : Error.oem4f (.text:xdc_runtime_Error_init__E)
                  00005cd0    0000000c                                 : Gate.oem4f (.text:xdc_runtime_Gate_enterSystem__E)
                  00005cdc    0000000c                                 : Memory.oem4f (.text:xdc_runtime_Memory_calloc__E)
                  00005ce8    0000000c                                 : Memory.oem4f (.text:xdc_runtime_Memory_getMaxDefaultTypeAlign__E)
                  00005cf4    0000000a     empty_pem4f.oem4f (.text:xdc_runtime_IHeap_alloc)
                  00005cfe    0000000a     empty_pem4f.oem4f (.text:xdc_runtime_IHeap_free)
                  00005d08    00000008     MSP_EXP432P401R.obj (.text:MSP_EXP432P401R_initGPIO)
                  00005d10    00000008     MSP_EXP432P401R.obj (.text:MSP_EXP432P401R_initGeneral)
                  00005d18    00000008     msp432p4xx_driverlib.lib : pcm.o (.text:PCM_setPowerMode)
                  00005d20    00000008                              : pcm.o (.text:PCM_setPowerState)
                  00005d28    00000008     sysbios.aem4f : BIOS.obj (.text:ti_sysbios_family_arm_m3_Hwi_doSwiRestore__I)
                  00005d30    00000008                   : BIOS.obj (.text:ti_sysbios_family_arm_m3_Hwi_startup__E)
                  00005d38    00000006     rtsv7M4_T_le_v4SPD16_eabi.lib : copy_decompress_rle.obj (.text:decompress:rle24)
                  00005d3e    00000002     --HOLE-- [fill = 0]
                  00005d40    00000006     sysbios.aem4f : BIOS.obj (.text:ti_sysbios_family_arm_m3_Hwi_doTaskRestore__I)
                  00005d46    00000002     --HOLE-- [fill = 0]
                  00005d48    00000006                   : BIOS.obj (.text:ti_sysbios_family_arm_m3_Hwi_restoreFxn__E)
                  00005d4e    00000002     --HOLE-- [fill = 0]
                  00005d50    00000006                   : BIOS.obj (.text:ti_sysbios_gates_GateHwi_leave__E)
                  00005d56    00000002     --HOLE-- [fill = 0]
                  00005d58    00000006                   : BIOS.obj (.text:ti_sysbios_heaps_HeapMem_isBlocking__E)
                  00005d5e    00000002     --HOLE-- [fill = 0]
                  00005d60    00000006                   : BIOS.obj (.text:ti_sysbios_knl_Queue_Instance_init__E)
                  00005d66    00000002     --HOLE-- [fill = 0]
                  00005d68    00000006                   : BIOS.obj (.text:ti_sysbios_knl_Swi_startup__E)
                  00005d6e    00000006     ti.targets.arm.rtsarm.aem4f : System.oem4f (.text:xdc_runtime_System_Module_startup__E)
                  00005d74    00000004     --HOLE-- [fill = 0]
                  00005d78    00000004     sysbios.aem4f : BIOS.obj (.text:ti_sysbios_gates_GateHwi_query__E)
                  00005d7c    00000004     --HOLE-- [fill = 0]
                  00005d80    00000004                   : BIOS.obj (.text:ti_sysbios_gates_GateMutex_query__E)
                  00005d84    00000004     --HOLE-- [fill = 0]
                  00005d88    00000004                   : BIOS.obj (.text:ti_sysbios_knl_Task_startup__E)
                  00005d8c    00000004     --HOLE-- [fill = 0]
                  00005d90    00000002                   : BIOS.obj (.text:ti_sysbios_gates_GateHwi_Instance_init__E)
                  00005d92    00000006     --HOLE-- [fill = 0]
                  00005d98    00000002                   : BIOS.obj (.text:ti_sysbios_knl_Clock_logTick__E)

.const     0    00005d9c    00001d1a     
                  00005d9c    00001797     empty_pem4f.oem4f (.const:xdc_runtime_Text_charTab__A)
                  00007533    00000001     empty_pem4f.oem4f (.const:xdc_runtime_Error_policy__C)
                  00007534    000000b0     empty_pem4f.oem4f (.const:xdc_runtime_Text_nodeTab__A)
                  000075e4    00000048     empty_pem4f.oem4f (.const:.string)
                  0000762c    0000003c     empty_pem4f.oem4f (.const:ti_sysbios_knl_Task_Object__PARAMS__C)
                  00007668    00000030     empty_pem4f.oem4f (.const:ti_sysbios_family_arm_m3_Hwi_Object__PARAMS__C)
                  00007698    00000028     empty_pem4f.oem4f (.const:ti_sysbios_heaps_HeapMem_Module__FXNS__C)
                  000076c0    00000024     empty_pem4f.oem4f (.const:ti_sysbios_gates_GateHwi_Module__FXNS__C)
                  000076e4    00000024     empty_pem4f.oem4f (.const:ti_sysbios_gates_GateMutex_Module__FXNS__C)
                  00007708    00000024     empty_pem4f.oem4f (.const:ti_sysbios_heaps_HeapMem_Object__PARAMS__C)
                  0000772c    00000024     empty_pem4f.oem4f (.const:ti_sysbios_knl_Semaphore_Object__PARAMS__C)
                  00007750    00000020     empty_pem4f.oem4f (.const:ti_sysbios_family_arm_m3_Hwi_Object__DESC__C)
                  00007770    00000020     empty_pem4f.oem4f (.const:ti_sysbios_gates_GateHwi_Object__DESC__C)
                  00007790    00000020     empty_pem4f.oem4f (.const:ti_sysbios_gates_GateMutex_Object__DESC__C)
                  000077b0    00000020     empty_pem4f.oem4f (.const:ti_sysbios_heaps_HeapMem_Object__DESC__C)
                  000077d0    00000020     empty_pem4f.oem4f (.const:ti_sysbios_knl_Queue_Object__DESC__C)
                  000077f0    00000020     empty_pem4f.oem4f (.const:ti_sysbios_knl_Semaphore_Object__DESC__C)
                  00007810    00000020     empty_pem4f.oem4f (.const:ti_sysbios_knl_Task_Object__DESC__C)
                  00007830    00000020     empty_pem4f.oem4f (.const:xdc_runtime_Startup_sfxnTab__A)
                  00007850    00000018     empty_pem4f.oem4f (.const:ti_sysbios_gates_GateHwi_Object__PARAMS__C)
                  00007868    00000018     empty_pem4f.oem4f (.const:ti_sysbios_gates_GateMutex_Object__PARAMS__C)
                  00007880    00000018     empty_pem4f.oem4f (.const:ti_sysbios_knl_Queue_Object__PARAMS__C)
                  00007898    00000014     MSP_EXP432P401R.obj (.const:GPIOMSP432_config)
                  000078ac    00000010     MSP_EXP432P401R.obj (.const)
                  000078bc    00000010     empty_pem4f.oem4f (.const:xdc_runtime_Startup_sfxnRts__A)
                  000078cc    0000000c     drivers_MSP432P401R.aem4f : GPIOMSP432.oem4f (.const:.string)
                  000078d8    0000000c     empty_pem4f.oem4f (.const:xdc_runtime_Startup_firstFxns__A)
                  000078e4    00000008     empty_pem4f.oem4f (.const:ti_sysbios_family_arm_m3_Hwi_excHookFuncs__A)
                  000078ec    00000008     empty_pem4f.oem4f (.const:ti_sysbios_knl_Idle_funcList__A)
                  000078f4    00000008     empty_pem4f.oem4f (.const:ti_sysbios_knl_Idle_funcList__C)
                  000078fc    00000008     empty_pem4f.oem4f (.const:xdc_runtime_Startup_firstFxns__C)
                  00007904    00000008     empty_pem4f.oem4f (.const:xdc_runtime_Startup_lastFxns__C)
                  0000790c    00000004     empty_pem4f.oem4f (.const:ti_sysbios_family_arm_m3_Hwi_E_NMI__C)
                  00007910    00000004     empty_pem4f.oem4f (.const:ti_sysbios_family_arm_m3_Hwi_E_alreadyDefined__C)
                  00007914    00000004     empty_pem4f.oem4f (.const:ti_sysbios_family_arm_m3_Hwi_E_busFault__C)
                  00007918    00000004     empty_pem4f.oem4f (.const:ti_sysbios_family_arm_m3_Hwi_E_debugMon__C)
                  0000791c    00000004     empty_pem4f.oem4f (.const:ti_sysbios_family_arm_m3_Hwi_E_hardFault__C)
                  00007920    00000004     empty_pem4f.oem4f (.const:ti_sysbios_family_arm_m3_Hwi_E_memFault__C)
                  00007924    00000004     empty_pem4f.oem4f (.const:ti_sysbios_family_arm_m3_Hwi_E_noIsr__C)
                  00007928    00000004     empty_pem4f.oem4f (.const:ti_sysbios_family_arm_m3_Hwi_E_reserved__C)
                  0000792c    00000004     empty_pem4f.oem4f (.const:ti_sysbios_family_arm_m3_Hwi_E_svCall__C)
                  00007930    00000004     empty_pem4f.oem4f (.const:ti_sysbios_family_arm_m3_Hwi_E_usageFault__C)
                  00007934    00000004     empty_pem4f.oem4f (.const:ti_sysbios_family_arm_m3_Hwi_NUM_INTERRUPTS__C)
                  00007938    00000004     empty_pem4f.oem4f (.const:ti_sysbios_family_arm_m3_Hwi_Object__count__C)
                  0000793c    00000004     empty_pem4f.oem4f (.const:ti_sysbios_family_arm_m3_Hwi_ccr__C)
                  00007940    00000004     empty_pem4f.oem4f (.const:ti_sysbios_family_arm_m3_Hwi_excHandlerFunc__C)
                  00007944    00000004     empty_pem4f.oem4f (.const:ti_sysbios_family_arm_m3_Hwi_excHookFuncs__C)
                  00007948    00000004     empty_pem4f.oem4f (.const:ti_sysbios_family_arm_m3_Hwi_nullIsrFunc__C)
                  0000794c    00000004     empty_pem4f.oem4f (.const:ti_sysbios_family_arm_m3_Hwi_priGroup__C)
                  00007950    00000004     empty_pem4f.oem4f (.const:ti_sysbios_family_arm_m3_TaskSupport_stackAlignment__C)
                  00007954    00000004     empty_pem4f.oem4f (.const:ti_sysbios_family_arm_msp432_Timer_numTimerDevices__C)
                  00007958    00000004     empty_pem4f.oem4f (.const:ti_sysbios_family_arm_msp432_Timer_startupNeeded__C)
                  0000795c    00000004     empty_pem4f.oem4f (.const:ti_sysbios_gates_GateMutex_A_badContext__C)
                  00007960    00000004     empty_pem4f.oem4f (.const:ti_sysbios_gates_GateMutex_Instance_State_sem__O)
                  00007964    00000004     empty_pem4f.oem4f (.const:ti_sysbios_gates_GateMutex_Module__diagsEnabled__C)
                  00007968    00000004     empty_pem4f.oem4f (.const:ti_sysbios_gates_GateMutex_Module__diagsIncluded__C)
                  0000796c    00000004     empty_pem4f.oem4f (.const:ti_sysbios_gates_GateMutex_Module__diagsMask__C)
                  00007970    00000004     empty_pem4f.oem4f (.const:ti_sysbios_hal_Hwi_E_stackOverflow__C)
                  00007974    00000004     empty_pem4f.oem4f (.const:ti_sysbios_heaps_HeapMem_A_align__C)
                  00007978    00000004     empty_pem4f.oem4f (.const:ti_sysbios_heaps_HeapMem_A_heapSize__C)
                  0000797c    00000004     empty_pem4f.oem4f (.const:ti_sysbios_heaps_HeapMem_A_invalidFree__C)
                  00007980    00000004     empty_pem4f.oem4f (.const:ti_sysbios_heaps_HeapMem_A_zeroBlock__C)
                  00007984    00000004     empty_pem4f.oem4f (.const:ti_sysbios_heaps_HeapMem_E_memory__C)
                  00007988    00000004     empty_pem4f.oem4f (.const:ti_sysbios_heaps_HeapMem_Module__diagsEnabled__C)
                  0000798c    00000004     empty_pem4f.oem4f (.const:ti_sysbios_heaps_HeapMem_Module__diagsIncluded__C)
                  00007990    00000004     empty_pem4f.oem4f (.const:ti_sysbios_heaps_HeapMem_Module__diagsMask__C)
                  00007994    00000004     empty_pem4f.oem4f (.const:ti_sysbios_heaps_HeapMem_Module__gateObj__C)
                  00007998    00000004     empty_pem4f.oem4f (.const:ti_sysbios_heaps_HeapMem_Object__count__C)
                  0000799c    00000004     empty_pem4f.oem4f (.const:ti_sysbios_heaps_HeapMem_reqAlign__C)
                  000079a0    00000004     empty_pem4f.oem4f (.const:ti_sysbios_knl_Clock_Module_State_clockQ__O)
                  000079a4    00000004     empty_pem4f.oem4f (.const:ti_sysbios_knl_Semaphore_A_badContext__C)
                  000079a8    00000004     empty_pem4f.oem4f (.const:ti_sysbios_knl_Semaphore_A_noEvents__C)
                  000079ac    00000004     empty_pem4f.oem4f (.const:ti_sysbios_knl_Semaphore_A_overflow__C)
                  000079b0    00000004     empty_pem4f.oem4f (.const:ti_sysbios_knl_Semaphore_A_pendTaskDisabled__C)
                  000079b4    00000004     empty_pem4f.oem4f (.const:ti_sysbios_knl_Semaphore_Instance_State_pendQ__O)
                  000079b8    00000004     empty_pem4f.oem4f (.const:ti_sysbios_knl_Semaphore_Module__diagsEnabled__C)
                  000079bc    00000004     empty_pem4f.oem4f (.const:ti_sysbios_knl_Semaphore_Module__diagsIncluded__C)
                  000079c0    00000004     empty_pem4f.oem4f (.const:ti_sysbios_knl_Semaphore_Module__diagsMask__C)
                  000079c4    00000004     empty_pem4f.oem4f (.const:ti_sysbios_knl_Swi_Object__count__C)
                  000079c8    00000004     empty_pem4f.oem4f (.const:ti_sysbios_knl_Task_A_badPriority__C)
                  000079cc    00000004     empty_pem4f.oem4f (.const:ti_sysbios_knl_Task_A_badTaskState__C)
                  000079d0    00000004     empty_pem4f.oem4f (.const:ti_sysbios_knl_Task_A_badThreadType__C)
                  000079d4    00000004     empty_pem4f.oem4f (.const:ti_sysbios_knl_Task_A_badTimeout__C)
                  000079d8    00000004     empty_pem4f.oem4f (.const:ti_sysbios_knl_Task_A_noPendElem__C)
                  000079dc    00000004     empty_pem4f.oem4f (.const:ti_sysbios_knl_Task_A_sleepTaskDisabled__C)
                  000079e0    00000004     empty_pem4f.oem4f (.const:ti_sysbios_knl_Task_E_spOutOfBounds__C)
                  000079e4    00000004     empty_pem4f.oem4f (.const:ti_sysbios_knl_Task_E_stackOverflow__C)
                  000079e8    00000004     empty_pem4f.oem4f (.const:ti_sysbios_knl_Task_Module_State_inactiveQ__O)
                  000079ec    00000004     empty_pem4f.oem4f (.const:ti_sysbios_knl_Task_Module__diagsEnabled__C)
                  000079f0    00000004     empty_pem4f.oem4f (.const:ti_sysbios_knl_Task_Module__diagsIncluded__C)
                  000079f4    00000004     empty_pem4f.oem4f (.const:ti_sysbios_knl_Task_Module__diagsMask__C)
                  000079f8    00000004     empty_pem4f.oem4f (.const:ti_sysbios_knl_Task_Object__count__C)
                  000079fc    00000004     empty_pem4f.oem4f (.const:ti_sysbios_knl_Task_allBlockedFunc__C)
                  00007a00    00000004     empty_pem4f.oem4f (.const:ti_sysbios_knl_Task_defaultStackHeap__C)
                  00007a04    00000004     empty_pem4f.oem4f (.const:ti_sysbios_knl_Task_defaultStackSize__C)
                  00007a08    00000004     empty_pem4f.oem4f (.const:ti_sysbios_knl_Task_numConstructedTasks__C)
                  00007a0c    00000004     empty_pem4f.oem4f (.const:xdc_runtime_Assert_E_assertFailed__C)
                  00007a10    00000004     empty_pem4f.oem4f (.const:xdc_runtime_Core_A_initializedParams__C)
                  00007a14    00000004     empty_pem4f.oem4f (.const:xdc_runtime_Core_Module__diagsEnabled__C)
                  00007a18    00000004     empty_pem4f.oem4f (.const:xdc_runtime_Core_Module__diagsIncluded__C)
                  00007a1c    00000004     empty_pem4f.oem4f (.const:xdc_runtime_Core_Module__diagsMask__C)
                  00007a20    00000004     empty_pem4f.oem4f (.const:xdc_runtime_Error_E_memory__C)
                  00007a24    00000004     empty_pem4f.oem4f (.const:xdc_runtime_Error_Module__diagsEnabled__C)
                  00007a28    00000004     empty_pem4f.oem4f (.const:xdc_runtime_Error_Module__diagsIncluded__C)
                  00007a2c    00000004     empty_pem4f.oem4f (.const:xdc_runtime_Error_Module__diagsMask__C)
                  00007a30    00000004     empty_pem4f.oem4f (.const:xdc_runtime_Error_Module__loggerFxn8__C)
                  00007a34    00000004     empty_pem4f.oem4f (.const:xdc_runtime_Error_Module__loggerObj__C)
                  00007a38    00000004     empty_pem4f.oem4f (.const:xdc_runtime_Error_policyFxn__C)
                  00007a3c    00000004     empty_pem4f.oem4f (.const:xdc_runtime_Error_raiseHook__C)
                  00007a40    00000004     empty_pem4f.oem4f (.const:xdc_runtime_IGateProvider_Interface__BASE__C)
                  00007a44    00000004     empty_pem4f.oem4f (.const:xdc_runtime_IHeap_Interface__BASE__C)
                  00007a48    00000004     empty_pem4f.oem4f (.const:xdc_runtime_IModule_Interface__BASE__C)
                  00007a4c    00000004     empty_pem4f.oem4f (.const:xdc_runtime_Log_L_error__C)
                  00007a50    00000004     empty_pem4f.oem4f (.const:xdc_runtime_Memory_defaultHeapInstance__C)
                  00007a54    00000004     empty_pem4f.oem4f (.const:xdc_runtime_Startup_execImpl__C)
                  00007a58    00000004     empty_pem4f.oem4f (.const:xdc_runtime_Startup_maxPasses__C)
                  00007a5c    00000004     empty_pem4f.oem4f (.const:xdc_runtime_Startup_sfxnRts__C)
                  00007a60    00000004     empty_pem4f.oem4f (.const:xdc_runtime_Startup_sfxnTab__C)
                  00007a64    00000004     empty_pem4f.oem4f (.const:xdc_runtime_SysMin_bufSize__C)
                  00007a68    00000004     empty_pem4f.oem4f (.const:xdc_runtime_SysMin_outputFunc__C)
                  00007a6c    00000004     empty_pem4f.oem4f (.const:xdc_runtime_System_Module__gateObj__C)
                  00007a70    00000004     empty_pem4f.oem4f (.const:xdc_runtime_System_abortFxn__C)
                  00007a74    00000004     empty_pem4f.oem4f (.const:xdc_runtime_System_exitFxn__C)
                  00007a78    00000004     empty_pem4f.oem4f (.const:xdc_runtime_System_extendFxn__C)
                  00007a7c    00000004     empty_pem4f.oem4f (.const:xdc_runtime_System_maxAtexitHandlers__C)
                  00007a80    00000004     empty_pem4f.oem4f (.const:xdc_runtime_Text_charTab__C)
                  00007a84    00000004     empty_pem4f.oem4f (.const:xdc_runtime_Text_nameEmpty__C)
                  00007a88    00000004     empty_pem4f.oem4f (.const:xdc_runtime_Text_nameStatic__C)
                  00007a8c    00000004     empty_pem4f.oem4f (.const:xdc_runtime_Text_nameUnknown__C)
                  00007a90    00000004     empty_pem4f.oem4f (.const:xdc_runtime_Text_nodeTab__C)
                  00007a94    00000004     empty_pem4f.oem4f (.const:xdc_runtime_Text_visitRopeFxn__C)
                  00007a98    00000002     empty_pem4f.oem4f (.const:ti_sysbios_family_arm_m3_Hwi_Module__id__C)
                  00007a9a    00000002     empty_pem4f.oem4f (.const:ti_sysbios_gates_GateMutex_Module__id__C)
                  00007a9c    00000002     empty_pem4f.oem4f (.const:ti_sysbios_hal_Hwi_Module__id__C)
                  00007a9e    00000002     empty_pem4f.oem4f (.const:ti_sysbios_heaps_HeapMem_Module__id__C)
                  00007aa0    00000002     empty_pem4f.oem4f (.const:ti_sysbios_knl_Semaphore_Module__id__C)
                  00007aa2    00000002     empty_pem4f.oem4f (.const:ti_sysbios_knl_Task_Module__id__C)
                  00007aa4    00000002     empty_pem4f.oem4f (.const:xdc_runtime_Core_Module__id__C)
                  00007aa6    00000002     empty_pem4f.oem4f (.const:xdc_runtime_Error_Module__loggerDefined__C)
                  00007aa8    00000002     empty_pem4f.oem4f (.const:xdc_runtime_Error_maxDepth__C)
                  00007aaa    00000002     empty_pem4f.oem4f (.const:xdc_runtime_Memory_Module__id__C)
                  00007aac    00000002     empty_pem4f.oem4f (.const:xdc_runtime_SysMin_flushAtExit__C)
                  00007aae    00000002     empty_pem4f.oem4f (.const:xdc_runtime_Text_charCnt__C)
                  00007ab0    00000002     empty_pem4f.oem4f (.const:xdc_runtime_Text_isLoaded__C)
                  00007ab2    00000002     empty_pem4f.oem4f (.const:xdc_runtime_Text_registryModsLastId__C)
                  00007ab4    00000002     empty_pem4f.oem4f (.const:xdc_runtime_Text_unnamedModsLastId__C)

.cinit     0    00007ab8    00000448     
                  00007ab8    00000411     (.cinit..data.load) [load image, compression = rle]
                  00007ec9    00000003     --HOLE-- [fill = 0]
                  00007ecc    0000000c     (__TI_handler_table)
                  00007ed8    00000008     (.cinit..bss.load) [load image, compression = zero_init]
                  00007ee0    00000008     (.cinit..vecs.load) [load image, compression = zero_init]
                  00007ee8    00000018     (__TI_cinit_table)

.resetVecs 
*          0    00000000    0000003c     
                  00000000    0000003c     empty_pem4f.oem4f (.resetVecs)

.vecs      0    20000000    00000140     UNINITIALIZED
                  20000000    00000140     empty_pem4f.oem4f (.vecs)

.bss       0    20000140    00000b68     UNINITIALIZED
                  20000140    00000400     empty_pem4f.oem4f (.bss:ti_sysbios_heaps_HeapMem_Instance_State_0_buf__A)
                  20000540    00000200     empty.obj (.bss:task0Stack)
                  20000740    00000200     empty_pem4f.oem4f (.bss:taskStackSection)
                  20000940    00000140     empty_pem4f.oem4f (.bss:ti_sysbios_family_arm_m3_Hwi_dispatchTable)
                  20000a80    00000120     rtsv7M4_T_le_v4SPD16_eabi.lib : trgmsg.obj (.bss:__CIOBUF_)
                  20000ba0    00000080     empty_pem4f.oem4f (.bss:xdc_runtime_SysMin_Module_State_0_outbuf__A)
                  20000c20    00000050     empty.obj (.bss:task0Struct)
                  20000c70    00000030     drivers_MSP432P401R.aem4f : GPIOMSP432.oem4f (.bss:gpioCallbackInfo)
                  20000ca0    00000008     (.common:parmbuf)

.TI.noinit 
*          0    20000140    00000000     UNINITIALIZED

.data      0    20000ca8    00000579     UNINITIALIZED
                  20000ca8    00000130     empty_pem4f.oem4f (.data)
                  20000dd8    0000009c     drivers_MSP432P401R.aem4f : PowerMSP432.oem4f (.data:PowerMSP432_perfLevels)
                  20000e74    00000080     empty_pem4f.oem4f (.data:ti_sysbios_knl_Swi_Module_State_0_readyQ__A)
                  20000ef4    00000080     empty_pem4f.oem4f (.data:ti_sysbios_knl_Task_Module_State_0_readyQ__A)
                  20000f74    0000004c     empty_pem4f.oem4f (.data:ti_sysbios_family_arm_msp432_Timer_Object__table__V)
                  20000fc0    0000004c     empty_pem4f.oem4f (.data:ti_sysbios_knl_Task_Object__table__V)
                  2000100c    00000044     empty_pem4f.oem4f (.data:ti_sysbios_knl_Task_Module__state__V)
                  20001050    00000038     empty_pem4f.oem4f (.data:ti_sysbios_gates_GateMutex_Object__table__V)
                  20001088    00000034     empty_pem4f.oem4f (.data:ti_sysbios_family_arm_m3_Hwi_Module__state__V)
                  200010bc    00000030     drivers_MSP432P401R.aem4f : GPIOMSP432.oem4f (.data:GPIO_PORT_TO_BASE)
                  200010ec    00000030     msp432p4xx_driverlib.lib : gpio.o (.data:GPIO_PORT_TO_BASE)
                  2000111c    00000030     empty_pem4f.oem4f (.data:ti_sysbios_family_arm_m3_Hwi_Object__table__V)
                  2000114c    00000030     empty_pem4f.oem4f (.data:ti_sysbios_knl_Swi_Object__table__V)
                  2000117c    0000002c     empty_pem4f.oem4f (.data:ti_sysbios_knl_Clock_Module__state__V)
                  200011a8    00000024     drivers_MSP432P401R.aem4f : PowerMSP432.oem4f (.data:PowerMSP432_module)
                  200011cc    00000024     empty_pem4f.oem4f (.data:ti_sysbios_BIOS_Module__state__V)
                  200011f0    0000001c     MSP_EXP432P401R.obj (.data)
                  2000120c    00000008     rtsv7M4_T_le_v4SPD16_eabi.lib : _lock.obj (.data)
                  20001214    00000008                                   : exit.obj (.data)
                  2000121c    00000004                                   : stkdepth_vars.obj (.data)
                  20001220    00000001     drivers_MSP432P401R.aem4f : GPIOMSP432.oem4f (.data)

.TI.persistent 
*          0    20000ca8    00000000     UNINITIALIZED

.stack     0    2000fd00    00000300     UNINITIALIZED
                  2000fd00    00000300     --HOLE--

.bootVecs 
*          0    00000000    00000008     DSECT
                  00000000    00000008     boot.aem4f : boot.oem4f (.bootVecs)

xdc.meta   0    00000000    000000f2     COPY SECTION
                  00000000    000000f2     empty_pem4f.oem4f (xdc.meta)


LINKER GENERATED COPY TABLES

__TI_cinit_table @ 00007ee8 records: 3, size/record: 8, table size: 24
	.data: load addr=00007ab8, load size=00000411 bytes, run addr=20000ca8, run size=00000579 bytes, compression=rle
	.bss: load addr=00007ed8, load size=00000008 bytes, run addr=20000140, run size=00000b68 bytes, compression=zero_init
	.vecs: load addr=00007ee0, load size=00000008 bytes, run addr=20000000, run size=00000140 bytes, compression=zero_init


LINKER GENERATED HANDLER TABLE

__TI_handler_table @ 00007ecc records: 3, size/record: 4, table size: 12
	index: 0, handler: __TI_decompress_rle24
	index: 1, handler: __TI_decompress_none
	index: 2, handler: __TI_zero_init


GLOBAL SYMBOLS: SORTED ALPHABETICALLY BY Name 

address   name                                                        
-------   ----                                                        
00004789  C$$EXIT                                                     
00003b57  C$$IO$$                                                     
00005c13  CPU_cpsid                                                   
00005c1f  CPU_cpsie                                                   
00000d3d  CPU_wfi                                                     
000029a5  CS_initClockSignal                                          
000052e5  CS_setDCOCenteredFrequency                                  
0000461d  EUSCIA0_IRQHandler                                          
00004929  FlashCtl_disableReadBuffering                               
00004c49  FlashCtl_enableReadBuffering                                
000051f5  FlashCtl_setWaitState                                       
00007898  GPIOMSP432_config                                           
0000581d  GPIO_clearInterruptFlag                                     
00004dc5  GPIO_getEnabledInterruptStatus_WA                           
00005ab5  GPIO_getInterruptStatus                                     
00004061  GPIO_hwiIntFxn                                              
00003d21  GPIO_init                                                   
000054e5  GPIO_interruptEdgeSelect                                    
00005069  GPIO_setAsInputPin                                          
00004df5  GPIO_setAsInputPinWithPullDownResistor                      
00004e25  GPIO_setAsInputPinWithPullUpResistor                        
00005309  GPIO_setAsOutputPin                                         
000040b5  GPIO_setCallback                                            
00001f59  GPIO_setConfig                                              
0000599d  GPIO_setDriveStrengthHigh                                   
00005835  GPIO_setDriveStrengthLow                                    
000059b1  GPIO_setOutputHighOnPin                                     
0000584d  GPIO_setOutputLowOnPin                                      
00004e55  GPIO_toggle                                                 
000059c5  GPIO_toggleOutputOnPin                                      
0000425d  GPIO_write                                                  
00000a49  HOSTclock                                                   
00000a11  HOSTclose                                                   
000009d3  HOSTgetenv                                                  
00000977  HOSTlseek                                                   
00000925  HOSTopen                                                    
000008d9  HOSTread                                                    
0000087b  HOSTrename                                                  
00000841  HOSTtime                                                    
00000809  HOSTunlink                                                  
000007bd  HOSTwrite                                                   
00005bc9  HwiP_Params_init                                            
00003c5d  HwiP_create                                                 
00000f95  HwiP_disable                                                
00005d49  HwiP_restore                                                
0000140d  List_head                                                   
0000160d  List_next                                                   
00005d09  MSP_EXP432P401R_initGPIO                                    
00005d11  MSP_EXP432P401R_initGeneral                                 
00005095  PCM_getCoreVoltageLevel                                     
000051a1  PCM_getPowerMode                                            
00005c2d  PCM_getPowerState                                           
0000521d  PCM_gotoLPM0                                                
0000372d  PCM_gotoLPM3                                                
00005ac5  PCM_gotoLPM4                                                
00005d19  PCM_setPowerMode                                            
00005d21  PCM_setPowerState                                           
000042ad  PCM_shutdownDevice                                          
000078ac  PowerMSP432_config                                          
000034ef  PowerMSP432_initPolicy                                      
200011a8  PowerMSP432_module                                          
20000dd8  PowerMSP432_perfLevels                                      
000042fd  PowerMSP432_sleepPolicy                                     
000050c1  PowerMSP432_updateFreqs                                     
00005c39  Power_getConstraintMask                                     
00005505  Power_idleFunc                                              
00004a69  Power_init                                                  
000025dd  Power_sleep                                                 
0000532d  RTC_C_holdClock                                             
00005351  RTC_C_startClock                                            
UNDEFED   SHT$$INIT_ARRAY$$Base                                       
UNDEFED   SHT$$INIT_ARRAY$$Limit                                      
4000480c  WDTCTL_SYM                                                  
00005865  WDT_A_holdTimer                                             
000059d9  WDT_A_startTimer                                            
00000000  __ASM__                                                     
20000a80  __CIOBUF_                                                   
0000006e  __ISA__                                                     
00000081  __PLAT__                                                    
20010000  __STACK_END                                                 
00000300  __STACK_SIZE                                                
000000a4  __TARG__                                                    
00007ee8  __TI_CINIT_Base                                             
00007f00  __TI_CINIT_Limit                                            
00007ecc  __TI_Handler_Table_Base                                     
00007ed8  __TI_Handler_Table_Limit                                    
00003139  __TI_auto_init                                              
20001214  __TI_cleanup_ptr                                            
00005bd7  __TI_decompress_none                                        
00005d39  __TI_decompress_rle24                                       
20001218  __TI_dtors_ptr                                              
00003b5b  __TI_readmsg                                                
00007ab8  __TI_static_base__                                          
00003b29  __TI_writemsg                                               
00005c45  __TI_zero_init                                              
000000ca  __TRDR__                                                    
00003823  __aeabi_idiv0                                               
000037a9  __aeabi_memclr                                              
000037a9  __aeabi_memclr4                                             
000037a9  __aeabi_memclr8                                             
00003279  __aeabi_memcpy                                              
00003279  __aeabi_memcpy4                                             
00003279  __aeabi_memcpy8                                             
000037ab  __aeabi_memset                                              
000037ab  __aeabi_memset4                                             
000037ab  __aeabi_memset8                                             
000049a9  __aeabi_uidiv                                               
000049a9  __aeabi_uidivmod                                            
ffffffff  __binit__                                                   
ffffffff  __c_args__                                                  
2000fd00  __stack                                                     
00003893  __xdc__init                                                 
20000dd4  __xdc__init__addr                                           
0000587d  _args_main                                                  
00003f59  _c_int00                                                    
2000120c  _lock                                                       
00005a0f  _nop                                                        
00005a07  _register_lock                                              
00005a01  _register_unlock                                            
20001210  _unlock                                                     
0000478d  abort                                                       
ffffffff  binit                                                       
00004441  copy_in                                                     
00004795  exit                                                        
20001204  gpioCallbackFunctions                                       
200011f4  gpioPinConfigs                                              
000059ed  heartBeatFxn                                                
00002c2d  main                                                        
2000121c  main_func_sp                                                
00003279  memcpy                                                      
000037b1  memset                                                      
00005b69  osi_TaskDisable                                             
00005af9  osi_start                                                   
00005a15  strcpy                                                      
00005a29  strlen                                                      
20000540  task0Stack                                                  
20000c20  task0Struct                                                 
200011cc  ti_sysbios_BIOS_Module__state__V                            
00005781  ti_sysbios_BIOS_RtsGateProxy_Handle__label__S               
0000542d  ti_sysbios_BIOS_RtsGateProxy_Object__delete__S              
00001ca5  ti_sysbios_BIOS_RtsGateProxy_enter__E                       
00001e0d  ti_sysbios_BIOS_RtsGateProxy_leave__E                       
00005d81  ti_sysbios_BIOS_RtsGateProxy_query__E                       
00004e85  ti_sysbios_BIOS_atExitFunc__I                               
00005375  ti_sysbios_BIOS_errorRaiseHook__I                           
00005971  ti_sysbios_BIOS_exitFunc__I                                 
00003b27  ti_sysbios_BIOS_nullFunc__I                                 
00005399  ti_sysbios_BIOS_registerRTSLock__I                          
000053bd  ti_sysbios_BIOS_removeRTSLock__I                            
00005525  ti_sysbios_BIOS_rtsLock__I                                  
00005895  ti_sysbios_BIOS_rtsUnlock__I                                
00005ad9  ti_sysbios_BIOS_setCpuFreq__E                               
00005ae9  ti_sysbios_BIOS_setThreadType__E                            
000053e1  ti_sysbios_BIOS_startFunc__I                                
00005af9  ti_sysbios_BIOS_start__E                                    
0000790c  ti_sysbios_family_arm_m3_Hwi_E_NMI__C                       
00007910  ti_sysbios_family_arm_m3_Hwi_E_alreadyDefined__C            
00007914  ti_sysbios_family_arm_m3_Hwi_E_busFault__C                  
00007918  ti_sysbios_family_arm_m3_Hwi_E_debugMon__C                  
0000791c  ti_sysbios_family_arm_m3_Hwi_E_hardFault__C                 
00007920  ti_sysbios_family_arm_m3_Hwi_E_memFault__C                  
00007924  ti_sysbios_family_arm_m3_Hwi_E_noIsr__C                     
00007928  ti_sysbios_family_arm_m3_Hwi_E_reserved__C                  
0000792c  ti_sysbios_family_arm_m3_Hwi_E_svCall__C                    
00007930  ti_sysbios_family_arm_m3_Hwi_E_usageFault__C                
0000574d  ti_sysbios_family_arm_m3_Hwi_Handle__label__S               
00004c81  ti_sysbios_family_arm_m3_Hwi_Instance_finalize__E           
000034f1  ti_sysbios_family_arm_m3_Hwi_Instance_init__E               
20000cb0  ti_sysbios_family_arm_m3_Hwi_Module_State_0_excActive__A    
20000cb4  ti_sysbios_family_arm_m3_Hwi_Module_State_0_excContext__A   
20000cb8  ti_sysbios_family_arm_m3_Hwi_Module_State_0_excStack__A     
00007a98  ti_sysbios_family_arm_m3_Hwi_Module__id__C                  
20000ca8  ti_sysbios_family_arm_m3_Hwi_Module__root__V                
000058ad  ti_sysbios_family_arm_m3_Hwi_Module__startupDone__F         
000058ad  ti_sysbios_family_arm_m3_Hwi_Module__startupDone__S         
20001088  ti_sysbios_family_arm_m3_Hwi_Module__state__V               
00004351  ti_sysbios_family_arm_m3_Hwi_Module_startup__E              
00007934  ti_sysbios_family_arm_m3_Hwi_NUM_INTERRUPTS__C              
00007750  ti_sysbios_family_arm_m3_Hwi_Object__DESC__C                
00007668  ti_sysbios_family_arm_m3_Hwi_Object__PARAMS__C              
00007938  ti_sysbios_family_arm_m3_Hwi_Object__count__C               
00005a3d  ti_sysbios_family_arm_m3_Hwi_Object__get__S                 
2000111c  ti_sysbios_family_arm_m3_Hwi_Object__table__V               
00005c51  ti_sysbios_family_arm_m3_Hwi_Params__init__S                
0000793c  ti_sysbios_family_arm_m3_Hwi_ccr__C                         
00003fb1  ti_sysbios_family_arm_m3_Hwi_construct                      
00005c61  ti_sysbios_family_arm_m3_Hwi_disableFxn__E                  
00004669  ti_sysbios_family_arm_m3_Hwi_disableInterrupt__E            
00003bf9  ti_sysbios_family_arm_m3_Hwi_dispatchC__I                   
20000940  ti_sysbios_family_arm_m3_Hwi_dispatchTable                  
000026d1  ti_sysbios_family_arm_m3_Hwi_dispatch__I                    
00005d29  ti_sysbios_family_arm_m3_Hwi_doSwiRestore__I                
00005d41  ti_sysbios_family_arm_m3_Hwi_doTaskRestore__I               
000046b1  ti_sysbios_family_arm_m3_Hwi_enableInterrupt__E             
00001b31  ti_sysbios_family_arm_m3_Hwi_excBusFault__I                 
00002cf1  ti_sysbios_family_arm_m3_Hwi_excDebugMon__I                 
00000041  ti_sysbios_family_arm_m3_Hwi_excDumpRegs__I                 
00005545  ti_sysbios_family_arm_m3_Hwi_excHandlerAsm__I               
00007940  ti_sysbios_family_arm_m3_Hwi_excHandlerFunc__C              
00001411  ti_sysbios_family_arm_m3_Hwi_excHandlerMax__I               
00005569  ti_sysbios_family_arm_m3_Hwi_excHandler__I                  
00002db1  ti_sysbios_family_arm_m3_Hwi_excHardFault__I                
000078e4  ti_sysbios_family_arm_m3_Hwi_excHookFuncs__A                
00007944  ti_sysbios_family_arm_m3_Hwi_excHookFuncs__C                
00001e11  ti_sysbios_family_arm_m3_Hwi_excMemFault__I                 
00004cb9  ti_sysbios_family_arm_m3_Hwi_excNmi__I                      
00004b69  ti_sysbios_family_arm_m3_Hwi_excNoIsr__I                    
000046f9  ti_sysbios_family_arm_m3_Hwi_excReserved__I                 
00004aa9  ti_sysbios_family_arm_m3_Hwi_excSvCall__I                   
00001ca9  ti_sysbios_family_arm_m3_Hwi_excUsageFault__I               
000047d1  ti_sysbios_family_arm_m3_Hwi_getStackInfo__E                
00003589  ti_sysbios_family_arm_m3_Hwi_initNVIC__E                    
00004009  ti_sysbios_family_arm_m3_Hwi_initStacks__E                  
00007948  ti_sysbios_family_arm_m3_Hwi_nullIsrFunc__C                 
e000e000  ti_sysbios_family_arm_m3_Hwi_nvic                           
00005299  ti_sysbios_family_arm_m3_Hwi_pendSV__I                      
000036a9  ti_sysbios_family_arm_m3_Hwi_postInit__I                    
0000794c  ti_sysbios_family_arm_m3_Hwi_priGroup__C                    
20000000  ti_sysbios_family_arm_m3_Hwi_ramVectors                     
00000000  ti_sysbios_family_arm_m3_Hwi_resetVectors                   
00005d49  ti_sysbios_family_arm_m3_Hwi_restoreFxn__E                  
000052bd  ti_sysbios_family_arm_m3_Hwi_return                         
00005d31  ti_sysbios_family_arm_m3_Hwi_startup__E                     
00005a51  ti_sysbios_family_arm_m3_Hwi_switchFromBootStack__E         
000028b5  ti_sysbios_family_arm_m3_TaskSupport_Module__startupDone__S 
0000361d  ti_sysbios_family_arm_m3_TaskSupport_buildTaskStack         
00005c71  ti_sysbios_family_arm_m3_TaskSupport_checkStack__E          
00005c81  ti_sysbios_family_arm_m3_TaskSupport_getStackAlignment__E   
00005b09  ti_sysbios_family_arm_m3_TaskSupport_glue                   
00007950  ti_sysbios_family_arm_m3_TaskSupport_stackAlignment__C      
00004eb9  ti_sysbios_family_arm_m3_TaskSupport_start__E               
000058c5  ti_sysbios_family_arm_m3_TaskSupport_swap__E                
20000cbc  ti_sysbios_family_arm_msp432_ClockFreqs_Module__state__V    
00005409  ti_sysbios_family_arm_msp432_ClockFreqs_setFrequency__E     
20000cd0  ti_sysbios_family_arm_msp432_Timer_Module_State_0_device__A 
20000cf0  ti_sysbios_family_arm_msp432_Timer_Module_State_0_handles__A
20000cc8  ti_sysbios_family_arm_msp432_Timer_Module__root__V          
000058dd  ti_sysbios_family_arm_msp432_Timer_Module__startupDone__F   
000058dd  ti_sysbios_family_arm_msp432_Timer_Module__startupDone__S   
20000d00  ti_sysbios_family_arm_msp432_Timer_Module__state__V         
000049e9  ti_sysbios_family_arm_msp432_Timer_Module_startup__E        
20000f74  ti_sysbios_family_arm_msp432_Timer_Object__table__V         
00005c91  ti_sysbios_family_arm_msp432_Timer_getMaxTicks__E           
00004109  ti_sysbios_family_arm_msp432_Timer_initDevice__I            
00007954  ti_sysbios_family_arm_msp432_Timer_numTimerDevices__C       
00003091  ti_sysbios_family_arm_msp432_Timer_periodicStub__E          
00004491  ti_sysbios_family_arm_msp432_Timer_postInit__I              
000044e1  ti_sysbios_family_arm_msp432_Timer_start__E                 
00007958  ti_sysbios_family_arm_msp432_Timer_startupNeeded__C         
00004a29  ti_sysbios_family_arm_msp432_Timer_startup__E               
00004161  ti_sysbios_family_arm_msp432_init_Boot_configureClocksHigh  
00005b19  ti_sysbios_family_arm_msp432_init_Boot_disableWatchdog      
00005c07  ti_sysbios_family_arm_msp432_init_Boot_init__I              
00005649  ti_sysbios_family_xxx_Hwi_switchAndRunFunc                  
00005767  ti_sysbios_gates_GateHwi_Handle__label__S                   
00005d91  ti_sysbios_gates_GateHwi_Instance_init__E                   
000076c0  ti_sysbios_gates_GateHwi_Module__FXNS__C                    
20000d0c  ti_sysbios_gates_GateHwi_Module__root__V                    
00007770  ti_sysbios_gates_GateHwi_Object__DESC__C                    
00007850  ti_sysbios_gates_GateHwi_Object__PARAMS__C                  
00004ee9  ti_sysbios_gates_GateHwi_Object__create__S                  
00005589  ti_sysbios_gates_GateHwi_Object__delete__S                  
20000d14  ti_sysbios_gates_GateHwi_Object__table__V                   
00005ca1  ti_sysbios_gates_GateHwi_enter__E                           
00005d51  ti_sysbios_gates_GateHwi_leave__E                           
00005d79  ti_sysbios_gates_GateHwi_query__E                           
0000795c  ti_sysbios_gates_GateMutex_A_badContext__C                  
00005781  ti_sysbios_gates_GateMutex_Handle__label__S                 
00007960  ti_sysbios_gates_GateMutex_Instance_State_sem__O            
00005b29  ti_sysbios_gates_GateMutex_Instance_finalize__E             
00005669  ti_sysbios_gates_GateMutex_Instance_init__E                 
000076e4  ti_sysbios_gates_GateMutex_Module__FXNS__C                  
00007964  ti_sysbios_gates_GateMutex_Module__diagsEnabled__C          
00007968  ti_sysbios_gates_GateMutex_Module__diagsIncluded__C         
0000796c  ti_sysbios_gates_GateMutex_Module__diagsMask__C             
00007a9a  ti_sysbios_gates_GateMutex_Module__id__C                    
20000d18  ti_sysbios_gates_GateMutex_Module__root__V                  
[...]
00005b69  osi_TaskDisable                                             
00005b69  ti_sysbios_knl_Task_disable__E                              
00005b79  xdc_runtime_Gate_leaveSystem__E                             
00005b89  xdc_runtime_Memory_free__E                                  
00005b99  xdc_runtime_SysMin_ready__E                                 
00005b99  xdc_runtime_System_SupportProxy_ready__E                    
00005ba9  xdc_runtime_System_vsnprintf__E                             
00005bb9  xdc_runtime_Text_visitRope__I                               
00005bc9  HwiP_Params_init                                            
00005bd7  __TI_decompress_none                                        
00005be9  ti_sysbios_knl_Idle_loop__E                                 
00005bf9  ti_sysbios_knl_Queue_empty__E                               
00005c07  ti_sysbios_family_arm_msp432_init_Boot_init__I              
00005c07  xdc_runtime_Startup_reset__I                                
00005c13  CPU_cpsid                                                   
00005c1f  CPU_cpsie                                                   
00005c2d  PCM_getPowerState                                           
00005c39  Power_getConstraintMask                                     
00005c45  __TI_zero_init                                              
00005c51  ti_sysbios_family_arm_m3_Hwi_Params__init__S                
00005c51  ti_sysbios_hal_Hwi_HwiProxy_Params__init__S                 
00005c61  ti_sysbios_family_arm_m3_Hwi_disableFxn__E                  
00005c61  ti_sysbios_hal_Hwi_HwiProxy_disable__E                      
00005c71  ti_sysbios_family_arm_m3_TaskSupport_checkStack__E          
00005c71  ti_sysbios_knl_Task_SupportProxy_checkStack__E              
00005c81  ti_sysbios_family_arm_m3_TaskSupport_getStackAlignment__E   
00005c81  ti_sysbios_knl_Task_SupportProxy_getStackAlignment__E       
00005c91  ti_sysbios_family_arm_msp432_Timer_getMaxTicks__E           
00005ca1  ti_sysbios_gates_GateHwi_enter__E                           
00005cad  ti_sysbios_knl_Queue_Object__get__S                         
00005cb9  ti_sysbios_knl_Task_Params__init__S                         
00005cc5  xdc_runtime_Error_init__E                                   
00005cd1  xdc_runtime_Gate_enterSystem__E                             
00005cdd  xdc_runtime_Memory_calloc__E                                
00005ce9  xdc_runtime_Memory_getMaxDefaultTypeAlign__E                
00005cf5  xdc_runtime_Memory_HeapProxy_alloc__E                       
00005cff  xdc_runtime_Memory_HeapProxy_free__E                        
00005d09  MSP_EXP432P401R_initGPIO                                    
00005d11  MSP_EXP432P401R_initGeneral                                 
00005d19  PCM_setPowerMode                                            
00005d21  PCM_setPowerState                                           
00005d29  ti_sysbios_family_arm_m3_Hwi_doSwiRestore__I                
00005d31  ti_sysbios_family_arm_m3_Hwi_startup__E                     
00005d31  ti_sysbios_hal_Hwi_HwiProxy_startup__E                      
00005d39  __TI_decompress_rle24                                       
00005d41  ti_sysbios_family_arm_m3_Hwi_doTaskRestore__I               
00005d49  HwiP_restore                                                
00005d49  ti_sysbios_family_arm_m3_Hwi_restoreFxn__E                  
00005d49  ti_sysbios_hal_Hwi_HwiProxy_restore__E                      
00005d51  ti_sysbios_gates_GateHwi_leave__E                           
00005d59  ti_sysbios_heaps_HeapMem_isBlocking__E                      
00005d61  ti_sysbios_knl_Queue_Instance_init__E                       
00005d69  ti_sysbios_knl_Swi_startup__E                               
00005d6f  xdc_runtime_System_Module_startup__E                        
00005d79  ti_sysbios_gates_GateHwi_query__E                           
00005d79  xdc_runtime_Main_Module_GateProxy_query__E                  
00005d79  xdc_runtime_System_Module_GateProxy_query__E                
00005d81  ti_sysbios_BIOS_RtsGateProxy_query__E                       
00005d81  ti_sysbios_gates_GateMutex_query__E                         
00005d81  ti_sysbios_heaps_HeapMem_Module_GateProxy_query__E          
00005d89  ti_sysbios_knl_Task_startup__E                              
00005d91  ti_sysbios_gates_GateHwi_Instance_init__E                   
00005d99  ti_sysbios_knl_Clock_logTick__E                             
00005d9c  xdc_runtime_Text_charTab__A                                 
00007533  xdc_runtime_Error_policy__C                                 
00007534  xdc_runtime_Text_nodeTab__A                                 
0000762c  ti_sysbios_knl_Task_Object__PARAMS__C                       
00007668  ti_sysbios_family_arm_m3_Hwi_Object__PARAMS__C              
00007698  ti_sysbios_heaps_HeapMem_Module__FXNS__C                    
000076c0  ti_sysbios_gates_GateHwi_Module__FXNS__C                    
000076e4  ti_sysbios_gates_GateMutex_Module__FXNS__C                  
00007708  ti_sysbios_heaps_HeapMem_Object__PARAMS__C                  
0000772c  ti_sysbios_knl_Semaphore_Object__PARAMS__C                  
00007750  ti_sysbios_family_arm_m3_Hwi_Object__DESC__C                
00007770  ti_sysbios_gates_GateHwi_Object__DESC__C                    
00007790  ti_sysbios_gates_GateMutex_Object__DESC__C                  
000077b0  ti_sysbios_heaps_HeapMem_Object__DESC__C                    
000077d0  ti_sysbios_knl_Queue_Object__DESC__C                        
000077f0  ti_sysbios_knl_Semaphore_Object__DESC__C                    
00007810  ti_sysbios_knl_Task_Object__DESC__C                         
00007830  xdc_runtime_Startup_sfxnTab__A                              
00007850  ti_sysbios_gates_GateHwi_Object__PARAMS__C                  
00007868  ti_sysbios_gates_GateMutex_Object__PARAMS__C                
00007880  ti_sysbios_knl_Queue_Object__PARAMS__C                      
00007898  GPIOMSP432_config                                           
000078ac  PowerMSP432_config                                          
000078bc  xdc_runtime_Startup_sfxnRts__A                              
000078d8  xdc_runtime_Startup_firstFxns__A                            
000078e4  ti_sysbios_family_arm_m3_Hwi_excHookFuncs__A                
000078ec  ti_sysbios_knl_Idle_funcList__A                             
000078f4  ti_sysbios_knl_Idle_funcList__C                             
000078fc  xdc_runtime_Startup_firstFxns__C                            
00007904  xdc_runtime_Startup_lastFxns__C                             
0000790c  ti_sysbios_family_arm_m3_Hwi_E_NMI__C                       
00007910  ti_sysbios_family_arm_m3_Hwi_E_alreadyDefined__C            
00007914  ti_sysbios_family_arm_m3_Hwi_E_busFault__C                  
00007918  ti_sysbios_family_arm_m3_Hwi_E_debugMon__C                  
0000791c  ti_sysbios_family_arm_m3_Hwi_E_hardFault__C                 
00007920  ti_sysbios_family_arm_m3_Hwi_E_memFault__C                  
00007924  ti_sysbios_family_arm_m3_Hwi_E_noIsr__C                     
00007928  ti_sysbios_family_arm_m3_Hwi_E_reserved__C                  
0000792c  ti_sysbios_family_arm_m3_Hwi_E_svCall__C                    
00007930  ti_sysbios_family_arm_m3_Hwi_E_usageFault__C                
00007934  ti_sysbios_family_arm_m3_Hwi_NUM_INTERRUPTS__C              
00007938  ti_sysbios_family_arm_m3_Hwi_Object__count__C               
0000793c  ti_sysbios_family_arm_m3_Hwi_ccr__C                         
00007940  ti_sysbios_family_arm_m3_Hwi_excHandlerFunc__C              
00007944  ti_sysbios_family_arm_m3_Hwi_excHookFuncs__C                
00007948  ti_sysbios_family_arm_m3_Hwi_nullIsrFunc__C                 
0000794c  ti_sysbios_family_arm_m3_Hwi_priGroup__C                    
00007950  ti_sysbios_family_arm_m3_TaskSupport_stackAlignment__C      
00007954  ti_sysbios_family_arm_msp432_Timer_numTimerDevices__C       
00007958  ti_sysbios_family_arm_msp432_Timer_startupNeeded__C         
0000795c  ti_sysbios_gates_GateMutex_A_badContext__C                  
00007960  ti_sysbios_gates_GateMutex_Instance_State_sem__O            
00007964  ti_sysbios_gates_GateMutex_Module__diagsEnabled__C          
00007968  ti_sysbios_gates_GateMutex_Module__diagsIncluded__C         
0000796c  ti_sysbios_gates_GateMutex_Module__diagsMask__C             
00007970  ti_sysbios_hal_Hwi_E_stackOverflow__C                       
00007974  ti_sysbios_heaps_HeapMem_A_align__C                         
00007978  ti_sysbios_heaps_HeapMem_A_heapSize__C                      
0000797c  ti_sysbios_heaps_HeapMem_A_invalidFree__C                   
00007980  ti_sysbios_heaps_HeapMem_A_zeroBlock__C                     
00007984  ti_sysbios_heaps_HeapMem_E_memory__C                        
00007988  ti_sysbios_heaps_HeapMem_Module__diagsEnabled__C            
0000798c  ti_sysbios_heaps_HeapMem_Module__diagsIncluded__C           
00007990  ti_sysbios_heaps_HeapMem_Module__diagsMask__C               
00007994  ti_sysbios_heaps_HeapMem_Module__gateObj__C                 
00007998  ti_sysbios_heaps_HeapMem_Object__count__C                   
0000799c  ti_sysbios_heaps_HeapMem_reqAlign__C                        
000079a0  ti_sysbios_knl_Clock_Module_State_clockQ__O                 
000079a4  ti_sysbios_knl_Semaphore_A_badContext__C                    
000079a8  ti_sysbios_knl_Semaphore_A_noEvents__C                      
000079ac  ti_sysbios_knl_Semaphore_A_overflow__C                      
000079b0  ti_sysbios_knl_Semaphore_A_pendTaskDisabled__C              
000079b4  ti_sysbios_knl_Semaphore_Instance_State_pendQ__O            
000079b8  ti_sysbios_knl_Semaphore_Module__diagsEnabled__C            
000079bc  ti_sysbios_knl_Semaphore_Module__diagsIncluded__C           
000079c0  ti_sysbios_knl_Semaphore_Module__diagsMask__C               
000079c4  ti_sysbios_knl_Swi_Object__count__C                         
000079c8  ti_sysbios_knl_Task_A_badPriority__C                        
000079cc  ti_sysbios_knl_Task_A_badTaskState__C                       
000079d0  ti_sysbios_knl_Task_A_badThreadType__C                      
000079d4  ti_sysbios_knl_Task_A_badTimeout__C                         
000079d8  ti_sysbios_knl_Task_A_noPendElem__C                         
000079dc  ti_sysbios_knl_Task_A_sleepTaskDisabled__C                  
000079e0  ti_sysbios_knl_Task_E_spOutOfBounds__C                      
000079e4  ti_sysbios_knl_Task_E_stackOverflow__C                      
000079e8  ti_sysbios_knl_Task_Module_State_inactiveQ__O               
000079ec  ti_sysbios_knl_Task_Module__diagsEnabled__C                 
000079f0  ti_sysbios_knl_Task_Module__diagsIncluded__C                
000079f4  ti_sysbios_knl_Task_Module__diagsMask__C                    
000079f8  ti_sysbios_knl_Task_Object__count__C                        
000079fc  ti_sysbios_knl_Task_allBlockedFunc__C                       
00007a00  ti_sysbios_knl_Task_defaultStackHeap__C                     
00007a04  ti_sysbios_knl_Task_defaultStackSize__C                     
00007a08  ti_sysbios_knl_Task_numConstructedTasks__C                  
00007a0c  xdc_runtime_Assert_E_assertFailed__C                        
00007a10  xdc_runtime_Core_A_initializedParams__C                     
00007a14  xdc_runtime_Core_Module__diagsEnabled__C                    
00007a18  xdc_runtime_Core_Module__diagsIncluded__C                   
00007a1c  xdc_runtime_Core_Module__diagsMask__C                       
00007a20  xdc_runtime_Error_E_memory__C                               
00007a24  xdc_runtime_Error_Module__diagsEnabled__C                   
00007a28  xdc_runtime_Error_Module__diagsIncluded__C                  
00007a2c  xdc_runtime_Error_Module__diagsMask__C                      
00007a30  xdc_runtime_Error_Module__loggerFxn8__C                     
00007a34  xdc_runtime_Error_Module__loggerObj__C                      
00007a38  xdc_runtime_Error_policyFxn__C                              
00007a3c  xdc_runtime_Error_raiseHook__C                              
00007a40  xdc_runtime_IGateProvider_Interface__BASE__C                
00007a44  xdc_runtime_IHeap_Interface__BASE__C                        
00007a48  xdc_runtime_IModule_Interface__BASE__C                      
00007a4c  xdc_runtime_Log_L_error__C                                  
00007a50  xdc_runtime_Memory_defaultHeapInstance__C                   
00007a54  xdc_runtime_Startup_execImpl__C                             
00007a58  xdc_runtime_Startup_maxPasses__C                            
00007a5c  xdc_runtime_Startup_sfxnRts__C                              
00007a60  xdc_runtime_Startup_sfxnTab__C                              
00007a64  xdc_runtime_SysMin_bufSize__C                               
00007a68  xdc_runtime_SysMin_outputFunc__C                            
00007a6c  xdc_runtime_System_Module__gateObj__C                       
00007a70  xdc_runtime_System_abortFxn__C                              
00007a74  xdc_runtime_System_exitFxn__C                               
00007a78  xdc_runtime_System_extendFxn__C                             
00007a7c  xdc_runtime_System_maxAtexitHandlers__C                     
00007a80  xdc_runtime_Text_charTab__C                                 
00007a84  xdc_runtime_Text_nameEmpty__C                               
00007a88  xdc_runtime_Text_nameStatic__C                              
00007a8c  xdc_runtime_Text_nameUnknown__C                             
00007a90  xdc_runtime_Text_nodeTab__C                                 
00007a94  xdc_runtime_Text_visitRopeFxn__C                            
00007a98  ti_sysbios_family_arm_m3_Hwi_Module__id__C                  
00007a9a  ti_sysbios_gates_GateMutex_Module__id__C                    
00007a9c  ti_sysbios_hal_Hwi_Module__id__C                            
00007a9e  ti_sysbios_heaps_HeapMem_Module__id__C                      
00007aa0  ti_sysbios_knl_Semaphore_Module__id__C                      
00007aa2  ti_sysbios_knl_Task_Module__id__C                           
00007aa4  xdc_runtime_Core_Module__id__C                              
00007aa6  xdc_runtime_Error_Module__loggerDefined__C                  
00007aa8  xdc_runtime_Error_maxDepth__C                               
00007aaa  xdc_runtime_Memory_Module__id__C                            
00007aac  xdc_runtime_SysMin_flushAtExit__C                           
00007aae  xdc_runtime_Text_charCnt__C                                 
00007ab0  xdc_runtime_Text_isLoaded__C                                
00007ab2  xdc_runtime_Text_registryModsLastId__C                      
00007ab4  xdc_runtime_Text_unnamedModsLastId__C                       
00007ab8  __TI_static_base__                                          
00007ecc  __TI_Handler_Table_Base                                     
00007ed8  __TI_Handler_Table_Limit                                    
00007ee8  __TI_CINIT_Base                                             
00007f00  __TI_CINIT_Limit                                            
20000000  ti_sysbios_family_arm_m3_Hwi_ramVectors                     
20000140  ti_sysbios_heaps_HeapMem_Instance_State_0_buf__A            
20000540  task0Stack                                                  
20000740  ti_sysbios_knl_Task_Instance_State_0_stack__A               
20000940  ti_sysbios_family_arm_m3_Hwi_dispatchTable                  
20000a80  __CIOBUF_                                                   
20000ba0  xdc_runtime_SysMin_Module_State_0_outbuf__A                 
20000c20  task0Struct                                                 
20000ca8  ti_sysbios_family_arm_m3_Hwi_Module__root__V                
20000cb0  ti_sysbios_family_arm_m3_Hwi_Module_State_0_excActive__A    
20000cb4  ti_sysbios_family_arm_m3_Hwi_Module_State_0_excContext__A   
20000cb8  ti_sysbios_family_arm_m3_Hwi_Module_State_0_excStack__A     
20000cbc  ti_sysbios_family_arm_msp432_ClockFreqs_Module__state__V    
20000cc8  ti_sysbios_family_arm_msp432_Timer_Module__root__V          
20000cd0  ti_sysbios_family_arm_msp432_Timer_Module_State_0_device__A 
20000cf0  ti_sysbios_family_arm_msp432_Timer_Module_State_0_handles__A
20000d00  ti_sysbios_family_arm_msp432_Timer_Module__state__V         
20000d0c  ti_sysbios_gates_GateHwi_Module__root__V                    
20000d14  ti_sysbios_gates_GateHwi_Object__table__V                   
20000d18  ti_sysbios_gates_GateMutex_Module__root__V                  
20000d20  ti_sysbios_hal_Hwi_Module__root__V                          
20000d28  ti_sysbios_hal_Hwi_Object__table__V                         
20000d30  ti_sysbios_heaps_HeapMem_Module__root__V                    
20000d38  ti_sysbios_heaps_HeapMem_Object__table__V                   
20000d50  ti_sysbios_knl_Clock_Module__root__V                        
20000d58  ti_sysbios_knl_Queue_Module__root__V                        
20000d60  ti_sysbios_knl_Semaphore_Module__root__V                    
20000d68  ti_sysbios_knl_Swi_Module__root__V                          
20000d70  ti_sysbios_knl_Swi_Module__state__V                         
20000d8c  ti_sysbios_knl_Task_Module__root__V                         
20000d94  ti_sysbios_knl_Task_Module_State_0_idleTask__A              
20000d98  xdc_runtime_Error_Module__state__V                          
20000d9c  xdc_runtime_Memory_Module__state__V                         
20000da0  xdc_runtime_Registry_Module__state__V                       
20000da8  xdc_runtime_Startup_Module__state__V                        
20000db0  xdc_runtime_SysMin_Module__state__V                         
20000dbc  xdc_runtime_System_Module_State_0_atexitHandlers__A         
20000dc4  xdc_runtime_System_Module__state__V                         
20000dcc  xdc_runtime_Text_Module__state__V                           
20000dd4  __xdc__init__addr                                           
20000dd8  PowerMSP432_perfLevels                                      
20000e74  ti_sysbios_knl_Swi_Module_State_0_readyQ__A                 
20000ef4  ti_sysbios_knl_Task_Module_State_0_readyQ__A                
20000f74  ti_sysbios_family_arm_msp432_Timer_Object__table__V         
20000fc0  ti_sysbios_knl_Task_Object__table__V                        
2000100c  ti_sysbios_knl_Task_Module__state__V                        
20001050  ti_sysbios_gates_GateMutex_Object__table__V                 
20001088  ti_sysbios_family_arm_m3_Hwi_Module__state__V               
2000111c  ti_sysbios_family_arm_m3_Hwi_Object__table__V               
2000114c  ti_sysbios_knl_Swi_Object__table__V                         
2000117c  ti_sysbios_knl_Clock_Module__state__V                       
200011a8  PowerMSP432_module                                          
200011cc  ti_sysbios_BIOS_Module__state__V                            
200011f4  gpioPinConfigs                                              
20001204  gpioCallbackFunctions                                       
2000120c  _lock                                                       
20001210  _unlock                                                     
20001214  __TI_cleanup_ptr                                            
20001218  __TI_dtors_ptr                                              
2000121c  main_func_sp                                                
2000fd00  __stack                                                     
20010000  __STACK_END                                                 
4000480c  WDTCTL_SYM                                                  
e000e000  ti_sysbios_family_arm_m3_Hwi_nvic                           
ffffffff  __binit__                                                   
ffffffff  __c_args__                                                  
ffffffff  binit                                                       
UNDEFED   SHT$$INIT_ARRAY$$Base                                       
UNDEFED   SHT$$INIT_ARRAY$$Limit                                      

[589 symbols]
