******************************************************************************
                  TI ARM Linker PC v5.2.5                      
******************************************************************************
>> Linked Mon Apr 18 23:59:21 2016

OUTPUT FILE NAME:   <ChallengeAssignmentThree.out>
ENTRY POINT SYMBOL: "_c_int00"  address: 00006e39


MEMORY CONFIGURATION

         name            origin    length      used     unused   attr    fill
----------------------  --------  ---------  --------  --------  ----  --------
  MAIN                  00000000   00040000  0000c079  00033f87  R  X
  INFO                  00200000   00004000  00000000  00004000  R  X
  SRAM_CODE             01000000   00010000  00000000  00010000  RW X
  SRAM_DATA             20000000   00010000  0000316b  0000ce95  RW  


SEGMENT ALLOCATION MAP

run origin  load origin   length   init length attrs members
----------  ----------- ---------- ----------- ----- -------
00000000    00000000    0000c080   0000c080    r-x
  00000000    00000000    0000003c   0000003c    r-- .resetVecs
  00000040    00000040    0000962a   0000962a    r-x .text
  0000966c    0000966c    0000244b   0000244b    r-- .const
  0000bab8    0000bab8    000005c8   000005c8    r-- .cinit
20000000    20000000    00002e6d   00000000    rw-
  20000000    20000000    00000140   00000000    rw- .vecs
  20000140    20000140    0000246e   00000000    rw- .bss
  200025b0    200025b0    000008bd   00000000    rw- .data
2000fd00    2000fd00    00000300   00000000    rw-
  2000fd00    2000fd00    00000300   00000000    rw- .stack


SECTION ALLOCATION MAP

 output                                  attributes/
section   page    origin      length       input sections
--------  ----  ----------  ----------   ----------------
.text      0    00000040    0000962a     
                  00000040    000010ba     rtsv7M4_T_le_v4SPD16_eabi.lib : _printfi.obj (.text)
                  000010fa    0000047e     string.obj (.text:Graphics_drawString)
                  00001578    00000430     sysbios.aem4f : BIOS.obj (.text:ti_sysbios_family_arm_m3_Hwi_excDumpRegs__I)
                  000019a8    0000034c     ti.targets.arm.rtsarm.aem4f : System.oem4f (.text:xdc_runtime_System_doPrint__I)
                  00001cf4    000002d4     rtsv7M4_T_le_v4SPD16_eabi.lib : trgdrv.obj (.text)
                  00001fc8    000002ac     sysbios.aem4f : BIOS.obj (.text:ti_sysbios_knl_Semaphore_pend__E)
                  00002274    00000004     msp432p4xx_driverlib.lib : cpu.o (.text:CPU_wfi)
                  00002278    00000254     sysbios.aem4f : BIOS.obj (.text:ti_sysbios_heaps_HeapMem_free__E)
                  000024cc    00000004     msp432p4xx_driverlib.lib : spi.o (.text:EUSCI_A_SPI_transmitData)
                  000024d0    00000248     sysbios.aem4f : BIOS.obj (.text:ti_sysbios_heaps_HeapMem_alloc__E)
                  00002718    0000022c                   : BIOS.obj (.text:ti_sysbios_knl_Task_Instance_finalize__E)
                  00002944    00000004     msp432p4xx_driverlib.lib : spi.o (.text:EUSCI_B_SPI_transmitData)
                  00002948    000001fc     sysbios.aem4f : BIOS.obj (.text:ti_sysbios_family_arm_m3_Hwi_excHandlerMax__I)
                  00002b44    000001f4     rtsv7M4_T_le_v4SPD16_eabi.lib : ull_div_t2.obj (.text)
                  00002d38    000001ce     Crystalfontz128x128_ST7735.obj (.text:Crystalfontz128x128_PixelDrawMultiple)
                  00002f06    00000002     power_tirtos_MSP432P401R.aem4f : PowerMSP432_tirtos.oem4f (.text:PowerMSP432_initPolicy)
                  00002f08    000001c8     sysbios.aem4f : BIOS.obj (.text:ti_sysbios_knl_Task_Instance_init__E)
                  000030d0    000001b8                   : BIOS.obj (.text:ti_sysbios_knl_Task_sleep__E)
                  00003288    000001b6     rtsv7M4_T_le_v4SPD16_eabi.lib : fd_add_t2.obj (.text)
                  0000343e    000001a0     msp432p4xx_driverlib.lib : pcm.o (.text:__PCM_setPowerStateAdvanced)
                  000035de    00000002     rtsv7M4_T_le_v4SPD16_eabi.lib : i_div0.obj (.text)
                  000035e0    00000174     sysbios.aem4f : BIOS.obj (.text:ti_sysbios_family_arm_m3_Hwi_excBusFault__I)
                  00003754    00000170     adc14.obj (.text:display_accel)
                  000038c4    00000004     tirtosport.aem4f : HwiP_tirtos.oem4f (.text:HwiP_disable)
                  000038c8    00000164     sysbios.aem4f : BIOS.obj (.text:ti_sysbios_family_arm_m3_Hwi_excUsageFault__I)
                  00003a2c    00000154     msp432p4xx_driverlib.lib : adc14.o (.text:_getIndexForMemRegister)
                  00003b80    00000148     sysbios.aem4f : BIOS.obj (.text:ti_sysbios_family_arm_m3_Hwi_excMemFault__I)
                  00003cc8    00000140     drivers_MSP432P401R.aem4f : GPIOMSP432.oem4f (.text:GPIO_setConfig)
                  00003e08    0000013c     sysbios.aem4f : BIOS.obj (.text:ti_sysbios_heaps_HeapMem_Instance_init__E)
                  00003f44    00000136     rtsv7M4_T_le_v4SPD16_eabi.lib : fd_div_t2.obj (.text)
                  0000407a    00000002     empty_pem4f.oem4f (.text:ti_sysbios_BIOS_nullFunc__I)
                  0000407c    00000134     Crystalfontz128x128_ST7735.obj (.text:Crystalfontz128x128_SetDrawFrame)
                  000041b0    0000012c     Crystalfontz128x128_ST7735.obj (.text:Crystalfontz128x128_Init)
                  000042dc    00000124     uartTransmission.obj (.text:uart_task)
                  00004400    00000118     ti.targets.arm.rtsarm.aem4f : Error.oem4f (.text:xdc_runtime_Error_policyDefault__E)
                  00004518    00000110     rtsv7M4_T_le_v4SPD16_eabi.lib : xdscale.obj (.text)
                  00004628    00000100     ti.targets.arm.rtsarm.aem4f : Core-mem.oem4f (.text:xdc_runtime_Core_createObject__I)
                  00004728    000000fc     rtsv7M4_T_le_v4SPD16_eabi.lib : fd_mul_t2.obj (.text)
                  00004824    000000fa     string.obj (.text:Graphics_getStringWidth)
                  0000491e    00000002     --HOLE-- [fill = 0]
                  00004920    000000f8     ti.targets.arm.rtsarm.aem4f : Startup.oem4f (.text:xdc_runtime_Startup_startMods__I)
                  00004a18    000000f8     empty_pem4f.oem4f (.text:xdc_runtime_System_printfExtend__I)
                  00004b10    000000f4     drivers_MSP432P401R.aem4f : PowerMSP432.oem4f (.text:Power_sleep)
                  00004c04    000000f4     sysbios.aem4f : m3_Hwi_asm.obj (.text:ti_sysbios_family_arm_m3_Hwi_dispatch__I)
                  00004cf8    000000f0     drivers_MSP432P401R.aem4f : PowerMSP432.oem4f (.text:initPerfControl)
                  00004de8    000000ec     sysbios.aem4f : BIOS.obj (.text:ti_sysbios_knl_Semaphore_post__E)
                  00004ed4    000000e8     adc14.obj (.text:initADC)
                  00004fbc    000000e0     msp432p4xx_driverlib.lib : cs.o (.text:CS_initClockSignal)
                  0000509c    000000e0     empty.obj (.text:main)
                  0000517c    000000dc     msp432p4xx_driverlib.lib : pcm.o (.text:__PCM_setPowerModeAdvanced)
                  00005258    000000cc     ti.targets.arm.rtsarm.aem4f : Core-smem.oem4f (.text:xdc_runtime_Core_constructObject__I)
                  00005324    000000be     rtsv7M4_T_le_v4SPD16_eabi.lib : xdnorm.obj (.text)
                  000053e2    00000006     ti.targets.arm.rtsarm.aem4f : xdc_noinit.oem4f (.text:__xdc__init)
                  000053e8    000000bc     sysbios.aem4f : BIOS.obj (.text:ti_sysbios_family_arm_m3_Hwi_excDebugMon__I)
                  000054a4    00000004     drivers_MSP432P401R.aem4f : List.oem4f (.text:List_head)
                  000054a8    000000bc     sysbios.aem4f : BIOS.obj (.text:ti_sysbios_family_arm_m3_Hwi_excHardFault__I)
                  00005564    00000004     drivers_MSP432P401R.aem4f : List.oem4f (.text:List_next)
                  00005568    000000b4     sysbios.aem4f : BIOS.obj (.text:ti_sysbios_gates_GateMutex_enter__E)
                  0000561c    00000004     empty_pem4f.oem4f (.text:ti_sysbios_BIOS_RtsGateProxy_enter__E)
                  00005620    000000b4     sysbios.aem4f : BIOS.obj (.text:ti_sysbios_knl_Task_checkStacks__E)
                  000056d4    000000b0     msp432p4xx_driverlib.lib : pcm.o (.text:__PCM_setCoreVoltageLevelAdvanced)
                  00005784    00000004     empty_pem4f.oem4f (.text:ti_sysbios_BIOS_RtsGateProxy_leave__E)
                  00005788    000000a8     sysbios.aem4f : BIOS.obj (.text:ti_sysbios_family_arm_msp432_Timer_periodicStub__E)
                  00005830    000000a0     auto_init.aem4f : auto_init.oem4f (.text)
                  000058d0    000000a0     ti.targets.arm.rtsarm.aem4f : Text.oem4f (.text:xdc_runtime_Text_putMod__E)
                  00005970    0000009c     Crystalfontz128x128_ST7735.obj (.text:Crystalfontz128x128_RectFill)
                  00005a0c    0000009c     line.obj (.text:Graphics_drawLineH)
                  00005aa8    0000009c     rtsv7M4_T_le_v4SPD16_eabi.lib : memcpy_t2.obj (.text)
                  00005b44    00000004     empty_pem4f.oem4f (.text:ti_sysbios_family_arm_m3_TaskSupport_Module__startupDone__S)
                  00005b48    0000009c     sysbios.aem4f : BIOS.obj (.text:ti_sysbios_knl_Semaphore_Instance_init__E)
                  00005be4    00000004     empty_pem4f.oem4f (.text:ti_sysbios_heaps_HeapMem_Module_GateProxy_enter__E)
                  00005be8    0000009c     sysbios.aem4f : BIOS.obj (.text:ti_sysbios_knl_Task_postInit__I)
                  00005c84    0000009a     ti.targets.arm.rtsarm.aem4f : Text.oem4f (.text:xdc_runtime_Text_putSite__E)
                  00005d1e    00000002     --HOLE-- [fill = 0]
                  00005d20    00000094     sysbios.aem4f : BIOS.obj (.text:ti_sysbios_family_arm_m3_Hwi_Instance_init__E)
                  00005db4    00000004     empty_pem4f.oem4f (.text:ti_sysbios_heaps_HeapMem_Module_GateProxy_leave__E)
                  00005db8    00000094     sysbios.aem4f : BIOS.obj (.text:ti_sysbios_family_arm_m3_Hwi_initNVIC__E)
                  00005e4c    0000008c                   : m3_TaskSupport_asm.obj (.text:ti_sysbios_family_arm_m3_TaskSupport_buildTaskStack)
                  00005ed8    00000088     msp432p4xx_driverlib.lib : spi.o (.text:SPI_initMaster)
                  00005f60    00000088     sysbios.aem4f : BIOS.obj (.text:ti_sysbios_family_arm_msp432_Timer_Module_startup__E)
                  00005fe8    00000088                   : BIOS.obj (.text:ti_sysbios_knl_Mailbox_post__E)
                  00006070    00000086     rtsv7M4_T_le_v4SPD16_eabi.lib : fd_cmp_t2.obj (.text:__aeabi_cdcmple)
                  000060f6    00000086                                   : fd_cmp_t2.obj (.text:__aeabi_cdrcmple)
                  0000617c    00000004     empty_pem4f.oem4f (.text:ti_sysbios_knl_Clock_TimerProxy_getMaxTicks__E)
                  00006180    00000084     sysbios.aem4f : BIOS.obj (.text:ti_sysbios_family_arm_m3_Hwi_postInit__I)
                  00006204    0000007c     msp432p4xx_driverlib.lib : pcm.o (.text:PCM_gotoLPM3)
                  00006280    0000007a     rtsv7M4_T_le_v4SPD16_eabi.lib : memset_t2.obj (.text)
                  000062fa    00000002     --HOLE-- [fill = 0]
                  000062fc    00000074     button.obj (.text:buttonInit)
                  00006370    00000074     sysbios.aem4f : BIOS.obj (.text:ti_sysbios_knl_Mailbox_pend__E)
                  000063e4    0000006d     ti.targets.arm.rtsarm.aem4f : System.oem4f (.text:xdc_runtime_System_formatNum__I)
                  00006451    00000003     --HOLE-- [fill = 0]
                  00006454    0000006c     button.obj (.text:button_task)
                  000064c0    0000006c     sysbios.aem4f : BIOS.obj (.text:ti_sysbios_knl_Clock_workFunc__E)
                  0000652c    00000004     empty_pem4f.oem4f (.text:ti_sysbios_knl_Queue_destruct)
                  00006530    0000006c     sysbios.aem4f : BIOS.obj (.text:ti_sysbios_knl_Swi_restoreHwi__E)
                  0000659c    00000004     empty_pem4f.oem4f (.text:ti_sysbios_knl_Semaphore_destruct)
                  000065a0    0000006c     sysbios.aem4f : BIOS.obj (.text:ti_sysbios_knl_Task_exit__E)
                  0000660c    0000006c     ti.targets.arm.rtsarm.aem4f : Error.oem4f (.text:xdc_runtime_Error_print__E)
                  00006678    0000006c                                 : Memory.oem4f (.text:xdc_runtime_Memory_alloc__E)
                  000066e4    0000006a     rtsv7M4_T_le_v4SPD16_eabi.lib : copy_decompress_rle.obj (.text)
                  0000674e    00000002     --HOLE-- [fill = 0]
                  00006750    00000068     adc14.obj (.text:ADC14_IRQHandler)
                  000067b8    00000068     rtsv7M4_T_le_v4SPD16_eabi.lib : trgmsg.obj (.text)
                  00006820    00000066                                   : xdunscal.obj (.text)
                  00006886    00000066     ti.targets.arm.rtsarm.aem4f : Core-mem.oem4f (.text:xdc_runtime_Core_deleteObject__I)
                  000068ec    00000064     msp432p4xx_driverlib.lib : interrupt.o (.text:Interrupt_enableInterrupt)
                  00006950    00000064     uartTransmission.obj (.text:initUart)
                  000069b4    00000004     ti.targets.arm.rtsarm.aem4f : Error.oem4f (.text:xdc_runtime_Error_getSite__E)
                  000069b8    00000064     sysbios.aem4f : BIOS.obj (.text:ti_sysbios_family_arm_m3_Hwi_dispatchC__I)
                  00006a1c    00000062     tirtosport.aem4f : HwiP_tirtos.oem4f (.text:HwiP_create)
                  00006a7e    00000060     Crystalfontz128x128_ST7735.obj (.text:Crystalfontz128x128_LineDrawH)
                  00006ade    00000060     Crystalfontz128x128_ST7735.obj (.text:Crystalfontz128x128_LineDrawV)
                  00006b3e    00000002     --HOLE-- [fill = 0]
                  00006b40    00000060     rtsv7M4_T_le_v4SPD16_eabi.lib : sprintf.obj (.text)
                  00006ba0    00000060     sysbios.aem4f : BIOS.obj (.text:ti_sysbios_knl_Task_schedule__I)
                  00006c00    0000005c     drivers_MSP432P401R.aem4f : GPIOMSP432.oem4f (.text:GPIO_init)
                  00006c5c    00000004     empty_pem4f.oem4f (.text:xdc_runtime_System_Module_GateProxy_enter__E)
                  00006c60    0000005c     sysbios.aem4f : BIOS.obj (.text:ti_sysbios_knl_Swi_run__I)
                  00006cbc    00000004     empty_pem4f.oem4f (.text:xdc_runtime_System_Module_GateProxy_leave__E)
                  00006cc0    0000005c     sysbios.aem4f : BIOS.obj (.text:ti_sysbios_knl_Swi_schedule__I)
                  00006d1c    00000004     ti.targets.arm.rtsarm.aem4f : System.oem4f (.text:xdc_runtime_System_aprintf_va__F)
                  00006d20    0000005c     sysbios.aem4f : BIOS.obj (.text:ti_sysbios_knl_Task_Module_startup__E)
                  00006d7c    00000004     ti.targets.arm.rtsarm.aem4f : System.oem4f (.text:xdc_runtime_System_printf_va__F)
                  00006d80    0000005c     sysbios.aem4f : BIOS.obj (.text:ti_sysbios_knl_Task_startCore__E)
                  00006ddc    0000005b     ti.targets.arm.rtsarm.aem4f : Text.oem4f (.text:xdc_runtime_Text_putLab__E)
                  00006e37    00000001     --HOLE-- [fill = 0]
                  00006e38    00000058     boot.aem4f : boot.oem4f (.text)
                  00006e90    00000058     empty_pem4f.oem4f (.text:ti_sysbios_family_arm_m3_Hwi_construct)
                  00006ee8    00000058     sysbios.aem4f : m3_Hwi_asm_switch.obj (.text:ti_sysbios_family_arm_m3_Hwi_initStacks__E)
                  00006f40    00000056     rtsv7M4_T_le_v4SPD16_eabi.lib : ltoa.obj (.text)
                  00006f96    00000002     --HOLE-- [fill = 0]
                  00006f98    00000054     Crystalfontz128x128_ST7735.obj (.text:Crystalfontz128x128_SetOrientation)
                  00006fec    00000054     drivers_MSP432P401R.aem4f : GPIOMSP432.oem4f (.text:GPIO_hwiIntFxn)
                  00007040    00000054                               : GPIOMSP432.oem4f (.text:GPIO_setCallback)
                  00007094    00000004     --HOLE-- [fill = 0]
                  00007098    00000054     sysbios.aem4f : BIOS.obj (.text:ti_sysbios_family_arm_msp432_Timer_initDevice__I)
                  000070ec    00000004     --HOLE-- [fill = 0]
                  000070f0    00000054                   : BIOS.obj (.text:ti_sysbios_family_arm_msp432_init_Boot_configureClocksHigh)
                  00007144    00000054     empty_pem4f.oem4f (.text:ti_sysbios_knl_Task_construct)
                  00007198    00000054     ti.targets.arm.rtsarm.aem4f : Assert.oem4f (.text:xdc_runtime_Assert_raise__I)
                  000071ec    00000052     rtsv7M4_T_le_v4SPD16_eabi.lib : ldexp.obj (.text)
                  0000723e    00000002     --HOLE-- [fill = 0]
                  00007240    00000050     uartTransmission.obj (.text:EUSCIA0_IRQHandler)
                  00007290    00000050     drivers_MSP432P401R.aem4f : GPIOMSP432.oem4f (.text:GPIO_write)
                  000072e0    00000050     msp432p4xx_driverlib.lib : pcm.o (.text:PCM_shutdownDevice)
                  00007330    00000050     power_tirtos_MSP432P401R.aem4f : PowerMSP432_tirtos.oem4f (.text:PowerMSP432_sleepPolicy)
                  00007380    00000050     sysbios.aem4f : BIOS.obj (.text:ti_sysbios_family_arm_m3_Hwi_Module_startup__E)
                  000073d0    00000050     ti.targets.arm.rtsarm.aem4f : Startup.oem4f (.text:xdc_runtime_Startup_exec__E)
                  00007420    00000050                                 : Text.oem4f (.text:xdc_runtime_Text_visitRope2__I)
                  00007470    0000004c     msp432p4xx_driverlib.lib : gpio.o (.text:GPIO_setAsPeripheralModuleFunctionOutputPin)
                  000074bc    0000004c     rtsv7M4_T_le_v4SPD16_eabi.lib : atoi.obj (.text)
                  00007508    0000004c                                   : cpy_tbl.obj (.text)
                  00007554    00000004     --HOLE-- [fill = 0]
                  00007558    0000004c     sysbios.aem4f : BIOS.obj (.text:ti_sysbios_family_arm_msp432_Timer_start__E)
                  000075a4    00000004     --HOLE-- [fill = 0]
                  000075a8    0000004c                   : BIOS.obj (.text:ti_sysbios_heaps_HeapMem_getStats__E)
                  000075f4    00000004     --HOLE-- [fill = 0]
                  000075f8    0000004c                   : BIOS.obj (.text:ti_sysbios_knl_Swi_runLoop__I)
                  00007644    00000004     --HOLE-- [fill = 0]
                  00007648    0000004c                   : BIOS.obj (.text:ti_sysbios_knl_Task_allBlockedFunction__I)
                  00007694    0000004a     context.obj (.text:Graphics_initContext)
                  000076de    00000002     --HOLE-- [fill = 0]
                  000076e0    00000048     msp432p4xx_driverlib.lib : gpio.o (.text:GPIO_setAsPeripheralModuleFunctionInputPin)
                  00007728    00000048     string.obj (.text:Graphics_drawStringCentered)
                  00007770    00000048     msp432p4xx_driverlib.lib : timer32.o (.text:Timer32_initModule)
                  000077b8    00000048     rtsv7M4_T_le_v4SPD16_eabi.lib : fd_toi_t2.obj (.text)
                  00007800    00000048     sysbios.aem4f : BIOS.obj (.text:ti_sysbios_family_arm_m3_Hwi_disableInterrupt__E)
                  00007848    00000048                   : BIOS.obj (.text:ti_sysbios_family_arm_m3_Hwi_enableInterrupt__E)
                  00007890    00000048                   : BIOS.obj (.text:ti_sysbios_family_arm_m3_Hwi_excReserved__I)
                  000078d8    00000048                   : BIOS.obj (.text:ti_sysbios_knl_Mailbox_Module_startup__E)
                  00007920    00000046     ti.targets.arm.rtsarm.aem4f : Core-params.oem4f (.text:xdc_runtime_Core_assignParams__I)
                  00007966    00000002     --HOLE-- [fill = 0]
                  00007968    00000044     gfx.obj (.text:initGfx)
                  000079ac    00000044     rtsv7M4_T_le_v4SPD16_eabi.lib : exit.obj (.text)
                  000079f0    00000044     sysbios.aem4f : BIOS.obj (.text:ti_sysbios_family_arm_m3_Hwi_getStackInfo__E)
                  00007a34    00000004     --HOLE-- [fill = 0]
                  00007a38    00000044                   : BIOS.obj (.text:ti_sysbios_knl_Mailbox_postInit__I)
                  00007a7c    00000004     --HOLE-- [fill = 0]
                  00007a80    00000044                   : BIOS.obj (.text:ti_sysbios_knl_Swi_post__E)
                  00007ac4    00000044     ti.targets.arm.rtsarm.aem4f : Error.oem4f (.text:xdc_runtime_Error_setX__E)
                  00007b08    00000044                                 : SysMin.oem4f (.text:xdc_runtime_SysMin_flush__E)
                  00007b4c    00000044                                 : Text.oem4f (.text:xdc_runtime_Text_xprintf__I)
                  00007b90    00000040     Crystalfontz128x128_ST7735.obj (.text:Crystalfontz128x128_PixelDraw)
                  00007bd0    00000040     msp432p4xx_driverlib.lib : flash.o (.text:FlashCtl_disableReadBuffering)
                  00007c10    00000040                              : gpio.o (.text:GPIO_getEnabledInterruptStatus)
                  00007c50    00000040     string.obj (.text:Graphics_getNumberOfLeadingZeros)
                  00007c90    00000040     HAL_MSP_EXP432P401R_Crystalfontz128x128_ST7735.obj (.text:HAL_LCD_SpiInit)
                  00007cd0    00000040     drivers_MSP432P401R.aem4f : PowerMSP432.oem4f (.text:notify)
                  00007d10    00000040     rtsv7M4_T_le_v4SPD16_eabi.lib : signal.obj (.text)
                  00007d50    00000040                                   : u_divt2.obj (.text)
                  00007d90    00000040     sysbios.aem4f : BIOS.obj (.text:ti_sysbios_family_arm_msp432_Timer_startup__E)
                  00007dd0    0000003c     drivers_MSP432P401R.aem4f : PowerMSP432.oem4f (.text:Power_init)
                  00007e0c    00000004     --HOLE-- [fill = 0]
                  00007e10    0000003c     sysbios.aem4f : BIOS.obj (.text:ti_sysbios_family_arm_m3_Hwi_excSvCall__I)
                  00007e4c    00000004     --HOLE-- [fill = 0]
                  00007e50    0000003c                   : BIOS.obj (.text:ti_sysbios_heaps_HeapMem_init__I)
                  00007e8c    00000004     --HOLE-- [fill = 0]
                  00007e90    0000003c                   : BIOS.obj (.text:ti_sysbios_knl_Swi_restore__E)
                  00007ecc    00000004     --HOLE-- [fill = 0]
                  00007ed0    00000038                   : BIOS.obj (.text:ti_sysbios_family_arm_m3_Hwi_excNoIsr__I)
                  00007f08    00000038                   : BIOS.obj (.text:ti_sysbios_knl_Task_processVitalTaskFlag__I)
                  00007f40    00000038     ti.targets.arm.rtsarm.aem4f : SysMin.oem4f (.text:xdc_runtime_SysMin_putch__E)
                  00007f78    00000038                                 : System.oem4f (.text:xdc_runtime_System_atexit__E)
                  00007fb0    00000034     msp432p4xx_driverlib.lib : flash.o (.text:FlashCtl_enableReadBuffering)
                  00007fe4    00000034     display.obj (.text:Graphics_drawHorizontalLineOnDisplay)
                  00008018    00000034     HAL_MSP_EXP432P401R_Crystalfontz128x128_ST7735.obj (.text:HAL_LCD_writeCommand)
                  0000804c    00000034     clock.obj (.text:initClocks)
                  00008080    00000034     rtsv7M4_T_le_v4SPD16_eabi.lib : feraiseexcept.obj (.text)
                  000080b4    00000004     --HOLE-- [fill = 0]
                  000080b8    00000034     sysbios.aem4f : BIOS.obj (.text:ti_sysbios_family_arm_m3_Hwi_Instance_finalize__E)
                  000080ec    00000004     --HOLE-- [fill = 0]
                  000080f0    00000034                   : BIOS.obj (.text:ti_sysbios_family_arm_m3_Hwi_excNmi__I)
                  00008124    00000004     --HOLE-- [fill = 0]
                  00008128    00000034                   : BIOS.obj (.text:ti_sysbios_hal_Hwi_checkStack)
                  0000815c    00000034     ti.targets.arm.rtsarm.aem4f : Core-label.oem4f (.text:xdc_runtime_Core_assignLabel__I)
                  00008190    00000033                                 : Text.oem4f (.text:xdc_runtime_Text_printVisFxn__I)
                  000081c3    00000005     --HOLE-- [fill = 0]
                  000081c8    00000032     sysbios.aem4f : BIOS.obj (.text:ti_sysbios_hal_Hwi_initStack)
                  000081fa    00000002     --HOLE-- [fill = 0]
                  000081fc    00000030     drivers_MSP432P401R.aem4f : GPIOMSP432.oem4f (.text:GPIO_getEnabledInterruptStatus_WA)
                  0000822c    00000030     msp432p4xx_driverlib.lib : gpio.o (.text:GPIO_setAsInputPinWithPullDownResistor)
                  0000825c    00000030                              : gpio.o (.text:GPIO_setAsInputPinWithPullUpResistor)
                  0000828c    00000030     drivers_MSP432P401R.aem4f : GPIOMSP432.oem4f (.text:GPIO_toggle)
                  000082bc    00000030     HAL_MSP_EXP432P401R_Crystalfontz128x128_ST7735.obj (.text:HAL_LCD_PortInit)
                  000082ec    00000030     button.obj (.text:SW1_IRQHandler)
                  0000831c    00000030     msp432p4xx_driverlib.lib : spi.o (.text:is_A_Module)
                  0000834c    00000030     rtsv7M4_T_le_v4SPD16_eabi.lib : xdclass.obj (.text)
                  0000837c    00000030                                   : xferaise.obj (.text)
                  000083ac    00000030     empty_pem4f.oem4f (.text:ti_sysbios_BIOS_atExitFunc__I)
                  000083dc    00000004     --HOLE-- [fill = 0]
                  000083e0    00000030     sysbios.aem4f : BIOS.obj (.text:ti_sysbios_family_arm_m3_TaskSupport_start__E)
                  00008410    00000030     empty_pem4f.oem4f (.text:ti_sysbios_gates_GateHwi_Object__create__S)
                  00008440    00000030     empty_pem4f.oem4f (.text:ti_sysbios_gates_GateMutex_Object__create__S)
                  00008470    00000030     empty_pem4f.oem4f (.text:ti_sysbios_heaps_HeapMem_Object__create__S)
                  000084a0    00000030     empty_pem4f.oem4f (.text:ti_sysbios_knl_Semaphore_construct)
                  000084d0    00000030     sysbios.aem4f : BIOS.obj (.text:ti_sysbios_knl_Semaphore_pendTimeout__I)
                  00008500    00000030                   : BIOS.obj (.text:ti_sysbios_knl_Task_unblockI__E)
                  00008530    00000030     ti.targets.arm.rtsarm.aem4f : SysMin.oem4f (.text:xdc_runtime_SysMin_abort__E)
                  00008560    00000030                                 : System.oem4f (.text:xdc_runtime_System_processAtExit__E)
                  00008590    0000002e     rtsv7M4_T_le_v4SPD16_eabi.lib : i_tofd_t2.obj (.text)
                  000085be    0000002e                                   : raise.obj (.text)
                  000085ec    0000002c     Crystalfontz128x128_ST7735.obj (.text:Crystalfontz128x128_ClearScreen)
                  00008618    0000002c     msp432p4xx_driverlib.lib : gpio.o (.text:GPIO_setAsInputPin)
                  00008644    0000002c                              : pcm.o (.text:PCM_getCoreVoltageLevel)
                  00008670    0000002c     power_tirtos_MSP432P401R.aem4f : PowerMSP432_tirtos.oem4f (.text:PowerMSP432_updateFreqs)
                  0000869c    0000002c     empty_pem4f.oem4f (.text:ti_sysbios_knl_Clock_doTick__I)
                  000086c8    0000002c     empty_pem4f.oem4f (.text:ti_sysbios_knl_Queue_construct)
                  000086f4    00000004     --HOLE-- [fill = 0]
                  000086f8    0000002c     sysbios.aem4f : BIOS.obj (.text:ti_sysbios_knl_Task_restore__E)
                  00008724    0000002c     ti.targets.arm.rtsarm.aem4f : Text.oem4f (.text:xdc_runtime_Text_cordText__E)
                  00008750    0000002a     display.obj (.text:Graphics_drawPixelOnDisplay)
                  0000877a    0000002a     msp432p4xx_driverlib.lib : pcm.o (.text:PCM_getPowerMode)
                  000087a4    0000002a     rtsv7M4_T_le_v4SPD16_eabi.lib : frexp.obj (.text)
                  000087ce    0000002a     ti.targets.arm.rtsarm.aem4f : System.oem4f (.text:xdc_runtime_System_putchar__I)
                  000087f8    00000028     Crystalfontz128x128_ST7735.obj (.text:Crystalfontz128x128_ColorTranslate)
                  00008820    00000028     msp432p4xx_driverlib.lib : flash.o (.text:FlashCtl_setWaitState)
                  00008848    00000028     drivers_MSP432P401R.aem4f : GPIOMSP432.oem4f (.text:GPIO_enableInt)
                  00008870    00000028     msp432p4xx_driverlib.lib : pcm.o (.text:PCM_gotoLPM0)
                  00008898    00000028     sysbios.aem4f : BIOS.obj (.text:ti_sysbios_knl_Clock_addI__E)
                  000088c0    00000028                   : BIOS.obj (.text:ti_sysbios_knl_Swi_Module_startup__E)
                  000088e8    00000026                   : m3_Hwi_asm.obj (.text:ti_sysbios_family_arm_m3_Hwi_pendSV__I)
                  0000890e    00000026     ti.targets.arm.rtsarm.aem4f : System.oem4f (.text:xdc_runtime_System_avprintf__E)
                  00008934    00000024     msp432p4xx_driverlib.lib : cs.o (.text:CS_setDCOCenteredFrequency)
                  00008958    00000024                              : gpio.o (.text:GPIO_setAsOutputPin)
                  0000897c    00000024     HAL_MSP_EXP432P401R_Crystalfontz128x128_ST7735.obj (.text:HAL_LCD_writeData)
                  000089a0    00000024     msp432p4xx_driverlib.lib : rtc_c.o (.text:RTC_C_holdClock)
                  000089c4    00000024                              : rtc_c.o (.text:RTC_C_startClock)
                  000089e8    00000024                              : timer32.o (.text:Timer32_setCount)
                  00008a0c    00000024                              : uart.o (.text:UART_transmitData)
                  00008a30    00000024     empty_pem4f.oem4f (.text:ti_sysbios_BIOS_errorRaiseHook__I)
                  00008a54    00000024     empty_pem4f.oem4f (.text:ti_sysbios_BIOS_registerRTSLock__I)
                  00008a78    00000024     empty_pem4f.oem4f (.text:ti_sysbios_BIOS_removeRTSLock__I)
                  00008a9c    00000024     empty_pem4f.oem4f (.text:ti_sysbios_BIOS_startFunc__I)
                  00008ac0    00000024     sysbios.aem4f : BIOS.obj (.text:ti_sysbios_family_arm_msp432_ClockFreqs_setFrequency__E)
                  00008ae4    00000024     empty_pem4f.oem4f (.text:ti_sysbios_gates_GateMutex_Object__delete__S)
                  00008b08    00000024     sysbios.aem4f : BIOS.obj (.text:ti_sysbios_knl_Clock_Module_startup__E)
                  00008b2c    00000004     --HOLE-- [fill = 0]
                  00008b30    00000024                   : BIOS.obj (.text:ti_sysbios_knl_Task_restoreHwi__E)
                  00008b54    00000024     ti.targets.arm.rtsarm.aem4f : System.oem4f (.text:xdc_runtime_System_vprintf__E)
                  00008b78    00000022     empty_pem4f.oem4f (.text:xdc_runtime_SysMin_output__I)
                  00008b9a    00000002     --HOLE-- [fill = 0]
                  00008b9c    00000020     msp432p4xx_driverlib.lib : adc14.o (.text:ADC14_toggleConversionTrigger)
                  00008bbc    00000020                              : gpio.o (.text:GPIO_interruptEdgeSelect)
                  00008bdc    00000020     drivers_MSP432P401R.aem4f : PowerMSP432.oem4f (.text:Power_idleFunc)
                  00008bfc    00000020     msp432p4xx_driverlib.lib : spi.o (.text:SPI_transmitData)
                  00008c1c    00000020                              : timer32.o (.text:Timer32_startTimer)
                  00008c3c    00000020     empty_pem4f.oem4f (.text:ti_sysbios_BIOS_rtsLock__I)
                  00008c5c    00000020     sysbios.aem4f : m3_Hwi_asm.obj (.text:ti_sysbios_family_arm_m3_Hwi_excHandlerAsm__I)
                  00008c7c    00000004     --HOLE-- [fill = 0]
                  00008c80    00000020                   : BIOS.obj (.text:ti_sysbios_family_arm_m3_Hwi_excHandler__I)
                  00008ca0    00000020     empty_pem4f.oem4f (.text:ti_sysbios_gates_GateHwi_Object__delete__S)
                  00008cc0    00000020     empty_pem4f.oem4f (.text:ti_sysbios_heaps_HeapMem_Object__delete__S)
                  00008ce0    00000020     sysbios.aem4f : BIOS.obj (.text:ti_sysbios_knl_Idle_run__E)
                  00008d00    00000020     empty_pem4f.oem4f (.text:ti_sysbios_knl_Semaphore_Object__destruct__S)
                  00008d20    00000020     ti.targets.arm.rtsarm.aem4f : Registry.oem4f (.text:xdc_runtime_Registry_findById__E)
                  00008d40    00000020                                 : SysMin.oem4f (.text:xdc_runtime_SysMin_Module_startup__E)
                  00008d60    0000001e     sysbios.aem4f : m3_Hwi_asm_switch.obj (.text:ti_sysbios_family_xxx_Hwi_switchAndRunFunc)
                  00008d7e    0000001c     rtsv7M4_T_le_v4SPD16_eabi.lib : memccpy.obj (.text)
                  00008d9a    00000006                                   : copy_decompress_rle.obj (.text:decompress:rle24)
                  00008da0    0000001c     sysbios.aem4f : BIOS.obj (.text:ti_sysbios_gates_GateMutex_Instance_init__E)
                  00008dbc    0000001c     empty_pem4f.oem4f (.text:ti_sysbios_knl_Queue_Object__destruct__S)
                  00008dd8    0000001c     sysbios.aem4f : BIOS.obj (.text:ti_sysbios_knl_Queue_get__E)
                  00008df4    00000004     --HOLE-- [fill = 0]
                  00008df8    0000001c                   : BIOS.obj (.text:ti_sysbios_knl_Queue_put__E)
                  00008e14    00000004     --HOLE-- [fill = 0]
                  00008e18    0000001c                   : BIOS.obj (.text:ti_sysbios_knl_Task_enter__I)
                  00008e34    0000001c     ti.targets.arm.rtsarm.aem4f : Error.oem4f (.text:xdc_runtime_Error_raiseX__E)
                  00008e50    0000001c                                 : Memory.oem4f (.text:xdc_runtime_Memory_valloc__E)
                  00008e6c    0000001c                                 : SysMin.oem4f (.text:xdc_runtime_SysMin_exit__E)
                  00008e88    0000001c                                 : System.oem4f (.text:xdc_runtime_System_abort__E)
                  00008ea4    0000001a     context.obj (.text:Graphics_setBackgroundColor)
                  00008ebe    0000001a     context.obj (.text:Graphics_setFont)
                  00008ed8    0000001a     msp432p4xx_driverlib.lib : spi.o (.text:SPI_enableModule)
                  00008ef2    0000001a     empty_pem4f.oem4f (.text:ti_sysbios_family_arm_m3_Hwi_Handle__label__S)
                  00008f0c    0000001a     empty_pem4f.oem4f (.text:ti_sysbios_gates_GateHwi_Handle__label__S)
                  00008f26    0000001a     empty_pem4f.oem4f (.text:ti_sysbios_gates_GateMutex_Handle__label__S)
                  00008f40    0000001a     empty_pem4f.oem4f (.text:ti_sysbios_heaps_HeapMem_Handle__label__S)
                  00008f5a    0000001a     empty_pem4f.oem4f (.text:ti_sysbios_knl_Swi_Handle__label__S)
                  00008f74    0000001a     empty_pem4f.oem4f (.text:ti_sysbios_knl_Task_Handle__label__S)
                  00008f8e    0000001a     empty_pem4f.oem4f (.text:xdc_runtime_System_aprintf__E)
                  00008fa8    0000001a     empty_pem4f.oem4f (.text:xdc_runtime_System_printf__E)
                  00008fc2    00000002     --HOLE-- [fill = 0]
                  00008fc4    00000018     msp432p4xx_driverlib.lib : adc14.o (.text:ADC14_getResult)
                  00008fdc    00000018                              : gpio.o (.text:GPIO_clearInterruptFlag)
                  00008ff4    00000018                              : gpio.o (.text:GPIO_setDriveStrengthLow)
                  0000900c    00000018                              : gpio.o (.text:GPIO_setOutputLowOnPin)
                  00009024    00000018     display.obj (.text:Graphics_clearDisplayOnDisplay)
                  0000903c    00000018     msp432p4xx_driverlib.lib : wdt_a.o (.text:WDT_A_holdTimer)
                  00009054    00000018     rtsv7M4_T_le_v4SPD16_eabi.lib : args_main.obj (.text)
                  0000906c    00000018     empty_pem4f.oem4f (.text:ti_sysbios_BIOS_rtsUnlock__I)
                  00009084    00000018     empty_pem4f.oem4f (.text:ti_sysbios_family_arm_m3_Hwi_Module__startupDone__F)
                  0000909c    00000018     sysbios.aem4f : m3_TaskSupport_asm.obj (.text:ti_sysbios_family_arm_m3_TaskSupport_swap__E)
                  000090b4    00000018     empty_pem4f.oem4f (.text:ti_sysbios_family_arm_msp432_Timer_Module__startupDone__F)
                  000090cc    00000004     --HOLE-- [fill = 0]
                  000090d0    00000018     sysbios.aem4f : BIOS.obj (.text:ti_sysbios_gates_GateMutex_leave__E)
                  000090e8    00000018                   : BIOS.obj (.text:ti_sysbios_knl_Task_sleepTimeout__I)
                  00009100    00000018     ti.targets.arm.rtsarm.aem4f : Error.oem4f (.text:xdc_runtime_Error_check__E)
                  00009118    00000018                                 : System.oem4f (.text:xdc_runtime_System_exit__E)
                  00009130    00000018                                 : Text.oem4f (.text:xdc_runtime_Text_ropeText__E)
                  00009148    00000016     context.obj (.text:Graphics_setForegroundColor)
                  0000915e    00000016     display.obj (.text:Graphics_translateColorOnDisplay)
                  00009174    00000016     rtsv7M4_T_le_v4SPD16_eabi.lib : strchr.obj (.text)
                  0000918a    00000016     empty_pem4f.oem4f (.text:ti_sysbios_BIOS_exitFunc__I)
                  000091a0    00000016     empty.obj (.text:ti_sysbios_knl_Task_Params_init)
                  000091b6    00000002     --HOLE-- [fill = 0]
                  000091b8    00000014     msp432p4xx_driverlib.lib : gpio.o (.text:GPIO_enableInterrupt)
                  000091cc    00000014                              : gpio.o (.text:GPIO_setDriveStrengthHigh)
                  000091e0    00000014                              : gpio.o (.text:GPIO_setOutputHighOnPin)
                  000091f4    00000014                              : gpio.o (.text:GPIO_toggleOutputOnPin)
                  00009208    00000014     adc14.obj (.text:Timer32_IRQHandler)
                  0000921c    00000014     msp432p4xx_driverlib.lib : wdt_a.o (.text:WDT_A_startTimer)
                  00009230    00000014     empty.obj (.text:heartBeatFxn)
                  00009244    00000014     rtsv7M4_T_le_v4SPD16_eabi.lib : _lock.obj (.text)
                  00009258    00000014                                   : strcpy.obj (.text)
                  0000926c    00000014                                   : strlen.obj (.text)
                  00009280    00000014     empty_pem4f.oem4f (.text:ti_sysbios_family_arm_m3_Hwi_Object__get__S)
                  00009294    00000004     --HOLE-- [fill = 0]
                  00009298    00000014     sysbios.aem4f : BIOS.obj (.text:ti_sysbios_family_arm_m3_Hwi_switchFromBootStack__E)
                  000092ac    00000014     empty_pem4f.oem4f (.text:ti_sysbios_heaps_HeapMem_Object__get__S)
                  000092c0    00000014     empty_pem4f.oem4f (.text:ti_sysbios_knl_Mailbox_Object__get__S)
                  000092d4    00000014     empty_pem4f.oem4f (.text:ti_sysbios_knl_Swi_Object__get__S)
                  000092e8    00000012     context.obj (.text:Graphics_clearDisplay)
                  000092fa    00000006     ti.targets.arm.rtsarm.aem4f : System.oem4f (.text:xdc_runtime_System_Module_startup__E)
                  00009300    00000012     sysbios.aem4f : BIOS.obj (.text:ti_sysbios_hal_Hwi_Module_startup__E)
                  00009312    00000012     empty_pem4f.oem4f (.text:xdc_runtime_Startup_exec__I)
                  00009324    00000010     msp432p4xx_driverlib.lib : adc14.o (.text:ADC14_enableModule)
                  00009334    00000010                              : gpio.o (.text:GPIO_getInterruptStatus)
                  00009344    00000010                              : interrupt.o (.text:Interrupt_disableMaster)
                  00009354    00000010                              : pcm.o (.text:PCM_gotoLPM4)
                  00009364    00000004     --HOLE-- [fill = 0]
                  00009368    00000010     sysbios.aem4f : BIOS.obj (.text:ti_sysbios_BIOS_setCpuFreq__E)
                  00009378    00000010                   : BIOS.obj (.text:ti_sysbios_BIOS_setThreadType__E)
                  00009388    00000010                   : BIOS.obj (.text:ti_sysbios_BIOS_start__E)
                  00009398    00000010                   : m3_TaskSupport_asm.obj (.text:ti_sysbios_family_arm_m3_TaskSupport_glue)
                  000093a8    00000010                   : BIOS.obj (.text:ti_sysbios_family_arm_msp432_init_Boot_disableWatchdog)
                  000093b8    00000010                   : BIOS.obj (.text:ti_sysbios_gates_GateMutex_Instance_finalize__E)
                  000093c8    00000010                   : BIOS.obj (.text:ti_sysbios_knl_Semaphore_Instance_finalize__E)
                  000093d8    00000010                   : BIOS.obj (.text:ti_sysbios_knl_Swi_disable__E)
                  000093e8    00000010     empty_pem4f.oem4f (.text:ti_sysbios_knl_Task_Object__get__S)
                  000093f8    00000010     sysbios.aem4f : BIOS.obj (.text:ti_sysbios_knl_Task_disable__E)
                  00009408    00000010     ti.targets.arm.rtsarm.aem4f : Gate.oem4f (.text:xdc_runtime_Gate_leaveSystem__E)
                  00009418    00000010                                 : Memory.oem4f (.text:xdc_runtime_Memory_free__E)
                  00009428    00000010                                 : SysMin.oem4f (.text:xdc_runtime_SysMin_ready__E)
                  00009438    00000010                                 : System.oem4f (.text:xdc_runtime_System_vsnprintf__E)
                  00009448    00000010     empty_pem4f.oem4f (.text:xdc_runtime_Text_visitRope__I)
                  00009458    0000000e     tirtosport.aem4f : HwiP_tirtos.oem4f (.text:HwiP_Params_init)
                  00009466    0000000e     rtsv7M4_T_le_v4SPD16_eabi.lib : copy_decompress_none.obj (.text:decompress:none)
                  00009474    00000004     --HOLE-- [fill = 0]
                  00009478    0000000e     sysbios.aem4f : BIOS.obj (.text:ti_sysbios_knl_Idle_loop__E)
                  00009486    00000002     --HOLE-- [fill = 0]
                  00009488    0000000e                   : BIOS.obj (.text:ti_sysbios_knl_Queue_empty__E)
                  00009496    0000000c     empty_pem4f.oem4f (.text:.bootCodeSection:ti_sysbios_family_arm_msp432_init_Boot_init__I)
                  000094a2    0000000c     msp432p4xx_driverlib.lib : cpu.o (.text:CPU_cpsid)
                  000094ae    0000000c                              : cpu.o (.text:CPU_cpsie)
                  000094ba    0000000c                              : spi.o (.text:EUSCI_A_SPI_enable)
                  000094c6    0000000c                              : spi.o (.text:EUSCI_B_SPI_enable)
                  000094d2    00000002     --HOLE-- [fill = 0]
                  000094d4    0000000c                              : pcm.o (.text:PCM_getPowerState)
                  000094e0    0000000c     drivers_MSP432P401R.aem4f : PowerMSP432.oem4f (.text:Power_getConstraintMask)
                  000094ec    0000000c     rtsv7M4_T_le_v4SPD16_eabi.lib : copy_zero_init.obj (.text:decompress:ZI)
                  000094f8    0000000c     empty_pem4f.oem4f (.text:ti_sysbios_family_arm_m3_Hwi_Params__init__S)
                  00009504    00000004     --HOLE-- [fill = 0]
                  00009508    0000000c     sysbios.aem4f : BIOS.obj (.text:ti_sysbios_family_arm_m3_Hwi_disableFxn__E)
                  00009514    00000004     --HOLE-- [fill = 0]
                  00009518    0000000c                   : BIOS.obj (.text:ti_sysbios_family_arm_m3_TaskSupport_checkStack__E)
                  00009524    00000004     --HOLE-- [fill = 0]
                  00009528    0000000c                   : BIOS.obj (.text:ti_sysbios_family_arm_m3_TaskSupport_getStackAlignment__E)
                  00009534    00000004     --HOLE-- [fill = 0]
                  00009538    0000000c                   : BIOS.obj (.text:ti_sysbios_family_arm_msp432_Timer_getMaxTicks__E)
                  00009544    00000004     --HOLE-- [fill = 0]
                  00009548    0000000c                   : BIOS.obj (.text:ti_sysbios_gates_GateHwi_enter__E)
                  00009554    0000000c     empty_pem4f.oem4f (.text:ti_sysbios_knl_Queue_Object__get__S)
                  00009560    0000000c     empty_pem4f.oem4f (.text:ti_sysbios_knl_Task_Params__init__S)
                  0000956c    0000000c     ti.targets.arm.rtsarm.aem4f : Error.oem4f (.text:xdc_runtime_Error_init__E)
                  00009578    0000000c                                 : Gate.oem4f (.text:xdc_runtime_Gate_enterSystem__E)
                  00009584    0000000c                                 : Memory.oem4f (.text:xdc_runtime_Memory_calloc__E)
                  00009590    0000000c                                 : Memory.oem4f (.text:xdc_runtime_Memory_getMaxDefaultTypeAlign__E)
                  0000959c    0000000a     Crystalfontz128x128_ST7735.obj (.text:Crystalfontz128x128_Flush)
                  000095a6    0000000a     msp432p4xx_driverlib.lib : timer32.o (.text:Timer32_clearInterruptFlag)
                  000095b0    0000000a                              : timer32.o (.text:Timer32_enableInterrupt)
                  000095ba    0000000a                              : timer32.o (.text:Timer32_haltTimer)
                  000095c4    0000000a     empty_pem4f.oem4f (.text:xdc_runtime_IHeap_alloc)
                  000095ce    0000000a     empty_pem4f.oem4f (.text:xdc_runtime_IHeap_free)
                  000095d8    00000008     msp432p4xx_driverlib.lib : spi.o (.text:EUSCI_B_SPI_getInterruptStatus)
                  000095e0    00000008     MSP_EXP432P401R.obj (.text:MSP_EXP432P401R_initGPIO)
                  000095e8    00000008     MSP_EXP432P401R.obj (.text:MSP_EXP432P401R_initGeneral)
                  000095f0    00000008     msp432p4xx_driverlib.lib : pcm.o (.text:PCM_setPowerMode)
                  000095f8    00000008                              : pcm.o (.text:PCM_setPowerState)
                  00009600    00000008     button.obj (.text:gpioButton0)
                  00009608    00000008     sysbios.aem4f : BIOS.obj (.text:ti_sysbios_family_arm_m3_Hwi_doSwiRestore__I)
                  00009610    00000008                   : BIOS.obj (.text:ti_sysbios_family_arm_m3_Hwi_startup__E)
                  00009618    00000006                   : BIOS.obj (.text:ti_sysbios_family_arm_m3_Hwi_doTaskRestore__I)
                  0000961e    00000002     --HOLE-- [fill = 0]
                  00009620    00000006                   : BIOS.obj (.text:ti_sysbios_family_arm_m3_Hwi_restoreFxn__E)
                  00009626    00000002     --HOLE-- [fill = 0]
                  00009628    00000006                   : BIOS.obj (.text:ti_sysbios_gates_GateHwi_leave__E)
                  0000962e    00000002     --HOLE-- [fill = 0]
                  00009630    00000006                   : BIOS.obj (.text:ti_sysbios_heaps_HeapMem_isBlocking__E)
                  00009636    00000002     --HOLE-- [fill = 0]
                  00009638    00000006                   : BIOS.obj (.text:ti_sysbios_knl_Queue_Instance_init__E)
                  0000963e    00000002     --HOLE-- [fill = 0]
                  00009640    00000006                   : BIOS.obj (.text:ti_sysbios_knl_Swi_startup__E)
                  00009646    00000002     --HOLE-- [fill = 0]
                  00009648    00000004                   : BIOS.obj (.text:ti_sysbios_gates_GateHwi_query__E)
                  0000964c    00000004     --HOLE-- [fill = 0]
                  00009650    00000004                   : BIOS.obj (.text:ti_sysbios_gates_GateMutex_query__E)
                  00009654    00000004     --HOLE-- [fill = 0]
                  00009658    00000004                   : BIOS.obj (.text:ti_sysbios_knl_Task_startup__E)
                  0000965c    00000004     --HOLE-- [fill = 0]
                  00009660    00000002                   : BIOS.obj (.text:ti_sysbios_gates_GateHwi_Instance_init__E)
                  00009662    00000006     --HOLE-- [fill = 0]
                  00009668    00000002                   : BIOS.obj (.text:ti_sysbios_knl_Clock_logTick__E)

.const     0    0000966c    0000244b     
                  0000966c    00001885     empty_pem4f.oem4f (.const:xdc_runtime_Text_charTab__A)
                  0000aef1    000002f8     fontfixed6x8.obj (.const:.string:g_pucFontFixed6x8Data)
                  0000b1e9    00000101     rtsv7M4_T_le_v4SPD16_eabi.lib : ctype.obj (.const:.string:_ctypes_)
                  0000b2ea    00000002     empty_pem4f.oem4f (.const:ti_sysbios_family_arm_m3_Hwi_Module__id__C)
                  0000b2ec    000000c8     fontfixed6x8.obj (.const:g_sFontFixed6x8)
                  0000b3b4    000000b8     empty_pem4f.oem4f (.const:xdc_runtime_Text_nodeTab__A)
                  0000b46c    00000080     msp432p4xx_driverlib.lib : adc14.o (.const:_ctlRegs)
                  0000b4ec    00000048     empty_pem4f.oem4f (.const:.string)
                  0000b534    00000040     msp432p4xx_driverlib.lib : interrupt.o (.const)
                  0000b574    0000003c     empty_pem4f.oem4f (.const:ti_sysbios_knl_Task_Object__PARAMS__C)
                  0000b5b0    00000030     empty_pem4f.oem4f (.const:ti_sysbios_family_arm_m3_Hwi_Object__PARAMS__C)
                  0000b5e0    0000002c     Crystalfontz128x128_ST7735.obj (.const:g_sCrystalfontz128x128)
                  0000b60c    00000028     empty_pem4f.oem4f (.const)
                  0000b634    00000028     empty_pem4f.oem4f (.const:ti_sysbios_heaps_HeapMem_Module__FXNS__C)
                  0000b65c    00000024     empty_pem4f.oem4f (.const:ti_sysbios_gates_GateHwi_Module__FXNS__C)
                  0000b680    00000024     empty_pem4f.oem4f (.const:ti_sysbios_gates_GateMutex_Module__FXNS__C)
                  0000b6a4    00000024     empty_pem4f.oem4f (.const:ti_sysbios_heaps_HeapMem_Object__PARAMS__C)
                  0000b6c8    00000024     empty_pem4f.oem4f (.const:ti_sysbios_knl_Semaphore_Object__PARAMS__C)
                  0000b6ec    00000024     uartTransmission.obj (.const:uartConfig)
                  0000b710    00000024     empty_pem4f.oem4f (.const:xdc_runtime_Startup_sfxnTab__A)
                  0000b734    00000020     empty_pem4f.oem4f (.const:ti_sysbios_family_arm_m3_Hwi_Object__DESC__C)
                  0000b754    00000020     empty_pem4f.oem4f (.const:ti_sysbios_gates_GateHwi_Object__DESC__C)
                  0000b774    00000020     empty_pem4f.oem4f (.const:ti_sysbios_gates_GateMutex_Object__DESC__C)
                  0000b794    00000020     empty_pem4f.oem4f (.const:ti_sysbios_heaps_HeapMem_Object__DESC__C)
                  0000b7b4    00000020     empty_pem4f.oem4f (.const:ti_sysbios_knl_Queue_Object__DESC__C)
                  0000b7d4    00000020     empty_pem4f.oem4f (.const:ti_sysbios_knl_Semaphore_Object__DESC__C)
                  0000b7f4    00000020     empty_pem4f.oem4f (.const:ti_sysbios_knl_Task_Object__DESC__C)
                  0000b814    0000001c     HAL_MSP_EXP432P401R_Crystalfontz128x128_ST7735.obj (.const)
                  0000b830    00000018     empty_pem4f.oem4f (.const:ti_sysbios_gates_GateHwi_Object__PARAMS__C)
                  0000b848    00000018     empty_pem4f.oem4f (.const:ti_sysbios_gates_GateMutex_Object__PARAMS__C)
                  0000b860    00000018     empty_pem4f.oem4f (.const:ti_sysbios_knl_Queue_Object__PARAMS__C)
                  0000b878    00000014     MSP_EXP432P401R.obj (.const:GPIOMSP432_config)
                  0000b88c    00000012     empty_pem4f.oem4f (.const:xdc_runtime_Startup_sfxnRts__A)
                  0000b89e    00000002     empty_pem4f.oem4f (.const:ti_sysbios_gates_GateMutex_Module__id__C)
                  0000b8a0    00000010     MSP_EXP432P401R.obj (.const)
                  0000b8b0    0000000c     drivers_MSP432P401R.aem4f : GPIOMSP432.oem4f (.const:.string)
                  0000b8bc    0000000c     empty_pem4f.oem4f (.const:xdc_runtime_Startup_firstFxns__A)
                  0000b8c8    00000008     Crystalfontz128x128_ST7735.obj (.const)
                  0000b8d0    00000008     empty_pem4f.oem4f (.const:ti_sysbios_family_arm_m3_Hwi_excHookFuncs__A)
                  0000b8d8    00000008     empty_pem4f.oem4f (.const:ti_sysbios_knl_Idle_funcList__A)
                  0000b8e0    00000008     empty_pem4f.oem4f (.const:ti_sysbios_knl_Idle_funcList__C)
                  0000b8e8    00000008     empty_pem4f.oem4f (.const:xdc_runtime_Startup_firstFxns__C)
                  0000b8f0    00000008     empty_pem4f.oem4f (.const:xdc_runtime_Startup_lastFxns__C)
                  0000b8f8    00000004     empty_pem4f.oem4f (.const:ti_sysbios_family_arm_m3_Hwi_E_NMI__C)
                  0000b8fc    00000004     empty_pem4f.oem4f (.const:ti_sysbios_family_arm_m3_Hwi_E_alreadyDefined__C)
                  0000b900    00000004     empty_pem4f.oem4f (.const:ti_sysbios_family_arm_m3_Hwi_E_busFault__C)
                  0000b904    00000004     empty_pem4f.oem4f (.const:ti_sysbios_family_arm_m3_Hwi_E_debugMon__C)
                  0000b908    00000004     empty_pem4f.oem4f (.const:ti_sysbios_family_arm_m3_Hwi_E_hardFault__C)
                  0000b90c    00000004     empty_pem4f.oem4f (.const:ti_sysbios_family_arm_m3_Hwi_E_memFault__C)
                  0000b910    00000004     empty_pem4f.oem4f (.const:ti_sysbios_family_arm_m3_Hwi_E_noIsr__C)
                  0000b914    00000004     empty_pem4f.oem4f (.const:ti_sysbios_family_arm_m3_Hwi_E_reserved__C)
                  0000b918    00000004     empty_pem4f.oem4f (.const:ti_sysbios_family_arm_m3_Hwi_E_svCall__C)
                  0000b91c    00000004     empty_pem4f.oem4f (.const:ti_sysbios_family_arm_m3_Hwi_E_usageFault__C)
                  0000b920    00000004     empty_pem4f.oem4f (.const:ti_sysbios_family_arm_m3_Hwi_NUM_INTERRUPTS__C)
                  0000b924    00000004     empty_pem4f.oem4f (.const:ti_sysbios_family_arm_m3_Hwi_Object__count__C)
                  0000b928    00000004     empty_pem4f.oem4f (.const:ti_sysbios_family_arm_m3_Hwi_ccr__C)
                  0000b92c    00000004     empty_pem4f.oem4f (.const:ti_sysbios_family_arm_m3_Hwi_excHandlerFunc__C)
                  0000b930    00000004     empty_pem4f.oem4f (.const:ti_sysbios_family_arm_m3_Hwi_excHookFuncs__C)
                  0000b934    00000004     empty_pem4f.oem4f (.const:ti_sysbios_family_arm_m3_Hwi_nullIsrFunc__C)
                  0000b938    00000004     empty_pem4f.oem4f (.const:ti_sysbios_family_arm_m3_Hwi_priGroup__C)
                  0000b93c    00000004     empty_pem4f.oem4f (.const:ti_sysbios_family_arm_m3_TaskSupport_stackAlignment__C)
                  0000b940    00000004     empty_pem4f.oem4f (.const:ti_sysbios_family_arm_msp432_Timer_numTimerDevices__C)
                  0000b944    00000004     empty_pem4f.oem4f (.const:ti_sysbios_family_arm_msp432_Timer_startupNeeded__C)
                  0000b948    00000004     empty_pem4f.oem4f (.const:ti_sysbios_gates_GateMutex_A_badContext__C)
                  0000b94c    00000004     empty_pem4f.oem4f (.const:ti_sysbios_gates_GateMutex_Instance_State_sem__O)
                  0000b950    00000004     empty_pem4f.oem4f (.const:ti_sysbios_gates_GateMutex_Module__diagsEnabled__C)
                  0000b954    00000004     empty_pem4f.oem4f (.const:ti_sysbios_gates_GateMutex_Module__diagsIncluded__C)
                  0000b958    00000004     empty_pem4f.oem4f (.const:ti_sysbios_gates_GateMutex_Module__diagsMask__C)
                  0000b95c    00000004     empty_pem4f.oem4f (.const:ti_sysbios_hal_Hwi_E_stackOverflow__C)
                  0000b960    00000004     empty_pem4f.oem4f (.const:ti_sysbios_heaps_HeapMem_A_align__C)
                  0000b964    00000004     empty_pem4f.oem4f (.const:ti_sysbios_heaps_HeapMem_A_heapSize__C)
                  0000b968    00000004     empty_pem4f.oem4f (.const:ti_sysbios_heaps_HeapMem_A_invalidFree__C)
                  0000b96c    00000004     empty_pem4f.oem4f (.const:ti_sysbios_heaps_HeapMem_A_zeroBlock__C)
                  0000b970    00000004     empty_pem4f.oem4f (.const:ti_sysbios_heaps_HeapMem_E_memory__C)
                  0000b974    00000004     empty_pem4f.oem4f (.const:ti_sysbios_heaps_HeapMem_Module__diagsEnabled__C)
                  0000b978    00000004     empty_pem4f.oem4f (.const:ti_sysbios_heaps_HeapMem_Module__diagsIncluded__C)
                  0000b97c    00000004     empty_pem4f.oem4f (.const:ti_sysbios_heaps_HeapMem_Module__diagsMask__C)
                  0000b980    00000004     empty_pem4f.oem4f (.const:ti_sysbios_heaps_HeapMem_Module__gateObj__C)
                  0000b984    00000004     empty_pem4f.oem4f (.const:ti_sysbios_heaps_HeapMem_Object__count__C)
                  0000b988    00000004     empty_pem4f.oem4f (.const:ti_sysbios_heaps_HeapMem_reqAlign__C)
                  0000b98c    00000004     empty_pem4f.oem4f (.const:ti_sysbios_knl_Clock_Module_State_clockQ__O)
                  0000b990    00000004     empty_pem4f.oem4f (.const:ti_sysbios_knl_Mailbox_Instance_State_dataQue__O)
                  0000b994    00000004     empty_pem4f.oem4f (.const:ti_sysbios_knl_Mailbox_Instance_State_dataSem__O)
                  0000b998    00000004     empty_pem4f.oem4f (.const:ti_sysbios_knl_Mailbox_Instance_State_freeQue__O)
                  0000b99c    00000004     empty_pem4f.oem4f (.const:ti_sysbios_knl_Mailbox_Instance_State_freeSem__O)
                  0000b9a0    00000004     empty_pem4f.oem4f (.const:ti_sysbios_knl_Mailbox_Object__count__C)
                  0000b9a4    00000004     empty_pem4f.oem4f (.const:ti_sysbios_knl_Mailbox_maxTypeAlign__C)
                  0000b9a8    00000004     empty_pem4f.oem4f (.const:ti_sysbios_knl_Semaphore_A_badContext__C)
                  0000b9ac    00000004     empty_pem4f.oem4f (.const:ti_sysbios_knl_Semaphore_A_noEvents__C)
                  0000b9b0    00000004     empty_pem4f.oem4f (.const:ti_sysbios_knl_Semaphore_A_overflow__C)
                  0000b9b4    00000004     empty_pem4f.oem4f (.const:ti_sysbios_knl_Semaphore_A_pendTaskDisabled__C)
                  0000b9b8    00000004     empty_pem4f.oem4f (.const:ti_sysbios_knl_Semaphore_Instance_State_pendQ__O)
                  0000b9bc    00000004     empty_pem4f.oem4f (.const:ti_sysbios_knl_Semaphore_Module__diagsEnabled__C)
                  0000b9c0    00000004     empty_pem4f.oem4f (.const:ti_sysbios_knl_Semaphore_Module__diagsIncluded__C)
                  0000b9c4    00000004     empty_pem4f.oem4f (.const:ti_sysbios_knl_Semaphore_Module__diagsMask__C)
                  0000b9c8    00000004     empty_pem4f.oem4f (.const:ti_sysbios_knl_Swi_Object__count__C)
                  0000b9cc    00000004     empty_pem4f.oem4f (.const:ti_sysbios_knl_Task_A_badPriority__C)
                  0000b9d0    00000004     empty_pem4f.oem4f (.const:ti_sysbios_knl_Task_A_badTaskState__C)
                  0000b9d4    00000004     empty_pem4f.oem4f (.const:ti_sysbios_knl_Task_A_badThreadType__C)
                  0000b9d8    00000004     empty_pem4f.oem4f (.const:ti_sysbios_knl_Task_A_badTimeout__C)
                  0000b9dc    00000004     empty_pem4f.oem4f (.const:ti_sysbios_knl_Task_A_noPendElem__C)
                  0000b9e0    00000004     empty_pem4f.oem4f (.const:ti_sysbios_knl_Task_A_sleepTaskDisabled__C)
                  0000b9e4    00000004     empty_pem4f.oem4f (.const:ti_sysbios_knl_Task_E_spOutOfBounds__C)
                  0000b9e8    00000004     empty_pem4f.oem4f (.const:ti_sysbios_knl_Task_E_stackOverflow__C)
                  0000b9ec    00000004     empty_pem4f.oem4f (.const:ti_sysbios_knl_Task_Module_State_inactiveQ__O)
                  0000b9f0    00000004     empty_pem4f.oem4f (.const:ti_sysbios_knl_Task_Module__diagsEnabled__C)
                  0000b9f4    00000004     empty_pem4f.oem4f (.const:ti_sysbios_knl_Task_Module__diagsIncluded__C)
                  0000b9f8    00000004     empty_pem4f.oem4f (.const:ti_sysbios_knl_Task_Module__diagsMask__C)
                  0000b9fc    00000004     empty_pem4f.oem4f (.const:ti_sysbios_knl_Task_Object__count__C)
                  0000ba00    00000004     empty_pem4f.oem4f (.const:ti_sysbios_knl_Task_allBlockedFunc__C)
                  0000ba04    00000004     empty_pem4f.oem4f (.const:ti_sysbios_knl_Task_defaultStackHeap__C)
                  0000ba08    00000004     empty_pem4f.oem4f (.const:ti_sysbios_knl_Task_defaultStackSize__C)
                  0000ba0c    00000004     empty_pem4f.oem4f (.const:ti_sysbios_knl_Task_numConstructedTasks__C)
                  0000ba10    00000004     empty_pem4f.oem4f (.const:xdc_runtime_Assert_E_assertFailed__C)
                  0000ba14    00000004     empty_pem4f.oem4f (.const:xdc_runtime_Core_A_initializedParams__C)
                  0000ba18    00000004     empty_pem4f.oem4f (.const:xdc_runtime_Core_Module__diagsEnabled__C)
                  0000ba1c    00000004     empty_pem4f.oem4f (.const:xdc_runtime_Core_Module__diagsIncluded__C)
                  0000ba20    00000004     empty_pem4f.oem4f (.const:xdc_runtime_Core_Module__diagsMask__C)
                  0000ba24    00000004     empty_pem4f.oem4f (.const:xdc_runtime_Error_E_memory__C)
                  0000ba28    00000004     empty_pem4f.oem4f (.const:xdc_runtime_Error_Module__diagsEnabled__C)
                  0000ba2c    00000004     empty_pem4f.oem4f (.const:xdc_runtime_Error_Module__diagsIncluded__C)
                  0000ba30    00000004     empty_pem4f.oem4f (.const:xdc_runtime_Error_Module__diagsMask__C)
                  0000ba34    00000004     empty_pem4f.oem4f (.const:xdc_runtime_Error_Module__loggerFxn8__C)
                  0000ba38    00000004     empty_pem4f.oem4f (.const:xdc_runtime_Error_Module__loggerObj__C)
                  0000ba3c    00000004     empty_pem4f.oem4f (.const:xdc_runtime_Error_policyFxn__C)
                  0000ba40    00000004     empty_pem4f.oem4f (.const:xdc_runtime_Error_raiseHook__C)
                  0000ba44    00000004     empty_pem4f.oem4f (.const:xdc_runtime_IGateProvider_Interface__BASE__C)
                  0000ba48    00000004     empty_pem4f.oem4f (.const:xdc_runtime_IHeap_Interface__BASE__C)
                  0000ba4c    00000004     empty_pem4f.oem4f (.const:xdc_runtime_IModule_Interface__BASE__C)
                  0000ba50    00000004     empty_pem4f.oem4f (.const:xdc_runtime_Log_L_error__C)
                  0000ba54    00000004     empty_pem4f.oem4f (.const:xdc_runtime_Memory_defaultHeapInstance__C)
                  0000ba58    00000004     empty_pem4f.oem4f (.const:xdc_runtime_Startup_execImpl__C)
                  0000ba5c    00000004     empty_pem4f.oem4f (.const:xdc_runtime_Startup_maxPasses__C)
                  0000ba60    00000004     empty_pem4f.oem4f (.const:xdc_runtime_Startup_sfxnRts__C)
                  0000ba64    00000004     empty_pem4f.oem4f (.const:xdc_runtime_Startup_sfxnTab__C)
                  0000ba68    00000004     empty_pem4f.oem4f (.const:xdc_runtime_SysMin_bufSize__C)
                  0000ba6c    00000004     empty_pem4f.oem4f (.const:xdc_runtime_SysMin_outputFunc__C)
                  0000ba70    00000004     empty_pem4f.oem4f (.const:xdc_runtime_System_Module__gateObj__C)
                  0000ba74    00000004     empty_pem4f.oem4f (.const:xdc_runtime_System_abortFxn__C)
                  0000ba78    00000004     empty_pem4f.oem4f (.const:xdc_runtime_System_exitFxn__C)
                  0000ba7c    00000004     empty_pem4f.oem4f (.const:xdc_runtime_System_extendFxn__C)
                  0000ba80    00000004     empty_pem4f.oem4f (.const:xdc_runtime_System_maxAtexitHandlers__C)
                  0000ba84    00000004     empty_pem4f.oem4f (.const:xdc_runtime_Text_charTab__C)
                  0000ba88    00000004     empty_pem4f.oem4f (.const:xdc_runtime_Text_nameEmpty__C)
                  0000ba8c    00000004     empty_pem4f.oem4f (.const:xdc_runtime_Text_nameStatic__C)
                  0000ba90    00000004     empty_pem4f.oem4f (.const:xdc_runtime_Text_nameUnknown__C)
                  0000ba94    00000004     empty_pem4f.oem4f (.const:xdc_runtime_Text_nodeTab__C)
                  0000ba98    00000004     empty_pem4f.oem4f (.const:xdc_runtime_Text_visitRopeFxn__C)
                  0000ba9c    00000002     empty_pem4f.oem4f (.const:ti_sysbios_hal_Hwi_Module__id__C)
                  0000ba9e    00000002     empty_pem4f.oem4f (.const:ti_sysbios_heaps_HeapMem_Module__id__C)
                  0000baa0    00000002     empty_pem4f.oem4f (.const:ti_sysbios_knl_Semaphore_Module__id__C)
                  0000baa2    00000002     empty_pem4f.oem4f (.const:ti_sysbios_knl_Task_Module__id__C)
                  0000baa4    00000002     empty_pem4f.oem4f (.const:xdc_runtime_Core_Module__id__C)
                  0000baa6    00000002     empty_pem4f.oem4f (.const:xdc_runtime_Error_Module__loggerDefined__C)
                  0000baa8    00000002     empty_pem4f.oem4f (.const:xdc_runtime_Error_maxDepth__C)
                  0000baaa    00000002     empty_pem4f.oem4f (.const:xdc_runtime_Memory_Module__id__C)
                  0000baac    00000002     empty_pem4f.oem4f (.const:xdc_runtime_SysMin_flushAtExit__C)
                  0000baae    00000002     empty_pem4f.oem4f (.const:xdc_runtime_Text_charCnt__C)
                  0000bab0    00000002     empty_pem4f.oem4f (.const:xdc_runtime_Text_isLoaded__C)
                  0000bab2    00000002     empty_pem4f.oem4f (.const:xdc_runtime_Text_registryModsLastId__C)
                  0000bab4    00000002     empty_pem4f.oem4f (.const:xdc_runtime_Text_unnamedModsLastId__C)
                  0000bab6    00000001     empty_pem4f.oem4f (.const:xdc_runtime_Error_policy__C)

.cinit     0    0000bab8    000005c8     
                  0000bab8    00000594     (.cinit..data.load) [load image, compression = rle]
                  0000c04c    0000000c     (__TI_handler_table)
                  0000c058    00000008     (.cinit..bss.load) [load image, compression = zero_init]
                  0000c060    00000008     (.cinit..vecs.load) [load image, compression = zero_init]
                  0000c068    00000018     (__TI_cinit_table)

.resetVecs 
*          0    00000000    0000003c     
                  00000000    0000003c     empty_pem4f.oem4f (.resetVecs)

.vecs      0    20000000    00000140     UNINITIALIZED
                  20000000    00000140     empty_pem4f.oem4f (.vecs)

.bss       0    20000140    0000246e     UNINITIALIZED
                  20000140    00001400     empty_pem4f.oem4f (.bss:taskStackSection)
                  20001540    00000640     empty_pem4f.oem4f (.bss:ti_sysbios_knl_Mailbox_Instance_State_1_allocBuf__A)
                  20001b80    00000400     empty_pem4f.oem4f (.bss:ti_sysbios_heaps_HeapMem_Instance_State_0_buf__A)
                  20001f80    00000200     empty.obj (.bss:task0Stack)
                  20002180    00000140     empty_pem4f.oem4f (.bss:ti_sysbios_family_arm_m3_Hwi_dispatchTable)
                  200022c0    00000120     rtsv7M4_T_le_v4SPD16_eabi.lib : trgmsg.obj (.bss:__CIOBUF_)
                  200023e0    000000a0     empty_pem4f.oem4f (.bss:ti_sysbios_knl_Mailbox_Instance_State_0_allocBuf__A)
                  20002480    00000080     empty_pem4f.oem4f (.bss:xdc_runtime_SysMin_Module_State_0_outbuf__A)
                  20002500    00000050     empty.obj (.bss:task0Struct)
                  20002550    00000030     drivers_MSP432P401R.aem4f : GPIOMSP432.oem4f (.bss:gpioCallbackInfo)
                  20002580    0000001c     (.common:g_sContext)
                  2000259c    00000008     (.common:parmbuf)
                  200025a4    00000002     (.common:Lcd_ScreenHeigth)
                  200025a6    00000002     (.common:Lcd_ScreenWidth)
                  200025a8    00000002     (.common:Lcd_TouchTrim)
                  200025aa    00000001     (.common:Lcd_FlagRead)
                  200025ab    00000001     (.common:Lcd_FontSolid)
                  200025ac    00000001     (.common:Lcd_Orientation)
                  200025ad    00000001     (.common:Lcd_PenSolid)

.TI.noinit 
*          0    20000140    00000000     UNINITIALIZED

.data      0    200025b0    000008bd     UNINITIALIZED
                  200025b0    0000016c     empty_pem4f.oem4f (.data)
                  2000271c    00000130     empty_pem4f.oem4f (.data:ti_sysbios_knl_Task_Object__table__V)
                  2000284c    000000b0     rtsv7M4_T_le_v4SPD16_eabi.lib : signal.obj (.data:sigtable)
                  200028fc    000000a0     empty_pem4f.oem4f (.data:ti_sysbios_knl_Mailbox_Object__table__V)
                  2000299c    0000009c     drivers_MSP432P401R.aem4f : PowerMSP432.oem4f (.data:PowerMSP432_perfLevels)
                  20002a38    00000080     rtsv7M4_T_le_v4SPD16_eabi.lib : xvalues.obj (.data)
                  20002ab8    00000080     empty_pem4f.oem4f (.data:ti_sysbios_knl_Swi_Module_State_0_readyQ__A)
                  20002b38    00000080     empty_pem4f.oem4f (.data:ti_sysbios_knl_Task_Module_State_0_readyQ__A)
                  20002bb8    00000078     empty_pem4f.oem4f (.data:ti_sysbios_family_arm_m3_Hwi_Object__table__V)
                  20002c30    0000004c     empty_pem4f.oem4f (.data:ti_sysbios_family_arm_msp432_Timer_Object__table__V)
                  20002c7c    00000044     empty_pem4f.oem4f (.data:ti_sysbios_knl_Task_Module__state__V)
                  20002cc0    00000038     empty_pem4f.oem4f (.data:ti_sysbios_gates_GateMutex_Object__table__V)
                  20002cf8    00000034     empty_pem4f.oem4f (.data:ti_sysbios_family_arm_m3_Hwi_Module__state__V)
                  20002d2c    00000030     drivers_MSP432P401R.aem4f : GPIOMSP432.oem4f (.data:GPIO_PORT_TO_BASE)
                  20002d5c    00000030     msp432p4xx_driverlib.lib : gpio.o (.data:GPIO_PORT_TO_BASE)
                  20002d8c    00000030     empty_pem4f.oem4f (.data:ti_sysbios_knl_Swi_Object__table__V)
                  20002dbc    0000002c     empty_pem4f.oem4f (.data:ti_sysbios_knl_Clock_Module__state__V)
                  20002de8    00000024     drivers_MSP432P401R.aem4f : PowerMSP432.oem4f (.data:PowerMSP432_module)
                  20002e0c    00000024     empty_pem4f.oem4f (.data:ti_sysbios_BIOS_Module__state__V)
                  20002e30    0000001c     MSP_EXP432P401R.obj (.data)
                  20002e4c    00000008     rtsv7M4_T_le_v4SPD16_eabi.lib : _lock.obj (.data)
                  20002e54    00000008                                   : exit.obj (.data)
                  20002e5c    00000008                                   : feraiseexcept.obj (.data)
                  20002e64    00000004                                   : errno.obj (.data)
                  20002e68    00000004                                   : stkdepth_vars.obj (.data)
                  20002e6c    00000001     drivers_MSP432P401R.aem4f : GPIOMSP432.oem4f (.data)

.TI.persistent 
*          0    200025b0    00000000     UNINITIALIZED

.stack     0    2000fd00    00000300     UNINITIALIZED
                  2000fd00    00000300     --HOLE--

.bootVecs 
*          0    00000000    00000008     DSECT
                  00000000    00000008     boot.aem4f : boot.oem4f (.bootVecs)

xdc.meta   0    00000000    000000f1     COPY SECTION
                  00000000    000000f1     empty_pem4f.oem4f (xdc.meta)


LINKER GENERATED COPY TABLES

__TI_cinit_table @ 0000c068 records: 3, size/record: 8, table size: 24
	.data: load addr=0000bab8, load size=00000594 bytes, run addr=200025b0, run size=000008bd bytes, compression=rle
	.bss: load addr=0000c058, load size=00000008 bytes, run addr=20000140, run size=0000246e bytes, compression=zero_init
	.vecs: load addr=0000c060, load size=00000008 bytes, run addr=20000000, run size=00000140 bytes, compression=zero_init


LINKER GENERATED HANDLER TABLE

__TI_handler_table @ 0000c04c records: 3, size/record: 4, table size: 12
	index: 0, handler: __TI_decompress_rle24
	index: 1, handler: __TI_decompress_none
	index: 2, handler: __TI_zero_init


GLOBAL SYMBOLS: SORTED ALPHABETICALLY BY Name 

address   name                                                        
-------   ----                                                        
00006751  ADC14_IRQHandler                                            
00009325  ADC14_enableModule                                          
00008fc5  ADC14_getResult                                             
00008b9d  ADC14_toggleConversionTrigger                               
0000b618  Button_Semaphore                                            
000079ad  C$$EXIT                                                     
000067e7  C$$IO$$                                                     
000094a3  CPU_cpsid                                                   
000094af  CPU_cpsie                                                   
00002275  CPU_wfi                                                     
00004fbd  CS_initClockSignal                                          
00008935  CS_setDCOCenteredFrequency                                  
000041b1  Crystalfontz128x128_Init                                    
0000407d  Crystalfontz128x128_SetDrawFrame                            
00006f99  Crystalfontz128x128_SetOrientation                          
00007241  EUSCIA0_IRQHandler                                          
000094bb  EUSCI_A_SPI_enable                                          
000024cd  EUSCI_A_SPI_transmitData                                    
000094c7  EUSCI_B_SPI_enable                                          
000095d9  EUSCI_B_SPI_getInterruptStatus                              
00002945  EUSCI_B_SPI_transmitData                                    
00007bd1  FlashCtl_disableReadBuffering                               
00007fb1  FlashCtl_enableReadBuffering                                
00008821  FlashCtl_setWaitState                                       
0000b878  GPIOMSP432_config                                           
00008fdd  GPIO_clearInterruptFlag                                     
00008849  GPIO_enableInt                                              
000091b9  GPIO_enableInterrupt                                        
00007c11  GPIO_getEnabledInterruptStatus                              
000081fd  GPIO_getEnabledInterruptStatus_WA                           
00009335  GPIO_getInterruptStatus                                     
00006fed  GPIO_hwiIntFxn                                              
00006c01  GPIO_init                                                   
00008bbd  GPIO_interruptEdgeSelect                                    
00008619  GPIO_setAsInputPin                                          
0000822d  GPIO_setAsInputPinWithPullDownResistor                      
0000825d  GPIO_setAsInputPinWithPullUpResistor                        
00008959  GPIO_setAsOutputPin                                         
000076e1  GPIO_setAsPeripheralModuleFunctionInputPin                  
00007471  GPIO_setAsPeripheralModuleFunctionOutputPin                 
00007041  GPIO_setCallback                                            
00003cc9  GPIO_setConfig                                              
000091cd  GPIO_setDriveStrengthHigh                                   
00008ff5  GPIO_setDriveStrengthLow                                    
000091e1  GPIO_setOutputHighOnPin                                     
0000900d  GPIO_setOutputLowOnPin                                      
0000828d  GPIO_toggle                                                 
000091f5  GPIO_toggleOutputOnPin                                      
00007291  GPIO_write                                                  
000092e9  Graphics_clearDisplay                                       
00009025  Graphics_clearDisplayOnDisplay                              
00007fe5  Graphics_drawHorizontalLineOnDisplay                        
00005a0d  Graphics_drawLineH                                          
00008751  Graphics_drawPixelOnDisplay                                 
000010fb  Graphics_drawString                                         
00007729  Graphics_drawStringCentered                                 
00004825  Graphics_getStringWidth                                     
00007695  Graphics_initContext                                        
00008ea5  Graphics_setBackgroundColor                                 
00008ebf  Graphics_setFont                                            
00009149  Graphics_setForegroundColor                                 
0000915f  Graphics_translateColorOnDisplay                            
000082bd  HAL_LCD_PortInit                                            
00007c91  HAL_LCD_SpiInit                                             
00008019  HAL_LCD_writeCommand                                        
0000897d  HAL_LCD_writeData                                           
00001f81  HOSTclock                                                   
00001f49  HOSTclose                                                   
00001f0b  HOSTgetenv                                                  
00001eaf  HOSTlseek                                                   
00001e5d  HOSTopen                                                    
00001e11  HOSTread                                                    
00001db3  HOSTrename                                                  
00001d79  HOSTtime                                                    
00001d41  HOSTunlink                                                  
00001cf5  HOSTwrite                                                   
00009459  HwiP_Params_init                                            
00006a1d  HwiP_create                                                 
000038c5  HwiP_disable                                                
00009621  HwiP_restore                                                
00009345  Interrupt_disableMaster                                     
000068ed  Interrupt_enableInterrupt                                   
200025aa  Lcd_FlagRead                                                
200025ab  Lcd_FontSolid                                               
200025ac  Lcd_Orientation                                             
200025ad  Lcd_PenSolid                                                
200025a4  Lcd_ScreenHeigth                                            
200025a6  Lcd_ScreenWidth                                             
200025a8  Lcd_TouchTrim                                               
000054a5  List_head                                                   
00005565  List_next                                                   
000095e1  MSP_EXP432P401R_initGPIO                                    
000095e9  MSP_EXP432P401R_initGeneral                                 
00008645  PCM_getCoreVoltageLevel                                     
0000877b  PCM_getPowerMode                                            
000094d5  PCM_getPowerState                                           
00008871  PCM_gotoLPM0                                                
00006205  PCM_gotoLPM3                                                
00009355  PCM_gotoLPM4                                                
000095f1  PCM_setPowerMode                                            
000095f9  PCM_setPowerState                                           
[...]
00009621  ti_sysbios_hal_Hwi_HwiProxy_restore__E                      
00009629  ti_sysbios_gates_GateHwi_leave__E                           
00009631  ti_sysbios_heaps_HeapMem_isBlocking__E                      
00009639  ti_sysbios_knl_Queue_Instance_init__E                       
00009641  ti_sysbios_knl_Swi_startup__E                               
00009649  ti_sysbios_gates_GateHwi_query__E                           
00009649  xdc_runtime_Main_Module_GateProxy_query__E                  
00009649  xdc_runtime_System_Module_GateProxy_query__E                
00009651  ti_sysbios_BIOS_RtsGateProxy_query__E                       
00009651  ti_sysbios_gates_GateMutex_query__E                         
00009651  ti_sysbios_heaps_HeapMem_Module_GateProxy_query__E          
00009659  ti_sysbios_knl_Task_startup__E                              
00009661  ti_sysbios_gates_GateHwi_Instance_init__E                   
00009669  ti_sysbios_knl_Clock_logTick__E                             
0000966c  xdc_runtime_Text_charTab__A                                 
0000b1e9  _ctypes_                                                    
0000b2ea  ti_sysbios_family_arm_m3_Hwi_Module__id__C                  
0000b2ec  g_sFontFixed6x8                                             
0000b3b4  xdc_runtime_Text_nodeTab__A                                 
0000b574  ti_sysbios_knl_Task_Object__PARAMS__C                       
0000b5b0  ti_sysbios_family_arm_m3_Hwi_Object__PARAMS__C              
0000b5e0  g_sCrystalfontz128x128                                      
0000b60c  UartHwi                                                     
0000b610  adcHwi                                                      
0000b614  SW1_Button                                                  
0000b618  Button_Semaphore                                            
0000b61c  adc_result                                                  
0000b620  adc_task                                                    
0000b624  button                                                      
0000b628  Timer32_IRQ                                                 
0000b62c  uart                                                        
0000b630  uart_data                                                   
0000b634  ti_sysbios_heaps_HeapMem_Module__FXNS__C                    
0000b65c  ti_sysbios_gates_GateHwi_Module__FXNS__C                    
0000b680  ti_sysbios_gates_GateMutex_Module__FXNS__C                  
0000b6a4  ti_sysbios_heaps_HeapMem_Object__PARAMS__C                  
0000b6c8  ti_sysbios_knl_Semaphore_Object__PARAMS__C                  
0000b6ec  uartConfig                                                  
0000b710  xdc_runtime_Startup_sfxnTab__A                              
0000b734  ti_sysbios_family_arm_m3_Hwi_Object__DESC__C                
0000b754  ti_sysbios_gates_GateHwi_Object__DESC__C                    
0000b774  ti_sysbios_gates_GateMutex_Object__DESC__C                  
0000b794  ti_sysbios_heaps_HeapMem_Object__DESC__C                    
0000b7b4  ti_sysbios_knl_Queue_Object__DESC__C                        
0000b7d4  ti_sysbios_knl_Semaphore_Object__DESC__C                    
0000b7f4  ti_sysbios_knl_Task_Object__DESC__C                         
0000b830  ti_sysbios_gates_GateHwi_Object__PARAMS__C                  
0000b848  ti_sysbios_gates_GateMutex_Object__PARAMS__C                
0000b860  ti_sysbios_knl_Queue_Object__PARAMS__C                      
0000b878  GPIOMSP432_config                                           
0000b88c  xdc_runtime_Startup_sfxnRts__A                              
0000b89e  ti_sysbios_gates_GateMutex_Module__id__C                    
0000b8a0  PowerMSP432_config                                          
0000b8bc  xdc_runtime_Startup_firstFxns__A                            
0000b8d0  ti_sysbios_family_arm_m3_Hwi_excHookFuncs__A                
0000b8d8  ti_sysbios_knl_Idle_funcList__A                             
0000b8e0  ti_sysbios_knl_Idle_funcList__C                             
0000b8e8  xdc_runtime_Startup_firstFxns__C                            
0000b8f0  xdc_runtime_Startup_lastFxns__C                             
0000b8f8  ti_sysbios_family_arm_m3_Hwi_E_NMI__C                       
0000b8fc  ti_sysbios_family_arm_m3_Hwi_E_alreadyDefined__C            
0000b900  ti_sysbios_family_arm_m3_Hwi_E_busFault__C                  
0000b904  ti_sysbios_family_arm_m3_Hwi_E_debugMon__C                  
0000b908  ti_sysbios_family_arm_m3_Hwi_E_hardFault__C                 
0000b90c  ti_sysbios_family_arm_m3_Hwi_E_memFault__C                  
0000b910  ti_sysbios_family_arm_m3_Hwi_E_noIsr__C                     
0000b914  ti_sysbios_family_arm_m3_Hwi_E_reserved__C                  
0000b918  ti_sysbios_family_arm_m3_Hwi_E_svCall__C                    
0000b91c  ti_sysbios_family_arm_m3_Hwi_E_usageFault__C                
0000b920  ti_sysbios_family_arm_m3_Hwi_NUM_INTERRUPTS__C              
0000b924  ti_sysbios_family_arm_m3_Hwi_Object__count__C               
0000b928  ti_sysbios_family_arm_m3_Hwi_ccr__C                         
0000b92c  ti_sysbios_family_arm_m3_Hwi_excHandlerFunc__C              
0000b930  ti_sysbios_family_arm_m3_Hwi_excHookFuncs__C                
0000b934  ti_sysbios_family_arm_m3_Hwi_nullIsrFunc__C                 
0000b938  ti_sysbios_family_arm_m3_Hwi_priGroup__C                    
0000b93c  ti_sysbios_family_arm_m3_TaskSupport_stackAlignment__C      
0000b940  ti_sysbios_family_arm_msp432_Timer_numTimerDevices__C       
0000b944  ti_sysbios_family_arm_msp432_Timer_startupNeeded__C         
0000b948  ti_sysbios_gates_GateMutex_A_badContext__C                  
0000b94c  ti_sysbios_gates_GateMutex_Instance_State_sem__O            
0000b950  ti_sysbios_gates_GateMutex_Module__diagsEnabled__C          
0000b954  ti_sysbios_gates_GateMutex_Module__diagsIncluded__C         
0000b958  ti_sysbios_gates_GateMutex_Module__diagsMask__C             
0000b95c  ti_sysbios_hal_Hwi_E_stackOverflow__C                       
0000b960  ti_sysbios_heaps_HeapMem_A_align__C                         
0000b964  ti_sysbios_heaps_HeapMem_A_heapSize__C                      
0000b968  ti_sysbios_heaps_HeapMem_A_invalidFree__C                   
0000b96c  ti_sysbios_heaps_HeapMem_A_zeroBlock__C                     
0000b970  ti_sysbios_heaps_HeapMem_E_memory__C                        
0000b974  ti_sysbios_heaps_HeapMem_Module__diagsEnabled__C            
0000b978  ti_sysbios_heaps_HeapMem_Module__diagsIncluded__C           
0000b97c  ti_sysbios_heaps_HeapMem_Module__diagsMask__C               
0000b980  ti_sysbios_heaps_HeapMem_Module__gateObj__C                 
0000b984  ti_sysbios_heaps_HeapMem_Object__count__C                   
0000b988  ti_sysbios_heaps_HeapMem_reqAlign__C                        
0000b98c  ti_sysbios_knl_Clock_Module_State_clockQ__O                 
0000b990  ti_sysbios_knl_Mailbox_Instance_State_dataQue__O            
0000b994  ti_sysbios_knl_Mailbox_Instance_State_dataSem__O            
0000b998  ti_sysbios_knl_Mailbox_Instance_State_freeQue__O            
0000b99c  ti_sysbios_knl_Mailbox_Instance_State_freeSem__O            
0000b9a0  ti_sysbios_knl_Mailbox_Object__count__C                     
0000b9a4  ti_sysbios_knl_Mailbox_maxTypeAlign__C                      
0000b9a8  ti_sysbios_knl_Semaphore_A_badContext__C                    
0000b9ac  ti_sysbios_knl_Semaphore_A_noEvents__C                      
0000b9b0  ti_sysbios_knl_Semaphore_A_overflow__C                      
0000b9b4  ti_sysbios_knl_Semaphore_A_pendTaskDisabled__C              
0000b9b8  ti_sysbios_knl_Semaphore_Instance_State_pendQ__O            
0000b9bc  ti_sysbios_knl_Semaphore_Module__diagsEnabled__C            
0000b9c0  ti_sysbios_knl_Semaphore_Module__diagsIncluded__C           
0000b9c4  ti_sysbios_knl_Semaphore_Module__diagsMask__C               
0000b9c8  ti_sysbios_knl_Swi_Object__count__C                         
0000b9cc  ti_sysbios_knl_Task_A_badPriority__C                        
0000b9d0  ti_sysbios_knl_Task_A_badTaskState__C                       
0000b9d4  ti_sysbios_knl_Task_A_badThreadType__C                      
0000b9d8  ti_sysbios_knl_Task_A_badTimeout__C                         
0000b9dc  ti_sysbios_knl_Task_A_noPendElem__C                         
0000b9e0  ti_sysbios_knl_Task_A_sleepTaskDisabled__C                  
0000b9e4  ti_sysbios_knl_Task_E_spOutOfBounds__C                      
0000b9e8  ti_sysbios_knl_Task_E_stackOverflow__C                      
0000b9ec  ti_sysbios_knl_Task_Module_State_inactiveQ__O               
0000b9f0  ti_sysbios_knl_Task_Module__diagsEnabled__C                 
0000b9f4  ti_sysbios_knl_Task_Module__diagsIncluded__C                
0000b9f8  ti_sysbios_knl_Task_Module__diagsMask__C                    
0000b9fc  ti_sysbios_knl_Task_Object__count__C                        
0000ba00  ti_sysbios_knl_Task_allBlockedFunc__C                       
0000ba04  ti_sysbios_knl_Task_defaultStackHeap__C                     
0000ba08  ti_sysbios_knl_Task_defaultStackSize__C                     
0000ba0c  ti_sysbios_knl_Task_numConstructedTasks__C                  
0000ba10  xdc_runtime_Assert_E_assertFailed__C                        
0000ba14  xdc_runtime_Core_A_initializedParams__C                     
0000ba18  xdc_runtime_Core_Module__diagsEnabled__C                    
0000ba1c  xdc_runtime_Core_Module__diagsIncluded__C                   
0000ba20  xdc_runtime_Core_Module__diagsMask__C                       
0000ba24  xdc_runtime_Error_E_memory__C                               
0000ba28  xdc_runtime_Error_Module__diagsEnabled__C                   
0000ba2c  xdc_runtime_Error_Module__diagsIncluded__C                  
0000ba30  xdc_runtime_Error_Module__diagsMask__C                      
0000ba34  xdc_runtime_Error_Module__loggerFxn8__C                     
0000ba38  xdc_runtime_Error_Module__loggerObj__C                      
0000ba3c  xdc_runtime_Error_policyFxn__C                              
0000ba40  xdc_runtime_Error_raiseHook__C                              
0000ba44  xdc_runtime_IGateProvider_Interface__BASE__C                
0000ba48  xdc_runtime_IHeap_Interface__BASE__C                        
0000ba4c  xdc_runtime_IModule_Interface__BASE__C                      
0000ba50  xdc_runtime_Log_L_error__C                                  
0000ba54  xdc_runtime_Memory_defaultHeapInstance__C                   
0000ba58  xdc_runtime_Startup_execImpl__C                             
0000ba5c  xdc_runtime_Startup_maxPasses__C                            
0000ba60  xdc_runtime_Startup_sfxnRts__C                              
0000ba64  xdc_runtime_Startup_sfxnTab__C                              
0000ba68  xdc_runtime_SysMin_bufSize__C                               
0000ba6c  xdc_runtime_SysMin_outputFunc__C                            
0000ba70  xdc_runtime_System_Module__gateObj__C                       
0000ba74  xdc_runtime_System_abortFxn__C                              
0000ba78  xdc_runtime_System_exitFxn__C                               
0000ba7c  xdc_runtime_System_extendFxn__C                             
0000ba80  xdc_runtime_System_maxAtexitHandlers__C                     
0000ba84  xdc_runtime_Text_charTab__C                                 
0000ba88  xdc_runtime_Text_nameEmpty__C                               
0000ba8c  xdc_runtime_Text_nameStatic__C                              
0000ba90  xdc_runtime_Text_nameUnknown__C                             
0000ba94  xdc_runtime_Text_nodeTab__C                                 
0000ba98  xdc_runtime_Text_visitRopeFxn__C                            
0000ba9c  ti_sysbios_hal_Hwi_Module__id__C                            
0000ba9e  ti_sysbios_heaps_HeapMem_Module__id__C                      
0000baa0  ti_sysbios_knl_Semaphore_Module__id__C                      
0000baa2  ti_sysbios_knl_Task_Module__id__C                           
0000baa4  xdc_runtime_Core_Module__id__C                              
0000baa6  xdc_runtime_Error_Module__loggerDefined__C                  
0000baa8  xdc_runtime_Error_maxDepth__C                               
0000baaa  xdc_runtime_Memory_Module__id__C                            
0000baac  xdc_runtime_SysMin_flushAtExit__C                           
0000baae  xdc_runtime_Text_charCnt__C                                 
0000bab0  xdc_runtime_Text_isLoaded__C                                
0000bab2  xdc_runtime_Text_registryModsLastId__C                      
0000bab4  xdc_runtime_Text_unnamedModsLastId__C                       
0000bab6  xdc_runtime_Error_policy__C                                 
0000bab8  __TI_static_base__                                          
0000c04c  __TI_Handler_Table_Base                                     
0000c058  __TI_Handler_Table_Limit                                    
0000c068  __TI_CINIT_Base                                             
0000c080  __TI_CINIT_Limit                                            
20000000  ti_sysbios_family_arm_m3_Hwi_ramVectors                     
20000140  ti_sysbios_knl_Task_Instance_State_0_stack__A               
20000940  ti_sysbios_knl_Task_Instance_State_1_stack__A               
20000b40  ti_sysbios_knl_Task_Instance_State_2_stack__A               
20001340  ti_sysbios_knl_Task_Instance_State_3_stack__A               
20001540  ti_sysbios_knl_Mailbox_Instance_State_1_allocBuf__A         
20001b80  ti_sysbios_heaps_HeapMem_Instance_State_0_buf__A            
20001f80  task0Stack                                                  
20002180  ti_sysbios_family_arm_m3_Hwi_dispatchTable                  
200022c0  __CIOBUF_                                                   
200023e0  ti_sysbios_knl_Mailbox_Instance_State_0_allocBuf__A         
20002480  xdc_runtime_SysMin_Module_State_0_outbuf__A                 
20002500  task0Struct                                                 
20002580  g_sContext                                                  
200025a4  Lcd_ScreenHeigth                                            
200025a6  Lcd_ScreenWidth                                             
200025a8  Lcd_TouchTrim                                               
200025aa  Lcd_FlagRead                                                
200025ab  Lcd_FontSolid                                               
200025ac  Lcd_Orientation                                             
200025ad  Lcd_PenSolid                                                
200025b0  ti_sysbios_family_arm_m3_Hwi_Module__root__V                
200025b8  ti_sysbios_family_arm_m3_Hwi_Module_State_0_excActive__A    
200025bc  ti_sysbios_family_arm_m3_Hwi_Module_State_0_excContext__A   
200025c0  ti_sysbios_family_arm_m3_Hwi_Module_State_0_excStack__A     
200025c4  ti_sysbios_family_arm_msp432_ClockFreqs_Module__state__V    
200025d0  ti_sysbios_family_arm_msp432_Timer_Module__root__V          
200025d8  ti_sysbios_family_arm_msp432_Timer_Module_State_0_device__A 
200025f8  ti_sysbios_family_arm_msp432_Timer_Module_State_0_handles__A
20002608  ti_sysbios_family_arm_msp432_Timer_Module__state__V         
20002614  ti_sysbios_gates_GateHwi_Module__root__V                    
2000261c  ti_sysbios_gates_GateHwi_Object__table__V                   
20002620  ti_sysbios_gates_GateMutex_Module__root__V                  
20002628  ti_sysbios_hal_Hwi_Module__root__V                          
20002630  ti_sysbios_hal_Hwi_Object__table__V                         
20002650  ti_sysbios_heaps_HeapMem_Module__root__V                    
20002658  ti_sysbios_heaps_HeapMem_Object__table__V                   
20002670  ti_sysbios_knl_Clock_Module__root__V                        
20002678  ti_sysbios_knl_Event_Module__root__V                        
20002680  ti_sysbios_knl_Mailbox_Module__root__V                      
20002688  ti_sysbios_knl_Queue_Module__root__V                        
20002690  ti_sysbios_knl_Semaphore_Module__root__V                    
20002698  ti_sysbios_knl_Semaphore_Object__table__V                   
200026ac  ti_sysbios_knl_Swi_Module__root__V                          
200026b4  ti_sysbios_knl_Swi_Module__state__V                         
200026d0  ti_sysbios_knl_Task_Module__root__V                         
200026d8  ti_sysbios_knl_Task_Module_State_0_idleTask__A              
200026dc  xdc_runtime_Error_Module__state__V                          
200026e0  xdc_runtime_Memory_Module__state__V                         
200026e4  xdc_runtime_Registry_Module__state__V                       
200026ec  xdc_runtime_Startup_Module__state__V                        
200026f4  xdc_runtime_SysMin_Module__state__V                         
20002700  xdc_runtime_System_Module_State_0_atexitHandlers__A         
20002708  xdc_runtime_System_Module__state__V                         
20002710  xdc_runtime_Text_Module__state__V                           
20002718  __xdc__init__addr                                           
2000271c  ti_sysbios_knl_Task_Object__table__V                        
200028fc  ti_sysbios_knl_Mailbox_Object__table__V                     
2000299c  PowerMSP432_perfLevels                                      
20002a38  _Denorm                                                     
20002a48  _Eps                                                        
20002a58  _Hugeval                                                    
20002a68  _Inf                                                        
20002a78  _Nan                                                        
20002a88  _Snan                                                       
20002a98  _Rteps                                                      
20002aa8  _Xbig                                                       
20002ab0  _Zero                                                       
20002ab8  ti_sysbios_knl_Swi_Module_State_0_readyQ__A                 
20002b38  ti_sysbios_knl_Task_Module_State_0_readyQ__A                
20002bb8  ti_sysbios_family_arm_m3_Hwi_Object__table__V               
20002c30  ti_sysbios_family_arm_msp432_Timer_Object__table__V         
20002c7c  ti_sysbios_knl_Task_Module__state__V                        
20002cc0  ti_sysbios_gates_GateMutex_Object__table__V                 
20002cf8  ti_sysbios_family_arm_m3_Hwi_Module__state__V               
20002d8c  ti_sysbios_knl_Swi_Object__table__V                         
20002dbc  ti_sysbios_knl_Clock_Module__state__V                       
20002de8  PowerMSP432_module                                          
20002e0c  ti_sysbios_BIOS_Module__state__V                            
20002e34  gpioPinConfigs                                              
20002e44  gpioCallbackFunctions                                       
20002e4c  _lock                                                       
20002e50  _unlock                                                     
20002e54  __TI_cleanup_ptr                                            
20002e58  __TI_dtors_ptr                                              
20002e5c  _Fenv                                                       
20002e60  _Tls_setup__Fenv                                            
20002e64  _Errno                                                      
20002e68  main_func_sp                                                
2000fd00  __stack                                                     
20010000  __STACK_END                                                 
4000480c  WDTCTL_SYM                                                  
e000e000  ti_sysbios_family_arm_m3_Hwi_nvic                           
ffffffff  __binit__                                                   
ffffffff  __c_args__                                                  
ffffffff  binit                                                       
UNDEFED   SHT$$INIT_ARRAY$$Base                                       
UNDEFED   SHT$$INIT_ARRAY$$Limit                                      

[726 symbols]
